 SpeedgoatCANOpen2Buses1ms_sfun

 Timestamp is 63539bcb (Sat Oct 22 10:29:15 2022)

 Preferred load address is 0000000180000000

 Start         Length     Name                   Class
 0001:00000000 0005ddf0H .text$mn                CODE
 0001:0005ddf0 00000012H .text$mn$00             CODE
 0001:0005de02 00000081H .text$x                 CODE
 0002:00000000 00000520H .idata$5                DATA
 0002:00000520 00000010H .00cfg                  DATA
 0002:00000530 00000008H .CRT$XCA                DATA
 0002:00000538 00000008H .CRT$XCZ                DATA
 0002:00000540 00000008H .CRT$XIA                DATA
 0002:00000548 00000008H .CRT$XIZ                DATA
 0002:00000550 00000008H .CRT$XPA                DATA
 0002:00000558 00000008H .CRT$XPZ                DATA
 0002:00000560 00000008H .CRT$XTA                DATA
 0002:00000568 00000008H .CRT$XTZ                DATA
 0002:00000570 00000000H .gfids$y                DATA
 0002:00000570 000003a0H .rdata                  DATA
 0002:00000910 00000218H .rdata$zzzdbg           DATA
 0002:00000b28 00000008H .rtc$IAA                DATA
 0002:00000b30 00000008H .rtc$IZZ                DATA
 0002:00000b38 00000008H .rtc$TAA                DATA
 0002:00000b40 00000008H .rtc$TZZ                DATA
 0002:00000b48 00001988H .xdata                  DATA
 0002:000024d0 00000088H .edata                  DATA
 0002:00002558 000000dcH .idata$2                DATA
 0002:00002634 00000014H .idata$3                DATA
 0002:00002648 00000520H .idata$4                DATA
 0002:00002b68 00000fb6H .idata$6                DATA
 0003:00000000 0000bc60H .data                   DATA
 0003:0000bc60 00000830H .bss                    DATA
 0004:00000000 000021fcH .pdata                  DATA

  Address         Publics by Value              Rva+Base               Lib:Object

 0000:00000000       __volatile_metadata        0000000000000000     <absolute>
 0000:00000000       __guard_longjmp_count      0000000000000000     <absolute>
 0000:00000000       __guard_iat_count          0000000000000000     <absolute>
 0000:00000000       __dynamic_value_reloc_table 0000000000000000     <absolute>
 0000:00000000       ___safe_se_handler_table   0000000000000000     <absolute>
 0000:00000000       __guard_fids_count         0000000000000000     <absolute>
 0000:00000000       __guard_longjmp_table      0000000000000000     <absolute>
 0000:00000000       ___safe_se_handler_count   0000000000000000     <absolute>
 0000:00000000       __guard_fids_table         0000000000000000     <absolute>
 0000:00000000       __guard_iat_table          0000000000000000     <absolute>
 0000:00000000       __hybrid_code_map_count    0000000000000000     <absolute>
 0000:00000000       __enclave_config           0000000000000000     <absolute>
 0000:00000000       __hybrid_auxiliary_iat     0000000000000000     <absolute>
 0000:00000000       __hybrid_code_map          0000000000000000     <absolute>
 0000:00000100       __guard_flags              0000000000000100     <absolute>
 0000:00000000       __ImageBase                0000000180000000     <linker-defined>
 0001:00000000       SpeedgoatCANOpen2Buses1ms_initializer 0000000180001000 f   SpeedgoatCANOpen2Buses1ms_sfun.obj
 0001:00000010       SpeedgoatCANOpen2Buses1ms_terminator 0000000180001010 f   SpeedgoatCANOpen2Buses1ms_sfun.obj
 0001:00000020       load_SpeedgoatCANOpen2Buses1ms_optimization_info 0000000180001020 f   SpeedgoatCANOpen2Buses1ms_sfun.obj
 0001:000000d0       unload_SpeedgoatCANOpen2Buses1ms_optimization_info 00000001800010d0 f   SpeedgoatCANOpen2Buses1ms_sfun.obj
 0001:00000100       sf_SpeedgoatCANOpen2Buses1ms_method_dispatcher 0000000180001100 f   SpeedgoatCANOpen2Buses1ms_sfun.obj
 0001:00000280       sf_SpeedgoatCANOpen2Buses1ms_process_testpoint_info_call 0000000180001280 f   SpeedgoatCANOpen2Buses1ms_sfun.obj
 0001:000005f0       sf_SpeedgoatCANOpen2Buses1ms_process_check_sum_call 00000001800015f0 f   SpeedgoatCANOpen2Buses1ms_sfun.obj
 0001:00000be0       sf_SpeedgoatCANOpen2Buses1ms_autoinheritance_info 0000000180001be0 f   SpeedgoatCANOpen2Buses1ms_sfun.obj
 0001:00001170       sf_SpeedgoatCANOpen2Buses1ms_get_eml_resolved_functions_info 0000000180002170 f   SpeedgoatCANOpen2Buses1ms_sfun.obj
 0001:000016b0       sf_SpeedgoatCANOpen2Buses1ms_third_party_uses_info 00000001800026b0 f   SpeedgoatCANOpen2Buses1ms_sfun.obj
 0001:00001ac0       sf_SpeedgoatCANOpen2Buses1ms_jit_fallback_info 0000000180002ac0 f   SpeedgoatCANOpen2Buses1ms_sfun.obj
 0001:00001ed0       sf_SpeedgoatCANOpen2Buses1ms_updateBuildInfo_args_info 0000000180002ed0 f   SpeedgoatCANOpen2Buses1ms_sfun.obj
 0001:000022e0       SpeedgoatCANOpen2Buses1ms_debug_initialize 00000001800032e0 f   SpeedgoatCANOpen2Buses1ms_sfun.obj
 0001:00002360       SpeedgoatCANOpen2Buses1ms_register_exported_symbols 0000000180003360 f   SpeedgoatCANOpen2Buses1ms_sfun.obj
 0001:00002370       sf_c1_SpeedgoatCANOpen2Buses1ms_get_eml_resolved_functions_info 0000000180003370 f   c1_SpeedgoatCANOpen2Buses1ms.obj
 0001:000023f0       sf_c1_SpeedgoatCANOpen2Buses1ms_get_check_sum 00000001800033f0 f   c1_SpeedgoatCANOpen2Buses1ms.obj
 0001:000024c0       c1_SpeedgoatCANOpen2Buses1ms_method_dispatcher 00000001800034c0 f   c1_SpeedgoatCANOpen2Buses1ms.obj
 0001:00009d40       sf_c1_SpeedgoatCANOpen2Buses1ms_get_post_codegen_info 000000018000ad40 f   c1_SpeedgoatCANOpen2Buses1ms.obj
 0001:00009e10       sf_c1_SpeedgoatCANOpen2Buses1ms_get_autoinheritance_info 000000018000ae10 f   c1_SpeedgoatCANOpen2Buses1ms.obj
 0001:0000ab70       sf_c1_SpeedgoatCANOpen2Buses1ms_third_party_uses_info 000000018000bb70 f   c1_SpeedgoatCANOpen2Buses1ms.obj
 0001:0000aba0       sf_c1_SpeedgoatCANOpen2Buses1ms_jit_fallback_info 000000018000bba0 f   c1_SpeedgoatCANOpen2Buses1ms.obj
 0001:0000ad30       sf_c1_SpeedgoatCANOpen2Buses1ms_updateBuildInfo_args_info 000000018000bd30 f   c1_SpeedgoatCANOpen2Buses1ms.obj
 0001:0000b250       sf_c1_SpeedgoatCANOpen2Buses1ms_get_testpoint_info 000000018000c250 f   c1_SpeedgoatCANOpen2Buses1ms.obj
 0001:0000bc90       sf_c2_SpeedgoatCANOpen2Buses1ms_get_eml_resolved_functions_info 000000018000cc90 f   c2_SpeedgoatCANOpen2Buses1ms.obj
 0001:0000bd10       sf_c2_SpeedgoatCANOpen2Buses1ms_get_check_sum 000000018000cd10 f   c2_SpeedgoatCANOpen2Buses1ms.obj
 0001:0000bde0       c2_SpeedgoatCANOpen2Buses1ms_method_dispatcher 000000018000cde0 f   c2_SpeedgoatCANOpen2Buses1ms.obj
 0001:00013660       sf_c2_SpeedgoatCANOpen2Buses1ms_get_post_codegen_info 0000000180014660 f   c2_SpeedgoatCANOpen2Buses1ms.obj
 0001:00013730       sf_c2_SpeedgoatCANOpen2Buses1ms_get_autoinheritance_info 0000000180014730 f   c2_SpeedgoatCANOpen2Buses1ms.obj
 0001:00014490       sf_c2_SpeedgoatCANOpen2Buses1ms_third_party_uses_info 0000000180015490 f   c2_SpeedgoatCANOpen2Buses1ms.obj
 0001:000144c0       sf_c2_SpeedgoatCANOpen2Buses1ms_jit_fallback_info 00000001800154c0 f   c2_SpeedgoatCANOpen2Buses1ms.obj
 0001:00014650       sf_c2_SpeedgoatCANOpen2Buses1ms_updateBuildInfo_args_info 0000000180015650 f   c2_SpeedgoatCANOpen2Buses1ms.obj
 0001:00014b70       sf_c2_SpeedgoatCANOpen2Buses1ms_get_testpoint_info 0000000180015b70 f   c2_SpeedgoatCANOpen2Buses1ms.obj
 0001:000155b0       sf_c3_SpeedgoatCANOpen2Buses1ms_get_eml_resolved_functions_info 00000001800165b0 f   c3_SpeedgoatCANOpen2Buses1ms.obj
 0001:00015630       sf_c3_SpeedgoatCANOpen2Buses1ms_get_check_sum 0000000180016630 f   c3_SpeedgoatCANOpen2Buses1ms.obj
 0001:00015700       c3_SpeedgoatCANOpen2Buses1ms_method_dispatcher 0000000180016700 f   c3_SpeedgoatCANOpen2Buses1ms.obj
 0001:0001ea20       sf_c3_SpeedgoatCANOpen2Buses1ms_get_post_codegen_info 000000018001fa20 f   c3_SpeedgoatCANOpen2Buses1ms.obj
 0001:0001eaf0       sf_c3_SpeedgoatCANOpen2Buses1ms_get_autoinheritance_info 000000018001faf0 f   c3_SpeedgoatCANOpen2Buses1ms.obj
 0001:0001f990       sf_c3_SpeedgoatCANOpen2Buses1ms_third_party_uses_info 0000000180020990 f   c3_SpeedgoatCANOpen2Buses1ms.obj
 0001:0001f9c0       sf_c3_SpeedgoatCANOpen2Buses1ms_jit_fallback_info 00000001800209c0 f   c3_SpeedgoatCANOpen2Buses1ms.obj
 0001:0001fb50       sf_c3_SpeedgoatCANOpen2Buses1ms_updateBuildInfo_args_info 0000000180020b50 f   c3_SpeedgoatCANOpen2Buses1ms.obj
 0001:00020080       sf_c3_SpeedgoatCANOpen2Buses1ms_get_testpoint_info 0000000180021080 f   c3_SpeedgoatCANOpen2Buses1ms.obj
 0001:00020ac0       sf_c4_SpeedgoatCANOpen2Buses1ms_get_eml_resolved_functions_info 0000000180021ac0 f   c4_SpeedgoatCANOpen2Buses1ms.obj
 0001:00020b40       sf_c4_SpeedgoatCANOpen2Buses1ms_get_check_sum 0000000180021b40 f   c4_SpeedgoatCANOpen2Buses1ms.obj
 0001:00020c10       c4_SpeedgoatCANOpen2Buses1ms_method_dispatcher 0000000180021c10 f   c4_SpeedgoatCANOpen2Buses1ms.obj
 0001:000241b0       sf_c4_SpeedgoatCANOpen2Buses1ms_get_post_codegen_info 00000001800251b0 f   c4_SpeedgoatCANOpen2Buses1ms.obj
 0001:00024280       sf_c4_SpeedgoatCANOpen2Buses1ms_get_autoinheritance_info 0000000180025280 f   c4_SpeedgoatCANOpen2Buses1ms.obj
 0001:000246e0       sf_c4_SpeedgoatCANOpen2Buses1ms_third_party_uses_info 00000001800256e0 f   c4_SpeedgoatCANOpen2Buses1ms.obj
 0001:00024710       sf_c4_SpeedgoatCANOpen2Buses1ms_jit_fallback_info 0000000180025710 f   c4_SpeedgoatCANOpen2Buses1ms.obj
 0001:000248a0       sf_c4_SpeedgoatCANOpen2Buses1ms_updateBuildInfo_args_info 00000001800258a0 f   c4_SpeedgoatCANOpen2Buses1ms.obj
 0001:00024dc0       sf_c4_SpeedgoatCANOpen2Buses1ms_get_testpoint_info 0000000180025dc0 f   c4_SpeedgoatCANOpen2Buses1ms.obj
 0001:000257b0       sf_c5_SpeedgoatCANOpen2Buses1ms_get_eml_resolved_functions_info 00000001800267b0 f   c5_SpeedgoatCANOpen2Buses1ms.obj
 0001:00025830       sf_c5_SpeedgoatCANOpen2Buses1ms_get_check_sum 0000000180026830 f   c5_SpeedgoatCANOpen2Buses1ms.obj
 0001:00025900       c5_SpeedgoatCANOpen2Buses1ms_method_dispatcher 0000000180026900 f   c5_SpeedgoatCANOpen2Buses1ms.obj
 0001:00029220       sf_c5_SpeedgoatCANOpen2Buses1ms_get_post_codegen_info 000000018002a220 f   c5_SpeedgoatCANOpen2Buses1ms.obj
 0001:000292f0       sf_c5_SpeedgoatCANOpen2Buses1ms_get_autoinheritance_info 000000018002a2f0 f   c5_SpeedgoatCANOpen2Buses1ms.obj
 0001:00029880       sf_c5_SpeedgoatCANOpen2Buses1ms_third_party_uses_info 000000018002a880 f   c5_SpeedgoatCANOpen2Buses1ms.obj
 0001:000298b0       sf_c5_SpeedgoatCANOpen2Buses1ms_jit_fallback_info 000000018002a8b0 f   c5_SpeedgoatCANOpen2Buses1ms.obj
 0001:00029a40       sf_c5_SpeedgoatCANOpen2Buses1ms_updateBuildInfo_args_info 000000018002aa40 f   c5_SpeedgoatCANOpen2Buses1ms.obj
 0001:00029f60       sf_c5_SpeedgoatCANOpen2Buses1ms_get_testpoint_info 000000018002af60 f   c5_SpeedgoatCANOpen2Buses1ms.obj
 0001:0002a9a0       sf_c12_SpeedgoatCANOpen2Buses1ms_get_eml_resolved_functions_info 000000018002b9a0 f   c12_SpeedgoatCANOpen2Buses1ms.obj
 0001:0002aa20       sf_c12_SpeedgoatCANOpen2Buses1ms_get_check_sum 000000018002ba20 f   c12_SpeedgoatCANOpen2Buses1ms.obj
 0001:0002aaf0       c12_SpeedgoatCANOpen2Buses1ms_method_dispatcher 000000018002baf0 f   c12_SpeedgoatCANOpen2Buses1ms.obj
 0001:00032370       sf_c12_SpeedgoatCANOpen2Buses1ms_get_post_codegen_info 0000000180033370 f   c12_SpeedgoatCANOpen2Buses1ms.obj
 0001:00032440       sf_c12_SpeedgoatCANOpen2Buses1ms_get_autoinheritance_info 0000000180033440 f   c12_SpeedgoatCANOpen2Buses1ms.obj
 0001:000331a0       sf_c12_SpeedgoatCANOpen2Buses1ms_third_party_uses_info 00000001800341a0 f   c12_SpeedgoatCANOpen2Buses1ms.obj
 0001:000331d0       sf_c12_SpeedgoatCANOpen2Buses1ms_jit_fallback_info 00000001800341d0 f   c12_SpeedgoatCANOpen2Buses1ms.obj
 0001:00033360       sf_c12_SpeedgoatCANOpen2Buses1ms_updateBuildInfo_args_info 0000000180034360 f   c12_SpeedgoatCANOpen2Buses1ms.obj
 0001:00033880       sf_c12_SpeedgoatCANOpen2Buses1ms_get_testpoint_info 0000000180034880 f   c12_SpeedgoatCANOpen2Buses1ms.obj
 0001:000342c0       sf_c13_SpeedgoatCANOpen2Buses1ms_get_eml_resolved_functions_info 00000001800352c0 f   c13_SpeedgoatCANOpen2Buses1ms.obj
 0001:00034340       sf_c13_SpeedgoatCANOpen2Buses1ms_get_check_sum 0000000180035340 f   c13_SpeedgoatCANOpen2Buses1ms.obj
 0001:00034410       c13_SpeedgoatCANOpen2Buses1ms_method_dispatcher 0000000180035410 f   c13_SpeedgoatCANOpen2Buses1ms.obj
 0001:00039210       sf_c13_SpeedgoatCANOpen2Buses1ms_get_post_codegen_info 000000018003a210 f   c13_SpeedgoatCANOpen2Buses1ms.obj
 0001:000392e0       sf_c13_SpeedgoatCANOpen2Buses1ms_get_autoinheritance_info 000000018003a2e0 f   c13_SpeedgoatCANOpen2Buses1ms.obj
 0001:0003a040       sf_c13_SpeedgoatCANOpen2Buses1ms_third_party_uses_info 000000018003b040 f   c13_SpeedgoatCANOpen2Buses1ms.obj
 0001:0003a070       sf_c13_SpeedgoatCANOpen2Buses1ms_jit_fallback_info 000000018003b070 f   c13_SpeedgoatCANOpen2Buses1ms.obj
 0001:0003a200       sf_c13_SpeedgoatCANOpen2Buses1ms_updateBuildInfo_args_info 000000018003b200 f   c13_SpeedgoatCANOpen2Buses1ms.obj
 0001:0003a720       sf_c13_SpeedgoatCANOpen2Buses1ms_get_testpoint_info 000000018003b720 f   c13_SpeedgoatCANOpen2Buses1ms.obj
 0001:0003b260       sf_c14_SpeedgoatCANOpen2Buses1ms_get_eml_resolved_functions_info 000000018003c260 f   c14_SpeedgoatCANOpen2Buses1ms.obj
 0001:0003b2e0       sf_c14_SpeedgoatCANOpen2Buses1ms_get_check_sum 000000018003c2e0 f   c14_SpeedgoatCANOpen2Buses1ms.obj
 0001:0003b3b0       c14_SpeedgoatCANOpen2Buses1ms_method_dispatcher 000000018003c3b0 f   c14_SpeedgoatCANOpen2Buses1ms.obj
 0001:00041a20       sf_c14_SpeedgoatCANOpen2Buses1ms_get_post_codegen_info 0000000180042a20 f   c14_SpeedgoatCANOpen2Buses1ms.obj
 0001:00041af0       sf_c14_SpeedgoatCANOpen2Buses1ms_get_autoinheritance_info 0000000180042af0 f   c14_SpeedgoatCANOpen2Buses1ms.obj
 0001:000421c0       sf_c14_SpeedgoatCANOpen2Buses1ms_third_party_uses_info 00000001800431c0 f   c14_SpeedgoatCANOpen2Buses1ms.obj
 0001:000421f0       sf_c14_SpeedgoatCANOpen2Buses1ms_jit_fallback_info 00000001800431f0 f   c14_SpeedgoatCANOpen2Buses1ms.obj
 0001:00042380       sf_c14_SpeedgoatCANOpen2Buses1ms_updateBuildInfo_args_info 0000000180043380 f   c14_SpeedgoatCANOpen2Buses1ms.obj
 0001:000428a0       sf_c14_SpeedgoatCANOpen2Buses1ms_get_testpoint_info 00000001800438a0 f   c14_SpeedgoatCANOpen2Buses1ms.obj
 0001:00043260       sf_c18_SpeedgoatCANOpen2Buses1ms_get_eml_resolved_functions_info 0000000180044260 f   c18_SpeedgoatCANOpen2Buses1ms.obj
 0001:000432e0       sf_c18_SpeedgoatCANOpen2Buses1ms_get_check_sum 00000001800442e0 f   c18_SpeedgoatCANOpen2Buses1ms.obj
 0001:000433b0       c18_SpeedgoatCANOpen2Buses1ms_method_dispatcher 00000001800443b0 f   c18_SpeedgoatCANOpen2Buses1ms.obj
 0001:00049a20       sf_c18_SpeedgoatCANOpen2Buses1ms_get_post_codegen_info 000000018004aa20 f   c18_SpeedgoatCANOpen2Buses1ms.obj
 0001:00049af0       sf_c18_SpeedgoatCANOpen2Buses1ms_get_autoinheritance_info 000000018004aaf0 f   c18_SpeedgoatCANOpen2Buses1ms.obj
 0001:0004a1c0       sf_c18_SpeedgoatCANOpen2Buses1ms_third_party_uses_info 000000018004b1c0 f   c18_SpeedgoatCANOpen2Buses1ms.obj
 0001:0004a1f0       sf_c18_SpeedgoatCANOpen2Buses1ms_jit_fallback_info 000000018004b1f0 f   c18_SpeedgoatCANOpen2Buses1ms.obj
 0001:0004a380       sf_c18_SpeedgoatCANOpen2Buses1ms_updateBuildInfo_args_info 000000018004b380 f   c18_SpeedgoatCANOpen2Buses1ms.obj
 0001:0004a8a0       sf_c18_SpeedgoatCANOpen2Buses1ms_get_testpoint_info 000000018004b8a0 f   c18_SpeedgoatCANOpen2Buses1ms.obj
 0001:0004b260       sf_c20_SpeedgoatCANOpen2Buses1ms_get_eml_resolved_functions_info 000000018004c260 f   c20_SpeedgoatCANOpen2Buses1ms.obj
 0001:0004b2e0       sf_c20_SpeedgoatCANOpen2Buses1ms_get_check_sum 000000018004c2e0 f   c20_SpeedgoatCANOpen2Buses1ms.obj
 0001:0004b3b0       c20_SpeedgoatCANOpen2Buses1ms_method_dispatcher 000000018004c3b0 f   c20_SpeedgoatCANOpen2Buses1ms.obj
 0001:00051a20       sf_c20_SpeedgoatCANOpen2Buses1ms_get_post_codegen_info 0000000180052a20 f   c20_SpeedgoatCANOpen2Buses1ms.obj
 0001:00051af0       sf_c20_SpeedgoatCANOpen2Buses1ms_get_autoinheritance_info 0000000180052af0 f   c20_SpeedgoatCANOpen2Buses1ms.obj
 0001:000521c0       sf_c20_SpeedgoatCANOpen2Buses1ms_third_party_uses_info 00000001800531c0 f   c20_SpeedgoatCANOpen2Buses1ms.obj
 0001:000521f0       sf_c20_SpeedgoatCANOpen2Buses1ms_jit_fallback_info 00000001800531f0 f   c20_SpeedgoatCANOpen2Buses1ms.obj
 0001:00052380       sf_c20_SpeedgoatCANOpen2Buses1ms_updateBuildInfo_args_info 0000000180053380 f   c20_SpeedgoatCANOpen2Buses1ms.obj
 0001:000528a0       sf_c20_SpeedgoatCANOpen2Buses1ms_get_testpoint_info 00000001800538a0 f   c20_SpeedgoatCANOpen2Buses1ms.obj
 0001:00053260       mexFunction                0000000180054260 f   SpeedgoatCANOpen2Buses1ms_sfun_registry.obj
 0001:00055820       _ssSetInputPortDirectFeedThroughFcn 0000000180056820 f   SpeedgoatCANOpen2Buses1ms_sfun_registry.obj
 0001:00055990       _ssSetRWorkValueFcn        0000000180056990 f   SpeedgoatCANOpen2Buses1ms_sfun_registry.obj
 0001:00055a10       _ssGetRWorkValueFcn        0000000180056a10 f   SpeedgoatCANOpen2Buses1ms_sfun_registry.obj
 0001:00055a80       _ssSetIWorkValueFcn        0000000180056a80 f   SpeedgoatCANOpen2Buses1ms_sfun_registry.obj
 0001:00055b00       _ssGetIWorkValueFcn        0000000180056b00 f   SpeedgoatCANOpen2Buses1ms_sfun_registry.obj
 0001:00055b70       _ssSetPWorkValueFcn        0000000180056b70 f   SpeedgoatCANOpen2Buses1ms_sfun_registry.obj
 0001:00055bf0       _ssGetPWorkValueFcn        0000000180056bf0 f   SpeedgoatCANOpen2Buses1ms_sfun_registry.obj
 0001:00055c60       _ssGetInputPortSignalFcn   0000000180056c60 f   SpeedgoatCANOpen2Buses1ms_sfun_registry.obj
 0001:00055ff0       _ssGetInputPortBufferDstPortFcn 0000000180056ff0 f   SpeedgoatCANOpen2Buses1ms_sfun_registry.obj
 0001:00056070       _ssGetInputPortSignalPtrsFcn 0000000180057070 f   SpeedgoatCANOpen2Buses1ms_sfun_registry.obj
 0001:00056400       ssGetParameterTuningCompliance 0000000180057400 f   SpeedgoatCANOpen2Buses1ms_sfun_registry.obj
 0001:00056470       ssGetDTypeIdFromMxArray    0000000180057470 f   SpeedgoatCANOpen2Buses1ms_sfun_registry.obj
 0001:00056590       ssWriteRTWMx2dMatParam     0000000180057590 f   SpeedgoatCANOpen2Buses1ms_sfun_registry.obj
 0001:00056620       ssWriteRTWMxVectParam      0000000180057620 f   SpeedgoatCANOpen2Buses1ms_sfun_registry.obj
 0001:000566a0       ssWriteRTWParameters       00000001800576a0 f   SpeedgoatCANOpen2Buses1ms_sfun_registry.obj
 0001:00056c60       ssWriteRTWParamSettings    0000000180057c60 f   SpeedgoatCANOpen2Buses1ms_sfun_registry.obj
 0001:00057350       ssWriteRTWStr              0000000180058350 f   SpeedgoatCANOpen2Buses1ms_sfun_registry.obj
 0001:000573b0       ssWriteRTWWorkVect         00000001800583b0 f   SpeedgoatCANOpen2Buses1ms_sfun_registry.obj
 0001:00057910       ssWarning                  0000000180058910 f   SpeedgoatCANOpen2Buses1ms_sfun_registry.obj
 0001:00057a00       ssWriteRTWNameValuePair    0000000180058a00 f   SpeedgoatCANOpen2Buses1ms_sfun_registry.obj
 0001:00057f00       _ssSetInputPortMatrixDimensions 0000000180058f00 f   SpeedgoatCANOpen2Buses1ms_sfun_registry.obj
 0001:00058020       _ssSetOutputPortMatrixDimensions 0000000180059020 f   SpeedgoatCANOpen2Buses1ms_sfun_registry.obj
 0001:00058140       _ssSetInputPortVectorDimension 0000000180059140 f   SpeedgoatCANOpen2Buses1ms_sfun_registry.obj
 0001:000581f0       _ssSetOutputPortVectorDimension 00000001800591f0 f   SpeedgoatCANOpen2Buses1ms_sfun_registry.obj
 0001:000582a0       ssIsRunTimeParamTunable    00000001800592a0 f   SpeedgoatCANOpen2Buses1ms_sfun_registry.obj
 0001:00058310       ssGetSFuncBlockHandle      0000000180059310 f   SpeedgoatCANOpen2Buses1ms_sfun_registry.obj
 0001:00058380       _ssGetCurrentInputPortWidth 0000000180059380 f   SpeedgoatCANOpen2Buses1ms_sfun_registry.obj
 0001:000584a0       _ssGetCurrentOutputPortWidth 00000001800594a0 f   SpeedgoatCANOpen2Buses1ms_sfun_registry.obj
 0001:000585c0       _ssGetCallSystemNumFcnCallDestinations 00000001800595c0 f   SpeedgoatCANOpen2Buses1ms_sfun_registry.obj
 0001:00058630       ssGetIsZeroCrossControlDisabled 0000000180059630 f   SpeedgoatCANOpen2Buses1ms_sfun_registry.obj
 0001:000586a0       ssSetIsInputPortUsedForContZcSignal 00000001800596a0 f   SpeedgoatCANOpen2Buses1ms_sfun_registry.obj
 0001:00058710       ssSetZcSignalIsZcElementDisc 0000000180059710 f   SpeedgoatCANOpen2Buses1ms_sfun_registry.obj
 0001:000587c0       ssSetZcSignalName          00000001800597c0 f   SpeedgoatCANOpen2Buses1ms_sfun_registry.obj
 0001:00058830       ssSetZcSignalWidth         0000000180059830 f   SpeedgoatCANOpen2Buses1ms_sfun_registry.obj
 0001:000588a0       ssSetZcSignalZcEventType   00000001800598a0 f   SpeedgoatCANOpen2Buses1ms_sfun_registry.obj
 0001:00058910       ssSetZcSignalType          0000000180059910 f   SpeedgoatCANOpen2Buses1ms_sfun_registry.obj
 0001:00058980       ssSetZcSignalZcTol         0000000180059980 f   SpeedgoatCANOpen2Buses1ms_sfun_registry.obj
 0001:000589f0       ssSetZcSignalNeedsEventNotification 00000001800599f0 f   SpeedgoatCANOpen2Buses1ms_sfun_registry.obj
 0001:00058a60       ssCreateAndAddZcSignalInfo 0000000180059a60 f   SpeedgoatCANOpen2Buses1ms_sfun_registry.obj
 0001:00058ad0       ssCloneAndAddZcSignalInfo  0000000180059ad0 f   SpeedgoatCANOpen2Buses1ms_sfun_registry.obj
 0001:00058b40       ssGetNumZcSignals          0000000180059b40 f   SpeedgoatCANOpen2Buses1ms_sfun_registry.obj
 0001:00058bb0       ssGetZcSignalVector        0000000180059bb0 f   SpeedgoatCANOpen2Buses1ms_sfun_registry.obj
 0001:00058c20       ssGetZcSignalName          0000000180059c20 f   SpeedgoatCANOpen2Buses1ms_sfun_registry.obj
 0001:00058c90       ssGetZcSignalWidth         0000000180059c90 f   SpeedgoatCANOpen2Buses1ms_sfun_registry.obj
 0001:00058d00       ssGetZcSignalZcEventType   0000000180059d00 f   SpeedgoatCANOpen2Buses1ms_sfun_registry.obj
 0001:00058d70       ssGetZcSignalZcEvents      0000000180059d70 f   SpeedgoatCANOpen2Buses1ms_sfun_registry.obj
 0001:00058de0       ssGetZcSignalType          0000000180059de0 f   SpeedgoatCANOpen2Buses1ms_sfun_registry.obj
 0001:00058e50       ssGetZcSignalZcTol         0000000180059e50 f   SpeedgoatCANOpen2Buses1ms_sfun_registry.obj
 0001:00058ed0       ssGetZcSignalNeedsEventNotification 0000000180059ed0 f   SpeedgoatCANOpen2Buses1ms_sfun_registry.obj
 0001:00058f40       ssGetZcSignalIsZcElementDisc 0000000180059f40 f   SpeedgoatCANOpen2Buses1ms_sfun_registry.obj
 0001:00058fe0       ssGetIsInputPortElementContinuous 0000000180059fe0 f   SpeedgoatCANOpen2Buses1ms_sfun_registry.obj
 0001:00059080       _ssGetAbsTol               000000018005a080 f   SpeedgoatCANOpen2Buses1ms_sfun_registry.obj
 0001:000590f0       _ssSetStateAbsTol          000000018005a0f0 f   SpeedgoatCANOpen2Buses1ms_sfun_registry.obj
 0001:000591d0       _ssSetInputPortReusableFcn 000000018005a1d0 f   SpeedgoatCANOpen2Buses1ms_sfun_registry.obj
 0001:000592d0       _ssSetOutputPortReusableFcn 000000018005a2d0 f   SpeedgoatCANOpen2Buses1ms_sfun_registry.obj
 0001:000593d0       _ssSetSymbolicDimsSupport  000000018005a3d0 f   SpeedgoatCANOpen2Buses1ms_sfun_registry.obj
 0001:00059440       _ssRegisterSymbolicDimsExpr 000000018005a440 f   SpeedgoatCANOpen2Buses1ms_sfun_registry.obj
 0001:000594c0       _ssRegisterSymbolicDims    000000018005a4c0 f   SpeedgoatCANOpen2Buses1ms_sfun_registry.obj
 0001:00059560       _ssRegisterSymbolicDimsString 000000018005a560 f   SpeedgoatCANOpen2Buses1ms_sfun_registry.obj
 0001:000595e0       _ssRegisterSymbolicDimsIntValue 000000018005a5e0 f   SpeedgoatCANOpen2Buses1ms_sfun_registry.obj
 0001:00059650       _ssRegisterSymbolicDimsPlus 000000018005a650 f   SpeedgoatCANOpen2Buses1ms_sfun_registry.obj
 0001:000596d0       _ssRegisterSymbolicDimsMinus 000000018005a6d0 f   SpeedgoatCANOpen2Buses1ms_sfun_registry.obj
 0001:00059750       _ssRegisterSymbolicDimsMultiply 000000018005a750 f   SpeedgoatCANOpen2Buses1ms_sfun_registry.obj
 0001:000597d0       _ssRegisterSymbolicDimsDivide 000000018005a7d0 f   SpeedgoatCANOpen2Buses1ms_sfun_registry.obj
 0001:00059850       _ssGetNumSymbolicDims      000000018005a850 f   SpeedgoatCANOpen2Buses1ms_sfun_registry.obj
 0001:000598c0       _ssGetSymbolicDim          000000018005a8c0 f   SpeedgoatCANOpen2Buses1ms_sfun_registry.obj
 0001:00059940       _ssSetInputPortSymbolicDimsId 000000018005a940 f   SpeedgoatCANOpen2Buses1ms_sfun_registry.obj
 0001:000599b0       _ssGetCompInputPortSymbolicDimsId 000000018005a9b0 f   SpeedgoatCANOpen2Buses1ms_sfun_registry.obj
 0001:00059a20       _ssSetCompInputPortSymbolicDimsId 000000018005aa20 f   SpeedgoatCANOpen2Buses1ms_sfun_registry.obj
 0001:00059a90       _ssSetOutputPortSymbolicDimsId 000000018005aa90 f   SpeedgoatCANOpen2Buses1ms_sfun_registry.obj
 0001:00059b00       _ssGetCompOutputPortSymbolicDimsId 000000018005ab00 f   SpeedgoatCANOpen2Buses1ms_sfun_registry.obj
 0001:00059b70       _ssSetCompOutputPortSymbolicDimsId 000000018005ab70 f   SpeedgoatCANOpen2Buses1ms_sfun_registry.obj
 0001:00059be0       _ssSetCompDWorkSymbolicDimsId 000000018005abe0 f   SpeedgoatCANOpen2Buses1ms_sfun_registry.obj
 0001:00059c50       sf_process_check_sum_call  000000018005ac50 f   SpeedgoatCANOpen2Buses1ms_sfun_registry.obj
 0001:00059ca0       sf_process_testpoint_info_call 000000018005aca0 f   SpeedgoatCANOpen2Buses1ms_sfun_registry.obj
 0001:00059cf0       sf_process_autoinheritance_call 000000018005acf0 f   SpeedgoatCANOpen2Buses1ms_sfun_registry.obj
 0001:00059f20       sf_process_get_third_party_uses_info_call 000000018005af20 f   SpeedgoatCANOpen2Buses1ms_sfun_registry.obj
 0001:0005a150       sf_process_get_jit_fallback_info_call 000000018005b150 f   SpeedgoatCANOpen2Buses1ms_sfun_registry.obj
 0001:0005a380       sf_process_get_updateBuildInfo_args_info_call 000000018005b380 f   SpeedgoatCANOpen2Buses1ms_sfun_registry.obj
 0001:0005a5b0       sf_process_get_eml_resolved_functions_info_call 000000018005b5b0 f   SpeedgoatCANOpen2Buses1ms_sfun_registry.obj
 0001:0005a7e0       sf_mex_unlock_call         000000018005b7e0 f   SpeedgoatCANOpen2Buses1ms_sfun_registry.obj
 0001:0005aaa0       sf_machine_global_initializer_called 000000018005baa0 f   SpeedgoatCANOpen2Buses1ms_sfun_registry.obj
 0001:0005aad0       sf_machine_global_method_dispatcher 000000018005bad0 f   SpeedgoatCANOpen2Buses1ms_sfun_registry.obj
 0001:0005ab30       sf_machine_global_terminator 000000018005bb30 f   SpeedgoatCANOpen2Buses1ms_sfun_registry.obj
 0001:0005ab90       sf_register_machine_exported_symbols 000000018005bb90 f   SpeedgoatCANOpen2Buses1ms_sfun_registry.obj
 0001:0005abb0       callCustomFcn              000000018005bbb0 f   SpeedgoatCANOpen2Buses1ms_sfun_registry.obj
 0001:0005abc0       sf_machine_global_initializer 000000018005bbc0 f   SpeedgoatCANOpen2Buses1ms_sfun_registry.obj
 0001:0005ac40       mdlGetSimState             000000018005bc40 f   SpeedgoatCANOpen2Buses1ms_sfun_registry.obj
 0001:0005ac80       mdlSetSimState             000000018005bc80 f   SpeedgoatCANOpen2Buses1ms_sfun_registry.obj
 0001:0005b4f0       ProcessMexSfunctionEveryCall 000000018005c4f0 f   SpeedgoatCANOpen2Buses1ms_sfun_registry.obj
 0001:0005c600       __local_stdio_printf_options 000000018005d600 f i SpeedgoatCANOpen2Buses1ms_sfun_registry.obj
 0001:0005c610       _vsnprintf_l               000000018005d610 f i SpeedgoatCANOpen2Buses1ms_sfun_registry.obj
 0001:0005c690       _vsprintf_l                000000018005d690 f i SpeedgoatCANOpen2Buses1ms_sfun_registry.obj
 0001:0005c6e0       sprintf                    000000018005d6e0 f i SpeedgoatCANOpen2Buses1ms_sfun_registry.obj
 0001:0005c730       mexfilerequiredapiversion  000000018005d730 f   c_mexapi_version.obj
 0001:0005c751       sf_load_rtw_optimization_info 000000018005d751 f   sf_runtime:sf_runtime.dll
 0001:0005c757       sf_debug_initialize_machine 000000018005d757 f   sf_runtime:sf_runtime.dll
 0001:0005c75d       sf_debug_set_machine_event_thresholds 000000018005d75d f   sf_runtime:sf_runtime.dll
 0001:0005c763       sf_debug_set_machine_data_thresholds 000000018005d763 f   sf_runtime:sf_runtime.dll
 0001:0005c769       sf_init_ChartRunTimeInfo   000000018005d769 f   sf_runtime:sf_runtime.dll
 0001:0005c76f       sf_free_ChartRunTimeInfo   000000018005d76f f   sf_runtime:sf_runtime.dll
 0001:0005c775       sfrtGetEmlrtCtx            000000018005d775 f   sf_runtime:sf_runtime.dll
 0001:0005c77b       sf_get_chart_instance_ptr  000000018005d77b f   sf_runtime:sf_runtime.dll
 0001:0005c781       sf_rtw_info_uint_prop      000000018005d781 f   sf_runtime:sf_runtime.dll
 0001:0005c787       sf_update_buildInfo        000000018005d787 f   sf_runtime:sf_runtime.dll
 0001:0005c78d       sf_is_chart_inlinable      000000018005d78d f   sf_runtime:sf_runtime.dll
 0001:0005c793       sf_mark_chart_reusable_outputs 000000018005d793 f   sf_runtime:sf_runtime.dll
 0001:0005c799       sf_mark_chart_expressionable_inputs 000000018005d799 f   sf_runtime:sf_runtime.dll
 0001:0005c79f       sim_mode_is_rtw_gen        000000018005d79f f   sf_runtime:sf_runtime.dll
 0001:0005c7a5       sim_mode_is_external       000000018005d7a5 f   sf_runtime:sf_runtime.dll
 0001:0005c7ab       sim_mode_is_modelref_sim   000000018005d7ab f   sf_runtime:sf_runtime.dll
 0001:0005c7b1       sf_clear_rtw_identifier    000000018005d7b1 f   sf_runtime:sf_runtime.dll
 0001:0005c7b7       sf_set_rtw_dwork_info      000000018005d7b7 f   sf_runtime:sf_runtime.dll
 0001:0005c7bd       sf_get_dwork_info_from_mat_file 000000018005d7bd f   sf_runtime:sf_runtime.dll
 0001:0005c7c3       sf_set_encoded_dwork_info  000000018005d7c3 f   sf_runtime:sf_runtime.dll
 0001:0005c7c9       sf_get_time                000000018005d7c9 f   sf_runtime:sf_runtime.dll
 0001:0005c7cf       sf_is_first_init_cond      000000018005d7cf f   sf_runtime:sf_runtime.dll
 0001:0005c7d5       setLegacyDebuggerFlagForRuntime 000000018005d7d5 f   sf_runtime:sf_runtime.dll
 0001:0005c7db       sf_set_chart_accesses_machine_info 000000018005d7db f   sf_runtime:sf_runtime.dll
 0001:0005c7e1       sf_register_codegen_names_for_scoped_functions_defined_by_chart 000000018005d7e1 f   sf_runtime:sf_runtime.dll
 0001:0005c7e7       ssSetBlockIsPurelyCombinatorial_wrapper 000000018005d7e7 f   sf_runtime:sf_runtime.dll
 0001:0005c7ed       sf_mex_error_message       000000018005d7ed f   sf_runtime:sf_runtime.dll
 0001:0005c7f3       sf_mex_create              000000018005d7f3 f   sf_runtime:sf_runtime.dll
 0001:0005c7f9       sf_mex_createcellmatrix    000000018005d7f9 f   sf_runtime:sf_runtime.dll
 0001:0005c7ff       sf_mex_setcell             000000018005d7ff f   sf_runtime:sf_runtime.dll
 0001:0005c805       sf_mex_getcell             000000018005d805 f   sf_runtime:sf_runtime.dll
 0001:0005c80b       sf_mex_assign              000000018005d80b f   sf_runtime:sf_runtime.dll
 0001:0005c811       sf_mex_dup                 000000018005d811 f   sf_runtime:sf_runtime.dll
 0001:0005c817       sf_mex_destroy             000000018005d817 f   sf_runtime:sf_runtime.dll
 0001:0005c81d       sf_mex_import              000000018005d81d f   sf_runtime:sf_runtime.dll
 0001:0005c823       sf_mex_decode_encoded_mx_struct_array 000000018005d823 f   sf_runtime:sf_runtime.dll
 0001:0005c829       sf_mex_duplicatearraysafe  000000018005d829 f   sf_runtime:sf_runtime.dll
 0001:0005c82f       ssGetDWork_wrapper         000000018005d82f f   sf_runtime:sf_runtime.dll
 0001:0005c835       ssGetInputPortSignal_wrapper 000000018005d835 f   sf_runtime:sf_runtime.dll
 0001:0005c83b       ssGetOutputPortSignal_wrapper 000000018005d83b f   sf_runtime:sf_runtime.dll
 0001:0005c841       sf_read_before_write_error 000000018005d841 f   sf_runtime:sf_runtime.dll
 0001:0005c847       sf_debug_initialize_chart  000000018005d847 f   sf_runtime:sf_runtime.dll
 0001:0005c84d       sf_debug_call              000000018005d84d f   sf_runtime:sf_runtime.dll
 0001:0005c853       cv_eval_point              000000018005d853 f   sf_runtime:sf_runtime.dll
 0001:0005c859       cv_eml_eval                000000018005d859 f   sf_runtime:sf_runtime.dll
 0001:0005c85f       cv_eval_relational         000000018005d85f f   sf_runtime:sf_runtime.dll
 0001:0005c865       cv_eml_init_script         000000018005d865 f   sf_runtime:sf_runtime.dll
 0001:0005c86b       cv_eml_init_if             000000018005d86b f   sf_runtime:sf_runtime.dll
 0001:0005c871       cv_eml_init_mcdc           000000018005d871 f   sf_runtime:sf_runtime.dll
 0001:0005c877       cv_eml_init_relational     000000018005d877 f   sf_runtime:sf_runtime.dll
 0001:0005c87d       sf_debug_reset_current_state_configuration 000000018005d87d f   sf_runtime:sf_runtime.dll
 0001:0005c883       sf_debug_set_honor_breakpoints 000000018005d883 f   sf_runtime:sf_runtime.dll
 0001:0005c889       sf_debug_get_animation     000000018005d889 f   sf_runtime:sf_runtime.dll
 0001:0005c88f       sf_debug_set_animation     000000018005d88f f   sf_runtime:sf_runtime.dll
 0001:0005c895       sf_debug_animate           000000018005d895 f   sf_runtime:sf_runtime.dll
 0001:0005c89b       sf_debug_set_chart_data_props 000000018005d89b f   sf_runtime:sf_runtime.dll
 0001:0005c8a1       sf_debug_set_chart_data_compiled_props 000000018005d8a1 f   sf_runtime:sf_runtime.dll
 0001:0005c8a7       sf_debug_symbol_scope_push 000000018005d8a7 f   sf_runtime:sf_runtime.dll
 0001:0005c8ad       sf_debug_symbol_scope_push_eml 000000018005d8ad f   sf_runtime:sf_runtime.dll
 0001:0005c8b3       sf_debug_symbol_scope_pop  000000018005d8b3 f   sf_runtime:sf_runtime.dll
 0001:0005c8b9       sf_debug_symbol_scope_add_eml_importable 000000018005d8b9 f   sf_runtime:sf_runtime.dll
 0001:0005c8bf       sf_debug_set_instance_data_value_ptr 000000018005d8bf f   sf_runtime:sf_runtime.dll
 0001:0005c8c5       sf_debug_set_chart_disable_implicit_casting 000000018005d8c5 f   sf_runtime:sf_runtime.dll
 0001:0005c8cb       sf_debug_set_chart_event_thresholds 000000018005d8cb f   sf_runtime:sf_runtime.dll
 0001:0005c8d1       sf_debug_set_chart_state_info 000000018005d8d1 f   sf_runtime:sf_runtime.dll
 0001:0005c8d7       sf_debug_set_chart_decomposition 000000018005d8d7 f   sf_runtime:sf_runtime.dll
 0001:0005c8dd       sf_debug_set_chart_substate_count 000000018005d8dd f   sf_runtime:sf_runtime.dll
 0001:0005c8e3       sf_debug_set_chart_substate_index 000000018005d8e3 f   sf_runtime:sf_runtime.dll
 0001:0005c8e9       sf_debug_set_chart_state_substate_count 000000018005d8e9 f   sf_runtime:sf_runtime.dll
 0001:0005c8ef       sf_debug_data_range_wrapper 000000018005d8ef f   sf_runtime:sf_runtime.dll
 0001:0005c8f5       sf_debug_cv_init_trans     000000018005d8f5 f   sf_runtime:sf_runtime.dll
 0001:0005c8fb       sf_debug_cv_init_chart     000000018005d8fb f   sf_runtime:sf_runtime.dll
 0001:0005c901       sf_debug_cv_init_state     000000018005d901 f   sf_runtime:sf_runtime.dll
 0001:0005c907       sf_debug_data_range_error_wrapper_min_max 000000018005d907 f   sf_runtime:sf_runtime.dll
 0001:0005c90d       sf_mex_sub                 000000018005d90d f   sf_runtime:sf_runtime.dll
 0001:0005c913       sf_get_ChartInfoStruct_CodeGen 000000018005d913 f   sf_runtime:sf_runtime.dll
 0001:0005c919       sf_get_hasSeparateUpdateOutputs 000000018005d919 f   sf_runtime:sf_runtime.dll
 0001:0005c91f       callMdlMethodAndReportError 000000018005d91f f   sf_runtime:sf_runtime.dll
 0001:0005c925       call_sf_machine_global_method_dispatcher 000000018005d925 f   sf_runtime:sf_runtime.dll
 0001:0005c92b       getRuntimeInstanceInfoAsVoid 000000018005d92b f   sf_runtime:sf_runtime.dll
 0001:0005c931       sf_mex_error_direct_call   000000018005d931 f   sf_runtime:sf_runtime.dll
 0001:0005c937       sf_clear_error_manager_info 000000018005d937 f   sf_runtime:sf_runtime.dll
 0001:0005c93d       sf_debug_create_debug_instance_struct 000000018005d93d f   sf_runtime:sf_runtime.dll
 0001:0005c943       sf_debug_terminate         000000018005d943 f   sf_runtime:sf_runtime.dll
 0001:0005c949       sf_debug_api               000000018005d949 f   sf_runtime:sf_runtime.dll
 0001:0005c94f       mxIsChar                   000000018005d94f f   libmx:libmx.dll
 0001:0005c955       mxGetScalar                000000018005d955 f   libmx:libmx.dll
 0001:0005c95b       mxGetPr                    000000018005d95b f   libmx:libmx.dll
 0001:0005c961       mxDestroyArray             000000018005d961 f   libmx:libmx.dll
 0001:0005c967       mxCreateDoubleMatrix_730   000000018005d967 f   libmx:libmx.dll
 0001:0005c96d       mxGetString_730            000000018005d96d f   libmx:libmx.dll
 0001:0005c973       mxDuplicateArray           000000018005d973 f   libmx:libmx.dll
 0001:0005c979       mxSetField_730             000000018005d979 f   libmx:libmx.dll
 0001:0005c97f       mxCreateDoubleScalar       000000018005d97f f   libmx:libmx.dll
 0001:0005c985       mxCreateString             000000018005d985 f   libmx:libmx.dll
 0001:0005c98b       mxCreateCellMatrix_730     000000018005d98b f   libmx:libmx.dll
 0001:0005c991       mxCreateCellArray_730      000000018005d991 f   libmx:libmx.dll
 0001:0005c997       mxCreateStructMatrix_730   000000018005d997 f   libmx:libmx.dll
 0001:0005c99d       mxCreateStructArray_730    000000018005d99d f   libmx:libmx.dll
 0001:0005c9a3       mxCalloc                   000000018005d9a3 f   libmx:libmx.dll
 0001:0005c9a9       mxGetM                     000000018005d9a9 f   libmx:libmx.dll
 0001:0005c9af       mxGetClassID               000000018005d9af f   libmx:libmx.dll
 0001:0005c9b5       mxIsNumeric                000000018005d9b5 f   libmx:libmx.dll
 0001:0005c9bb       mxIsComplex                000000018005d9bb f   libmx:libmx.dll
 0001:0005c9c1       mxGetN                     000000018005d9c1 f   libmx:libmx.dll
 0001:0005c9c7       mexMakeArrayPersistent     000000018005d9c7 f   libmex:libmex.dll
 0001:0005c9cd       mexErrMsgTxt               000000018005d9cd f   libmex:libmex.dll
 0001:0005c9d3       mexWarnMsgTxt              000000018005d9d3 f   libmex:libmex.dll
 0001:0005c9d9       mexCallMATLABWithObject    000000018005d9d9 f   libmex:libmex.dll
 0001:0005c9df       mexLock                    000000018005d9df f   libmex:libmex.dll
 0001:0005c9e5       mexUnlock                  000000018005d9e5 f   libmex:libmex.dll
 0001:0005c9eb       mexIsLocked                000000018005d9eb f   libmex:libmex.dll
 0001:0005c9f1       utMalloc                   000000018005d9f1 f   libut:libut.dll
 0001:0005c9f7       utFree                     000000018005d9f7 f   libut:libut.dll
 0001:0005c9fd       slcovUploadCoverageSynthesisById 000000018005d9fd f   libmwsl_sfcn_cov_bridge:libmwsl_sfcn_cov_bridge.dll
 0001:0005ca04       __raise_securityfailure    000000018005da04 f   MSVCRT:gs_report.obj
 0001:0005ca38       __report_gsfailure         000000018005da38 f   MSVCRT:gs_report.obj
 0001:0005cb0c       __report_rangecheckfailure 000000018005db0c f   MSVCRT:gs_report.obj
 0001:0005cb20       __report_securityfailure   000000018005db20 f   MSVCRT:gs_report.obj
 0001:0005cbbc       __report_securityfailureEx 000000018005dbbc f   MSVCRT:gs_report.obj
 0001:0005cdb0       __GSHandlerCheck           000000018005ddb0 f   MSVCRT:gshandler.obj
 0001:0005cdd0       __GSHandlerCheckCommon     000000018005ddd0 f   MSVCRT:gshandler.obj
 0001:0005ce40       __security_check_cookie    000000018005de40 f   MSVCRT:amdsecgs.obj
 0001:0005d1b0       _CRT_INIT                  000000018005e1b0 f   MSVCRT:dll_dllmain.obj
 0001:0005d1b8       _DllMainCRTStartup         000000018005e1b8 f   MSVCRT:dll_dllmain.obj
 0001:0005d264       __security_init_cookie     000000018005e264 f   MSVCRT:gs_support.obj
 0001:0005d310       DllMain                    000000018005e310 f   MSVCRT:dll_dllmain_stub.obj
 0001:0005d334       ?__scrt_initialize_type_info@@YAXXZ 000000018005e334 f   MSVCRT:tncleanup.obj
 0001:0005d344       ?__scrt_uninitialize_type_info@@YAXXZ 000000018005e344 f   MSVCRT:tncleanup.obj
 0001:0005d350       __local_stdio_scanf_options 000000018005e350 f i MSVCRT:default_local_stdio_options.obj
 0001:0005d358       __scrt_initialize_default_local_stdio_options 000000018005e358 f   MSVCRT:default_local_stdio_options.obj
 0001:0005d374       ??$__crt_fast_decode_pointer@PEAP6AXXZ@@YAPEAP6AXXZQEAP6AXXZ@Z 000000018005e374 f i MSVCRT:utility.obj
 0001:0005d38c       ??$__crt_fast_encode_pointer@PEAP6AXXZ@@YAPEAP6AXXZQEAP6AXXZ@Z 000000018005e38c f i MSVCRT:utility.obj
 0001:0005d3ac       ?__crt_rotate_pointer_value@@YA_K_KH@Z 000000018005e3ac f i MSVCRT:utility.obj
 0001:0005d3b8       ?configure_argv@__scrt_narrow_argv_policy@@SAHXZ 000000018005e3b8 f i MSVCRT:utility.obj
 0001:0005d418       ?initialize_environment@__scrt_narrow_environment_policy@@SAHXZ 000000018005e418 f i MSVCRT:utility.obj
 0001:0005d450       NtCurrentTeb               000000018005e450 f i MSVCRT:utility.obj
 0001:0005d45c       __scrt_acquire_startup_lock 000000018005e45c f   MSVCRT:utility.obj
 0001:0005d498       __scrt_dllmain_after_initialize_c 000000018005e498 f   MSVCRT:utility.obj
 0001:0005d4cc       __scrt_dllmain_before_initialize_c 000000018005e4cc f   MSVCRT:utility.obj
 0001:0005d4e4       __scrt_dllmain_crt_thread_attach 000000018005e4e4 f   MSVCRT:utility.obj
 0001:0005d50c       __scrt_dllmain_crt_thread_detach 000000018005e50c f   MSVCRT:utility.obj
 0001:0005d524       __scrt_dllmain_exception_filter 000000018005e524 f   MSVCRT:utility.obj
 0001:0005d584       __scrt_dllmain_uninitialize_c 000000018005e584 f   MSVCRT:utility.obj
 0001:0005d5b4       __scrt_dllmain_uninitialize_critical 000000018005e5b4 f   MSVCRT:utility.obj
 0001:0005d5c8       __scrt_initialize_crt      000000018005e5c8 f   MSVCRT:utility.obj
 0001:0005d614       __scrt_initialize_onexit_tables 000000018005e614 f   MSVCRT:utility.obj
 0001:0005d6ec       __scrt_is_nonwritable_in_current_image 000000018005e6ec f   MSVCRT:utility.obj
 0001:0005d788       __scrt_release_startup_lock 000000018005e788 f   MSVCRT:utility.obj
 0001:0005d7ac       __scrt_uninitialize_crt    000000018005e7ac f   MSVCRT:utility.obj
 0001:0005d7d8       _onexit                    000000018005e7d8 f   MSVCRT:utility.obj
 0001:0005d828       at_quick_exit              000000018005e828 f   MSVCRT:utility.obj
 0001:0005d860       atexit                     000000018005e860 f   MSVCRT:utility.obj
 0001:0005d878       __scrt_get_dyn_tls_init_callback 000000018005e878 f   MSVCRT:dyn_tls_init.obj
 0001:0005d880       __crt_debugger_hook        000000018005e880 f   MSVCRT:utility_desktop.obj
 0001:0005d888       __scrt_fastfail            000000018005e888 f   MSVCRT:utility_desktop.obj
 0001:0005d9d4       __scrt_get_show_window_mode 000000018005e9d4 f   MSVCRT:utility_desktop.obj
 0001:0005da10       __scrt_initialize_mta      000000018005ea10 f   MSVCRT:utility_desktop.obj
 0001:0005da18       __scrt_initialize_winrt    000000018005ea18 f   MSVCRT:utility_desktop.obj
 0001:0005da1c       __scrt_is_managed_app      000000018005ea1c f   MSVCRT:utility_desktop.obj
 0001:0005da70       __scrt_set_unhandled_exception_filter 000000018005ea70 f   MSVCRT:utility_desktop.obj
 0001:0005da80       __scrt_stub_for_initialize_mta 000000018005ea80 f   MSVCRT:utility_desktop.obj
 0001:0005da80       __scrt_exe_initialize_mta  000000018005ea80 f   MSVCRT:utility_desktop.obj
 0001:0005da84       __scrt_unhandled_exception_filter 000000018005ea84 f   MSVCRT:utility_desktop.obj
 0001:0005dabc       _RTC_Initialize            000000018005eabc f   MSVCRT:initsect.obj
 0001:0005daf8       _RTC_Terminate             000000018005eaf8 f   MSVCRT:initsect.obj
 0001:0005db34       _guard_check_icall_nop     000000018005eb34 f i MSVCRT:guard_support.obj
 0001:0005db38       ReadNoFence64              000000018005eb38 f i MSVCRT:guard_support.obj
 0001:0005db3c       ReadPointerNoFence         000000018005eb3c f i MSVCRT:guard_support.obj
 0001:0005db40       _guard_icall_checks_enforced 000000018005eb40 f i MSVCRT:guard_support.obj
 0001:0005db58       _guard_rf_checks_enforced  000000018005eb58 f i MSVCRT:guard_support.obj
 0001:0005db5c       __isa_available_init       000000018005eb5c f   MSVCRT:cpu_disp.obj
 0001:0005dcd8       _get_startup_argv_mode     000000018005ecd8 f   MSVCRT:argv_mode.obj
 0001:0005dce0       __scrt_is_ucrt_dll_in_use  000000018005ece0 f   MSVCRT:ucrt_detection.obj
 0001:0005dcf0       RtlCaptureContext          000000018005ecf0 f   kernel32:KERNEL32.dll
 0001:0005dcf6       RtlLookupFunctionEntry     000000018005ecf6 f   kernel32:KERNEL32.dll
 0001:0005dcfc       RtlVirtualUnwind           000000018005ecfc f   kernel32:KERNEL32.dll
 0001:0005dd02       UnhandledExceptionFilter   000000018005ed02 f   kernel32:KERNEL32.dll
 0001:0005dd08       SetUnhandledExceptionFilter 000000018005ed08 f   kernel32:KERNEL32.dll
 0001:0005dd0e       GetCurrentProcess          000000018005ed0e f   kernel32:KERNEL32.dll
 0001:0005dd14       TerminateProcess           000000018005ed14 f   kernel32:KERNEL32.dll
 0001:0005dd1a       IsProcessorFeaturePresent  000000018005ed1a f   kernel32:KERNEL32.dll
 0001:0005dd20       QueryPerformanceCounter    000000018005ed20 f   kernel32:KERNEL32.dll
 0001:0005dd26       GetCurrentProcessId        000000018005ed26 f   kernel32:KERNEL32.dll
 0001:0005dd2c       GetCurrentThreadId         000000018005ed2c f   kernel32:KERNEL32.dll
 0001:0005dd32       GetSystemTimeAsFileTime    000000018005ed32 f   kernel32:KERNEL32.dll
 0001:0005dd38       DisableThreadLibraryCalls  000000018005ed38 f   kernel32:KERNEL32.dll
 0001:0005dd3e       InitializeSListHead        000000018005ed3e f   kernel32:KERNEL32.dll
 0001:0005dd44       IsDebuggerPresent          000000018005ed44 f   kernel32:KERNEL32.dll
 0001:0005dd4a       GetStartupInfoW            000000018005ed4a f   kernel32:KERNEL32.dll
 0001:0005dd50       GetModuleHandleW           000000018005ed50 f   kernel32:KERNEL32.dll
 0001:0005dd56       memset                     000000018005ed56 f   vcruntime:VCRUNTIME140.dll
 0001:0005dd5c       memcpy                     000000018005ed5c f   vcruntime:VCRUNTIME140.dll
 0001:0005dd62       __C_specific_handler       000000018005ed62 f   vcruntime:VCRUNTIME140.dll
 0001:0005dd68       __std_type_info_destroy_list 000000018005ed68 f   vcruntime:VCRUNTIME140.dll
 0001:0005dd6e       strcmp                     000000018005ed6e f   ucrt:api-ms-win-crt-string-l1-1-0.dll
 0001:0005dd74       __stdio_common_vsprintf    000000018005ed74 f   ucrt:api-ms-win-crt-stdio-l1-1-0.dll
 0001:0005dd7a       free                       000000018005ed7a f   ucrt:api-ms-win-crt-heap-l1-1-0.dll
 0001:0005dd80       malloc                     000000018005ed80 f   ucrt:api-ms-win-crt-heap-l1-1-0.dll
 0001:0005dd86       strlen                     000000018005ed86 f   ucrt:api-ms-win-crt-string-l1-1-0.dll
 0001:0005dd8c       _initterm                  000000018005ed8c f   ucrt:api-ms-win-crt-runtime-l1-1-0.dll
 0001:0005dd92       _initterm_e                000000018005ed92 f   ucrt:api-ms-win-crt-runtime-l1-1-0.dll
 0001:0005dd98       _seh_filter_dll            000000018005ed98 f   ucrt:api-ms-win-crt-runtime-l1-1-0.dll
 0001:0005dd9e       _configure_narrow_argv     000000018005ed9e f   ucrt:api-ms-win-crt-runtime-l1-1-0.dll
 0001:0005dda4       _initialize_narrow_environment 000000018005eda4 f   ucrt:api-ms-win-crt-runtime-l1-1-0.dll
 0001:0005ddaa       _initialize_onexit_table   000000018005edaa f   ucrt:api-ms-win-crt-runtime-l1-1-0.dll
 0001:0005ddb0       _register_onexit_function  000000018005edb0 f   ucrt:api-ms-win-crt-runtime-l1-1-0.dll
 0001:0005ddb6       _execute_onexit_table      000000018005edb6 f   ucrt:api-ms-win-crt-runtime-l1-1-0.dll
 0001:0005ddbc       _crt_atexit                000000018005edbc f   ucrt:api-ms-win-crt-runtime-l1-1-0.dll
 0001:0005ddc2       _crt_at_quick_exit         000000018005edc2 f   ucrt:api-ms-win-crt-runtime-l1-1-0.dll
 0001:0005ddc8       _cexit                     000000018005edc8 f   ucrt:api-ms-win-crt-runtime-l1-1-0.dll
 0001:0005ddce       terminate                  000000018005edce f   ucrt:api-ms-win-crt-runtime-l1-1-0.dll
 0001:0005ddd4       __acrt_initialize          000000018005edd4 f   MSVCRT:ucrt_stubs.obj
 0001:0005ddd4       __vcrt_initialize          000000018005edd4 f   MSVCRT:ucrt_stubs.obj
 0001:0005ddd4       __scrt_stub_for_acrt_initialize 000000018005edd4 f   MSVCRT:ucrt_stubs.obj
 0001:0005ddd8       __vcrt_thread_attach       000000018005edd8 f   MSVCRT:ucrt_stubs.obj
 0001:0005ddd8       __acrt_thread_attach       000000018005edd8 f   MSVCRT:ucrt_stubs.obj
 0001:0005ddd8       __scrt_stub_for_acrt_thread_attach 000000018005edd8 f   MSVCRT:ucrt_stubs.obj
 0001:0005dddc       __scrt_stub_for_acrt_thread_detach 000000018005eddc f   MSVCRT:ucrt_stubs.obj
 0001:0005dddc       __acrt_thread_detach       000000018005eddc f   MSVCRT:ucrt_stubs.obj
 0001:0005dddc       __vcrt_thread_detach       000000018005eddc f   MSVCRT:ucrt_stubs.obj
 0001:0005dde0       __acrt_uninitialize        000000018005ede0 f   MSVCRT:ucrt_stubs.obj
 0001:0005dde0       __vcrt_uninitialize        000000018005ede0 f   MSVCRT:ucrt_stubs.obj
 0001:0005dde0       __scrt_stub_for_acrt_uninitialize 000000018005ede0 f   MSVCRT:ucrt_stubs.obj
 0001:0005dde4       __vcrt_uninitialize_critical 000000018005ede4 f   MSVCRT:ucrt_stubs.obj
 0001:0005dde4       __acrt_uninitialize_critical 000000018005ede4 f   MSVCRT:ucrt_stubs.obj
 0001:0005dde4       __scrt_stub_for_acrt_uninitialize_critical 000000018005ede4 f   MSVCRT:ucrt_stubs.obj
 0001:0005dde8       _is_c_termination_complete 000000018005ede8 f   MSVCRT:ucrt_stubs.obj
 0001:0005dde8       __scrt_stub_for_is_c_termination_complete 000000018005ede8 f   MSVCRT:ucrt_stubs.obj
 0001:0005de00       _guard_dispatch_icall_nop  000000018005ee00 f   MSVCRT:guard_dispatch.obj
 0002:00000000       __imp_InitializeSListHead  000000018005f000     kernel32:KERNEL32.dll
 0002:00000008       __imp_RtlCaptureContext    000000018005f008     kernel32:KERNEL32.dll
 0002:00000010       __imp_RtlLookupFunctionEntry 000000018005f010     kernel32:KERNEL32.dll
 0002:00000018       __imp_RtlVirtualUnwind     000000018005f018     kernel32:KERNEL32.dll
 0002:00000020       __imp_UnhandledExceptionFilter 000000018005f020     kernel32:KERNEL32.dll
 0002:00000028       __imp_SetUnhandledExceptionFilter 000000018005f028     kernel32:KERNEL32.dll
 0002:00000030       __imp_GetCurrentProcess    000000018005f030     kernel32:KERNEL32.dll
 0002:00000038       __imp_TerminateProcess     000000018005f038     kernel32:KERNEL32.dll
 0002:00000040       __imp_IsProcessorFeaturePresent 000000018005f040     kernel32:KERNEL32.dll
 0002:00000048       __imp_QueryPerformanceCounter 000000018005f048     kernel32:KERNEL32.dll
 0002:00000050       __imp_GetCurrentProcessId  000000018005f050     kernel32:KERNEL32.dll
 0002:00000058       __imp_GetCurrentThreadId   000000018005f058     kernel32:KERNEL32.dll
 0002:00000060       __imp_GetSystemTimeAsFileTime 000000018005f060     kernel32:KERNEL32.dll
 0002:00000068       __imp_GetModuleHandleW     000000018005f068     kernel32:KERNEL32.dll
 0002:00000070       __imp_IsDebuggerPresent    000000018005f070     kernel32:KERNEL32.dll
 0002:00000078       __imp_DisableThreadLibraryCalls 000000018005f078     kernel32:KERNEL32.dll
 0002:00000080       __imp_GetStartupInfoW      000000018005f080     kernel32:KERNEL32.dll
 0002:00000088       \177KERNEL32_NULL_THUNK_DATA 000000018005f088     kernel32:KERNEL32.dll
 0002:00000090       __imp_memcpy               000000018005f090     vcruntime:VCRUNTIME140.dll
 0002:00000098       __imp_memset               000000018005f098     vcruntime:VCRUNTIME140.dll
 0002:000000a0       __imp___C_specific_handler 000000018005f0a0     vcruntime:VCRUNTIME140.dll
 0002:000000a8       __imp___std_type_info_destroy_list 000000018005f0a8     vcruntime:VCRUNTIME140.dll
 0002:000000b0       \177VCRUNTIME140_NULL_THUNK_DATA 000000018005f0b0     vcruntime:VCRUNTIME140.dll
 0002:000000b8       __imp_free                 000000018005f0b8     ucrt:api-ms-win-crt-heap-l1-1-0.dll
 0002:000000c0       __imp_malloc               000000018005f0c0     ucrt:api-ms-win-crt-heap-l1-1-0.dll
 0002:000000c8       \177api-ms-win-crt-heap-l1-1-0_NULL_THUNK_DATA 000000018005f0c8     ucrt:api-ms-win-crt-heap-l1-1-0.dll
 0002:000000d0       __imp__register_onexit_function 000000018005f0d0     ucrt:api-ms-win-crt-runtime-l1-1-0.dll
 0002:000000d8       __imp__initterm            000000018005f0d8     ucrt:api-ms-win-crt-runtime-l1-1-0.dll
 0002:000000e0       __imp__initterm_e          000000018005f0e0     ucrt:api-ms-win-crt-runtime-l1-1-0.dll
 0002:000000e8       __imp__seh_filter_dll      000000018005f0e8     ucrt:api-ms-win-crt-runtime-l1-1-0.dll
 0002:000000f0       __imp__configure_narrow_argv 000000018005f0f0     ucrt:api-ms-win-crt-runtime-l1-1-0.dll
 0002:000000f8       __imp__initialize_narrow_environment 000000018005f0f8     ucrt:api-ms-win-crt-runtime-l1-1-0.dll
 0002:00000100       __imp__initialize_onexit_table 000000018005f100     ucrt:api-ms-win-crt-runtime-l1-1-0.dll
 0002:00000108       __imp__cexit               000000018005f108     ucrt:api-ms-win-crt-runtime-l1-1-0.dll
 0002:00000110       __imp__execute_onexit_table 000000018005f110     ucrt:api-ms-win-crt-runtime-l1-1-0.dll
 0002:00000118       __imp__crt_atexit          000000018005f118     ucrt:api-ms-win-crt-runtime-l1-1-0.dll
 0002:00000120       __imp__crt_at_quick_exit   000000018005f120     ucrt:api-ms-win-crt-runtime-l1-1-0.dll
 0002:00000128       __imp_terminate            000000018005f128     ucrt:api-ms-win-crt-runtime-l1-1-0.dll
 0002:00000130       \177api-ms-win-crt-runtime-l1-1-0_NULL_THUNK_DATA 000000018005f130     ucrt:api-ms-win-crt-runtime-l1-1-0.dll
 0002:00000138       __imp___stdio_common_vsprintf 000000018005f138     ucrt:api-ms-win-crt-stdio-l1-1-0.dll
 0002:00000140       \177api-ms-win-crt-stdio-l1-1-0_NULL_THUNK_DATA 000000018005f140     ucrt:api-ms-win-crt-stdio-l1-1-0.dll
 0002:00000148       __imp_strlen               000000018005f148     ucrt:api-ms-win-crt-string-l1-1-0.dll
 0002:00000150       __imp_strcmp               000000018005f150     ucrt:api-ms-win-crt-string-l1-1-0.dll
 0002:00000158       \177api-ms-win-crt-string-l1-1-0_NULL_THUNK_DATA 000000018005f158     ucrt:api-ms-win-crt-string-l1-1-0.dll
 0002:00000160       __imp_mexErrMsgTxt         000000018005f160     libmex:libmex.dll
 0002:00000168       __imp_mexWarnMsgTxt        000000018005f168     libmex:libmex.dll
 0002:00000170       __imp_mexCallMATLABWithObject 000000018005f170     libmex:libmex.dll
 0002:00000178       __imp_mexIsLocked          000000018005f178     libmex:libmex.dll
 0002:00000180       __imp_mexUnlock            000000018005f180     libmex:libmex.dll
 0002:00000188       __imp_mexLock              000000018005f188     libmex:libmex.dll
 0002:00000190       __imp_mexMakeArrayPersistent 000000018005f190     libmex:libmex.dll
 0002:00000198       \177libmex_NULL_THUNK_DATA 000000018005f198     libmex:libmex.dll
 0002:000001a0       __imp_slcovUploadCoverageSynthesisById 000000018005f1a0     libmwsl_sfcn_cov_bridge:libmwsl_sfcn_cov_bridge.dll
 0002:000001a8       \177libmwsl_sfcn_cov_bridge_NULL_THUNK_DATA 000000018005f1a8     libmwsl_sfcn_cov_bridge:libmwsl_sfcn_cov_bridge.dll
 0002:000001b0       __imp_mxGetN               000000018005f1b0     libmx:libmx.dll
 0002:000001b8       __imp_mxIsComplex          000000018005f1b8     libmx:libmx.dll
 0002:000001c0       __imp_mxIsNumeric          000000018005f1c0     libmx:libmx.dll
 0002:000001c8       __imp_mxGetClassID         000000018005f1c8     libmx:libmx.dll
 0002:000001d0       __imp_mxGetM               000000018005f1d0     libmx:libmx.dll
 0002:000001d8       __imp_mxCalloc             000000018005f1d8     libmx:libmx.dll
 0002:000001e0       __imp_mxCreateStructArray_730 000000018005f1e0     libmx:libmx.dll
 0002:000001e8       __imp_mxCreateStructMatrix_730 000000018005f1e8     libmx:libmx.dll
 0002:000001f0       __imp_mxCreateCellArray_730 000000018005f1f0     libmx:libmx.dll
 0002:000001f8       __imp_mxCreateCellMatrix_730 000000018005f1f8     libmx:libmx.dll
 0002:00000200       __imp_mxCreateString       000000018005f200     libmx:libmx.dll
 0002:00000208       __imp_mxCreateDoubleScalar 000000018005f208     libmx:libmx.dll
 0002:00000210       __imp_mxSetField_730       000000018005f210     libmx:libmx.dll
 0002:00000218       __imp_mxDuplicateArray     000000018005f218     libmx:libmx.dll
 0002:00000220       __imp_mxGetString_730      000000018005f220     libmx:libmx.dll
 0002:00000228       __imp_mxCreateDoubleMatrix_730 000000018005f228     libmx:libmx.dll
 0002:00000230       __imp_mxDestroyArray       000000018005f230     libmx:libmx.dll
 0002:00000238       __imp_mxGetPr              000000018005f238     libmx:libmx.dll
 0002:00000240       __imp_mxGetScalar          000000018005f240     libmx:libmx.dll
 0002:00000248       __imp_mxIsChar             000000018005f248     libmx:libmx.dll
 0002:00000250       \177libmx_NULL_THUNK_DATA  000000018005f250     libmx:libmx.dll
 0002:00000258       __imp_utMalloc             000000018005f258     libut:libut.dll
 0002:00000260       __imp_utFree               000000018005f260     libut:libut.dll
 0002:00000268       \177libut_NULL_THUNK_DATA  000000018005f268     libut:libut.dll
 0002:00000270       __imp_call_sf_machine_global_method_dispatcher 000000018005f270     sf_runtime:sf_runtime.dll
 0002:00000278       __imp_getRuntimeInstanceInfoAsVoid 000000018005f278     sf_runtime:sf_runtime.dll
 0002:00000280       __imp_sf_mex_error_direct_call 000000018005f280     sf_runtime:sf_runtime.dll
 0002:00000288       __imp_sf_read_before_write_error 000000018005f288     sf_runtime:sf_runtime.dll
 0002:00000290       __imp_sf_debug_create_debug_instance_struct 000000018005f290     sf_runtime:sf_runtime.dll
 0002:00000298       __imp_sf_debug_terminate   000000018005f298     sf_runtime:sf_runtime.dll
 0002:000002a0       __imp_sf_debug_api         000000018005f2a0     sf_runtime:sf_runtime.dll
 0002:000002a8       __imp_ssGetOutputPortSignal_wrapper 000000018005f2a8     sf_runtime:sf_runtime.dll
 0002:000002b0       __imp_sf_debug_data_range_error_wrapper_min_max 000000018005f2b0     sf_runtime:sf_runtime.dll
 0002:000002b8       __imp_sf_debug_cv_init_state 000000018005f2b8     sf_runtime:sf_runtime.dll
 0002:000002c0       __imp_sf_debug_cv_init_chart 000000018005f2c0     sf_runtime:sf_runtime.dll
 0002:000002c8       __imp_sf_debug_cv_init_trans 000000018005f2c8     sf_runtime:sf_runtime.dll
 0002:000002d0       __imp_sf_debug_data_range_wrapper 000000018005f2d0     sf_runtime:sf_runtime.dll
 0002:000002d8       __imp_sf_debug_set_chart_state_substate_count 000000018005f2d8     sf_runtime:sf_runtime.dll
 0002:000002e0       __imp_sf_debug_set_chart_substate_index 000000018005f2e0     sf_runtime:sf_runtime.dll
 0002:000002e8       __imp_sf_debug_set_chart_substate_count 000000018005f2e8     sf_runtime:sf_runtime.dll
 0002:000002f0       __imp_sf_debug_set_chart_decomposition 000000018005f2f0     sf_runtime:sf_runtime.dll
 0002:000002f8       __imp_callMdlMethodAndReportError 000000018005f2f8     sf_runtime:sf_runtime.dll
 0002:00000300       __imp_sf_debug_set_chart_event_thresholds 000000018005f300     sf_runtime:sf_runtime.dll
 0002:00000308       __imp_sf_debug_set_chart_disable_implicit_casting 000000018005f308     sf_runtime:sf_runtime.dll
 0002:00000310       __imp_sf_debug_set_instance_data_value_ptr 000000018005f310     sf_runtime:sf_runtime.dll
 0002:00000318       __imp_sf_debug_symbol_scope_add_eml_importable 000000018005f318     sf_runtime:sf_runtime.dll
 0002:00000320       __imp_sf_debug_symbol_scope_pop 000000018005f320     sf_runtime:sf_runtime.dll
 0002:00000328       __imp_sf_debug_symbol_scope_push_eml 000000018005f328     sf_runtime:sf_runtime.dll
 0002:00000330       __imp_sf_debug_symbol_scope_push 000000018005f330     sf_runtime:sf_runtime.dll
 0002:00000338       __imp_sf_debug_set_chart_data_compiled_props 000000018005f338     sf_runtime:sf_runtime.dll
 0002:00000340       __imp_sf_debug_set_chart_data_props 000000018005f340     sf_runtime:sf_runtime.dll
 0002:00000348       __imp_sf_debug_animate     000000018005f348     sf_runtime:sf_runtime.dll
 0002:00000350       __imp_sf_get_hasSeparateUpdateOutputs 000000018005f350     sf_runtime:sf_runtime.dll
 0002:00000358       __imp_sf_debug_set_animation 000000018005f358     sf_runtime:sf_runtime.dll
 0002:00000360       __imp_sf_debug_get_animation 000000018005f360     sf_runtime:sf_runtime.dll
 0002:00000368       __imp_sf_debug_set_honor_breakpoints 000000018005f368     sf_runtime:sf_runtime.dll
 0002:00000370       __imp_sf_debug_reset_current_state_configuration 000000018005f370     sf_runtime:sf_runtime.dll
 0002:00000378       __imp_cv_eml_init_relational 000000018005f378     sf_runtime:sf_runtime.dll
 0002:00000380       __imp_cv_eml_init_mcdc     000000018005f380     sf_runtime:sf_runtime.dll
 0002:00000388       __imp_cv_eml_init_if       000000018005f388     sf_runtime:sf_runtime.dll
 0002:00000390       __imp_cv_eml_init_script   000000018005f390     sf_runtime:sf_runtime.dll
 0002:00000398       __imp_sf_get_ChartInfoStruct_CodeGen 000000018005f398     sf_runtime:sf_runtime.dll
 0002:000003a0       __imp_sf_debug_set_chart_state_info 000000018005f3a0     sf_runtime:sf_runtime.dll
 0002:000003a8       __imp_sf_mex_sub           000000018005f3a8     sf_runtime:sf_runtime.dll
 0002:000003b0       __imp_cv_eval_relational   000000018005f3b0     sf_runtime:sf_runtime.dll
 0002:000003b8       __imp_cv_eml_eval          000000018005f3b8     sf_runtime:sf_runtime.dll
 0002:000003c0       __imp_ssGetInputPortSignal_wrapper 000000018005f3c0     sf_runtime:sf_runtime.dll
 0002:000003c8       __imp_ssGetDWork_wrapper   000000018005f3c8     sf_runtime:sf_runtime.dll
 0002:000003d0       __imp_sf_mex_duplicatearraysafe 000000018005f3d0     sf_runtime:sf_runtime.dll
 0002:000003d8       __imp_sf_mex_decode_encoded_mx_struct_array 000000018005f3d8     sf_runtime:sf_runtime.dll
 0002:000003e0       __imp_sf_mex_import        000000018005f3e0     sf_runtime:sf_runtime.dll
 0002:000003e8       __imp_sf_mex_destroy       000000018005f3e8     sf_runtime:sf_runtime.dll
 0002:000003f0       __imp_sf_mex_dup           000000018005f3f0     sf_runtime:sf_runtime.dll
 0002:000003f8       __imp_sf_mex_assign        000000018005f3f8     sf_runtime:sf_runtime.dll
 0002:00000400       __imp_sf_mex_getcell       000000018005f400     sf_runtime:sf_runtime.dll
 0002:00000408       __imp_sf_mex_setcell       000000018005f408     sf_runtime:sf_runtime.dll
 0002:00000410       __imp_sf_mex_createcellmatrix 000000018005f410     sf_runtime:sf_runtime.dll
 0002:00000418       __imp_sf_mex_create        000000018005f418     sf_runtime:sf_runtime.dll
 0002:00000420       __imp_sf_mex_error_message 000000018005f420     sf_runtime:sf_runtime.dll
 0002:00000428       __imp_ssSetBlockIsPurelyCombinatorial_wrapper 000000018005f428     sf_runtime:sf_runtime.dll
 0002:00000430       __imp_sf_register_codegen_names_for_scoped_functions_defined_by_chart 000000018005f430     sf_runtime:sf_runtime.dll
 0002:00000438       __imp_sf_set_chart_accesses_machine_info 000000018005f438     sf_runtime:sf_runtime.dll
 0002:00000440       __imp_setLegacyDebuggerFlagForRuntime 000000018005f440     sf_runtime:sf_runtime.dll
 0002:00000448       __imp_sf_is_first_init_cond 000000018005f448     sf_runtime:sf_runtime.dll
 0002:00000450       __imp_sf_get_time          000000018005f450     sf_runtime:sf_runtime.dll
 0002:00000458       __imp_sf_set_encoded_dwork_info 000000018005f458     sf_runtime:sf_runtime.dll
 0002:00000460       __imp_sf_get_dwork_info_from_mat_file 000000018005f460     sf_runtime:sf_runtime.dll
 0002:00000468       __imp_sf_set_rtw_dwork_info 000000018005f468     sf_runtime:sf_runtime.dll
 0002:00000470       __imp_sf_clear_rtw_identifier 000000018005f470     sf_runtime:sf_runtime.dll
 0002:00000478       __imp_cv_eval_point        000000018005f478     sf_runtime:sf_runtime.dll
 0002:00000480       __imp_sim_mode_is_modelref_sim 000000018005f480     sf_runtime:sf_runtime.dll
 0002:00000488       __imp_sim_mode_is_external 000000018005f488     sf_runtime:sf_runtime.dll
 0002:00000490       __imp_sim_mode_is_rtw_gen  000000018005f490     sf_runtime:sf_runtime.dll
 0002:00000498       __imp_sf_debug_call        000000018005f498     sf_runtime:sf_runtime.dll
 0002:000004a0       __imp_sf_mark_chart_expressionable_inputs 000000018005f4a0     sf_runtime:sf_runtime.dll
 0002:000004a8       __imp_sf_mark_chart_reusable_outputs 000000018005f4a8     sf_runtime:sf_runtime.dll
 0002:000004b0       __imp_sf_is_chart_inlinable 000000018005f4b0     sf_runtime:sf_runtime.dll
 0002:000004b8       __imp_sf_update_buildInfo  000000018005f4b8     sf_runtime:sf_runtime.dll
 0002:000004c0       __imp_sf_rtw_info_uint_prop 000000018005f4c0     sf_runtime:sf_runtime.dll
 0002:000004c8       __imp_sf_get_chart_instance_ptr 000000018005f4c8     sf_runtime:sf_runtime.dll
 0002:000004d0       __imp_sfrtGetEmlrtCtx      000000018005f4d0     sf_runtime:sf_runtime.dll
 0002:000004d8       __imp_sf_free_ChartRunTimeInfo 000000018005f4d8     sf_runtime:sf_runtime.dll
 0002:000004e0       __imp_sf_init_ChartRunTimeInfo 000000018005f4e0     sf_runtime:sf_runtime.dll
 0002:000004e8       __imp_sf_debug_set_machine_data_thresholds 000000018005f4e8     sf_runtime:sf_runtime.dll
 0002:000004f0       __imp_sf_debug_set_machine_event_thresholds 000000018005f4f0     sf_runtime:sf_runtime.dll
 0002:000004f8       __imp_sf_debug_initialize_machine 000000018005f4f8     sf_runtime:sf_runtime.dll
 0002:00000500       __imp_sf_debug_initialize_chart 000000018005f500     sf_runtime:sf_runtime.dll
 0002:00000508       __imp_sf_clear_error_manager_info 000000018005f508     sf_runtime:sf_runtime.dll
 0002:00000510       __imp_sf_load_rtw_optimization_info 000000018005f510     sf_runtime:sf_runtime.dll
 0002:00000518       \177sf_runtime_NULL_THUNK_DATA 000000018005f518     sf_runtime:sf_runtime.dll
 0002:00000520       __guard_check_icall_fptr   000000018005f520     MSVCRT:guard_support.obj
 0002:00000528       __guard_dispatch_icall_fptr 000000018005f528     MSVCRT:guard_support.obj
 0002:00000530       __xc_a                     000000018005f530     MSVCRT:initializers.obj
 0002:00000538       __xc_z                     000000018005f538     MSVCRT:initializers.obj
 0002:00000540       __xi_a                     000000018005f540     MSVCRT:initializers.obj
 0002:00000548       __xi_z                     000000018005f548     MSVCRT:initializers.obj
 0002:00000550       __xp_a                     000000018005f550     MSVCRT:initializers.obj
 0002:00000558       __xp_z                     000000018005f558     MSVCRT:initializers.obj
 0002:00000560       __xt_a                     000000018005f560     MSVCRT:initializers.obj
 0002:00000568       __xt_z                     000000018005f568     MSVCRT:initializers.obj
 0002:00000570       __real@413f797f00000000    000000018005f570     SpeedgoatCANOpen2Buses1ms_sfun.obj
 0002:00000578       __real@4195474b1c000000    000000018005f578     SpeedgoatCANOpen2Buses1ms_sfun.obj
 0002:00000580       __real@41c5b70c5f000000    000000018005f580     SpeedgoatCANOpen2Buses1ms_sfun.obj
 0002:00000588       __real@41c954d125800000    000000018005f588     SpeedgoatCANOpen2Buses1ms_sfun.obj
 0002:00000590       __real@41d9aa1240c00000    000000018005f590     SpeedgoatCANOpen2Buses1ms_sfun.obj
 0002:00000598       __real@41dd9f4812800000    000000018005f598     SpeedgoatCANOpen2Buses1ms_sfun.obj
 0002:000005a0       __real@41dff01bb8400000    000000018005f5a0     SpeedgoatCANOpen2Buses1ms_sfun.obj
 0002:000005a8       __real@41e08e38bae00000    000000018005f5a8     SpeedgoatCANOpen2Buses1ms_sfun.obj
 0002:000005b0       __real@41ea1e8465600000    000000018005f5b0     SpeedgoatCANOpen2Buses1ms_sfun.obj
 0002:000005b8       __real@41ed51f363200000    000000018005f5b8     SpeedgoatCANOpen2Buses1ms_sfun.obj
 0002:000005c0       __real@41eec387a1800000    000000018005f5c0     SpeedgoatCANOpen2Buses1ms_sfun.obj
 0002:000005c8       __real@41eefe992e000000    000000018005f5c8     SpeedgoatCANOpen2Buses1ms_sfun.obj
 0002:000005d0       __real@3f800000            000000018005f5d0     c1_SpeedgoatCANOpen2Buses1ms.obj
 0002:000005d8       __real@3ff0000000000000    000000018005f5d8     c1_SpeedgoatCANOpen2Buses1ms.obj
 0002:000005e0       __real@40000000            000000018005f5e0     c1_SpeedgoatCANOpen2Buses1ms.obj
 0002:000005e8       __real@4022000000000000    000000018005f5e8     c1_SpeedgoatCANOpen2Buses1ms.obj
 0002:000005f0       __real@4034000000000000    000000018005f5f0     c1_SpeedgoatCANOpen2Buses1ms.obj
 0002:000005f8       __real@40400000            000000018005f5f8     c1_SpeedgoatCANOpen2Buses1ms.obj
 0002:00000600       __real@40af400000000000    000000018005f600     c1_SpeedgoatCANOpen2Buses1ms.obj
 0002:00000608       __real@41a00000            000000018005f608     c1_SpeedgoatCANOpen2Buses1ms.obj
 0002:00000610       __real@41ab7ac600000000    000000018005f610     c1_SpeedgoatCANOpen2Buses1ms.obj
 0002:00000618       __real@41d9558585000000    000000018005f618     c1_SpeedgoatCANOpen2Buses1ms.obj
 0002:00000620       __real@41da6c1cc0800000    000000018005f620     c1_SpeedgoatCANOpen2Buses1ms.obj
 0002:00000628       __real@41e4578891600000    000000018005f628     c1_SpeedgoatCANOpen2Buses1ms.obj
 0002:00000630       __real@457a0000            000000018005f630     c1_SpeedgoatCANOpen2Buses1ms.obj
 0002:00000638       __real@41a45789c0000000    000000018005f638     c2_SpeedgoatCANOpen2Buses1ms.obj
 0002:00000640       __real@41d551980b400000    000000018005f640     c2_SpeedgoatCANOpen2Buses1ms.obj
 0002:00000648       __real@41ed637987c00000    000000018005f648     c2_SpeedgoatCANOpen2Buses1ms.obj
 0002:00000650       __real@41ef6e64f4e00000    000000018005f650     c2_SpeedgoatCANOpen2Buses1ms.obj
 0002:00000658       __real@40c3880000000000    000000018005f658     c3_SpeedgoatCANOpen2Buses1ms.obj
 0002:00000660       __real@40c7700000000000    000000018005f660     c3_SpeedgoatCANOpen2Buses1ms.obj
 0002:00000668       __real@41a18494c0000000    000000018005f668     c3_SpeedgoatCANOpen2Buses1ms.obj
 0002:00000670       __real@41c593d6a9000000    000000018005f670     c3_SpeedgoatCANOpen2Buses1ms.obj
 0002:00000678       __real@41d608dd2b400000    000000018005f678     c3_SpeedgoatCANOpen2Buses1ms.obj
 0002:00000680       __real@41e32d525c600000    000000018005f680     c3_SpeedgoatCANOpen2Buses1ms.obj
 0002:00000688       __real@461c4000            000000018005f688     c3_SpeedgoatCANOpen2Buses1ms.obj
 0002:0000068c       __real@462be000            000000018005f68c     c3_SpeedgoatCANOpen2Buses1ms.obj
 0002:00000690       __real@c0c7700000000000    000000018005f690     c3_SpeedgoatCANOpen2Buses1ms.obj
 0002:00000698       __real@4018000000000000    000000018005f698     c4_SpeedgoatCANOpen2Buses1ms.obj
 0002:000006a0       __real@401c000000000000    000000018005f6a0     c4_SpeedgoatCANOpen2Buses1ms.obj
 0002:000006a8       __real@40c00000            000000018005f6a8     c4_SpeedgoatCANOpen2Buses1ms.obj
 0002:000006ac       __real@40e00000            000000018005f6ac     c4_SpeedgoatCANOpen2Buses1ms.obj
 0002:000006b0       __real@41747f04f0000000    000000018005f6b0     c4_SpeedgoatCANOpen2Buses1ms.obj
 0002:000006b8       __real@41e9b21e8f800000    000000018005f6b8     c4_SpeedgoatCANOpen2Buses1ms.obj
 0002:000006c0       __real@41ec90376da00000    000000018005f6c0     c4_SpeedgoatCANOpen2Buses1ms.obj
 0002:000006c8       __real@41ee304932a00000    000000018005f6c8     c4_SpeedgoatCANOpen2Buses1ms.obj
 0002:000006d0       __real@0000000000000000    000000018005f6d0     c5_SpeedgoatCANOpen2Buses1ms.obj
 0002:000006d8       __real@3fa999999999999a    000000018005f6d8     c5_SpeedgoatCANOpen2Buses1ms.obj
 0002:000006e0       __real@41d188aa85c00000    000000018005f6e0     c5_SpeedgoatCANOpen2Buses1ms.obj
 0002:000006e8       __real@41d2361db4c00000    000000018005f6e8     c5_SpeedgoatCANOpen2Buses1ms.obj
 0002:000006f0       __real@41e65255b4200000    000000018005f6f0     c5_SpeedgoatCANOpen2Buses1ms.obj
 0002:000006f8       __real@41ed497494200000    000000018005f6f8     c5_SpeedgoatCANOpen2Buses1ms.obj
 0002:00000700       __real@41b37ef14d000000    000000018005f700     c12_SpeedgoatCANOpen2Buses1ms.obj
 0002:00000708       __real@41d89b5ea8400000    000000018005f708     c12_SpeedgoatCANOpen2Buses1ms.obj
 0002:00000710       __real@41ed694056400000    000000018005f710     c12_SpeedgoatCANOpen2Buses1ms.obj
 0002:00000718       __real@41ef0476f6e00000    000000018005f718     c12_SpeedgoatCANOpen2Buses1ms.obj
 0002:00000720       __real@4008000000000000    000000018005f720     c13_SpeedgoatCANOpen2Buses1ms.obj
 0002:00000728       __real@4024000000000000    000000018005f728     c13_SpeedgoatCANOpen2Buses1ms.obj
 0002:00000730       __real@4059000000000000    000000018005f730     c13_SpeedgoatCANOpen2Buses1ms.obj
 0002:00000738       __real@41acd22974000000    000000018005f738     c13_SpeedgoatCANOpen2Buses1ms.obj
 0002:00000740       __real@41c436e083800000    000000018005f740     c13_SpeedgoatCANOpen2Buses1ms.obj
 0002:00000748       __real@41e0371e1f800000    000000018005f748     c13_SpeedgoatCANOpen2Buses1ms.obj
 0002:00000750       __real@41e593c0c1600000    000000018005f750     c13_SpeedgoatCANOpen2Buses1ms.obj
 0002:00000758       __real@c024000000000000    000000018005f758     c13_SpeedgoatCANOpen2Buses1ms.obj
 0002:00000760       __real@c059000000000000    000000018005f760     c13_SpeedgoatCANOpen2Buses1ms.obj
 0002:00000768       __real@c0c3880000000000    000000018005f768     c13_SpeedgoatCANOpen2Buses1ms.obj
 0002:00000770       __real@41e60b7451a00000    000000018005f770     c14_SpeedgoatCANOpen2Buses1ms.obj
 0002:00000778       __real@41e8257697800000    000000018005f778     c14_SpeedgoatCANOpen2Buses1ms.obj
 0002:00000780       __real@41eb5f409a800000    000000018005f780     c14_SpeedgoatCANOpen2Buses1ms.obj
 0002:00000788       __real@41ee07c16d200000    000000018005f788     c14_SpeedgoatCANOpen2Buses1ms.obj
 0002:00000790       __xmm@80000000000000008000000000000000 000000018005f790     c14_SpeedgoatCANOpen2Buses1ms.obj
 0002:000007a0       DYNAMIC_DIMENSION_DEF      000000018005f7a0     SpeedgoatCANOpen2Buses1ms_sfun_registry.obj
 0002:000007b8       __real@4010000000000000    000000018005f7b8     SpeedgoatCANOpen2Buses1ms_sfun_registry.obj
 0002:000007c0       __real@41602cbca0000000    000000018005f7c0     SpeedgoatCANOpen2Buses1ms_sfun_registry.obj
 0002:000007c8       __real@bff0000000000000    000000018005f7c8     SpeedgoatCANOpen2Buses1ms_sfun_registry.obj
 0002:000007e0       _pDefaultRawDllMain        000000018005f7e0     MSVCRT:dll_dllmain.obj
 0002:000007e0       _pRawDllMain               000000018005f7e0     MSVCRT:dll_dllmain.obj
 0002:00000810       _load_config_used          000000018005f810     MSVCRT:loadcfg.obj
 0002:00000b28       __rtc_iaa                  000000018005fb28     MSVCRT:initsect.obj
 0002:00000b30       __rtc_izz                  000000018005fb30     MSVCRT:initsect.obj
 0002:00000b38       __rtc_taa                  000000018005fb38     MSVCRT:initsect.obj
 0002:00000b40       __rtc_tzz                  000000018005fb40     MSVCRT:initsect.obj
 0002:00002558       __IMPORT_DESCRIPTOR_sf_runtime 0000000180061558     sf_runtime:sf_runtime.dll
 0002:0000256c       __IMPORT_DESCRIPTOR_libmx  000000018006156c     libmx:libmx.dll
 0002:00002580       __IMPORT_DESCRIPTOR_libmex 0000000180061580     libmex:libmex.dll
 0002:00002594       __IMPORT_DESCRIPTOR_libut  0000000180061594     libut:libut.dll
 0002:000025a8       __IMPORT_DESCRIPTOR_libmwsl_sfcn_cov_bridge 00000001800615a8     libmwsl_sfcn_cov_bridge:libmwsl_sfcn_cov_bridge.dll
 0002:000025bc       __IMPORT_DESCRIPTOR_KERNEL32 00000001800615bc     kernel32:KERNEL32.dll
 0002:000025d0       __IMPORT_DESCRIPTOR_VCRUNTIME140 00000001800615d0     vcruntime:VCRUNTIME140.dll
 0002:000025e4       __IMPORT_DESCRIPTOR_api-ms-win-crt-string-l1-1-0 00000001800615e4     ucrt:api-ms-win-crt-string-l1-1-0.dll
 0002:000025f8       __IMPORT_DESCRIPTOR_api-ms-win-crt-stdio-l1-1-0 00000001800615f8     ucrt:api-ms-win-crt-stdio-l1-1-0.dll
 0002:0000260c       __IMPORT_DESCRIPTOR_api-ms-win-crt-heap-l1-1-0 000000018006160c     ucrt:api-ms-win-crt-heap-l1-1-0.dll
 0002:00002620       __IMPORT_DESCRIPTOR_api-ms-win-crt-runtime-l1-1-0 0000000180061620     ucrt:api-ms-win-crt-runtime-l1-1-0.dll
 0002:00002634       __NULL_IMPORT_DESCRIPTOR   0000000180061634     sf_runtime:sf_runtime.dll
 0003:000097a0       DYNAMIC_DIMENSION          000000018006c7a0     SpeedgoatCANOpen2Buses1ms_sfun_registry.obj
 0003:0000bc10       __security_cookie_complement 000000018006ec10     MSVCRT:gs_cookie.obj
 0003:0000bc18       __security_cookie          000000018006ec18     MSVCRT:gs_cookie.obj
 0003:0000bc20       _fltused                   000000018006ec20     MSVCRT:fltused.obj
 0003:0000bc24       __scrt_native_dllmain_reason 000000018006ec24     MSVCRT:utility.obj
 0003:0000bc28       __isa_available            000000018006ec28     MSVCRT:cpu_disp.obj
 0003:0000bc2c       __isa_enabled              000000018006ec2c     MSVCRT:cpu_disp.obj
 0003:0000bc30       __memcpy_nt_iters          000000018006ec30     MSVCRT:cpu_disp.obj
 0003:0000bc40       __scrt_ucrt_dll_is_in_use  000000018006ec40     MSVCRT:ucrt_stubs.obj
 0003:0000bd10       sfGlobalDebugInstanceStruct 000000018006ed10     SpeedgoatCANOpen2Buses1ms_sfun_registry.obj
 0003:0000c2a0       ?__type_info_root_node@@3U__type_info_node@@A 000000018006f2a0     MSVCRT:tncleanup.obj
 0003:0000c2b0       ?_OptionsStorage@?1??__local_stdio_printf_options@@9@4_KA 000000018006f2b0     MSVCRT:default_local_stdio_options.obj
 0003:0000c2b8       ?_OptionsStorage@?1??__local_stdio_scanf_options@@9@4_KA 000000018006f2b8     MSVCRT:default_local_stdio_options.obj
 0003:0000c2c0       __scrt_current_native_startup_state 000000018006f2c0     MSVCRT:utility.obj
 0003:0000c2c8       __scrt_native_startup_lock 000000018006f2c8     MSVCRT:utility.obj
 0003:0000c308       __scrt_debugger_hook_flag  000000018006f308     MSVCRT:utility_desktop.obj
 0003:0000c30c       __favor                    000000018006f30c     MSVCRT:cpu_disp.obj
 0003:0000c310       ?_OptionsStorage@?1??__local_stdio_printf_options@@9@9 000000018006f310     <common>
 0003:0000c318       _SpeedgoatCANOpen2Buses1msMachineNumber_ 000000018006f318     <common>
 0003:0000c320       gRxCAN_APT                 000000018006f320     <common>
 0003:0000c340       can_rx_queue_APT           000000018006f340     <common>
 0003:0000c3a8       gRxCAN                     000000018006f3a8     <common>
 0003:0000c3c0       can_rx_queue               000000018006f3c0     <common>
 0003:0000c488       __dyn_tls_init_callback    000000018006f488     <common>

 entry point at        0001:0005d1b8

 Static symbols

 0000:00000000       .debug$S                   0000000180000000     sf_runtime:sf_runtime.dll
 0000:00000000       .debug$S                   0000000180000000     sf_runtime:sf_runtime.dll
 0000:00000000       .debug$S                   0000000180000000     sf_runtime:sf_runtime.dll
 0000:00000000       .debug$S                   0000000180000000     sf_runtime:sf_runtime.dll
 0000:00000000       .debug$S                   0000000180000000     sf_runtime:sf_runtime.dll
 0000:00000000       .debug$S                   0000000180000000     sf_runtime:sf_runtime.dll
 0000:00000000       .debug$S                   0000000180000000     SpeedgoatCANOpen2Buses1ms_sfun.exp
 0000:00000000       .debug$S                   0000000180000000     sf_runtime:sf_runtime.dll
 0000:00000000       .debug$S                   0000000180000000     sf_runtime:sf_runtime.dll
 0000:00000000       .debug$S                   0000000180000000     sf_runtime:sf_runtime.dll
[...]
 0004:000019bc       $pdata$sf_set_sfun_dwork_info 00000001800719bc     c20_SpeedgoatCANOpen2Buses1ms.obj
 0004:000019c8       $pdata$mdlSetWorkWidths_c20_SpeedgoatCANOpen2Buses1ms 00000001800719c8     c20_SpeedgoatCANOpen2Buses1ms.obj
 0004:000019d4       $pdata$mdlRTW_c20_SpeedgoatCANOpen2Buses1ms 00000001800719d4     c20_SpeedgoatCANOpen2Buses1ms.obj
 0004:000019e0       $pdata$mdlStart_c20_SpeedgoatCANOpen2Buses1ms 00000001800719e0     c20_SpeedgoatCANOpen2Buses1ms.obj
 0004:000019ec       $pdata$mexFunction         00000001800719ec     SpeedgoatCANOpen2Buses1ms_sfun_registry.obj
 0004:000019f8       $pdata$_ssSetInputPortDirectFeedThroughFcn 00000001800719f8     SpeedgoatCANOpen2Buses1ms_sfun_registry.obj
 0004:00001a04       $pdata$_ssSetRWorkValueFcn 0000000180071a04     SpeedgoatCANOpen2Buses1ms_sfun_registry.obj
 0004:00001a10       $pdata$_ssGetRWorkValueFcn 0000000180071a10     SpeedgoatCANOpen2Buses1ms_sfun_registry.obj
 0004:00001a1c       $pdata$_ssSetIWorkValueFcn 0000000180071a1c     SpeedgoatCANOpen2Buses1ms_sfun_registry.obj
 0004:00001a28       $pdata$_ssGetIWorkValueFcn 0000000180071a28     SpeedgoatCANOpen2Buses1ms_sfun_registry.obj
 0004:00001a34       $pdata$_ssSetPWorkValueFcn 0000000180071a34     SpeedgoatCANOpen2Buses1ms_sfun_registry.obj
 0004:00001a40       $pdata$_ssGetPWorkValueFcn 0000000180071a40     SpeedgoatCANOpen2Buses1ms_sfun_registry.obj
 0004:00001a4c       $pdata$_ssGetInputPortSignalFcn 0000000180071a4c     SpeedgoatCANOpen2Buses1ms_sfun_registry.obj
 0004:00001a58       $pdata$_ssGetInputPortBufferDstPortFcn 0000000180071a58     SpeedgoatCANOpen2Buses1ms_sfun_registry.obj
 0004:00001a64       $pdata$_ssGetInputPortSignalPtrsFcn 0000000180071a64     SpeedgoatCANOpen2Buses1ms_sfun_registry.obj
 0004:00001a70       $pdata$ssGetParameterTuningCompliance 0000000180071a70     SpeedgoatCANOpen2Buses1ms_sfun_registry.obj
 0004:00001a7c       $pdata$ssGetDTypeIdFromMxArray 0000000180071a7c     SpeedgoatCANOpen2Buses1ms_sfun_registry.obj
 0004:00001a88       $pdata$ssWriteRTWMx2dMatParam 0000000180071a88     SpeedgoatCANOpen2Buses1ms_sfun_registry.obj
 0004:00001a94       $pdata$ssWriteRTWMxVectParam 0000000180071a94     SpeedgoatCANOpen2Buses1ms_sfun_registry.obj
 0004:00001aa0       $pdata$ssWriteRTWParameters 0000000180071aa0     SpeedgoatCANOpen2Buses1ms_sfun_registry.obj
 0004:00001aac       $pdata$ssWriteRTWParamSettings 0000000180071aac     SpeedgoatCANOpen2Buses1ms_sfun_registry.obj
 0004:00001ab8       $pdata$ssWriteRTWStr       0000000180071ab8     SpeedgoatCANOpen2Buses1ms_sfun_registry.obj
 0004:00001ac4       $pdata$ssWriteRTWWorkVect  0000000180071ac4     SpeedgoatCANOpen2Buses1ms_sfun_registry.obj
 0004:00001ad0       $pdata$ssWarning           0000000180071ad0     SpeedgoatCANOpen2Buses1ms_sfun_registry.obj
 0004:00001adc       $pdata$ssWriteRTWNameValuePair 0000000180071adc     SpeedgoatCANOpen2Buses1ms_sfun_registry.obj
 0004:00001ae8       $pdata$_ssSetInputPortMatrixDimensions 0000000180071ae8     SpeedgoatCANOpen2Buses1ms_sfun_registry.obj
 0004:00001af4       $pdata$_ssSetOutputPortMatrixDimensions 0000000180071af4     SpeedgoatCANOpen2Buses1ms_sfun_registry.obj
 0004:00001b00       $pdata$_ssSetInputPortVectorDimension 0000000180071b00     SpeedgoatCANOpen2Buses1ms_sfun_registry.obj
 0004:00001b0c       $pdata$_ssSetOutputPortVectorDimension 0000000180071b0c     SpeedgoatCANOpen2Buses1ms_sfun_registry.obj
 0004:00001b18       $pdata$ssIsRunTimeParamTunable 0000000180071b18     SpeedgoatCANOpen2Buses1ms_sfun_registry.obj
 0004:00001b24       $pdata$ssGetSFuncBlockHandle 0000000180071b24     SpeedgoatCANOpen2Buses1ms_sfun_registry.obj
 0004:00001b30       $pdata$_ssGetCurrentInputPortWidth 0000000180071b30     SpeedgoatCANOpen2Buses1ms_sfun_registry.obj
 0004:00001b3c       $pdata$_ssGetCurrentOutputPortWidth 0000000180071b3c     SpeedgoatCANOpen2Buses1ms_sfun_registry.obj
 0004:00001b48       $pdata$_ssGetCallSystemNumFcnCallDestinations 0000000180071b48     SpeedgoatCANOpen2Buses1ms_sfun_registry.obj
 0004:00001b54       $pdata$ssGetIsZeroCrossControlDisabled 0000000180071b54     SpeedgoatCANOpen2Buses1ms_sfun_registry.obj
 0004:00001b60       $pdata$ssSetIsInputPortUsedForContZcSignal 0000000180071b60     SpeedgoatCANOpen2Buses1ms_sfun_registry.obj
 0004:00001b6c       $pdata$ssSetZcSignalIsZcElementDisc 0000000180071b6c     SpeedgoatCANOpen2Buses1ms_sfun_registry.obj
 0004:00001b78       $pdata$ssSetZcSignalName   0000000180071b78     SpeedgoatCANOpen2Buses1ms_sfun_registry.obj
 0004:00001b84       $pdata$ssSetZcSignalWidth  0000000180071b84     SpeedgoatCANOpen2Buses1ms_sfun_registry.obj
 0004:00001b90       $pdata$ssSetZcSignalZcEventType 0000000180071b90     SpeedgoatCANOpen2Buses1ms_sfun_registry.obj
 0004:00001b9c       $pdata$ssSetZcSignalType   0000000180071b9c     SpeedgoatCANOpen2Buses1ms_sfun_registry.obj
 0004:00001ba8       $pdata$ssSetZcSignalZcTol  0000000180071ba8     SpeedgoatCANOpen2Buses1ms_sfun_registry.obj
 0004:00001bb4       $pdata$ssSetZcSignalNeedsEventNotification 0000000180071bb4     SpeedgoatCANOpen2Buses1ms_sfun_registry.obj
 0004:00001bc0       $pdata$ssCreateAndAddZcSignalInfo 0000000180071bc0     SpeedgoatCANOpen2Buses1ms_sfun_registry.obj
 0004:00001bcc       $pdata$ssCloneAndAddZcSignalInfo 0000000180071bcc     SpeedgoatCANOpen2Buses1ms_sfun_registry.obj
 0004:00001bd8       $pdata$ssGetNumZcSignals   0000000180071bd8     SpeedgoatCANOpen2Buses1ms_sfun_registry.obj
 0004:00001be4       $pdata$ssGetZcSignalVector 0000000180071be4     SpeedgoatCANOpen2Buses1ms_sfun_registry.obj
 0004:00001bf0       $pdata$ssGetZcSignalName   0000000180071bf0     SpeedgoatCANOpen2Buses1ms_sfun_registry.obj
 0004:00001bfc       $pdata$ssGetZcSignalWidth  0000000180071bfc     SpeedgoatCANOpen2Buses1ms_sfun_registry.obj
 0004:00001c08       $pdata$ssGetZcSignalZcEventType 0000000180071c08     SpeedgoatCANOpen2Buses1ms_sfun_registry.obj
 0004:00001c14       $pdata$ssGetZcSignalZcEvents 0000000180071c14     SpeedgoatCANOpen2Buses1ms_sfun_registry.obj
 0004:00001c20       $pdata$ssGetZcSignalType   0000000180071c20     SpeedgoatCANOpen2Buses1ms_sfun_registry.obj
 0004:00001c2c       $pdata$ssGetZcSignalZcTol  0000000180071c2c     SpeedgoatCANOpen2Buses1ms_sfun_registry.obj
 0004:00001c38       $pdata$ssGetZcSignalNeedsEventNotification 0000000180071c38     SpeedgoatCANOpen2Buses1ms_sfun_registry.obj
 0004:00001c44       $pdata$ssGetZcSignalIsZcElementDisc 0000000180071c44     SpeedgoatCANOpen2Buses1ms_sfun_registry.obj
 0004:00001c50       $pdata$ssGetIsInputPortElementContinuous 0000000180071c50     SpeedgoatCANOpen2Buses1ms_sfun_registry.obj
 0004:00001c5c       $pdata$_ssGetAbsTol        0000000180071c5c     SpeedgoatCANOpen2Buses1ms_sfun_registry.obj
 0004:00001c68       $pdata$_ssSetInputPortReusableFcn 0000000180071c68     SpeedgoatCANOpen2Buses1ms_sfun_registry.obj
 0004:00001c74       $pdata$_ssSetOutputPortReusableFcn 0000000180071c74     SpeedgoatCANOpen2Buses1ms_sfun_registry.obj
 0004:00001c80       $pdata$_ssSetSymbolicDimsSupport 0000000180071c80     SpeedgoatCANOpen2Buses1ms_sfun_registry.obj
 0004:00001c8c       $pdata$_ssRegisterSymbolicDimsExpr 0000000180071c8c     SpeedgoatCANOpen2Buses1ms_sfun_registry.obj
 0004:00001c98       $pdata$_ssRegisterSymbolicDims 0000000180071c98     SpeedgoatCANOpen2Buses1ms_sfun_registry.obj
 0004:00001ca4       $pdata$_ssRegisterSymbolicDimsString 0000000180071ca4     SpeedgoatCANOpen2Buses1ms_sfun_registry.obj
 0004:00001cb0       $pdata$_ssRegisterSymbolicDimsIntValue 0000000180071cb0     SpeedgoatCANOpen2Buses1ms_sfun_registry.obj
 0004:00001cbc       $pdata$_ssRegisterSymbolicDimsPlus 0000000180071cbc     SpeedgoatCANOpen2Buses1ms_sfun_registry.obj
 0004:00001cc8       $pdata$_ssRegisterSymbolicDimsMinus 0000000180071cc8     SpeedgoatCANOpen2Buses1ms_sfun_registry.obj
 0004:00001cd4       $pdata$_ssRegisterSymbolicDimsMultiply 0000000180071cd4     SpeedgoatCANOpen2Buses1ms_sfun_registry.obj
 0004:00001ce0       $pdata$_ssRegisterSymbolicDimsDivide 0000000180071ce0     SpeedgoatCANOpen2Buses1ms_sfun_registry.obj
 0004:00001cec       $pdata$_ssGetNumSymbolicDims 0000000180071cec     SpeedgoatCANOpen2Buses1ms_sfun_registry.obj
 0004:00001cf8       $pdata$_ssGetSymbolicDim   0000000180071cf8     SpeedgoatCANOpen2Buses1ms_sfun_registry.obj
 0004:00001d04       $pdata$_ssSetInputPortSymbolicDimsId 0000000180071d04     SpeedgoatCANOpen2Buses1ms_sfun_registry.obj
 0004:00001d10       $pdata$_ssGetCompInputPortSymbolicDimsId 0000000180071d10     SpeedgoatCANOpen2Buses1ms_sfun_registry.obj
 0004:00001d1c       $pdata$_ssSetCompInputPortSymbolicDimsId 0000000180071d1c     SpeedgoatCANOpen2Buses1ms_sfun_registry.obj
 0004:00001d28       $pdata$_ssSetOutputPortSymbolicDimsId 0000000180071d28     SpeedgoatCANOpen2Buses1ms_sfun_registry.obj
 0004:00001d34       $pdata$_ssGetCompOutputPortSymbolicDimsId 0000000180071d34     SpeedgoatCANOpen2Buses1ms_sfun_registry.obj
 0004:00001d40       $pdata$_ssSetCompOutputPortSymbolicDimsId 0000000180071d40     SpeedgoatCANOpen2Buses1ms_sfun_registry.obj
 0004:00001d4c       $pdata$_ssSetCompDWorkSymbolicDimsId 0000000180071d4c     SpeedgoatCANOpen2Buses1ms_sfun_registry.obj
 0004:00001d58       $pdata$sf_process_check_sum_call 0000000180071d58     SpeedgoatCANOpen2Buses1ms_sfun_registry.obj
 0004:00001d64       $pdata$sf_process_testpoint_info_call 0000000180071d64     SpeedgoatCANOpen2Buses1ms_sfun_registry.obj
 0004:00001d70       $pdata$sf_process_autoinheritance_call 0000000180071d70     SpeedgoatCANOpen2Buses1ms_sfun_registry.obj
 0004:00001d7c       $pdata$sf_process_get_third_party_uses_info_call 0000000180071d7c     SpeedgoatCANOpen2Buses1ms_sfun_registry.obj
 0004:00001d88       $pdata$sf_process_get_jit_fallback_info_call 0000000180071d88     SpeedgoatCANOpen2Buses1ms_sfun_registry.obj
 0004:00001d94       $pdata$sf_process_get_updateBuildInfo_args_info_call 0000000180071d94     SpeedgoatCANOpen2Buses1ms_sfun_registry.obj
 0004:00001da0       $pdata$sf_process_get_eml_resolved_functions_info_call 0000000180071da0     SpeedgoatCANOpen2Buses1ms_sfun_registry.obj
 0004:00001dac       $pdata$sf_mex_unlock_call  0000000180071dac     SpeedgoatCANOpen2Buses1ms_sfun_registry.obj
 0004:00001db8       $pdata$sf_debug_api_wrapper 0000000180071db8     SpeedgoatCANOpen2Buses1ms_sfun_registry.obj
 0004:00001dc4       $pdata$ProcessMexSfunctionCmdLineCall 0000000180071dc4     SpeedgoatCANOpen2Buses1ms_sfun_registry.obj
 0004:00001dd0       $pdata$sf_machine_global_initializer_called 0000000180071dd0     SpeedgoatCANOpen2Buses1ms_sfun_registry.obj
 0004:00001ddc       $pdata$sf_machine_global_method_dispatcher 0000000180071ddc     SpeedgoatCANOpen2Buses1ms_sfun_registry.obj
 0004:00001de8       $pdata$sf_machine_global_terminator 0000000180071de8     SpeedgoatCANOpen2Buses1ms_sfun_registry.obj
 0004:00001df4       $pdata$sf_register_machine_exported_symbols 0000000180071df4     SpeedgoatCANOpen2Buses1ms_sfun_registry.obj
 0004:00001e00       $pdata$sf_machine_global_initializer 0000000180071e00     SpeedgoatCANOpen2Buses1ms_sfun_registry.obj
 0004:00001e0c       $pdata$mdlGetSimState      0000000180071e0c     SpeedgoatCANOpen2Buses1ms_sfun_registry.obj
 0004:00001e18       $pdata$mdlSetSimState      0000000180071e18     SpeedgoatCANOpen2Buses1ms_sfun_registry.obj
 0004:00001e24       $pdata$mdlSetWorkWidths    0000000180071e24     SpeedgoatCANOpen2Buses1ms_sfun_registry.obj
 0004:00001e30       $pdata$mdlProcessParameters 0000000180071e30     SpeedgoatCANOpen2Buses1ms_sfun_registry.obj
 0004:00001e3c       $pdata$mdl_start_processing 0000000180071e3c     SpeedgoatCANOpen2Buses1ms_sfun_registry.obj
 0004:00001e48       $pdata$mdl_terminate_processing 0000000180071e48     SpeedgoatCANOpen2Buses1ms_sfun_registry.obj
 0004:00001e54       $pdata$mdlStart            0000000180071e54     SpeedgoatCANOpen2Buses1ms_sfun_registry.obj
 0004:00001e60       $pdata$mdlTerminate        0000000180071e60     SpeedgoatCANOpen2Buses1ms_sfun_registry.obj
 0004:00001e6c       $pdata$mdlInitializeSizes  0000000180071e6c     SpeedgoatCANOpen2Buses1ms_sfun_registry.obj
 0004:00001e78       $pdata$mdlInitializeSampleTimes 0000000180071e78     SpeedgoatCANOpen2Buses1ms_sfun_registry.obj
 0004:00001e84       $pdata$mdl_outputs_continuous_legacy 0000000180071e84     SpeedgoatCANOpen2Buses1ms_sfun_registry.obj
 0004:00001e90       $pdata$mdl_outputs_processing 0000000180071e90     SpeedgoatCANOpen2Buses1ms_sfun_registry.obj
 0004:00001e9c       $pdata$mdl_zeroCrossings_processing 0000000180071e9c     SpeedgoatCANOpen2Buses1ms_sfun_registry.obj
 0004:00001ea8       $pdata$mdlZeroCrossings    0000000180071ea8     SpeedgoatCANOpen2Buses1ms_sfun_registry.obj
 0004:00001eb4       $pdata$mdl_derivatives_processing 0000000180071eb4     SpeedgoatCANOpen2Buses1ms_sfun_registry.obj
 0004:00001ec0       $pdata$mdlDerivatives      0000000180071ec0     SpeedgoatCANOpen2Buses1ms_sfun_registry.obj
 0004:00001ecc       $pdata$mdl_initialize_conditions_processing 0000000180071ecc     SpeedgoatCANOpen2Buses1ms_sfun_registry.obj
 0004:00001ed8       $pdata$mdlInitializeConditions 0000000180071ed8     SpeedgoatCANOpen2Buses1ms_sfun_registry.obj
 0004:00001ee4       $pdata$mdl_ext_mode_exec_processing 0000000180071ee4     SpeedgoatCANOpen2Buses1ms_sfun_registry.obj
 0004:00001ef0       $pdata$mdlExtModeExec      0000000180071ef0     SpeedgoatCANOpen2Buses1ms_sfun_registry.obj
 0004:00001efc       $pdata$mdlRTW              0000000180071efc     SpeedgoatCANOpen2Buses1ms_sfun_registry.obj
 0004:00001f08       $pdata$mdl_enable_processing 0000000180071f08     SpeedgoatCANOpen2Buses1ms_sfun_registry.obj
 0004:00001f14       $pdata$mdlEnable           0000000180071f14     SpeedgoatCANOpen2Buses1ms_sfun_registry.obj
 0004:00001f20       $pdata$mdl_disable_processing 0000000180071f20     SpeedgoatCANOpen2Buses1ms_sfun_registry.obj
 0004:00001f2c       $pdata$mdlDisable          0000000180071f2c     SpeedgoatCANOpen2Buses1ms_sfun_registry.obj
 0004:00001f38       $pdata$mdlOutputs          0000000180071f38     SpeedgoatCANOpen2Buses1ms_sfun_registry.obj
 0004:00001f44       $pdata$mdl_update_processing 0000000180071f44     SpeedgoatCANOpen2Buses1ms_sfun_registry.obj
 0004:00001f50       $pdata$mdlUpdate           0000000180071f50     SpeedgoatCANOpen2Buses1ms_sfun_registry.obj
 0004:00001f5c       $pdata$ProcessMexSfunctionEveryCall 0000000180071f5c     SpeedgoatCANOpen2Buses1ms_sfun_registry.obj
 0004:00001f68       $pdata$_RegNumInputPortsCB 0000000180071f68     SpeedgoatCANOpen2Buses1ms_sfun_registry.obj
 0004:00001f74       $pdata$_RegNumOutputPortsCB 0000000180071f74     SpeedgoatCANOpen2Buses1ms_sfun_registry.obj
 0004:00001f80       $pdata$_CreateSimStruct    0000000180071f80     SpeedgoatCANOpen2Buses1ms_sfun_registry.obj
 0004:00001f8c       $pdata$_ProcessMexSfunctionCmdLineCall 0000000180071f8c     SpeedgoatCANOpen2Buses1ms_sfun_registry.obj
 0004:00001f98       $pdata$ReportIndexOutOfBoundsError 0000000180071f98     SpeedgoatCANOpen2Buses1ms_sfun_registry.obj
 0004:00001fa4       $pdata$_vsnprintf_l        0000000180071fa4     SpeedgoatCANOpen2Buses1ms_sfun_registry.obj
 0004:00001fb0       $pdata$_vsprintf_l         0000000180071fb0     SpeedgoatCANOpen2Buses1ms_sfun_registry.obj
 0004:00001fbc       $pdata$sprintf             0000000180071fbc     SpeedgoatCANOpen2Buses1ms_sfun_registry.obj
 0004:00001fc8       $pdata$__raise_securityfailure 0000000180071fc8     MSVCRT:gs_report.obj
 0004:00001fd4       $pdata$__report_gsfailure  0000000180071fd4     MSVCRT:gs_report.obj
 0004:00001fe0       $pdata$__report_rangecheckfailure 0000000180071fe0     MSVCRT:gs_report.obj
 0004:00001fec       $pdata$__report_securityfailure 0000000180071fec     MSVCRT:gs_report.obj
 0004:00001ff8       $pdata$__report_securityfailureEx 0000000180071ff8     MSVCRT:gs_report.obj
 0004:00002004       $pdata$capture_current_context 0000000180072004     MSVCRT:gs_report.obj
 0004:00002010       $pdata$capture_previous_context 0000000180072010     MSVCRT:gs_report.obj
 0004:0000201c       $pdata$__GSHandlerCheck    000000018007201c     MSVCRT:gshandler.obj
 0004:00002028       $pdata$__GSHandlerCheckCommon 0000000180072028     MSVCRT:gshandler.obj
 0004:00002040       $pdata$?dllmain_crt_dispatch@@YAHQEAUHINSTANCE__@@KQEAX@Z 0000000180072040     MSVCRT:dll_dllmain.obj
 0004:0000204c       $pdata$?dllmain_crt_process_attach@@YAHQEAUHINSTANCE__@@QEAX@Z 000000018007204c     MSVCRT:dll_dllmain.obj
 0004:00002058       $pdata$?dllmain_crt_process_detach@@YAH_N@Z 0000000180072058     MSVCRT:dll_dllmain.obj
 0004:00002064       $pdata$?dllmain_dispatch@@YAHQEAUHINSTANCE__@@KQEAX@Z 0000000180072064     MSVCRT:dll_dllmain.obj
 0004:00002070       $pdata$_DllMainCRTStartup  0000000180072070     MSVCRT:dll_dllmain.obj
 0004:0000207c       $pdata$__get_entropy       000000018007207c     MSVCRT:gs_support.obj
 0004:00002088       $pdata$__security_init_cookie 0000000180072088     MSVCRT:gs_support.obj
 0004:00002094       $pdata$DllMain             0000000180072094     MSVCRT:dll_dllmain_stub.obj
 0004:000020a0       $pdata$__scrt_initialize_default_local_stdio_options 00000001800720a0     MSVCRT:default_local_stdio_options.obj
 0004:000020ac       $pdata$?configure_argv@__scrt_narrow_argv_policy@@SAHXZ 00000001800720ac     MSVCRT:utility.obj
 0004:000020b8       $pdata$__scrt_acquire_startup_lock 00000001800720b8     MSVCRT:utility.obj
 0004:000020c4       $pdata$__scrt_dllmain_after_initialize_c 00000001800720c4     MSVCRT:utility.obj
 0004:000020d0       $pdata$__scrt_dllmain_before_initialize_c 00000001800720d0     MSVCRT:utility.obj
 0004:000020dc       $pdata$__scrt_dllmain_crt_thread_attach 00000001800720dc     MSVCRT:utility.obj
 0004:000020e8       $pdata$__scrt_dllmain_crt_thread_detach 00000001800720e8     MSVCRT:utility.obj
 0004:000020f4       $pdata$__scrt_dllmain_exception_filter 00000001800720f4     MSVCRT:utility.obj
 0004:00002100       $pdata$__scrt_dllmain_uninitialize_c 0000000180072100     MSVCRT:utility.obj
 0004:0000210c       $pdata$__scrt_dllmain_uninitialize_critical 000000018007210c     MSVCRT:utility.obj
 0004:00002118       $pdata$__scrt_initialize_crt 0000000180072118     MSVCRT:utility.obj
 0004:00002124       $pdata$__scrt_initialize_onexit_tables 0000000180072124     MSVCRT:utility.obj
 0004:00002130       $pdata$__scrt_is_nonwritable_in_current_image 0000000180072130     MSVCRT:utility.obj
 0004:0000213c       $pdata$__scrt_release_startup_lock 000000018007213c     MSVCRT:utility.obj
 0004:00002148       $pdata$__scrt_uninitialize_crt 0000000180072148     MSVCRT:utility.obj
 0004:00002154       $pdata$_onexit             0000000180072154     MSVCRT:utility.obj
 0004:00002160       $pdata$atexit              0000000180072160     MSVCRT:utility.obj
 0004:0000216c       $pdata$__scrt_fastfail     000000018007216c     MSVCRT:utility_desktop.obj
 0004:00002178       $pdata$__scrt_get_show_window_mode 0000000180072178     MSVCRT:utility_desktop.obj
 0004:00002184       $pdata$__scrt_is_managed_app 0000000180072184     MSVCRT:utility_desktop.obj
 0004:00002190       $pdata$__scrt_unhandled_exception_filter 0000000180072190     MSVCRT:utility_desktop.obj
 0004:0000219c       $pdata$_RTC_Initialize     000000018007219c     MSVCRT:initsect.obj
 0004:000021a8       $pdata$_RTC_Terminate      00000001800721a8     MSVCRT:initsect.obj
 0004:000021b4       $pdata$__isa_available_init 00000001800721b4     MSVCRT:cpu_disp.obj
 0004:000021cc       $pdata$?fin$0@?0??dllmain_crt_process_attach@@YAHQEAUHINSTANCE__@@QEAX@Z@4HA 00000001800721cc     MSVCRT:dll_dllmain.obj
 0004:000021d8       $pdata$?fin$0@?0??dllmain_crt_process_detach@@YAH_N@Z@4HA 00000001800721d8     MSVCRT:dll_dllmain.obj
 0004:000021e4       $pdata$?filt$0@?0??dllmain_dispatch@@YAHQEAUHINSTANCE__@@KQEAX@Z@4HA 00000001800721e4     MSVCRT:dll_dllmain.obj
 0004:000021f0       $pdata$__scrt_is_nonwritable_in_current_image$filt$0 00000001800721f0     MSVCRT:utility.obj
