 SpeedgoatCANOpen2Buses1ms_sfun

 Timestamp is 62e4e72f (Sat Jul 30 11:09:19 2022)

 Preferred load address is 0000000180000000

 Start         Length     Name                   Class
 0001:00000000 00066080H .text$mn                CODE
 0001:00066080 00000012H .text$mn$00             CODE
 0001:00066092 00000081H .text$x                 CODE
 0002:00000000 00000520H .idata$5                DATA
 0002:00000520 00000010H .00cfg                  DATA
 0002:00000530 00000008H .CRT$XCA                DATA
 0002:00000538 00000008H .CRT$XCZ                DATA
 0002:00000540 00000008H .CRT$XIA                DATA
 0002:00000548 00000008H .CRT$XIZ                DATA
 0002:00000550 00000008H .CRT$XPA                DATA
 0002:00000558 00000008H .CRT$XPZ                DATA
 0002:00000560 00000008H .CRT$XTA                DATA
 0002:00000568 00000008H .CRT$XTZ                DATA
 0002:00000570 00000000H .gfids$y                DATA
 0002:00000570 000003a0H .rdata                  DATA
 0002:00000910 00000218H .rdata$zzzdbg           DATA
 0002:00000b28 00000008H .rtc$IAA                DATA
 0002:00000b30 00000008H .rtc$IZZ                DATA
 0002:00000b38 00000008H .rtc$TAA                DATA
 0002:00000b40 00000008H .rtc$TZZ                DATA
 0002:00000b48 00001b58H .xdata                  DATA
 0002:000026a0 00000088H .edata                  DATA
 0002:00002728 000000dcH .idata$2                DATA
 0002:00002804 00000014H .idata$3                DATA
 0002:00002818 00000520H .idata$4                DATA
 0002:00002d38 00000fb6H .idata$6                DATA
 0003:00000000 0000ca40H .data                   DATA
 0003:0000ca40 00000830H .bss                    DATA
 0004:00000000 00002484H .pdata                  DATA

  Address         Publics by Value              Rva+Base               Lib:Object

 0000:00000000       __guard_iat_count          0000000000000000     <absolute>
 0000:00000000       __guard_iat_table          0000000000000000     <absolute>
 0000:00000000       __volatile_metadata        0000000000000000     <absolute>
 0000:00000000       __dynamic_value_reloc_table 0000000000000000     <absolute>
 0000:00000000       __guard_fids_count         0000000000000000     <absolute>
 0000:00000000       ___safe_se_handler_count   0000000000000000     <absolute>
 0000:00000000       __hybrid_code_map          0000000000000000     <absolute>
 0000:00000000       __hybrid_code_map_count    0000000000000000     <absolute>
 0000:00000000       __guard_longjmp_count      0000000000000000     <absolute>
 0000:00000000       __guard_longjmp_table      0000000000000000     <absolute>
 0000:00000000       ___safe_se_handler_table   0000000000000000     <absolute>
 0000:00000000       __guard_fids_table         0000000000000000     <absolute>
 0000:00000000       __enclave_config           0000000000000000     <absolute>
 0000:00000000       __hybrid_auxiliary_iat     0000000000000000     <absolute>
 0000:00000100       __guard_flags              0000000000000100     <absolute>
 0000:00000000       __ImageBase                0000000180000000     <linker-defined>
 0001:00000000       SpeedgoatCANOpen2Buses1ms_initializer 0000000180001000 f   SpeedgoatCANOpen2Buses1ms_sfun.obj
 0001:00000010       SpeedgoatCANOpen2Buses1ms_terminator 0000000180001010 f   SpeedgoatCANOpen2Buses1ms_sfun.obj
 0001:00000020       load_SpeedgoatCANOpen2Buses1ms_optimization_info 0000000180001020 f   SpeedgoatCANOpen2Buses1ms_sfun.obj
 0001:000000d0       unload_SpeedgoatCANOpen2Buses1ms_optimization_info 00000001800010d0 f   SpeedgoatCANOpen2Buses1ms_sfun.obj
 0001:00000100       sf_SpeedgoatCANOpen2Buses1ms_method_dispatcher 0000000180001100 f   SpeedgoatCANOpen2Buses1ms_sfun.obj
 0001:000002b0       sf_SpeedgoatCANOpen2Buses1ms_process_testpoint_info_call 00000001800012b0 f   SpeedgoatCANOpen2Buses1ms_sfun.obj
 0001:00000640       sf_SpeedgoatCANOpen2Buses1ms_process_check_sum_call 0000000180001640 f   SpeedgoatCANOpen2Buses1ms_sfun.obj
 0001:00000c40       sf_SpeedgoatCANOpen2Buses1ms_autoinheritance_info 0000000180001c40 f   SpeedgoatCANOpen2Buses1ms_sfun.obj
 0001:00001220       sf_SpeedgoatCANOpen2Buses1ms_get_eml_resolved_functions_info 0000000180002220 f   SpeedgoatCANOpen2Buses1ms_sfun.obj
 0001:000017b0       sf_SpeedgoatCANOpen2Buses1ms_third_party_uses_info 00000001800027b0 f   SpeedgoatCANOpen2Buses1ms_sfun.obj
 0001:00001bf0       sf_SpeedgoatCANOpen2Buses1ms_jit_fallback_info 0000000180002bf0 f   SpeedgoatCANOpen2Buses1ms_sfun.obj
 0001:00002030       sf_SpeedgoatCANOpen2Buses1ms_updateBuildInfo_args_info 0000000180003030 f   SpeedgoatCANOpen2Buses1ms_sfun.obj
 0001:00002470       SpeedgoatCANOpen2Buses1ms_debug_initialize 0000000180003470 f   SpeedgoatCANOpen2Buses1ms_sfun.obj
 0001:000024f0       SpeedgoatCANOpen2Buses1ms_register_exported_symbols 00000001800034f0 f   SpeedgoatCANOpen2Buses1ms_sfun.obj
 0001:00002500       sf_c1_SpeedgoatCANOpen2Buses1ms_get_eml_resolved_functions_info 0000000180003500 f   c1_SpeedgoatCANOpen2Buses1ms.obj
 0001:00002580       sf_c1_SpeedgoatCANOpen2Buses1ms_get_check_sum 0000000180003580 f   c1_SpeedgoatCANOpen2Buses1ms.obj
 0001:00002650       c1_SpeedgoatCANOpen2Buses1ms_method_dispatcher 0000000180003650 f   c1_SpeedgoatCANOpen2Buses1ms.obj
 0001:00009ed0       sf_c1_SpeedgoatCANOpen2Buses1ms_get_post_codegen_info 000000018000aed0 f   c1_SpeedgoatCANOpen2Buses1ms.obj
 0001:00009fa0       sf_c1_SpeedgoatCANOpen2Buses1ms_get_autoinheritance_info 000000018000afa0 f   c1_SpeedgoatCANOpen2Buses1ms.obj
 0001:0000ad00       sf_c1_SpeedgoatCANOpen2Buses1ms_third_party_uses_info 000000018000bd00 f   c1_SpeedgoatCANOpen2Buses1ms.obj
 0001:0000ad30       sf_c1_SpeedgoatCANOpen2Buses1ms_jit_fallback_info 000000018000bd30 f   c1_SpeedgoatCANOpen2Buses1ms.obj
 0001:0000aec0       sf_c1_SpeedgoatCANOpen2Buses1ms_updateBuildInfo_args_info 000000018000bec0 f   c1_SpeedgoatCANOpen2Buses1ms.obj
 0001:0000b3e0       sf_c1_SpeedgoatCANOpen2Buses1ms_get_testpoint_info 000000018000c3e0 f   c1_SpeedgoatCANOpen2Buses1ms.obj
 0001:0000be20       sf_c2_SpeedgoatCANOpen2Buses1ms_get_eml_resolved_functions_info 000000018000ce20 f   c2_SpeedgoatCANOpen2Buses1ms.obj
 0001:0000bea0       sf_c2_SpeedgoatCANOpen2Buses1ms_get_check_sum 000000018000cea0 f   c2_SpeedgoatCANOpen2Buses1ms.obj
 0001:0000bf70       c2_SpeedgoatCANOpen2Buses1ms_method_dispatcher 000000018000cf70 f   c2_SpeedgoatCANOpen2Buses1ms.obj
 0001:000137f0       sf_c2_SpeedgoatCANOpen2Buses1ms_get_post_codegen_info 00000001800147f0 f   c2_SpeedgoatCANOpen2Buses1ms.obj
 0001:000138c0       sf_c2_SpeedgoatCANOpen2Buses1ms_get_autoinheritance_info 00000001800148c0 f   c2_SpeedgoatCANOpen2Buses1ms.obj
 0001:00014620       sf_c2_SpeedgoatCANOpen2Buses1ms_third_party_uses_info 0000000180015620 f   c2_SpeedgoatCANOpen2Buses1ms.obj
 0001:00014650       sf_c2_SpeedgoatCANOpen2Buses1ms_jit_fallback_info 0000000180015650 f   c2_SpeedgoatCANOpen2Buses1ms.obj
 0001:000147e0       sf_c2_SpeedgoatCANOpen2Buses1ms_updateBuildInfo_args_info 00000001800157e0 f   c2_SpeedgoatCANOpen2Buses1ms.obj
 0001:00014d00       sf_c2_SpeedgoatCANOpen2Buses1ms_get_testpoint_info 0000000180015d00 f   c2_SpeedgoatCANOpen2Buses1ms.obj
 0001:00015740       sf_c3_SpeedgoatCANOpen2Buses1ms_get_eml_resolved_functions_info 0000000180016740 f   c3_SpeedgoatCANOpen2Buses1ms.obj
 0001:000157c0       sf_c3_SpeedgoatCANOpen2Buses1ms_get_check_sum 00000001800167c0 f   c3_SpeedgoatCANOpen2Buses1ms.obj
 0001:00015890       c3_SpeedgoatCANOpen2Buses1ms_method_dispatcher 0000000180016890 f   c3_SpeedgoatCANOpen2Buses1ms.obj
 0001:0001ebb0       sf_c3_SpeedgoatCANOpen2Buses1ms_get_post_codegen_info 000000018001fbb0 f   c3_SpeedgoatCANOpen2Buses1ms.obj
 0001:0001ec80       sf_c3_SpeedgoatCANOpen2Buses1ms_get_autoinheritance_info 000000018001fc80 f   c3_SpeedgoatCANOpen2Buses1ms.obj
 0001:0001fb20       sf_c3_SpeedgoatCANOpen2Buses1ms_third_party_uses_info 0000000180020b20 f   c3_SpeedgoatCANOpen2Buses1ms.obj
 0001:0001fb50       sf_c3_SpeedgoatCANOpen2Buses1ms_jit_fallback_info 0000000180020b50 f   c3_SpeedgoatCANOpen2Buses1ms.obj
 0001:0001fce0       sf_c3_SpeedgoatCANOpen2Buses1ms_updateBuildInfo_args_info 0000000180020ce0 f   c3_SpeedgoatCANOpen2Buses1ms.obj
 0001:00020210       sf_c3_SpeedgoatCANOpen2Buses1ms_get_testpoint_info 0000000180021210 f   c3_SpeedgoatCANOpen2Buses1ms.obj
 0001:00020c50       sf_c4_SpeedgoatCANOpen2Buses1ms_get_eml_resolved_functions_info 0000000180021c50 f   c4_SpeedgoatCANOpen2Buses1ms.obj
 0001:00020cd0       sf_c4_SpeedgoatCANOpen2Buses1ms_get_check_sum 0000000180021cd0 f   c4_SpeedgoatCANOpen2Buses1ms.obj
 0001:00020da0       c4_SpeedgoatCANOpen2Buses1ms_method_dispatcher 0000000180021da0 f   c4_SpeedgoatCANOpen2Buses1ms.obj
 0001:00024340       sf_c4_SpeedgoatCANOpen2Buses1ms_get_post_codegen_info 0000000180025340 f   c4_SpeedgoatCANOpen2Buses1ms.obj
 0001:00024410       sf_c4_SpeedgoatCANOpen2Buses1ms_get_autoinheritance_info 0000000180025410 f   c4_SpeedgoatCANOpen2Buses1ms.obj
 0001:00024870       sf_c4_SpeedgoatCANOpen2Buses1ms_third_party_uses_info 0000000180025870 f   c4_SpeedgoatCANOpen2Buses1ms.obj
 0001:000248a0       sf_c4_SpeedgoatCANOpen2Buses1ms_jit_fallback_info 00000001800258a0 f   c4_SpeedgoatCANOpen2Buses1ms.obj
 0001:00024a30       sf_c4_SpeedgoatCANOpen2Buses1ms_updateBuildInfo_args_info 0000000180025a30 f   c4_SpeedgoatCANOpen2Buses1ms.obj
 0001:00024f50       sf_c4_SpeedgoatCANOpen2Buses1ms_get_testpoint_info 0000000180025f50 f   c4_SpeedgoatCANOpen2Buses1ms.obj
 0001:00025940       sf_c5_SpeedgoatCANOpen2Buses1ms_get_eml_resolved_functions_info 0000000180026940 f   c5_SpeedgoatCANOpen2Buses1ms.obj
 0001:000259c0       sf_c5_SpeedgoatCANOpen2Buses1ms_get_check_sum 00000001800269c0 f   c5_SpeedgoatCANOpen2Buses1ms.obj
 0001:00025a90       c5_SpeedgoatCANOpen2Buses1ms_method_dispatcher 0000000180026a90 f   c5_SpeedgoatCANOpen2Buses1ms.obj
 0001:000294b0       sf_c5_SpeedgoatCANOpen2Buses1ms_get_post_codegen_info 000000018002a4b0 f   c5_SpeedgoatCANOpen2Buses1ms.obj
 0001:00029580       sf_c5_SpeedgoatCANOpen2Buses1ms_get_autoinheritance_info 000000018002a580 f   c5_SpeedgoatCANOpen2Buses1ms.obj
 0001:00029b10       sf_c5_SpeedgoatCANOpen2Buses1ms_third_party_uses_info 000000018002ab10 f   c5_SpeedgoatCANOpen2Buses1ms.obj
 0001:00029b40       sf_c5_SpeedgoatCANOpen2Buses1ms_jit_fallback_info 000000018002ab40 f   c5_SpeedgoatCANOpen2Buses1ms.obj
 0001:00029cd0       sf_c5_SpeedgoatCANOpen2Buses1ms_updateBuildInfo_args_info 000000018002acd0 f   c5_SpeedgoatCANOpen2Buses1ms.obj
 0001:0002a1f0       sf_c5_SpeedgoatCANOpen2Buses1ms_get_testpoint_info 000000018002b1f0 f   c5_SpeedgoatCANOpen2Buses1ms.obj
 0001:0002ac30       sf_c10_SpeedgoatCANOpen2Buses1ms_get_eml_resolved_functions_info 000000018002bc30 f   c10_SpeedgoatCANOpen2Buses1ms.obj
 0001:0002acb0       sf_c10_SpeedgoatCANOpen2Buses1ms_get_check_sum 000000018002bcb0 f   c10_SpeedgoatCANOpen2Buses1ms.obj
 0001:0002ad80       c10_SpeedgoatCANOpen2Buses1ms_method_dispatcher 000000018002bd80 f   c10_SpeedgoatCANOpen2Buses1ms.obj
 0001:000313f0       sf_c10_SpeedgoatCANOpen2Buses1ms_get_post_codegen_info 00000001800323f0 f   c10_SpeedgoatCANOpen2Buses1ms.obj
 0001:000314c0       sf_c10_SpeedgoatCANOpen2Buses1ms_get_autoinheritance_info 00000001800324c0 f   c10_SpeedgoatCANOpen2Buses1ms.obj
 0001:00031b90       sf_c10_SpeedgoatCANOpen2Buses1ms_third_party_uses_info 0000000180032b90 f   c10_SpeedgoatCANOpen2Buses1ms.obj
 0001:00031bc0       sf_c10_SpeedgoatCANOpen2Buses1ms_jit_fallback_info 0000000180032bc0 f   c10_SpeedgoatCANOpen2Buses1ms.obj
 0001:00031d50       sf_c10_SpeedgoatCANOpen2Buses1ms_updateBuildInfo_args_info 0000000180032d50 f   c10_SpeedgoatCANOpen2Buses1ms.obj
 0001:00032270       sf_c10_SpeedgoatCANOpen2Buses1ms_get_testpoint_info 0000000180033270 f   c10_SpeedgoatCANOpen2Buses1ms.obj
 0001:00032c30       sf_c12_SpeedgoatCANOpen2Buses1ms_get_eml_resolved_functions_info 0000000180033c30 f   c12_SpeedgoatCANOpen2Buses1ms.obj
 0001:00032cb0       sf_c12_SpeedgoatCANOpen2Buses1ms_get_check_sum 0000000180033cb0 f   c12_SpeedgoatCANOpen2Buses1ms.obj
 0001:00032d80       c12_SpeedgoatCANOpen2Buses1ms_method_dispatcher 0000000180033d80 f   c12_SpeedgoatCANOpen2Buses1ms.obj
 0001:0003a600       sf_c12_SpeedgoatCANOpen2Buses1ms_get_post_codegen_info 000000018003b600 f   c12_SpeedgoatCANOpen2Buses1ms.obj
 0001:0003a6d0       sf_c12_SpeedgoatCANOpen2Buses1ms_get_autoinheritance_info 000000018003b6d0 f   c12_SpeedgoatCANOpen2Buses1ms.obj
 0001:0003b430       sf_c12_SpeedgoatCANOpen2Buses1ms_third_party_uses_info 000000018003c430 f   c12_SpeedgoatCANOpen2Buses1ms.obj
 0001:0003b460       sf_c12_SpeedgoatCANOpen2Buses1ms_jit_fallback_info 000000018003c460 f   c12_SpeedgoatCANOpen2Buses1ms.obj
 0001:0003b5f0       sf_c12_SpeedgoatCANOpen2Buses1ms_updateBuildInfo_args_info 000000018003c5f0 f   c12_SpeedgoatCANOpen2Buses1ms.obj
 0001:0003bb10       sf_c12_SpeedgoatCANOpen2Buses1ms_get_testpoint_info 000000018003cb10 f   c12_SpeedgoatCANOpen2Buses1ms.obj
 0001:0003c550       sf_c13_SpeedgoatCANOpen2Buses1ms_get_eml_resolved_functions_info 000000018003d550 f   c13_SpeedgoatCANOpen2Buses1ms.obj
 0001:0003c5d0       sf_c13_SpeedgoatCANOpen2Buses1ms_get_check_sum 000000018003d5d0 f   c13_SpeedgoatCANOpen2Buses1ms.obj
 0001:0003c6a0       c13_SpeedgoatCANOpen2Buses1ms_method_dispatcher 000000018003d6a0 f   c13_SpeedgoatCANOpen2Buses1ms.obj
 0001:000414a0       sf_c13_SpeedgoatCANOpen2Buses1ms_get_post_codegen_info 00000001800424a0 f   c13_SpeedgoatCANOpen2Buses1ms.obj
 0001:00041570       sf_c13_SpeedgoatCANOpen2Buses1ms_get_autoinheritance_info 0000000180042570 f   c13_SpeedgoatCANOpen2Buses1ms.obj
 0001:000422d0       sf_c13_SpeedgoatCANOpen2Buses1ms_third_party_uses_info 00000001800432d0 f   c13_SpeedgoatCANOpen2Buses1ms.obj
 0001:00042300       sf_c13_SpeedgoatCANOpen2Buses1ms_jit_fallback_info 0000000180043300 f   c13_SpeedgoatCANOpen2Buses1ms.obj
 0001:00042490       sf_c13_SpeedgoatCANOpen2Buses1ms_updateBuildInfo_args_info 0000000180043490 f   c13_SpeedgoatCANOpen2Buses1ms.obj
 0001:000429b0       sf_c13_SpeedgoatCANOpen2Buses1ms_get_testpoint_info 00000001800439b0 f   c13_SpeedgoatCANOpen2Buses1ms.obj
 0001:000434f0       sf_c14_SpeedgoatCANOpen2Buses1ms_get_eml_resolved_functions_info 00000001800444f0 f   c14_SpeedgoatCANOpen2Buses1ms.obj
 0001:00043570       sf_c14_SpeedgoatCANOpen2Buses1ms_get_check_sum 0000000180044570 f   c14_SpeedgoatCANOpen2Buses1ms.obj
 0001:00043640       c14_SpeedgoatCANOpen2Buses1ms_method_dispatcher 0000000180044640 f   c14_SpeedgoatCANOpen2Buses1ms.obj
 0001:00049cb0       sf_c14_SpeedgoatCANOpen2Buses1ms_get_post_codegen_info 000000018004acb0 f   c14_SpeedgoatCANOpen2Buses1ms.obj
 0001:00049d80       sf_c14_SpeedgoatCANOpen2Buses1ms_get_autoinheritance_info 000000018004ad80 f   c14_SpeedgoatCANOpen2Buses1ms.obj
 0001:0004a450       sf_c14_SpeedgoatCANOpen2Buses1ms_third_party_uses_info 000000018004b450 f   c14_SpeedgoatCANOpen2Buses1ms.obj
 0001:0004a480       sf_c14_SpeedgoatCANOpen2Buses1ms_jit_fallback_info 000000018004b480 f   c14_SpeedgoatCANOpen2Buses1ms.obj
 0001:0004a610       sf_c14_SpeedgoatCANOpen2Buses1ms_updateBuildInfo_args_info 000000018004b610 f   c14_SpeedgoatCANOpen2Buses1ms.obj
 0001:0004ab30       sf_c14_SpeedgoatCANOpen2Buses1ms_get_testpoint_info 000000018004bb30 f   c14_SpeedgoatCANOpen2Buses1ms.obj
 0001:0004b4f0       sf_c18_SpeedgoatCANOpen2Buses1ms_get_eml_resolved_functions_info 000000018004c4f0 f   c18_SpeedgoatCANOpen2Buses1ms.obj
 0001:0004b570       sf_c18_SpeedgoatCANOpen2Buses1ms_get_check_sum 000000018004c570 f   c18_SpeedgoatCANOpen2Buses1ms.obj
 0001:0004b640       c18_SpeedgoatCANOpen2Buses1ms_method_dispatcher 000000018004c640 f   c18_SpeedgoatCANOpen2Buses1ms.obj
 0001:00051cb0       sf_c18_SpeedgoatCANOpen2Buses1ms_get_post_codegen_info 0000000180052cb0 f   c18_SpeedgoatCANOpen2Buses1ms.obj
 0001:00051d80       sf_c18_SpeedgoatCANOpen2Buses1ms_get_autoinheritance_info 0000000180052d80 f   c18_SpeedgoatCANOpen2Buses1ms.obj
 0001:00052450       sf_c18_SpeedgoatCANOpen2Buses1ms_third_party_uses_info 0000000180053450 f   c18_SpeedgoatCANOpen2Buses1ms.obj
 0001:00052480       sf_c18_SpeedgoatCANOpen2Buses1ms_jit_fallback_info 0000000180053480 f   c18_SpeedgoatCANOpen2Buses1ms.obj
 0001:00052610       sf_c18_SpeedgoatCANOpen2Buses1ms_updateBuildInfo_args_info 0000000180053610 f   c18_SpeedgoatCANOpen2Buses1ms.obj
 0001:00052b30       sf_c18_SpeedgoatCANOpen2Buses1ms_get_testpoint_info 0000000180053b30 f   c18_SpeedgoatCANOpen2Buses1ms.obj
 0001:000534f0       sf_c20_SpeedgoatCANOpen2Buses1ms_get_eml_resolved_functions_info 00000001800544f0 f   c20_SpeedgoatCANOpen2Buses1ms.obj
 0001:00053570       sf_c20_SpeedgoatCANOpen2Buses1ms_get_check_sum 0000000180054570 f   c20_SpeedgoatCANOpen2Buses1ms.obj
 0001:00053640       c20_SpeedgoatCANOpen2Buses1ms_method_dispatcher 0000000180054640 f   c20_SpeedgoatCANOpen2Buses1ms.obj
 0001:00059cb0       sf_c20_SpeedgoatCANOpen2Buses1ms_get_post_codegen_info 000000018005acb0 f   c20_SpeedgoatCANOpen2Buses1ms.obj
 0001:00059d80       sf_c20_SpeedgoatCANOpen2Buses1ms_get_autoinheritance_info 000000018005ad80 f   c20_SpeedgoatCANOpen2Buses1ms.obj
 0001:0005a450       sf_c20_SpeedgoatCANOpen2Buses1ms_third_party_uses_info 000000018005b450 f   c20_SpeedgoatCANOpen2Buses1ms.obj
 0001:0005a480       sf_c20_SpeedgoatCANOpen2Buses1ms_jit_fallback_info 000000018005b480 f   c20_SpeedgoatCANOpen2Buses1ms.obj
 0001:0005a610       sf_c20_SpeedgoatCANOpen2Buses1ms_updateBuildInfo_args_info 000000018005b610 f   c20_SpeedgoatCANOpen2Buses1ms.obj
 0001:0005ab30       sf_c20_SpeedgoatCANOpen2Buses1ms_get_testpoint_info 000000018005bb30 f   c20_SpeedgoatCANOpen2Buses1ms.obj
 0001:0005b4f0       mexFunction                000000018005c4f0 f   SpeedgoatCANOpen2Buses1ms_sfun_registry.obj
 0001:0005dab0       _ssSetInputPortDirectFeedThroughFcn 000000018005eab0 f   SpeedgoatCANOpen2Buses1ms_sfun_registry.obj
 0001:0005dc20       _ssSetRWorkValueFcn        000000018005ec20 f   SpeedgoatCANOpen2Buses1ms_sfun_registry.obj
 0001:0005dca0       _ssGetRWorkValueFcn        000000018005eca0 f   SpeedgoatCANOpen2Buses1ms_sfun_registry.obj
 0001:0005dd10       _ssSetIWorkValueFcn        000000018005ed10 f   SpeedgoatCANOpen2Buses1ms_sfun_registry.obj
 0001:0005dd90       _ssGetIWorkValueFcn        000000018005ed90 f   SpeedgoatCANOpen2Buses1ms_sfun_registry.obj
 0001:0005de00       _ssSetPWorkValueFcn        000000018005ee00 f   SpeedgoatCANOpen2Buses1ms_sfun_registry.obj
 0001:0005de80       _ssGetPWorkValueFcn        000000018005ee80 f   SpeedgoatCANOpen2Buses1ms_sfun_registry.obj
 0001:0005def0       _ssGetInputPortSignalFcn   000000018005eef0 f   SpeedgoatCANOpen2Buses1ms_sfun_registry.obj
 0001:0005e280       _ssGetInputPortBufferDstPortFcn 000000018005f280 f   SpeedgoatCANOpen2Buses1ms_sfun_registry.obj
 0001:0005e300       _ssGetInputPortSignalPtrsFcn 000000018005f300 f   SpeedgoatCANOpen2Buses1ms_sfun_registry.obj
 0001:0005e690       ssGetParameterTuningCompliance 000000018005f690 f   SpeedgoatCANOpen2Buses1ms_sfun_registry.obj
 0001:0005e700       ssGetDTypeIdFromMxArray    000000018005f700 f   SpeedgoatCANOpen2Buses1ms_sfun_registry.obj
 0001:0005e820       ssWriteRTWMx2dMatParam     000000018005f820 f   SpeedgoatCANOpen2Buses1ms_sfun_registry.obj
 0001:0005e8b0       ssWriteRTWMxVectParam      000000018005f8b0 f   SpeedgoatCANOpen2Buses1ms_sfun_registry.obj
 0001:0005e930       ssWriteRTWParameters       000000018005f930 f   SpeedgoatCANOpen2Buses1ms_sfun_registry.obj
 0001:0005eef0       ssWriteRTWParamSettings    000000018005fef0 f   SpeedgoatCANOpen2Buses1ms_sfun_registry.obj
 0001:0005f5e0       ssWriteRTWStr              00000001800605e0 f   SpeedgoatCANOpen2Buses1ms_sfun_registry.obj
 0001:0005f640       ssWriteRTWWorkVect         0000000180060640 f   SpeedgoatCANOpen2Buses1ms_sfun_registry.obj
 0001:0005fba0       ssWarning                  0000000180060ba0 f   SpeedgoatCANOpen2Buses1ms_sfun_registry.obj
 0001:0005fc90       ssWriteRTWNameValuePair    0000000180060c90 f   SpeedgoatCANOpen2Buses1ms_sfun_registry.obj
 0001:00060190       _ssSetInputPortMatrixDimensions 0000000180061190 f   SpeedgoatCANOpen2Buses1ms_sfun_registry.obj
 0001:000602b0       _ssSetOutputPortMatrixDimensions 00000001800612b0 f   SpeedgoatCANOpen2Buses1ms_sfun_registry.obj
 0001:000603d0       _ssSetInputPortVectorDimension 00000001800613d0 f   SpeedgoatCANOpen2Buses1ms_sfun_registry.obj
 0001:00060480       _ssSetOutputPortVectorDimension 0000000180061480 f   SpeedgoatCANOpen2Buses1ms_sfun_registry.obj
 0001:00060530       ssIsRunTimeParamTunable    0000000180061530 f   SpeedgoatCANOpen2Buses1ms_sfun_registry.obj
 0001:000605a0       ssGetSFuncBlockHandle      00000001800615a0 f   SpeedgoatCANOpen2Buses1ms_sfun_registry.obj
 0001:00060610       _ssGetCurrentInputPortWidth 0000000180061610 f   SpeedgoatCANOpen2Buses1ms_sfun_registry.obj
 0001:00060730       _ssGetCurrentOutputPortWidth 0000000180061730 f   SpeedgoatCANOpen2Buses1ms_sfun_registry.obj
 0001:00060850       _ssGetCallSystemNumFcnCallDestinations 0000000180061850 f   SpeedgoatCANOpen2Buses1ms_sfun_registry.obj
 0001:000608c0       ssGetIsZeroCrossControlDisabled 00000001800618c0 f   SpeedgoatCANOpen2Buses1ms_sfun_registry.obj
 0001:00060930       ssSetIsInputPortUsedForContZcSignal 0000000180061930 f   SpeedgoatCANOpen2Buses1ms_sfun_registry.obj
 0001:000609a0       ssSetZcSignalIsZcElementDisc 00000001800619a0 f   SpeedgoatCANOpen2Buses1ms_sfun_registry.obj
 0001:00060a50       ssSetZcSignalName          0000000180061a50 f   SpeedgoatCANOpen2Buses1ms_sfun_registry.obj
 0001:00060ac0       ssSetZcSignalWidth         0000000180061ac0 f   SpeedgoatCANOpen2Buses1ms_sfun_registry.obj
 0001:00060b30       ssSetZcSignalZcEventType   0000000180061b30 f   SpeedgoatCANOpen2Buses1ms_sfun_registry.obj
 0001:00060ba0       ssSetZcSignalType          0000000180061ba0 f   SpeedgoatCANOpen2Buses1ms_sfun_registry.obj
 0001:00060c10       ssSetZcSignalZcTol         0000000180061c10 f   SpeedgoatCANOpen2Buses1ms_sfun_registry.obj
 0001:00060c80       ssSetZcSignalNeedsEventNotification 0000000180061c80 f   SpeedgoatCANOpen2Buses1ms_sfun_registry.obj
 0001:00060cf0       ssCreateAndAddZcSignalInfo 0000000180061cf0 f   SpeedgoatCANOpen2Buses1ms_sfun_registry.obj
 0001:00060d60       ssCloneAndAddZcSignalInfo  0000000180061d60 f   SpeedgoatCANOpen2Buses1ms_sfun_registry.obj
 0001:00060dd0       ssGetNumZcSignals          0000000180061dd0 f   SpeedgoatCANOpen2Buses1ms_sfun_registry.obj
 0001:00060e40       ssGetZcSignalVector        0000000180061e40 f   SpeedgoatCANOpen2Buses1ms_sfun_registry.obj
 0001:00060eb0       ssGetZcSignalName          0000000180061eb0 f   SpeedgoatCANOpen2Buses1ms_sfun_registry.obj
 0001:00060f20       ssGetZcSignalWidth         0000000180061f20 f   SpeedgoatCANOpen2Buses1ms_sfun_registry.obj
 0001:00060f90       ssGetZcSignalZcEventType   0000000180061f90 f   SpeedgoatCANOpen2Buses1ms_sfun_registry.obj
 0001:00061000       ssGetZcSignalZcEvents      0000000180062000 f   SpeedgoatCANOpen2Buses1ms_sfun_registry.obj
 0001:00061070       ssGetZcSignalType          0000000180062070 f   SpeedgoatCANOpen2Buses1ms_sfun_registry.obj
 0001:000610e0       ssGetZcSignalZcTol         00000001800620e0 f   SpeedgoatCANOpen2Buses1ms_sfun_registry.obj
 0001:00061160       ssGetZcSignalNeedsEventNotification 0000000180062160 f   SpeedgoatCANOpen2Buses1ms_sfun_registry.obj
 0001:000611d0       ssGetZcSignalIsZcElementDisc 00000001800621d0 f   SpeedgoatCANOpen2Buses1ms_sfun_registry.obj
 0001:00061270       ssGetIsInputPortElementContinuous 0000000180062270 f   SpeedgoatCANOpen2Buses1ms_sfun_registry.obj
 0001:00061310       _ssGetAbsTol               0000000180062310 f   SpeedgoatCANOpen2Buses1ms_sfun_registry.obj
 0001:00061380       _ssSetStateAbsTol          0000000180062380 f   SpeedgoatCANOpen2Buses1ms_sfun_registry.obj
 0001:00061460       _ssSetInputPortReusableFcn 0000000180062460 f   SpeedgoatCANOpen2Buses1ms_sfun_registry.obj
 0001:00061560       _ssSetOutputPortReusableFcn 0000000180062560 f   SpeedgoatCANOpen2Buses1ms_sfun_registry.obj
 0001:00061660       _ssSetSymbolicDimsSupport  0000000180062660 f   SpeedgoatCANOpen2Buses1ms_sfun_registry.obj
 0001:000616d0       _ssRegisterSymbolicDimsExpr 00000001800626d0 f   SpeedgoatCANOpen2Buses1ms_sfun_registry.obj
 0001:00061750       _ssRegisterSymbolicDims    0000000180062750 f   SpeedgoatCANOpen2Buses1ms_sfun_registry.obj
 0001:000617f0       _ssRegisterSymbolicDimsString 00000001800627f0 f   SpeedgoatCANOpen2Buses1ms_sfun_registry.obj
 0001:00061870       _ssRegisterSymbolicDimsIntValue 0000000180062870 f   SpeedgoatCANOpen2Buses1ms_sfun_registry.obj
 0001:000618e0       _ssRegisterSymbolicDimsPlus 00000001800628e0 f   SpeedgoatCANOpen2Buses1ms_sfun_registry.obj
 0001:00061960       _ssRegisterSymbolicDimsMinus 0000000180062960 f   SpeedgoatCANOpen2Buses1ms_sfun_registry.obj
 0001:000619e0       _ssRegisterSymbolicDimsMultiply 00000001800629e0 f   SpeedgoatCANOpen2Buses1ms_sfun_registry.obj
 0001:00061a60       _ssRegisterSymbolicDimsDivide 0000000180062a60 f   SpeedgoatCANOpen2Buses1ms_sfun_registry.obj
 0001:00061ae0       _ssGetNumSymbolicDims      0000000180062ae0 f   SpeedgoatCANOpen2Buses1ms_sfun_registry.obj
 0001:00061b50       _ssGetSymbolicDim          0000000180062b50 f   SpeedgoatCANOpen2Buses1ms_sfun_registry.obj
 0001:00061bd0       _ssSetInputPortSymbolicDimsId 0000000180062bd0 f   SpeedgoatCANOpen2Buses1ms_sfun_registry.obj
 0001:00061c40       _ssGetCompInputPortSymbolicDimsId 0000000180062c40 f   SpeedgoatCANOpen2Buses1ms_sfun_registry.obj
 0001:00061cb0       _ssSetCompInputPortSymbolicDimsId 0000000180062cb0 f   SpeedgoatCANOpen2Buses1ms_sfun_registry.obj
 0001:00061d20       _ssSetOutputPortSymbolicDimsId 0000000180062d20 f   SpeedgoatCANOpen2Buses1ms_sfun_registry.obj
 0001:00061d90       _ssGetCompOutputPortSymbolicDimsId 0000000180062d90 f   SpeedgoatCANOpen2Buses1ms_sfun_registry.obj
 0001:00061e00       _ssSetCompOutputPortSymbolicDimsId 0000000180062e00 f   SpeedgoatCANOpen2Buses1ms_sfun_registry.obj
 0001:00061e70       _ssSetCompDWorkSymbolicDimsId 0000000180062e70 f   SpeedgoatCANOpen2Buses1ms_sfun_registry.obj
 0001:00061ee0       sf_process_check_sum_call  0000000180062ee0 f   SpeedgoatCANOpen2Buses1ms_sfun_registry.obj
 0001:00061f30       sf_process_testpoint_info_call 0000000180062f30 f   SpeedgoatCANOpen2Buses1ms_sfun_registry.obj
 0001:00061f80       sf_process_autoinheritance_call 0000000180062f80 f   SpeedgoatCANOpen2Buses1ms_sfun_registry.obj
 0001:000621b0       sf_process_get_third_party_uses_info_call 00000001800631b0 f   SpeedgoatCANOpen2Buses1ms_sfun_registry.obj
 0001:000623e0       sf_process_get_jit_fallback_info_call 00000001800633e0 f   SpeedgoatCANOpen2Buses1ms_sfun_registry.obj
 0001:00062610       sf_process_get_updateBuildInfo_args_info_call 0000000180063610 f   SpeedgoatCANOpen2Buses1ms_sfun_registry.obj
 0001:00062840       sf_process_get_eml_resolved_functions_info_call 0000000180063840 f   SpeedgoatCANOpen2Buses1ms_sfun_registry.obj
 0001:00062a70       sf_mex_unlock_call         0000000180063a70 f   SpeedgoatCANOpen2Buses1ms_sfun_registry.obj
 0001:00062d30       sf_machine_global_initializer_called 0000000180063d30 f   SpeedgoatCANOpen2Buses1ms_sfun_registry.obj
 0001:00062d60       sf_machine_global_method_dispatcher 0000000180063d60 f   SpeedgoatCANOpen2Buses1ms_sfun_registry.obj
 0001:00062dc0       sf_machine_global_terminator 0000000180063dc0 f   SpeedgoatCANOpen2Buses1ms_sfun_registry.obj
 0001:00062e20       sf_register_machine_exported_symbols 0000000180063e20 f   SpeedgoatCANOpen2Buses1ms_sfun_registry.obj
 0001:00062e40       callCustomFcn              0000000180063e40 f   SpeedgoatCANOpen2Buses1ms_sfun_registry.obj
 0001:00062e50       sf_machine_global_initializer 0000000180063e50 f   SpeedgoatCANOpen2Buses1ms_sfun_registry.obj
 0001:00062ed0       mdlGetSimState             0000000180063ed0 f   SpeedgoatCANOpen2Buses1ms_sfun_registry.obj
 0001:00062f10       mdlSetSimState             0000000180063f10 f   SpeedgoatCANOpen2Buses1ms_sfun_registry.obj
 0001:00063780       ProcessMexSfunctionEveryCall 0000000180064780 f   SpeedgoatCANOpen2Buses1ms_sfun_registry.obj
 0001:00064890       __local_stdio_printf_options 0000000180065890 f i SpeedgoatCANOpen2Buses1ms_sfun_registry.obj
 0001:000648a0       _vsnprintf_l               00000001800658a0 f i SpeedgoatCANOpen2Buses1ms_sfun_registry.obj
 0001:00064920       _vsprintf_l                0000000180065920 f i SpeedgoatCANOpen2Buses1ms_sfun_registry.obj
 0001:00064970       sprintf                    0000000180065970 f i SpeedgoatCANOpen2Buses1ms_sfun_registry.obj
 0001:000649c0       mexfilerequiredapiversion  00000001800659c0 f   c_mexapi_version.obj
 0001:000649e1       sf_load_rtw_optimization_info 00000001800659e1 f   sf_runtime:sf_runtime.dll
 0001:000649e7       sf_debug_initialize_machine 00000001800659e7 f   sf_runtime:sf_runtime.dll
 0001:000649ed       sf_debug_set_machine_event_thresholds 00000001800659ed f   sf_runtime:sf_runtime.dll
 0001:000649f3       sf_debug_set_machine_data_thresholds 00000001800659f3 f   sf_runtime:sf_runtime.dll
 0001:000649f9       sf_init_ChartRunTimeInfo   00000001800659f9 f   sf_runtime:sf_runtime.dll
 0001:000649ff       sf_free_ChartRunTimeInfo   00000001800659ff f   sf_runtime:sf_runtime.dll
 0001:00064a05       sfrtGetEmlrtCtx            0000000180065a05 f   sf_runtime:sf_runtime.dll
 0001:00064a0b       sf_get_chart_instance_ptr  0000000180065a0b f   sf_runtime:sf_runtime.dll
 0001:00064a11       sf_rtw_info_uint_prop      0000000180065a11 f   sf_runtime:sf_runtime.dll
 0001:00064a17       sf_update_buildInfo        0000000180065a17 f   sf_runtime:sf_runtime.dll
 0001:00064a1d       sf_is_chart_inlinable      0000000180065a1d f   sf_runtime:sf_runtime.dll
 0001:00064a23       sf_mark_chart_reusable_outputs 0000000180065a23 f   sf_runtime:sf_runtime.dll
 0001:00064a29       sf_mark_chart_expressionable_inputs 0000000180065a29 f   sf_runtime:sf_runtime.dll
 0001:00064a2f       sim_mode_is_rtw_gen        0000000180065a2f f   sf_runtime:sf_runtime.dll
 0001:00064a35       sim_mode_is_external       0000000180065a35 f   sf_runtime:sf_runtime.dll
 0001:00064a3b       sim_mode_is_modelref_sim   0000000180065a3b f   sf_runtime:sf_runtime.dll
 0001:00064a41       sf_clear_rtw_identifier    0000000180065a41 f   sf_runtime:sf_runtime.dll
 0001:00064a47       sf_set_rtw_dwork_info      0000000180065a47 f   sf_runtime:sf_runtime.dll
 0001:00064a4d       sf_get_dwork_info_from_mat_file 0000000180065a4d f   sf_runtime:sf_runtime.dll
 0001:00064a53       sf_set_encoded_dwork_info  0000000180065a53 f   sf_runtime:sf_runtime.dll
 0001:00064a59       sf_get_time                0000000180065a59 f   sf_runtime:sf_runtime.dll
 0001:00064a5f       sf_is_first_init_cond      0000000180065a5f f   sf_runtime:sf_runtime.dll
 0001:00064a65       setLegacyDebuggerFlagForRuntime 0000000180065a65 f   sf_runtime:sf_runtime.dll
 0001:00064a6b       sf_set_chart_accesses_machine_info 0000000180065a6b f   sf_runtime:sf_runtime.dll
 0001:00064a71       sf_register_codegen_names_for_scoped_functions_defined_by_chart 0000000180065a71 f   sf_runtime:sf_runtime.dll
 0001:00064a77       ssSetBlockIsPurelyCombinatorial_wrapper 0000000180065a77 f   sf_runtime:sf_runtime.dll
 0001:00064a7d       sf_mex_error_message       0000000180065a7d f   sf_runtime:sf_runtime.dll
 0001:00064a83       sf_mex_create              0000000180065a83 f   sf_runtime:sf_runtime.dll
 0001:00064a89       sf_mex_createcellmatrix    0000000180065a89 f   sf_runtime:sf_runtime.dll
 0001:00064a8f       sf_mex_setcell             0000000180065a8f f   sf_runtime:sf_runtime.dll
 0001:00064a95       sf_mex_getcell             0000000180065a95 f   sf_runtime:sf_runtime.dll
 0001:00064a9b       sf_mex_assign              0000000180065a9b f   sf_runtime:sf_runtime.dll
 0001:00064aa1       sf_mex_dup                 0000000180065aa1 f   sf_runtime:sf_runtime.dll
 0001:00064aa7       sf_mex_destroy             0000000180065aa7 f   sf_runtime:sf_runtime.dll
 0001:00064aad       sf_mex_import              0000000180065aad f   sf_runtime:sf_runtime.dll
 0001:00064ab3       sf_mex_decode_encoded_mx_struct_array 0000000180065ab3 f   sf_runtime:sf_runtime.dll
 0001:00064ab9       sf_mex_duplicatearraysafe  0000000180065ab9 f   sf_runtime:sf_runtime.dll
 0001:00064abf       ssGetDWork_wrapper         0000000180065abf f   sf_runtime:sf_runtime.dll
 0001:00064ac5       ssGetInputPortSignal_wrapper 0000000180065ac5 f   sf_runtime:sf_runtime.dll
 0001:00064acb       ssGetOutputPortSignal_wrapper 0000000180065acb f   sf_runtime:sf_runtime.dll
 0001:00064ad1       sf_read_before_write_error 0000000180065ad1 f   sf_runtime:sf_runtime.dll
 0001:00064ad7       sf_debug_initialize_chart  0000000180065ad7 f   sf_runtime:sf_runtime.dll
 0001:00064add       sf_debug_call              0000000180065add f   sf_runtime:sf_runtime.dll
 0001:00064ae3       cv_eval_point              0000000180065ae3 f   sf_runtime:sf_runtime.dll
 0001:00064ae9       cv_eml_eval                0000000180065ae9 f   sf_runtime:sf_runtime.dll
 0001:00064aef       cv_eval_relational         0000000180065aef f   sf_runtime:sf_runtime.dll
 0001:00064af5       cv_eml_init_script         0000000180065af5 f   sf_runtime:sf_runtime.dll
 0001:00064afb       cv_eml_init_if             0000000180065afb f   sf_runtime:sf_runtime.dll
 0001:00064b01       cv_eml_init_mcdc           0000000180065b01 f   sf_runtime:sf_runtime.dll
 0001:00064b07       cv_eml_init_relational     0000000180065b07 f   sf_runtime:sf_runtime.dll
 0001:00064b0d       sf_debug_reset_current_state_configuration 0000000180065b0d f   sf_runtime:sf_runtime.dll
 0001:00064b13       sf_debug_set_honor_breakpoints 0000000180065b13 f   sf_runtime:sf_runtime.dll
 0001:00064b19       sf_debug_get_animation     0000000180065b19 f   sf_runtime:sf_runtime.dll
 0001:00064b1f       sf_debug_set_animation     0000000180065b1f f   sf_runtime:sf_runtime.dll
 0001:00064b25       sf_debug_animate           0000000180065b25 f   sf_runtime:sf_runtime.dll
 0001:00064b2b       sf_debug_set_chart_data_props 0000000180065b2b f   sf_runtime:sf_runtime.dll
 0001:00064b31       sf_debug_set_chart_data_compiled_props 0000000180065b31 f   sf_runtime:sf_runtime.dll
 0001:00064b37       sf_debug_symbol_scope_push 0000000180065b37 f   sf_runtime:sf_runtime.dll
 0001:00064b3d       sf_debug_symbol_scope_push_eml 0000000180065b3d f   sf_runtime:sf_runtime.dll
 0001:00064b43       sf_debug_symbol_scope_pop  0000000180065b43 f   sf_runtime:sf_runtime.dll
 0001:00064b49       sf_debug_symbol_scope_add_eml_importable 0000000180065b49 f   sf_runtime:sf_runtime.dll
 0001:00064b4f       sf_debug_set_instance_data_value_ptr 0000000180065b4f f   sf_runtime:sf_runtime.dll
 0001:00064b55       sf_debug_set_chart_disable_implicit_casting 0000000180065b55 f   sf_runtime:sf_runtime.dll
 0001:00064b5b       sf_debug_set_chart_event_thresholds 0000000180065b5b f   sf_runtime:sf_runtime.dll
 0001:00064b61       sf_debug_set_chart_state_info 0000000180065b61 f   sf_runtime:sf_runtime.dll
 0001:00064b67       sf_debug_set_chart_decomposition 0000000180065b67 f   sf_runtime:sf_runtime.dll
 0001:00064b6d       sf_debug_set_chart_substate_count 0000000180065b6d f   sf_runtime:sf_runtime.dll
 0001:00064b73       sf_debug_set_chart_substate_index 0000000180065b73 f   sf_runtime:sf_runtime.dll
 0001:00064b79       sf_debug_set_chart_state_substate_count 0000000180065b79 f   sf_runtime:sf_runtime.dll
 0001:00064b7f       sf_debug_data_range_wrapper 0000000180065b7f f   sf_runtime:sf_runtime.dll
 0001:00064b85       sf_debug_cv_init_trans     0000000180065b85 f   sf_runtime:sf_runtime.dll
 0001:00064b8b       sf_debug_cv_init_chart     0000000180065b8b f   sf_runtime:sf_runtime.dll
 0001:00064b91       sf_debug_cv_init_state     0000000180065b91 f   sf_runtime:sf_runtime.dll
 0001:00064b97       sf_debug_data_range_error_wrapper_min_max 0000000180065b97 f   sf_runtime:sf_runtime.dll
 0001:00064b9d       sf_mex_sub                 0000000180065b9d f   sf_runtime:sf_runtime.dll
 0001:00064ba3       sf_get_ChartInfoStruct_CodeGen 0000000180065ba3 f   sf_runtime:sf_runtime.dll
 0001:00064ba9       sf_get_hasSeparateUpdateOutputs 0000000180065ba9 f   sf_runtime:sf_runtime.dll
 0001:00064baf       callMdlMethodAndReportError 0000000180065baf f   sf_runtime:sf_runtime.dll
 0001:00064bb5       call_sf_machine_global_method_dispatcher 0000000180065bb5 f   sf_runtime:sf_runtime.dll
 0001:00064bbb       getRuntimeInstanceInfoAsVoid 0000000180065bbb f   sf_runtime:sf_runtime.dll
 0001:00064bc1       sf_mex_error_direct_call   0000000180065bc1 f   sf_runtime:sf_runtime.dll
 0001:00064bc7       sf_clear_error_manager_info 0000000180065bc7 f   sf_runtime:sf_runtime.dll
 0001:00064bcd       sf_debug_create_debug_instance_struct 0000000180065bcd f   sf_runtime:sf_runtime.dll
 0001:00064bd3       sf_debug_terminate         0000000180065bd3 f   sf_runtime:sf_runtime.dll
 0001:00064bd9       sf_debug_api               0000000180065bd9 f   sf_runtime:sf_runtime.dll
 0001:00064bdf       mxIsChar                   0000000180065bdf f   libmx:libmx.dll
 0001:00064be5       mxGetScalar                0000000180065be5 f   libmx:libmx.dll
 0001:00064beb       mxGetPr                    0000000180065beb f   libmx:libmx.dll
 0001:00064bf1       mxDestroyArray             0000000180065bf1 f   libmx:libmx.dll
 0001:00064bf7       mxCreateDoubleMatrix_730   0000000180065bf7 f   libmx:libmx.dll
 0001:00064bfd       mxGetString_730            0000000180065bfd f   libmx:libmx.dll
 0001:00064c03       mxDuplicateArray           0000000180065c03 f   libmx:libmx.dll
 0001:00064c09       mxSetField_730             0000000180065c09 f   libmx:libmx.dll
 0001:00064c0f       mxCreateDoubleScalar       0000000180065c0f f   libmx:libmx.dll
 0001:00064c15       mxCreateString             0000000180065c15 f   libmx:libmx.dll
 0001:00064c1b       mxCreateCellMatrix_730     0000000180065c1b f   libmx:libmx.dll
 0001:00064c21       mxCreateCellArray_730      0000000180065c21 f   libmx:libmx.dll
 0001:00064c27       mxCreateStructMatrix_730   0000000180065c27 f   libmx:libmx.dll
 0001:00064c2d       mxCreateStructArray_730    0000000180065c2d f   libmx:libmx.dll
 0001:00064c33       mxCalloc                   0000000180065c33 f   libmx:libmx.dll
 0001:00064c39       mxGetM                     0000000180065c39 f   libmx:libmx.dll
 0001:00064c3f       mxGetClassID               0000000180065c3f f   libmx:libmx.dll
 0001:00064c45       mxIsNumeric                0000000180065c45 f   libmx:libmx.dll
 0001:00064c4b       mxIsComplex                0000000180065c4b f   libmx:libmx.dll
 0001:00064c51       mxGetN                     0000000180065c51 f   libmx:libmx.dll
 0001:00064c57       mexMakeArrayPersistent     0000000180065c57 f   libmex:libmex.dll
 0001:00064c5d       mexErrMsgTxt               0000000180065c5d f   libmex:libmex.dll
 0001:00064c63       mexWarnMsgTxt              0000000180065c63 f   libmex:libmex.dll
 0001:00064c69       mexCallMATLABWithObject    0000000180065c69 f   libmex:libmex.dll
 0001:00064c6f       mexLock                    0000000180065c6f f   libmex:libmex.dll
 0001:00064c75       mexUnlock                  0000000180065c75 f   libmex:libmex.dll
 0001:00064c7b       mexIsLocked                0000000180065c7b f   libmex:libmex.dll
 0001:00064c81       utMalloc                   0000000180065c81 f   libut:libut.dll
 0001:00064c87       utFree                     0000000180065c87 f   libut:libut.dll
 0001:00064c8d       slcovUploadCoverageSynthesisById 0000000180065c8d f   libmwsl_sfcn_cov_bridge:libmwsl_sfcn_cov_bridge.dll
 0001:00064c94       __raise_securityfailure    0000000180065c94 f   MSVCRT:gs_report.obj
 0001:00064cc8       __report_gsfailure         0000000180065cc8 f   MSVCRT:gs_report.obj
 0001:00064d9c       __report_rangecheckfailure 0000000180065d9c f   MSVCRT:gs_report.obj
 0001:00064db0       __report_securityfailure   0000000180065db0 f   MSVCRT:gs_report.obj
 0001:00064e4c       __report_securityfailureEx 0000000180065e4c f   MSVCRT:gs_report.obj
 0001:00065040       __GSHandlerCheck           0000000180066040 f   MSVCRT:gshandler.obj
 0001:00065060       __GSHandlerCheckCommon     0000000180066060 f   MSVCRT:gshandler.obj
 0001:000650d0       __security_check_cookie    00000001800660d0 f   MSVCRT:amdsecgs.obj
 0001:00065440       _CRT_INIT                  0000000180066440 f   MSVCRT:dll_dllmain.obj
 0001:00065448       _DllMainCRTStartup         0000000180066448 f   MSVCRT:dll_dllmain.obj
 0001:000654f4       __security_init_cookie     00000001800664f4 f   MSVCRT:gs_support.obj
 0001:000655a0       DllMain                    00000001800665a0 f   MSVCRT:dll_dllmain_stub.obj
 0001:000655c4       ?__scrt_initialize_type_info@@YAXXZ 00000001800665c4 f   MSVCRT:tncleanup.obj
 0001:000655d4       ?__scrt_uninitialize_type_info@@YAXXZ 00000001800665d4 f   MSVCRT:tncleanup.obj
 0001:000655e0       __local_stdio_scanf_options 00000001800665e0 f i MSVCRT:default_local_stdio_options.obj
 0001:000655e8       __scrt_initialize_default_local_stdio_options 00000001800665e8 f   MSVCRT:default_local_stdio_options.obj
 0001:00065604       ??$__crt_fast_decode_pointer@PEAP6AXXZ@@YAPEAP6AXXZQEAP6AXXZ@Z 0000000180066604 f i MSVCRT:utility.obj
 0001:0006561c       ??$__crt_fast_encode_pointer@PEAP6AXXZ@@YAPEAP6AXXZQEAP6AXXZ@Z 000000018006661c f i MSVCRT:utility.obj
 0001:0006563c       ?__crt_rotate_pointer_value@@YA_K_KH@Z 000000018006663c f i MSVCRT:utility.obj
 0001:00065648       ?configure_argv@__scrt_narrow_argv_policy@@SAHXZ 0000000180066648 f i MSVCRT:utility.obj
 0001:000656a8       ?initialize_environment@__scrt_narrow_environment_policy@@SAHXZ 00000001800666a8 f i MSVCRT:utility.obj
 0001:000656e0       NtCurrentTeb               00000001800666e0 f i MSVCRT:utility.obj
 0001:000656ec       __scrt_acquire_startup_lock 00000001800666ec f   MSVCRT:utility.obj
 0001:00065728       __scrt_dllmain_after_initialize_c 0000000180066728 f   MSVCRT:utility.obj
 0001:0006575c       __scrt_dllmain_before_initialize_c 000000018006675c f   MSVCRT:utility.obj
 0001:00065774       __scrt_dllmain_crt_thread_attach 0000000180066774 f   MSVCRT:utility.obj
 0001:0006579c       __scrt_dllmain_crt_thread_detach 000000018006679c f   MSVCRT:utility.obj
 0001:000657b4       __scrt_dllmain_exception_filter 00000001800667b4 f   MSVCRT:utility.obj
 0001:00065814       __scrt_dllmain_uninitialize_c 0000000180066814 f   MSVCRT:utility.obj
 0001:00065844       __scrt_dllmain_uninitialize_critical 0000000180066844 f   MSVCRT:utility.obj
 0001:00065858       __scrt_initialize_crt      0000000180066858 f   MSVCRT:utility.obj
 0001:000658a4       __scrt_initialize_onexit_tables 00000001800668a4 f   MSVCRT:utility.obj
 0001:0006597c       __scrt_is_nonwritable_in_current_image 000000018006697c f   MSVCRT:utility.obj
 0001:00065a18       __scrt_release_startup_lock 0000000180066a18 f   MSVCRT:utility.obj
 0001:00065a3c       __scrt_uninitialize_crt    0000000180066a3c f   MSVCRT:utility.obj
 0001:00065a68       _onexit                    0000000180066a68 f   MSVCRT:utility.obj
 0001:00065ab8       at_quick_exit              0000000180066ab8 f   MSVCRT:utility.obj
 0001:00065af0       atexit                     0000000180066af0 f   MSVCRT:utility.obj
 0001:00065b08       __scrt_get_dyn_tls_init_callback 0000000180066b08 f   MSVCRT:dyn_tls_init.obj
 0001:00065b10       __crt_debugger_hook        0000000180066b10 f   MSVCRT:utility_desktop.obj
 0001:00065b18       __scrt_fastfail            0000000180066b18 f   MSVCRT:utility_desktop.obj
 0001:00065c64       __scrt_get_show_window_mode 0000000180066c64 f   MSVCRT:utility_desktop.obj
 0001:00065ca0       __scrt_initialize_mta      0000000180066ca0 f   MSVCRT:utility_desktop.obj
 0001:00065ca8       __scrt_initialize_winrt    0000000180066ca8 f   MSVCRT:utility_desktop.obj
 0001:00065cac       __scrt_is_managed_app      0000000180066cac f   MSVCRT:utility_desktop.obj
 0001:00065d00       __scrt_set_unhandled_exception_filter 0000000180066d00 f   MSVCRT:utility_desktop.obj
 0001:00065d10       __scrt_stub_for_initialize_mta 0000000180066d10 f   MSVCRT:utility_desktop.obj
 0001:00065d10       __scrt_exe_initialize_mta  0000000180066d10 f   MSVCRT:utility_desktop.obj
 0001:00065d14       __scrt_unhandled_exception_filter 0000000180066d14 f   MSVCRT:utility_desktop.obj
 0001:00065d4c       _RTC_Initialize            0000000180066d4c f   MSVCRT:initsect.obj
 0001:00065d88       _RTC_Terminate             0000000180066d88 f   MSVCRT:initsect.obj
 0001:00065dc4       _guard_check_icall_nop     0000000180066dc4 f i MSVCRT:guard_support.obj
 0001:00065dc8       ReadNoFence64              0000000180066dc8 f i MSVCRT:guard_support.obj
 0001:00065dcc       ReadPointerNoFence         0000000180066dcc f i MSVCRT:guard_support.obj
 0001:00065dd0       _guard_icall_checks_enforced 0000000180066dd0 f i MSVCRT:guard_support.obj
 0001:00065de8       _guard_rf_checks_enforced  0000000180066de8 f i MSVCRT:guard_support.obj
 0001:00065dec       __isa_available_init       0000000180066dec f   MSVCRT:cpu_disp.obj
 0001:00065f68       _get_startup_argv_mode     0000000180066f68 f   MSVCRT:argv_mode.obj
 0001:00065f70       __scrt_is_ucrt_dll_in_use  0000000180066f70 f   MSVCRT:ucrt_detection.obj
 0001:00065f80       RtlCaptureContext          0000000180066f80 f   kernel32:KERNEL32.dll
 0001:00065f86       RtlLookupFunctionEntry     0000000180066f86 f   kernel32:KERNEL32.dll
 0001:00065f8c       RtlVirtualUnwind           0000000180066f8c f   kernel32:KERNEL32.dll
 0001:00065f92       UnhandledExceptionFilter   0000000180066f92 f   kernel32:KERNEL32.dll
 0001:00065f98       SetUnhandledExceptionFilter 0000000180066f98 f   kernel32:KERNEL32.dll
 0001:00065f9e       GetCurrentProcess          0000000180066f9e f   kernel32:KERNEL32.dll
 0001:00065fa4       TerminateProcess           0000000180066fa4 f   kernel32:KERNEL32.dll
 0001:00065faa       IsProcessorFeaturePresent  0000000180066faa f   kernel32:KERNEL32.dll
 0001:00065fb0       QueryPerformanceCounter    0000000180066fb0 f   kernel32:KERNEL32.dll
 0001:00065fb6       GetCurrentProcessId        0000000180066fb6 f   kernel32:KERNEL32.dll
 0001:00065fbc       GetCurrentThreadId         0000000180066fbc f   kernel32:KERNEL32.dll
 0001:00065fc2       GetSystemTimeAsFileTime    0000000180066fc2 f   kernel32:KERNEL32.dll
 0001:00065fc8       DisableThreadLibraryCalls  0000000180066fc8 f   kernel32:KERNEL32.dll
 0001:00065fce       InitializeSListHead        0000000180066fce f   kernel32:KERNEL32.dll
 0001:00065fd4       IsDebuggerPresent          0000000180066fd4 f   kernel32:KERNEL32.dll
 0001:00065fda       GetStartupInfoW            0000000180066fda f   kernel32:KERNEL32.dll
 0001:00065fe0       GetModuleHandleW           0000000180066fe0 f   kernel32:KERNEL32.dll
 0001:00065fe6       memset                     0000000180066fe6 f   vcruntime:VCRUNTIME140.dll
 0001:00065fec       memcpy                     0000000180066fec f   vcruntime:VCRUNTIME140.dll
 0001:00065ff2       __C_specific_handler       0000000180066ff2 f   vcruntime:VCRUNTIME140.dll
 0001:00065ff8       __std_type_info_destroy_list 0000000180066ff8 f   vcruntime:VCRUNTIME140.dll
 0001:00065ffe       strcmp                     0000000180066ffe f   ucrt:api-ms-win-crt-string-l1-1-0.dll
 0001:00066004       __stdio_common_vsprintf    0000000180067004 f   ucrt:api-ms-win-crt-stdio-l1-1-0.dll
 0001:0006600a       free                       000000018006700a f   ucrt:api-ms-win-crt-heap-l1-1-0.dll
 0001:00066010       malloc                     0000000180067010 f   ucrt:api-ms-win-crt-heap-l1-1-0.dll
 0001:00066016       strlen                     0000000180067016 f   ucrt:api-ms-win-crt-string-l1-1-0.dll
 0001:0006601c       _initterm                  000000018006701c f   ucrt:api-ms-win-crt-runtime-l1-1-0.dll
 0001:00066022       _initterm_e                0000000180067022 f   ucrt:api-ms-win-crt-runtime-l1-1-0.dll
 0001:00066028       _seh_filter_dll            0000000180067028 f   ucrt:api-ms-win-crt-runtime-l1-1-0.dll
 0001:0006602e       _configure_narrow_argv     000000018006702e f   ucrt:api-ms-win-crt-runtime-l1-1-0.dll
 0001:00066034       _initialize_narrow_environment 0000000180067034 f   ucrt:api-ms-win-crt-runtime-l1-1-0.dll
 0001:0006603a       _initialize_onexit_table   000000018006703a f   ucrt:api-ms-win-crt-runtime-l1-1-0.dll
 0001:00066040       _register_onexit_function  0000000180067040 f   ucrt:api-ms-win-crt-runtime-l1-1-0.dll
 0001:00066046       _execute_onexit_table      0000000180067046 f   ucrt:api-ms-win-crt-runtime-l1-1-0.dll
 0001:0006604c       _crt_atexit                000000018006704c f   ucrt:api-ms-win-crt-runtime-l1-1-0.dll
 0001:00066052       _crt_at_quick_exit         0000000180067052 f   ucrt:api-ms-win-crt-runtime-l1-1-0.dll
 0001:00066058       _cexit                     0000000180067058 f   ucrt:api-ms-win-crt-runtime-l1-1-0.dll
 0001:0006605e       terminate                  000000018006705e f   ucrt:api-ms-win-crt-runtime-l1-1-0.dll
 0001:00066064       __vcrt_initialize          0000000180067064 f   MSVCRT:ucrt_stubs.obj
 0001:00066064       __scrt_stub_for_acrt_initialize 0000000180067064 f   MSVCRT:ucrt_stubs.obj
 0001:00066064       __acrt_initialize          0000000180067064 f   MSVCRT:ucrt_stubs.obj
 0001:00066068       __acrt_thread_attach       0000000180067068 f   MSVCRT:ucrt_stubs.obj
 0001:00066068       __scrt_stub_for_acrt_thread_attach 0000000180067068 f   MSVCRT:ucrt_stubs.obj
 0001:00066068       __vcrt_thread_attach       0000000180067068 f   MSVCRT:ucrt_stubs.obj
 0001:0006606c       __scrt_stub_for_acrt_thread_detach 000000018006706c f   MSVCRT:ucrt_stubs.obj
 0001:0006606c       __acrt_thread_detach       000000018006706c f   MSVCRT:ucrt_stubs.obj
 0001:0006606c       __vcrt_thread_detach       000000018006706c f   MSVCRT:ucrt_stubs.obj
 0001:00066070       __scrt_stub_for_acrt_uninitialize 0000000180067070 f   MSVCRT:ucrt_stubs.obj
 0001:00066070       __acrt_uninitialize        0000000180067070 f   MSVCRT:ucrt_stubs.obj
 0001:00066070       __vcrt_uninitialize        0000000180067070 f   MSVCRT:ucrt_stubs.obj
 0001:00066074       __vcrt_uninitialize_critical 0000000180067074 f   MSVCRT:ucrt_stubs.obj
 0001:00066074       __scrt_stub_for_acrt_uninitialize_critical 0000000180067074 f   MSVCRT:ucrt_stubs.obj
 0001:00066074       __acrt_uninitialize_critical 0000000180067074 f   MSVCRT:ucrt_stubs.obj
 0001:00066078       __scrt_stub_for_is_c_termination_complete 0000000180067078 f   MSVCRT:ucrt_stubs.obj
 0001:00066078       _is_c_termination_complete 0000000180067078 f   MSVCRT:ucrt_stubs.obj
 0001:00066090       _guard_dispatch_icall_nop  0000000180067090 f   MSVCRT:guard_dispatch.obj
 0002:00000000       __imp_InitializeSListHead  0000000180068000     kernel32:KERNEL32.dll
 0002:00000008       __imp_RtlCaptureContext    0000000180068008     kernel32:KERNEL32.dll
 0002:00000010       __imp_RtlLookupFunctionEntry 0000000180068010     kernel32:KERNEL32.dll
 0002:00000018       __imp_RtlVirtualUnwind     0000000180068018     kernel32:KERNEL32.dll
 0002:00000020       __imp_UnhandledExceptionFilter 0000000180068020     kernel32:KERNEL32.dll
 0002:00000028       __imp_SetUnhandledExceptionFilter 0000000180068028     kernel32:KERNEL32.dll
 0002:00000030       __imp_GetCurrentProcess    0000000180068030     kernel32:KERNEL32.dll
 0002:00000038       __imp_TerminateProcess     0000000180068038     kernel32:KERNEL32.dll
 0002:00000040       __imp_IsProcessorFeaturePresent 0000000180068040     kernel32:KERNEL32.dll
 0002:00000048       __imp_QueryPerformanceCounter 0000000180068048     kernel32:KERNEL32.dll
 0002:00000050       __imp_GetCurrentProcessId  0000000180068050     kernel32:KERNEL32.dll
 0002:00000058       __imp_GetCurrentThreadId   0000000180068058     kernel32:KERNEL32.dll
 0002:00000060       __imp_GetSystemTimeAsFileTime 0000000180068060     kernel32:KERNEL32.dll
 0002:00000068       __imp_GetModuleHandleW     0000000180068068     kernel32:KERNEL32.dll
 0002:00000070       __imp_IsDebuggerPresent    0000000180068070     kernel32:KERNEL32.dll
 0002:00000078       __imp_DisableThreadLibraryCalls 0000000180068078     kernel32:KERNEL32.dll
 0002:00000080       __imp_GetStartupInfoW      0000000180068080     kernel32:KERNEL32.dll
 0002:00000088       \177KERNEL32_NULL_THUNK_DATA 0000000180068088     kernel32:KERNEL32.dll
 0002:00000090       __imp_memcpy               0000000180068090     vcruntime:VCRUNTIME140.dll
 0002:00000098       __imp_memset               0000000180068098     vcruntime:VCRUNTIME140.dll
 0002:000000a0       __imp___C_specific_handler 00000001800680a0     vcruntime:VCRUNTIME140.dll
 0002:000000a8       __imp___std_type_info_destroy_list 00000001800680a8     vcruntime:VCRUNTIME140.dll
 0002:000000b0       \177VCRUNTIME140_NULL_THUNK_DATA 00000001800680b0     vcruntime:VCRUNTIME140.dll
 0002:000000b8       __imp_free                 00000001800680b8     ucrt:api-ms-win-crt-heap-l1-1-0.dll
 0002:000000c0       __imp_malloc               00000001800680c0     ucrt:api-ms-win-crt-heap-l1-1-0.dll
 0002:000000c8       \177api-ms-win-crt-heap-l1-1-0_NULL_THUNK_DATA 00000001800680c8     ucrt:api-ms-win-crt-heap-l1-1-0.dll
 0002:000000d0       __imp__register_onexit_function 00000001800680d0     ucrt:api-ms-win-crt-runtime-l1-1-0.dll
 0002:000000d8       __imp__initterm            00000001800680d8     ucrt:api-ms-win-crt-runtime-l1-1-0.dll
 0002:000000e0       __imp__initterm_e          00000001800680e0     ucrt:api-ms-win-crt-runtime-l1-1-0.dll
 0002:000000e8       __imp__seh_filter_dll      00000001800680e8     ucrt:api-ms-win-crt-runtime-l1-1-0.dll
 0002:000000f0       __imp__configure_narrow_argv 00000001800680f0     ucrt:api-ms-win-crt-runtime-l1-1-0.dll
 0002:000000f8       __imp__initialize_narrow_environment 00000001800680f8     ucrt:api-ms-win-crt-runtime-l1-1-0.dll
 0002:00000100       __imp__initialize_onexit_table 0000000180068100     ucrt:api-ms-win-crt-runtime-l1-1-0.dll
 0002:00000108       __imp__cexit               0000000180068108     ucrt:api-ms-win-crt-runtime-l1-1-0.dll
 0002:00000110       __imp__execute_onexit_table 0000000180068110     ucrt:api-ms-win-crt-runtime-l1-1-0.dll
 0002:00000118       __imp__crt_atexit          0000000180068118     ucrt:api-ms-win-crt-runtime-l1-1-0.dll
 0002:00000120       __imp__crt_at_quick_exit   0000000180068120     ucrt:api-ms-win-crt-runtime-l1-1-0.dll
 0002:00000128       __imp_terminate            0000000180068128     ucrt:api-ms-win-crt-runtime-l1-1-0.dll
 0002:00000130       \177api-ms-win-crt-runtime-l1-1-0_NULL_THUNK_DATA 0000000180068130     ucrt:api-ms-win-crt-runtime-l1-1-0.dll
 0002:00000138       __imp___stdio_common_vsprintf 0000000180068138     ucrt:api-ms-win-crt-stdio-l1-1-0.dll
 0002:00000140       \177api-ms-win-crt-stdio-l1-1-0_NULL_THUNK_DATA 0000000180068140     ucrt:api-ms-win-crt-stdio-l1-1-0.dll
 0002:00000148       __imp_strlen               0000000180068148     ucrt:api-ms-win-crt-string-l1-1-0.dll
 0002:00000150       __imp_strcmp               0000000180068150     ucrt:api-ms-win-crt-string-l1-1-0.dll
 0002:00000158       \177api-ms-win-crt-string-l1-1-0_NULL_THUNK_DATA 0000000180068158     ucrt:api-ms-win-crt-string-l1-1-0.dll
 0002:00000160       __imp_mexErrMsgTxt         0000000180068160     libmex:libmex.dll
 0002:00000168       __imp_mexWarnMsgTxt        0000000180068168     libmex:libmex.dll
 0002:00000170       __imp_mexCallMATLABWithObject 0000000180068170     libmex:libmex.dll
 0002:00000178       __imp_mexIsLocked          0000000180068178     libmex:libmex.dll
 0002:00000180       __imp_mexUnlock            0000000180068180     libmex:libmex.dll
 0002:00000188       __imp_mexLock              0000000180068188     libmex:libmex.dll
 0002:00000190       __imp_mexMakeArrayPersistent 0000000180068190     libmex:libmex.dll
 0002:00000198       \177libmex_NULL_THUNK_DATA 0000000180068198     libmex:libmex.dll
 0002:000001a0       __imp_slcovUploadCoverageSynthesisById 00000001800681a0     libmwsl_sfcn_cov_bridge:libmwsl_sfcn_cov_bridge.dll
 0002:000001a8       \177libmwsl_sfcn_cov_bridge_NULL_THUNK_DATA 00000001800681a8     libmwsl_sfcn_cov_bridge:libmwsl_sfcn_cov_bridge.dll
 0002:000001b0       __imp_mxGetN               00000001800681b0     libmx:libmx.dll
 0002:000001b8       __imp_mxIsComplex          00000001800681b8     libmx:libmx.dll
 0002:000001c0       __imp_mxIsNumeric          00000001800681c0     libmx:libmx.dll
 0002:000001c8       __imp_mxGetClassID         00000001800681c8     libmx:libmx.dll
 0002:000001d0       __imp_mxGetM               00000001800681d0     libmx:libmx.dll
 0002:000001d8       __imp_mxCalloc             00000001800681d8     libmx:libmx.dll
 0002:000001e0       __imp_mxCreateStructArray_730 00000001800681e0     libmx:libmx.dll
 0002:000001e8       __imp_mxCreateStructMatrix_730 00000001800681e8     libmx:libmx.dll
 0002:000001f0       __imp_mxCreateCellArray_730 00000001800681f0     libmx:libmx.dll
 0002:000001f8       __imp_mxCreateCellMatrix_730 00000001800681f8     libmx:libmx.dll
 0002:00000200       __imp_mxCreateString       0000000180068200     libmx:libmx.dll
 0002:00000208       __imp_mxCreateDoubleScalar 0000000180068208     libmx:libmx.dll
 0002:00000210       __imp_mxSetField_730       0000000180068210     libmx:libmx.dll
 0002:00000218       __imp_mxDuplicateArray     0000000180068218     libmx:libmx.dll
 0002:00000220       __imp_mxGetString_730      0000000180068220     libmx:libmx.dll
 0002:00000228       __imp_mxCreateDoubleMatrix_730 0000000180068228     libmx:libmx.dll
 0002:00000230       __imp_mxDestroyArray       0000000180068230     libmx:libmx.dll
 0002:00000238       __imp_mxGetPr              0000000180068238     libmx:libmx.dll
 0002:00000240       __imp_mxGetScalar          0000000180068240     libmx:libmx.dll
 0002:00000248       __imp_mxIsChar             0000000180068248     libmx:libmx.dll
 0002:00000250       \177libmx_NULL_THUNK_DATA  0000000180068250     libmx:libmx.dll
 0002:00000258       __imp_utMalloc             0000000180068258     libut:libut.dll
 0002:00000260       __imp_utFree               0000000180068260     libut:libut.dll
 0002:00000268       \177libut_NULL_THUNK_DATA  0000000180068268     libut:libut.dll
 0002:00000270       __imp_call_sf_machine_global_method_dispatcher 0000000180068270     sf_runtime:sf_runtime.dll
 0002:00000278       __imp_getRuntimeInstanceInfoAsVoid 0000000180068278     sf_runtime:sf_runtime.dll
 0002:00000280       __imp_sf_mex_error_direct_call 0000000180068280     sf_runtime:sf_runtime.dll
 0002:00000288       __imp_sf_read_before_write_error 0000000180068288     sf_runtime:sf_runtime.dll
 0002:00000290       __imp_sf_debug_create_debug_instance_struct 0000000180068290     sf_runtime:sf_runtime.dll
 0002:00000298       __imp_sf_debug_terminate   0000000180068298     sf_runtime:sf_runtime.dll
 0002:000002a0       __imp_sf_debug_api         00000001800682a0     sf_runtime:sf_runtime.dll
 0002:000002a8       __imp_ssGetOutputPortSignal_wrapper 00000001800682a8     sf_runtime:sf_runtime.dll
 0002:000002b0       __imp_sf_debug_data_range_error_wrapper_min_max 00000001800682b0     sf_runtime:sf_runtime.dll
 0002:000002b8       __imp_sf_debug_cv_init_state 00000001800682b8     sf_runtime:sf_runtime.dll
 0002:000002c0       __imp_sf_debug_cv_init_chart 00000001800682c0     sf_runtime:sf_runtime.dll
 0002:000002c8       __imp_sf_debug_cv_init_trans 00000001800682c8     sf_runtime:sf_runtime.dll
 0002:000002d0       __imp_sf_debug_data_range_wrapper 00000001800682d0     sf_runtime:sf_runtime.dll
 0002:000002d8       __imp_sf_debug_set_chart_state_substate_count 00000001800682d8     sf_runtime:sf_runtime.dll
 0002:000002e0       __imp_sf_debug_set_chart_substate_index 00000001800682e0     sf_runtime:sf_runtime.dll
 0002:000002e8       __imp_sf_debug_set_chart_substate_count 00000001800682e8     sf_runtime:sf_runtime.dll
 0002:000002f0       __imp_sf_debug_set_chart_decomposition 00000001800682f0     sf_runtime:sf_runtime.dll
 0002:000002f8       __imp_callMdlMethodAndReportError 00000001800682f8     sf_runtime:sf_runtime.dll
 0002:00000300       __imp_sf_debug_set_chart_event_thresholds 0000000180068300     sf_runtime:sf_runtime.dll
 0002:00000308       __imp_sf_debug_set_chart_disable_implicit_casting 0000000180068308     sf_runtime:sf_runtime.dll
 0002:00000310       __imp_sf_debug_set_instance_data_value_ptr 0000000180068310     sf_runtime:sf_runtime.dll
 0002:00000318       __imp_sf_debug_symbol_scope_add_eml_importable 0000000180068318     sf_runtime:sf_runtime.dll
 0002:00000320       __imp_sf_debug_symbol_scope_pop 0000000180068320     sf_runtime:sf_runtime.dll
 0002:00000328       __imp_sf_debug_symbol_scope_push_eml 0000000180068328     sf_runtime:sf_runtime.dll
 0002:00000330       __imp_sf_debug_symbol_scope_push 0000000180068330     sf_runtime:sf_runtime.dll
 0002:00000338       __imp_sf_debug_set_chart_data_compiled_props 0000000180068338     sf_runtime:sf_runtime.dll
 0002:00000340       __imp_sf_debug_set_chart_data_props 0000000180068340     sf_runtime:sf_runtime.dll
 0002:00000348       __imp_sf_debug_animate     0000000180068348     sf_runtime:sf_runtime.dll
 0002:00000350       __imp_sf_get_hasSeparateUpdateOutputs 0000000180068350     sf_runtime:sf_runtime.dll
 0002:00000358       __imp_sf_debug_set_animation 0000000180068358     sf_runtime:sf_runtime.dll
 0002:00000360       __imp_sf_debug_get_animation 0000000180068360     sf_runtime:sf_runtime.dll
 0002:00000368       __imp_sf_debug_set_honor_breakpoints 0000000180068368     sf_runtime:sf_runtime.dll
 0002:00000370       __imp_sf_debug_reset_current_state_configuration 0000000180068370     sf_runtime:sf_runtime.dll
 0002:00000378       __imp_cv_eml_init_relational 0000000180068378     sf_runtime:sf_runtime.dll
 0002:00000380       __imp_cv_eml_init_mcdc     0000000180068380     sf_runtime:sf_runtime.dll
 0002:00000388       __imp_cv_eml_init_if       0000000180068388     sf_runtime:sf_runtime.dll
 0002:00000390       __imp_cv_eml_init_script   0000000180068390     sf_runtime:sf_runtime.dll
 0002:00000398       __imp_sf_get_ChartInfoStruct_CodeGen 0000000180068398     sf_runtime:sf_runtime.dll
 0002:000003a0       __imp_sf_debug_set_chart_state_info 00000001800683a0     sf_runtime:sf_runtime.dll
 0002:000003a8       __imp_sf_mex_sub           00000001800683a8     sf_runtime:sf_runtime.dll
 0002:000003b0       __imp_cv_eval_relational   00000001800683b0     sf_runtime:sf_runtime.dll
 0002:000003b8       __imp_cv_eml_eval          00000001800683b8     sf_runtime:sf_runtime.dll
 0002:000003c0       __imp_ssGetInputPortSignal_wrapper 00000001800683c0     sf_runtime:sf_runtime.dll
 0002:000003c8       __imp_ssGetDWork_wrapper   00000001800683c8     sf_runtime:sf_runtime.dll
 0002:000003d0       __imp_sf_mex_duplicatearraysafe 00000001800683d0     sf_runtime:sf_runtime.dll
 0002:000003d8       __imp_sf_mex_decode_encoded_mx_struct_array 00000001800683d8     sf_runtime:sf_runtime.dll
 0002:000003e0       __imp_sf_mex_import        00000001800683e0     sf_runtime:sf_runtime.dll
 0002:000003e8       __imp_sf_mex_destroy       00000001800683e8     sf_runtime:sf_runtime.dll
 0002:000003f0       __imp_sf_mex_dup           00000001800683f0     sf_runtime:sf_runtime.dll
 0002:000003f8       __imp_sf_mex_assign        00000001800683f8     sf_runtime:sf_runtime.dll
 0002:00000400       __imp_sf_mex_getcell       0000000180068400     sf_runtime:sf_runtime.dll
 0002:00000408       __imp_sf_mex_setcell       0000000180068408     sf_runtime:sf_runtime.dll
 0002:00000410       __imp_sf_mex_createcellmatrix 0000000180068410     sf_runtime:sf_runtime.dll
 0002:00000418       __imp_sf_mex_create        0000000180068418     sf_runtime:sf_runtime.dll
 0002:00000420       __imp_sf_mex_error_message 0000000180068420     sf_runtime:sf_runtime.dll
 0002:00000428       __imp_ssSetBlockIsPurelyCombinatorial_wrapper 0000000180068428     sf_runtime:sf_runtime.dll
 0002:00000430       __imp_sf_register_codegen_names_for_scoped_functions_defined_by_chart 0000000180068430     sf_runtime:sf_runtime.dll
 0002:00000438       __imp_sf_set_chart_accesses_machine_info 0000000180068438     sf_runtime:sf_runtime.dll
 0002:00000440       __imp_setLegacyDebuggerFlagForRuntime 0000000180068440     sf_runtime:sf_runtime.dll
 0002:00000448       __imp_sf_is_first_init_cond 0000000180068448     sf_runtime:sf_runtime.dll
 0002:00000450       __imp_sf_get_time          0000000180068450     sf_runtime:sf_runtime.dll
 0002:00000458       __imp_sf_set_encoded_dwork_info 0000000180068458     sf_runtime:sf_runtime.dll
 0002:00000460       __imp_sf_get_dwork_info_from_mat_file 0000000180068460     sf_runtime:sf_runtime.dll
 0002:00000468       __imp_sf_set_rtw_dwork_info 0000000180068468     sf_runtime:sf_runtime.dll
 0002:00000470       __imp_sf_clear_rtw_identifier 0000000180068470     sf_runtime:sf_runtime.dll
 0002:00000478       __imp_cv_eval_point        0000000180068478     sf_runtime:sf_runtime.dll
 0002:00000480       __imp_sim_mode_is_modelref_sim 0000000180068480     sf_runtime:sf_runtime.dll
 0002:00000488       __imp_sim_mode_is_external 0000000180068488     sf_runtime:sf_runtime.dll
 0002:00000490       __imp_sim_mode_is_rtw_gen  0000000180068490     sf_runtime:sf_runtime.dll
 0002:00000498       __imp_sf_debug_call        0000000180068498     sf_runtime:sf_runtime.dll
 0002:000004a0       __imp_sf_mark_chart_expressionable_inputs 00000001800684a0     sf_runtime:sf_runtime.dll
 0002:000004a8       __imp_sf_mark_chart_reusable_outputs 00000001800684a8     sf_runtime:sf_runtime.dll
 0002:000004b0       __imp_sf_is_chart_inlinable 00000001800684b0     sf_runtime:sf_runtime.dll
 0002:000004b8       __imp_sf_update_buildInfo  00000001800684b8     sf_runtime:sf_runtime.dll
 0002:000004c0       __imp_sf_rtw_info_uint_prop 00000001800684c0     sf_runtime:sf_runtime.dll
 0002:000004c8       __imp_sf_get_chart_instance_ptr 00000001800684c8     sf_runtime:sf_runtime.dll
 0002:000004d0       __imp_sfrtGetEmlrtCtx      00000001800684d0     sf_runtime:sf_runtime.dll
 0002:000004d8       __imp_sf_free_ChartRunTimeInfo 00000001800684d8     sf_runtime:sf_runtime.dll
 0002:000004e0       __imp_sf_init_ChartRunTimeInfo 00000001800684e0     sf_runtime:sf_runtime.dll
 0002:000004e8       __imp_sf_debug_set_machine_data_thresholds 00000001800684e8     sf_runtime:sf_runtime.dll
 0002:000004f0       __imp_sf_debug_set_machine_event_thresholds 00000001800684f0     sf_runtime:sf_runtime.dll
 0002:000004f8       __imp_sf_debug_initialize_machine 00000001800684f8     sf_runtime:sf_runtime.dll
 0002:00000500       __imp_sf_debug_initialize_chart 0000000180068500     sf_runtime:sf_runtime.dll
 0002:00000508       __imp_sf_clear_error_manager_info 0000000180068508     sf_runtime:sf_runtime.dll
 0002:00000510       __imp_sf_load_rtw_optimization_info 0000000180068510     sf_runtime:sf_runtime.dll
 0002:00000518       \177sf_runtime_NULL_THUNK_DATA 0000000180068518     sf_runtime:sf_runtime.dll
 0002:00000520       __guard_check_icall_fptr   0000000180068520     MSVCRT:guard_support.obj
 0002:00000528       __guard_dispatch_icall_fptr 0000000180068528     MSVCRT:guard_support.obj
 0002:00000530       __xc_a                     0000000180068530     MSVCRT:initializers.obj
 0002:00000538       __xc_z                     0000000180068538     MSVCRT:initializers.obj
 0002:00000540       __xi_a                     0000000180068540     MSVCRT:initializers.obj
 0002:00000548       __xi_z                     0000000180068548     MSVCRT:initializers.obj
 0002:00000550       __xp_a                     0000000180068550     MSVCRT:initializers.obj
 0002:00000558       __xp_z                     0000000180068558     MSVCRT:initializers.obj
 0002:00000560       __xt_a                     0000000180068560     MSVCRT:initializers.obj
 0002:00000568       __xt_z                     0000000180068568     MSVCRT:initializers.obj
 0002:00000570       __real@413f797f00000000    0000000180068570     SpeedgoatCANOpen2Buses1ms_sfun.obj
 0002:00000578       __real@4195474b1c000000    0000000180068578     SpeedgoatCANOpen2Buses1ms_sfun.obj
 0002:00000580       __real@41c5b70c5f000000    0000000180068580     SpeedgoatCANOpen2Buses1ms_sfun.obj
 0002:00000588       __real@41c954d125800000    0000000180068588     SpeedgoatCANOpen2Buses1ms_sfun.obj
 0002:00000590       __real@41d9aa1240c00000    0000000180068590     SpeedgoatCANOpen2Buses1ms_sfun.obj
 0002:00000598       __real@41dd9f4812800000    0000000180068598     SpeedgoatCANOpen2Buses1ms_sfun.obj
 0002:000005a0       __real@41dff01bb8400000    00000001800685a0     SpeedgoatCANOpen2Buses1ms_sfun.obj
 0002:000005a8       __real@41e08e38bae00000    00000001800685a8     SpeedgoatCANOpen2Buses1ms_sfun.obj
 0002:000005b0       __real@41ea1e8465600000    00000001800685b0     SpeedgoatCANOpen2Buses1ms_sfun.obj
 0002:000005b8       __real@41ed51f363200000    00000001800685b8     SpeedgoatCANOpen2Buses1ms_sfun.obj
 0002:000005c0       __real@41eec387a1800000    00000001800685c0     SpeedgoatCANOpen2Buses1ms_sfun.obj
 0002:000005c8       __real@41eefe992e000000    00000001800685c8     SpeedgoatCANOpen2Buses1ms_sfun.obj
 0002:000005d0       __real@3f800000            00000001800685d0     c1_SpeedgoatCANOpen2Buses1ms.obj
 0002:000005d8       __real@3ff0000000000000    00000001800685d8     c1_SpeedgoatCANOpen2Buses1ms.obj
 0002:000005e0       __real@40000000            00000001800685e0     c1_SpeedgoatCANOpen2Buses1ms.obj
 0002:000005e8       __real@4022000000000000    00000001800685e8     c1_SpeedgoatCANOpen2Buses1ms.obj
 0002:000005f0       __real@4034000000000000    00000001800685f0     c1_SpeedgoatCANOpen2Buses1ms.obj
 0002:000005f8       __real@40400000            00000001800685f8     c1_SpeedgoatCANOpen2Buses1ms.obj
 0002:00000600       __real@40af400000000000    0000000180068600     c1_SpeedgoatCANOpen2Buses1ms.obj
 0002:00000608       __real@41a00000            0000000180068608     c1_SpeedgoatCANOpen2Buses1ms.obj
 0002:00000610       __real@41ab7ac600000000    0000000180068610     c1_SpeedgoatCANOpen2Buses1ms.obj
 0002:00000618       __real@41d9558585000000    0000000180068618     c1_SpeedgoatCANOpen2Buses1ms.obj
 0002:00000620       __real@41da6c1cc0800000    0000000180068620     c1_SpeedgoatCANOpen2Buses1ms.obj
 0002:00000628       __real@41e4578891600000    0000000180068628     c1_SpeedgoatCANOpen2Buses1ms.obj
 0002:00000630       __real@457a0000            0000000180068630     c1_SpeedgoatCANOpen2Buses1ms.obj
 0002:00000638       __real@41a45789c0000000    0000000180068638     c2_SpeedgoatCANOpen2Buses1ms.obj
 0002:00000640       __real@41d551980b400000    0000000180068640     c2_SpeedgoatCANOpen2Buses1ms.obj
 0002:00000648       __real@41ed637987c00000    0000000180068648     c2_SpeedgoatCANOpen2Buses1ms.obj
 0002:00000650       __real@41ef6e64f4e00000    0000000180068650     c2_SpeedgoatCANOpen2Buses1ms.obj
 0002:00000658       __real@40c3880000000000    0000000180068658     c3_SpeedgoatCANOpen2Buses1ms.obj
 0002:00000660       __real@40c7700000000000    0000000180068660     c3_SpeedgoatCANOpen2Buses1ms.obj
 0002:00000668       __real@41a18494c0000000    0000000180068668     c3_SpeedgoatCANOpen2Buses1ms.obj
 0002:00000670       __real@41c593d6a9000000    0000000180068670     c3_SpeedgoatCANOpen2Buses1ms.obj
 0002:00000678       __real@41d608dd2b400000    0000000180068678     c3_SpeedgoatCANOpen2Buses1ms.obj
 0002:00000680       __real@41e32d525c600000    0000000180068680     c3_SpeedgoatCANOpen2Buses1ms.obj
 0002:00000688       __real@461c4000            0000000180068688     c3_SpeedgoatCANOpen2Buses1ms.obj
 0002:0000068c       __real@462be000            000000018006868c     c3_SpeedgoatCANOpen2Buses1ms.obj
 0002:00000690       __real@c0c7700000000000    0000000180068690     c3_SpeedgoatCANOpen2Buses1ms.obj
 0002:00000698       __real@4018000000000000    0000000180068698     c4_SpeedgoatCANOpen2Buses1ms.obj
 0002:000006a0       __real@401c000000000000    00000001800686a0     c4_SpeedgoatCANOpen2Buses1ms.obj
 0002:000006a8       __real@40c00000            00000001800686a8     c4_SpeedgoatCANOpen2Buses1ms.obj
 0002:000006ac       __real@40e00000            00000001800686ac     c4_SpeedgoatCANOpen2Buses1ms.obj
 0002:000006b0       __real@41747f04f0000000    00000001800686b0     c4_SpeedgoatCANOpen2Buses1ms.obj
 0002:000006b8       __real@41e9b21e8f800000    00000001800686b8     c4_SpeedgoatCANOpen2Buses1ms.obj
 0002:000006c0       __real@41ec90376da00000    00000001800686c0     c4_SpeedgoatCANOpen2Buses1ms.obj
 0002:000006c8       __real@41ee304932a00000    00000001800686c8     c4_SpeedgoatCANOpen2Buses1ms.obj
 0002:000006d0       __real@0000000000000000    00000001800686d0     c5_SpeedgoatCANOpen2Buses1ms.obj
 0002:000006d8       __real@3fa999999999999a    00000001800686d8     c5_SpeedgoatCANOpen2Buses1ms.obj
 0002:000006e0       __real@4197c0b7a0000000    00000001800686e0     c5_SpeedgoatCANOpen2Buses1ms.obj
 0002:000006e8       __real@41d948d464800000    00000001800686e8     c5_SpeedgoatCANOpen2Buses1ms.obj
 0002:000006f0       __real@41e61bdc94400000    00000001800686f0     c5_SpeedgoatCANOpen2Buses1ms.obj
 0002:000006f8       __real@41ecd22dcb200000    00000001800686f8     c5_SpeedgoatCANOpen2Buses1ms.obj
 0002:00000700       __real@4024000000000000    0000000180068700     c10_SpeedgoatCANOpen2Buses1ms.obj
 0002:00000708       __real@41e60b7451a00000    0000000180068708     c10_SpeedgoatCANOpen2Buses1ms.obj
 0002:00000710       __real@41e8257697800000    0000000180068710     c10_SpeedgoatCANOpen2Buses1ms.obj
 0002:00000718       __real@41eb5f409a800000    0000000180068718     c10_SpeedgoatCANOpen2Buses1ms.obj
 0002:00000720       __real@41ee07c16d200000    0000000180068720     c10_SpeedgoatCANOpen2Buses1ms.obj
 0002:00000730       __xmm@80000000000000008000000000000000 0000000180068730     c10_SpeedgoatCANOpen2Buses1ms.obj
 0002:00000740       __real@41b37ef14d000000    0000000180068740     c12_SpeedgoatCANOpen2Buses1ms.obj
 0002:00000748       __real@41d89b5ea8400000    0000000180068748     c12_SpeedgoatCANOpen2Buses1ms.obj
 0002:00000750       __real@41ed694056400000    0000000180068750     c12_SpeedgoatCANOpen2Buses1ms.obj
 0002:00000758       __real@41ef0476f6e00000    0000000180068758     c12_SpeedgoatCANOpen2Buses1ms.obj
 0002:00000760       __real@4008000000000000    0000000180068760     c13_SpeedgoatCANOpen2Buses1ms.obj
 0002:00000768       __real@4059000000000000    0000000180068768     c13_SpeedgoatCANOpen2Buses1ms.obj
 0002:00000770       __real@41acd22974000000    0000000180068770     c13_SpeedgoatCANOpen2Buses1ms.obj
 0002:00000778       __real@41c436e083800000    0000000180068778     c13_SpeedgoatCANOpen2Buses1ms.obj
 0002:00000780       __real@41e0371e1f800000    0000000180068780     c13_SpeedgoatCANOpen2Buses1ms.obj
 0002:00000788       __real@41e593c0c1600000    0000000180068788     c13_SpeedgoatCANOpen2Buses1ms.obj
 0002:00000790       __real@c024000000000000    0000000180068790     c13_SpeedgoatCANOpen2Buses1ms.obj
 0002:00000798       __real@c059000000000000    0000000180068798     c13_SpeedgoatCANOpen2Buses1ms.obj
 0002:000007a0       __real@c0c3880000000000    00000001800687a0     c13_SpeedgoatCANOpen2Buses1ms.obj
 0002:000007a8       DYNAMIC_DIMENSION_DEF      00000001800687a8     SpeedgoatCANOpen2Buses1ms_sfun_registry.obj
 0002:000007c0       __real@4010000000000000    00000001800687c0     SpeedgoatCANOpen2Buses1ms_sfun_registry.obj
 0002:000007c8       __real@41602cbca0000000    00000001800687c8     SpeedgoatCANOpen2Buses1ms_sfun_registry.obj
 0002:000007d0       __real@bff0000000000000    00000001800687d0     SpeedgoatCANOpen2Buses1ms_sfun_registry.obj
 0002:000007e8       _pDefaultRawDllMain        00000001800687e8     MSVCRT:dll_dllmain.obj
 0002:000007e8       _pRawDllMain               00000001800687e8     MSVCRT:dll_dllmain.obj
 0002:00000810       _load_config_used          0000000180068810     MSVCRT:loadcfg.obj
 0002:00000b28       __rtc_iaa                  0000000180068b28     MSVCRT:initsect.obj
 0002:00000b30       __rtc_izz                  0000000180068b30     MSVCRT:initsect.obj
 0002:00000b38       __rtc_taa                  0000000180068b38     MSVCRT:initsect.obj
 0002:00000b40       __rtc_tzz                  0000000180068b40     MSVCRT:initsect.obj
 0002:00002728       __IMPORT_DESCRIPTOR_sf_runtime 000000018006a728     sf_runtime:sf_runtime.dll
 0002:0000273c       __IMPORT_DESCRIPTOR_libmx  000000018006a73c     libmx:libmx.dll
 0002:00002750       __IMPORT_DESCRIPTOR_libmex 000000018006a750     libmex:libmex.dll
 0002:00002764       __IMPORT_DESCRIPTOR_libut  000000018006a764     libut:libut.dll
 0002:00002778       __IMPORT_DESCRIPTOR_libmwsl_sfcn_cov_bridge 000000018006a778     libmwsl_sfcn_cov_bridge:libmwsl_sfcn_cov_bridge.dll
 0002:0000278c       __IMPORT_DESCRIPTOR_KERNEL32 000000018006a78c     kernel32:KERNEL32.dll
 0002:000027a0       __IMPORT_DESCRIPTOR_VCRUNTIME140 000000018006a7a0     vcruntime:VCRUNTIME140.dll
 0002:000027b4       __IMPORT_DESCRIPTOR_api-ms-win-crt-string-l1-1-0 000000018006a7b4     ucrt:api-ms-win-crt-string-l1-1-0.dll
 0002:000027c8       __IMPORT_DESCRIPTOR_api-ms-win-crt-stdio-l1-1-0 000000018006a7c8     ucrt:api-ms-win-crt-stdio-l1-1-0.dll
 0002:000027dc       __IMPORT_DESCRIPTOR_api-ms-win-crt-heap-l1-1-0 000000018006a7dc     ucrt:api-ms-win-crt-heap-l1-1-0.dll
 0002:000027f0       __IMPORT_DESCRIPTOR_api-ms-win-crt-runtime-l1-1-0 000000018006a7f0     ucrt:api-ms-win-crt-runtime-l1-1-0.dll
 0002:00002804       __NULL_IMPORT_DESCRIPTOR   000000018006a804     sf_runtime:sf_runtime.dll
 0003:0000a590       DYNAMIC_DIMENSION          0000000180076590     SpeedgoatCANOpen2Buses1ms_sfun_registry.obj
 0003:0000ca00       __security_cookie_complement 0000000180078a00     MSVCRT:gs_cookie.obj
 0003:0000ca08       __security_cookie          0000000180078a08     MSVCRT:gs_cookie.obj
 0003:0000ca10       _fltused                   0000000180078a10     MSVCRT:fltused.obj
 0003:0000ca14       __scrt_native_dllmain_reason 0000000180078a14     MSVCRT:utility.obj
 0003:0000ca18       __isa_available            0000000180078a18     MSVCRT:cpu_disp.obj
 0003:0000ca1c       __isa_enabled              0000000180078a1c     MSVCRT:cpu_disp.obj
 0003:0000ca20       __memcpy_nt_iters          0000000180078a20     MSVCRT:cpu_disp.obj
 0003:0000ca30       __scrt_ucrt_dll_is_in_use  0000000180078a30     MSVCRT:ucrt_stubs.obj
 0003:0000cb00       sfGlobalDebugInstanceStruct 0000000180078b00     SpeedgoatCANOpen2Buses1ms_sfun_registry.obj
 0003:0000d090       ?__type_info_root_node@@3U__type_info_node@@A 0000000180079090     MSVCRT:tncleanup.obj
 0003:0000d0a0       ?_OptionsStorage@?1??__local_stdio_printf_options@@9@4_KA 00000001800790a0     MSVCRT:default_local_stdio_options.obj
 0003:0000d0a8       ?_OptionsStorage@?1??__local_stdio_scanf_options@@9@4_KA 00000001800790a8     MSVCRT:default_local_stdio_options.obj
 0003:0000d0b0       __scrt_current_native_startup_state 00000001800790b0     MSVCRT:utility.obj
 0003:0000d0b8       __scrt_native_startup_lock 00000001800790b8     MSVCRT:utility.obj
 0003:0000d0f8       __scrt_debugger_hook_flag  00000001800790f8     MSVCRT:utility_desktop.obj
 0003:0000d0fc       __favor                    00000001800790fc     MSVCRT:cpu_disp.obj
 0003:0000d100       ?_OptionsStorage@?1??__local_stdio_printf_options@@9@9 0000000180079100     <common>
 0003:0000d108       _SpeedgoatCANOpen2Buses1msMachineNumber_ 0000000180079108     <common>
 0003:0000d110       gRxCAN_APT                 0000000180079110     <common>
 0003:0000d120       can_rx_queue_APT           0000000180079120     <common>
 0003:0000d188       gRxCAN                     0000000180079188     <common>
[...]
 0004:00001c44       $pdata$sf_set_sfun_dwork_info 000000018007bc44     c20_SpeedgoatCANOpen2Buses1ms.obj
 0004:00001c50       $pdata$mdlSetWorkWidths_c20_SpeedgoatCANOpen2Buses1ms 000000018007bc50     c20_SpeedgoatCANOpen2Buses1ms.obj
 0004:00001c5c       $pdata$mdlRTW_c20_SpeedgoatCANOpen2Buses1ms 000000018007bc5c     c20_SpeedgoatCANOpen2Buses1ms.obj
 0004:00001c68       $pdata$mdlStart_c20_SpeedgoatCANOpen2Buses1ms 000000018007bc68     c20_SpeedgoatCANOpen2Buses1ms.obj
 0004:00001c74       $pdata$mexFunction         000000018007bc74     SpeedgoatCANOpen2Buses1ms_sfun_registry.obj
 0004:00001c80       $pdata$_ssSetInputPortDirectFeedThroughFcn 000000018007bc80     SpeedgoatCANOpen2Buses1ms_sfun_registry.obj
 0004:00001c8c       $pdata$_ssSetRWorkValueFcn 000000018007bc8c     SpeedgoatCANOpen2Buses1ms_sfun_registry.obj
 0004:00001c98       $pdata$_ssGetRWorkValueFcn 000000018007bc98     SpeedgoatCANOpen2Buses1ms_sfun_registry.obj
 0004:00001ca4       $pdata$_ssSetIWorkValueFcn 000000018007bca4     SpeedgoatCANOpen2Buses1ms_sfun_registry.obj
 0004:00001cb0       $pdata$_ssGetIWorkValueFcn 000000018007bcb0     SpeedgoatCANOpen2Buses1ms_sfun_registry.obj
 0004:00001cbc       $pdata$_ssSetPWorkValueFcn 000000018007bcbc     SpeedgoatCANOpen2Buses1ms_sfun_registry.obj
 0004:00001cc8       $pdata$_ssGetPWorkValueFcn 000000018007bcc8     SpeedgoatCANOpen2Buses1ms_sfun_registry.obj
 0004:00001cd4       $pdata$_ssGetInputPortSignalFcn 000000018007bcd4     SpeedgoatCANOpen2Buses1ms_sfun_registry.obj
 0004:00001ce0       $pdata$_ssGetInputPortBufferDstPortFcn 000000018007bce0     SpeedgoatCANOpen2Buses1ms_sfun_registry.obj
 0004:00001cec       $pdata$_ssGetInputPortSignalPtrsFcn 000000018007bcec     SpeedgoatCANOpen2Buses1ms_sfun_registry.obj
 0004:00001cf8       $pdata$ssGetParameterTuningCompliance 000000018007bcf8     SpeedgoatCANOpen2Buses1ms_sfun_registry.obj
 0004:00001d04       $pdata$ssGetDTypeIdFromMxArray 000000018007bd04     SpeedgoatCANOpen2Buses1ms_sfun_registry.obj
 0004:00001d10       $pdata$ssWriteRTWMx2dMatParam 000000018007bd10     SpeedgoatCANOpen2Buses1ms_sfun_registry.obj
 0004:00001d1c       $pdata$ssWriteRTWMxVectParam 000000018007bd1c     SpeedgoatCANOpen2Buses1ms_sfun_registry.obj
 0004:00001d28       $pdata$ssWriteRTWParameters 000000018007bd28     SpeedgoatCANOpen2Buses1ms_sfun_registry.obj
 0004:00001d34       $pdata$ssWriteRTWParamSettings 000000018007bd34     SpeedgoatCANOpen2Buses1ms_sfun_registry.obj
 0004:00001d40       $pdata$ssWriteRTWStr       000000018007bd40     SpeedgoatCANOpen2Buses1ms_sfun_registry.obj
 0004:00001d4c       $pdata$ssWriteRTWWorkVect  000000018007bd4c     SpeedgoatCANOpen2Buses1ms_sfun_registry.obj
 0004:00001d58       $pdata$ssWarning           000000018007bd58     SpeedgoatCANOpen2Buses1ms_sfun_registry.obj
 0004:00001d64       $pdata$ssWriteRTWNameValuePair 000000018007bd64     SpeedgoatCANOpen2Buses1ms_sfun_registry.obj
 0004:00001d70       $pdata$_ssSetInputPortMatrixDimensions 000000018007bd70     SpeedgoatCANOpen2Buses1ms_sfun_registry.obj
 0004:00001d7c       $pdata$_ssSetOutputPortMatrixDimensions 000000018007bd7c     SpeedgoatCANOpen2Buses1ms_sfun_registry.obj
 0004:00001d88       $pdata$_ssSetInputPortVectorDimension 000000018007bd88     SpeedgoatCANOpen2Buses1ms_sfun_registry.obj
 0004:00001d94       $pdata$_ssSetOutputPortVectorDimension 000000018007bd94     SpeedgoatCANOpen2Buses1ms_sfun_registry.obj
 0004:00001da0       $pdata$ssIsRunTimeParamTunable 000000018007bda0     SpeedgoatCANOpen2Buses1ms_sfun_registry.obj
 0004:00001dac       $pdata$ssGetSFuncBlockHandle 000000018007bdac     SpeedgoatCANOpen2Buses1ms_sfun_registry.obj
 0004:00001db8       $pdata$_ssGetCurrentInputPortWidth 000000018007bdb8     SpeedgoatCANOpen2Buses1ms_sfun_registry.obj
 0004:00001dc4       $pdata$_ssGetCurrentOutputPortWidth 000000018007bdc4     SpeedgoatCANOpen2Buses1ms_sfun_registry.obj
 0004:00001dd0       $pdata$_ssGetCallSystemNumFcnCallDestinations 000000018007bdd0     SpeedgoatCANOpen2Buses1ms_sfun_registry.obj
 0004:00001ddc       $pdata$ssGetIsZeroCrossControlDisabled 000000018007bddc     SpeedgoatCANOpen2Buses1ms_sfun_registry.obj
 0004:00001de8       $pdata$ssSetIsInputPortUsedForContZcSignal 000000018007bde8     SpeedgoatCANOpen2Buses1ms_sfun_registry.obj
 0004:00001df4       $pdata$ssSetZcSignalIsZcElementDisc 000000018007bdf4     SpeedgoatCANOpen2Buses1ms_sfun_registry.obj
 0004:00001e00       $pdata$ssSetZcSignalName   000000018007be00     SpeedgoatCANOpen2Buses1ms_sfun_registry.obj
 0004:00001e0c       $pdata$ssSetZcSignalWidth  000000018007be0c     SpeedgoatCANOpen2Buses1ms_sfun_registry.obj
 0004:00001e18       $pdata$ssSetZcSignalZcEventType 000000018007be18     SpeedgoatCANOpen2Buses1ms_sfun_registry.obj
 0004:00001e24       $pdata$ssSetZcSignalType   000000018007be24     SpeedgoatCANOpen2Buses1ms_sfun_registry.obj
 0004:00001e30       $pdata$ssSetZcSignalZcTol  000000018007be30     SpeedgoatCANOpen2Buses1ms_sfun_registry.obj
 0004:00001e3c       $pdata$ssSetZcSignalNeedsEventNotification 000000018007be3c     SpeedgoatCANOpen2Buses1ms_sfun_registry.obj
 0004:00001e48       $pdata$ssCreateAndAddZcSignalInfo 000000018007be48     SpeedgoatCANOpen2Buses1ms_sfun_registry.obj
 0004:00001e54       $pdata$ssCloneAndAddZcSignalInfo 000000018007be54     SpeedgoatCANOpen2Buses1ms_sfun_registry.obj
 0004:00001e60       $pdata$ssGetNumZcSignals   000000018007be60     SpeedgoatCANOpen2Buses1ms_sfun_registry.obj
 0004:00001e6c       $pdata$ssGetZcSignalVector 000000018007be6c     SpeedgoatCANOpen2Buses1ms_sfun_registry.obj
 0004:00001e78       $pdata$ssGetZcSignalName   000000018007be78     SpeedgoatCANOpen2Buses1ms_sfun_registry.obj
 0004:00001e84       $pdata$ssGetZcSignalWidth  000000018007be84     SpeedgoatCANOpen2Buses1ms_sfun_registry.obj
 0004:00001e90       $pdata$ssGetZcSignalZcEventType 000000018007be90     SpeedgoatCANOpen2Buses1ms_sfun_registry.obj
 0004:00001e9c       $pdata$ssGetZcSignalZcEvents 000000018007be9c     SpeedgoatCANOpen2Buses1ms_sfun_registry.obj
 0004:00001ea8       $pdata$ssGetZcSignalType   000000018007bea8     SpeedgoatCANOpen2Buses1ms_sfun_registry.obj
 0004:00001eb4       $pdata$ssGetZcSignalZcTol  000000018007beb4     SpeedgoatCANOpen2Buses1ms_sfun_registry.obj
 0004:00001ec0       $pdata$ssGetZcSignalNeedsEventNotification 000000018007bec0     SpeedgoatCANOpen2Buses1ms_sfun_registry.obj
 0004:00001ecc       $pdata$ssGetZcSignalIsZcElementDisc 000000018007becc     SpeedgoatCANOpen2Buses1ms_sfun_registry.obj
 0004:00001ed8       $pdata$ssGetIsInputPortElementContinuous 000000018007bed8     SpeedgoatCANOpen2Buses1ms_sfun_registry.obj
 0004:00001ee4       $pdata$_ssGetAbsTol        000000018007bee4     SpeedgoatCANOpen2Buses1ms_sfun_registry.obj
 0004:00001ef0       $pdata$_ssSetInputPortReusableFcn 000000018007bef0     SpeedgoatCANOpen2Buses1ms_sfun_registry.obj
 0004:00001efc       $pdata$_ssSetOutputPortReusableFcn 000000018007befc     SpeedgoatCANOpen2Buses1ms_sfun_registry.obj
 0004:00001f08       $pdata$_ssSetSymbolicDimsSupport 000000018007bf08     SpeedgoatCANOpen2Buses1ms_sfun_registry.obj
 0004:00001f14       $pdata$_ssRegisterSymbolicDimsExpr 000000018007bf14     SpeedgoatCANOpen2Buses1ms_sfun_registry.obj
 0004:00001f20       $pdata$_ssRegisterSymbolicDims 000000018007bf20     SpeedgoatCANOpen2Buses1ms_sfun_registry.obj
 0004:00001f2c       $pdata$_ssRegisterSymbolicDimsString 000000018007bf2c     SpeedgoatCANOpen2Buses1ms_sfun_registry.obj
 0004:00001f38       $pdata$_ssRegisterSymbolicDimsIntValue 000000018007bf38     SpeedgoatCANOpen2Buses1ms_sfun_registry.obj
 0004:00001f44       $pdata$_ssRegisterSymbolicDimsPlus 000000018007bf44     SpeedgoatCANOpen2Buses1ms_sfun_registry.obj
 0004:00001f50       $pdata$_ssRegisterSymbolicDimsMinus 000000018007bf50     SpeedgoatCANOpen2Buses1ms_sfun_registry.obj
 0004:00001f5c       $pdata$_ssRegisterSymbolicDimsMultiply 000000018007bf5c     SpeedgoatCANOpen2Buses1ms_sfun_registry.obj
 0004:00001f68       $pdata$_ssRegisterSymbolicDimsDivide 000000018007bf68     SpeedgoatCANOpen2Buses1ms_sfun_registry.obj
 0004:00001f74       $pdata$_ssGetNumSymbolicDims 000000018007bf74     SpeedgoatCANOpen2Buses1ms_sfun_registry.obj
 0004:00001f80       $pdata$_ssGetSymbolicDim   000000018007bf80     SpeedgoatCANOpen2Buses1ms_sfun_registry.obj
 0004:00001f8c       $pdata$_ssSetInputPortSymbolicDimsId 000000018007bf8c     SpeedgoatCANOpen2Buses1ms_sfun_registry.obj
 0004:00001f98       $pdata$_ssGetCompInputPortSymbolicDimsId 000000018007bf98     SpeedgoatCANOpen2Buses1ms_sfun_registry.obj
 0004:00001fa4       $pdata$_ssSetCompInputPortSymbolicDimsId 000000018007bfa4     SpeedgoatCANOpen2Buses1ms_sfun_registry.obj
 0004:00001fb0       $pdata$_ssSetOutputPortSymbolicDimsId 000000018007bfb0     SpeedgoatCANOpen2Buses1ms_sfun_registry.obj
 0004:00001fbc       $pdata$_ssGetCompOutputPortSymbolicDimsId 000000018007bfbc     SpeedgoatCANOpen2Buses1ms_sfun_registry.obj
 0004:00001fc8       $pdata$_ssSetCompOutputPortSymbolicDimsId 000000018007bfc8     SpeedgoatCANOpen2Buses1ms_sfun_registry.obj
 0004:00001fd4       $pdata$_ssSetCompDWorkSymbolicDimsId 000000018007bfd4     SpeedgoatCANOpen2Buses1ms_sfun_registry.obj
 0004:00001fe0       $pdata$sf_process_check_sum_call 000000018007bfe0     SpeedgoatCANOpen2Buses1ms_sfun_registry.obj
 0004:00001fec       $pdata$sf_process_testpoint_info_call 000000018007bfec     SpeedgoatCANOpen2Buses1ms_sfun_registry.obj
 0004:00001ff8       $pdata$sf_process_autoinheritance_call 000000018007bff8     SpeedgoatCANOpen2Buses1ms_sfun_registry.obj
 0004:00002004       $pdata$sf_process_get_third_party_uses_info_call 000000018007c004     SpeedgoatCANOpen2Buses1ms_sfun_registry.obj
 0004:00002010       $pdata$sf_process_get_jit_fallback_info_call 000000018007c010     SpeedgoatCANOpen2Buses1ms_sfun_registry.obj
 0004:0000201c       $pdata$sf_process_get_updateBuildInfo_args_info_call 000000018007c01c     SpeedgoatCANOpen2Buses1ms_sfun_registry.obj
 0004:00002028       $pdata$sf_process_get_eml_resolved_functions_info_call 000000018007c028     SpeedgoatCANOpen2Buses1ms_sfun_registry.obj
 0004:00002034       $pdata$sf_mex_unlock_call  000000018007c034     SpeedgoatCANOpen2Buses1ms_sfun_registry.obj
 0004:00002040       $pdata$sf_debug_api_wrapper 000000018007c040     SpeedgoatCANOpen2Buses1ms_sfun_registry.obj
 0004:0000204c       $pdata$ProcessMexSfunctionCmdLineCall 000000018007c04c     SpeedgoatCANOpen2Buses1ms_sfun_registry.obj
 0004:00002058       $pdata$sf_machine_global_initializer_called 000000018007c058     SpeedgoatCANOpen2Buses1ms_sfun_registry.obj
 0004:00002064       $pdata$sf_machine_global_method_dispatcher 000000018007c064     SpeedgoatCANOpen2Buses1ms_sfun_registry.obj
 0004:00002070       $pdata$sf_machine_global_terminator 000000018007c070     SpeedgoatCANOpen2Buses1ms_sfun_registry.obj
 0004:0000207c       $pdata$sf_register_machine_exported_symbols 000000018007c07c     SpeedgoatCANOpen2Buses1ms_sfun_registry.obj
 0004:00002088       $pdata$sf_machine_global_initializer 000000018007c088     SpeedgoatCANOpen2Buses1ms_sfun_registry.obj
 0004:00002094       $pdata$mdlGetSimState      000000018007c094     SpeedgoatCANOpen2Buses1ms_sfun_registry.obj
 0004:000020a0       $pdata$mdlSetSimState      000000018007c0a0     SpeedgoatCANOpen2Buses1ms_sfun_registry.obj
 0004:000020ac       $pdata$mdlSetWorkWidths    000000018007c0ac     SpeedgoatCANOpen2Buses1ms_sfun_registry.obj
 0004:000020b8       $pdata$mdlProcessParameters 000000018007c0b8     SpeedgoatCANOpen2Buses1ms_sfun_registry.obj
 0004:000020c4       $pdata$mdl_start_processing 000000018007c0c4     SpeedgoatCANOpen2Buses1ms_sfun_registry.obj
 0004:000020d0       $pdata$mdl_terminate_processing 000000018007c0d0     SpeedgoatCANOpen2Buses1ms_sfun_registry.obj
 0004:000020dc       $pdata$mdlStart            000000018007c0dc     SpeedgoatCANOpen2Buses1ms_sfun_registry.obj
 0004:000020e8       $pdata$mdlTerminate        000000018007c0e8     SpeedgoatCANOpen2Buses1ms_sfun_registry.obj
 0004:000020f4       $pdata$mdlInitializeSizes  000000018007c0f4     SpeedgoatCANOpen2Buses1ms_sfun_registry.obj
 0004:00002100       $pdata$mdlInitializeSampleTimes 000000018007c100     SpeedgoatCANOpen2Buses1ms_sfun_registry.obj
 0004:0000210c       $pdata$mdl_outputs_continuous_legacy 000000018007c10c     SpeedgoatCANOpen2Buses1ms_sfun_registry.obj
 0004:00002118       $pdata$mdl_outputs_processing 000000018007c118     SpeedgoatCANOpen2Buses1ms_sfun_registry.obj
 0004:00002124       $pdata$mdl_zeroCrossings_processing 000000018007c124     SpeedgoatCANOpen2Buses1ms_sfun_registry.obj
 0004:00002130       $pdata$mdlZeroCrossings    000000018007c130     SpeedgoatCANOpen2Buses1ms_sfun_registry.obj
 0004:0000213c       $pdata$mdl_derivatives_processing 000000018007c13c     SpeedgoatCANOpen2Buses1ms_sfun_registry.obj
 0004:00002148       $pdata$mdlDerivatives      000000018007c148     SpeedgoatCANOpen2Buses1ms_sfun_registry.obj
 0004:00002154       $pdata$mdl_initialize_conditions_processing 000000018007c154     SpeedgoatCANOpen2Buses1ms_sfun_registry.obj
 0004:00002160       $pdata$mdlInitializeConditions 000000018007c160     SpeedgoatCANOpen2Buses1ms_sfun_registry.obj
 0004:0000216c       $pdata$mdl_ext_mode_exec_processing 000000018007c16c     SpeedgoatCANOpen2Buses1ms_sfun_registry.obj
 0004:00002178       $pdata$mdlExtModeExec      000000018007c178     SpeedgoatCANOpen2Buses1ms_sfun_registry.obj
 0004:00002184       $pdata$mdlRTW              000000018007c184     SpeedgoatCANOpen2Buses1ms_sfun_registry.obj
 0004:00002190       $pdata$mdl_enable_processing 000000018007c190     SpeedgoatCANOpen2Buses1ms_sfun_registry.obj
 0004:0000219c       $pdata$mdlEnable           000000018007c19c     SpeedgoatCANOpen2Buses1ms_sfun_registry.obj
 0004:000021a8       $pdata$mdl_disable_processing 000000018007c1a8     SpeedgoatCANOpen2Buses1ms_sfun_registry.obj
 0004:000021b4       $pdata$mdlDisable          000000018007c1b4     SpeedgoatCANOpen2Buses1ms_sfun_registry.obj
 0004:000021c0       $pdata$mdlOutputs          000000018007c1c0     SpeedgoatCANOpen2Buses1ms_sfun_registry.obj
 0004:000021cc       $pdata$mdl_update_processing 000000018007c1cc     SpeedgoatCANOpen2Buses1ms_sfun_registry.obj
 0004:000021d8       $pdata$mdlUpdate           000000018007c1d8     SpeedgoatCANOpen2Buses1ms_sfun_registry.obj
 0004:000021e4       $pdata$ProcessMexSfunctionEveryCall 000000018007c1e4     SpeedgoatCANOpen2Buses1ms_sfun_registry.obj
 0004:000021f0       $pdata$_RegNumInputPortsCB 000000018007c1f0     SpeedgoatCANOpen2Buses1ms_sfun_registry.obj
 0004:000021fc       $pdata$_RegNumOutputPortsCB 000000018007c1fc     SpeedgoatCANOpen2Buses1ms_sfun_registry.obj
 0004:00002208       $pdata$_CreateSimStruct    000000018007c208     SpeedgoatCANOpen2Buses1ms_sfun_registry.obj
 0004:00002214       $pdata$_ProcessMexSfunctionCmdLineCall 000000018007c214     SpeedgoatCANOpen2Buses1ms_sfun_registry.obj
 0004:00002220       $pdata$ReportIndexOutOfBoundsError 000000018007c220     SpeedgoatCANOpen2Buses1ms_sfun_registry.obj
 0004:0000222c       $pdata$_vsnprintf_l        000000018007c22c     SpeedgoatCANOpen2Buses1ms_sfun_registry.obj
 0004:00002238       $pdata$_vsprintf_l         000000018007c238     SpeedgoatCANOpen2Buses1ms_sfun_registry.obj
 0004:00002244       $pdata$sprintf             000000018007c244     SpeedgoatCANOpen2Buses1ms_sfun_registry.obj
 0004:00002250       $pdata$__raise_securityfailure 000000018007c250     MSVCRT:gs_report.obj
 0004:0000225c       $pdata$__report_gsfailure  000000018007c25c     MSVCRT:gs_report.obj
 0004:00002268       $pdata$__report_rangecheckfailure 000000018007c268     MSVCRT:gs_report.obj
 0004:00002274       $pdata$__report_securityfailure 000000018007c274     MSVCRT:gs_report.obj
 0004:00002280       $pdata$__report_securityfailureEx 000000018007c280     MSVCRT:gs_report.obj
 0004:0000228c       $pdata$capture_current_context 000000018007c28c     MSVCRT:gs_report.obj
 0004:00002298       $pdata$capture_previous_context 000000018007c298     MSVCRT:gs_report.obj
 0004:000022a4       $pdata$__GSHandlerCheck    000000018007c2a4     MSVCRT:gshandler.obj
 0004:000022b0       $pdata$__GSHandlerCheckCommon 000000018007c2b0     MSVCRT:gshandler.obj
 0004:000022c8       $pdata$?dllmain_crt_dispatch@@YAHQEAUHINSTANCE__@@KQEAX@Z 000000018007c2c8     MSVCRT:dll_dllmain.obj
 0004:000022d4       $pdata$?dllmain_crt_process_attach@@YAHQEAUHINSTANCE__@@QEAX@Z 000000018007c2d4     MSVCRT:dll_dllmain.obj
 0004:000022e0       $pdata$?dllmain_crt_process_detach@@YAH_N@Z 000000018007c2e0     MSVCRT:dll_dllmain.obj
 0004:000022ec       $pdata$?dllmain_dispatch@@YAHQEAUHINSTANCE__@@KQEAX@Z 000000018007c2ec     MSVCRT:dll_dllmain.obj
 0004:000022f8       $pdata$_DllMainCRTStartup  000000018007c2f8     MSVCRT:dll_dllmain.obj
 0004:00002304       $pdata$__get_entropy       000000018007c304     MSVCRT:gs_support.obj
 0004:00002310       $pdata$__security_init_cookie 000000018007c310     MSVCRT:gs_support.obj
 0004:0000231c       $pdata$DllMain             000000018007c31c     MSVCRT:dll_dllmain_stub.obj
 0004:00002328       $pdata$__scrt_initialize_default_local_stdio_options 000000018007c328     MSVCRT:default_local_stdio_options.obj
 0004:00002334       $pdata$?configure_argv@__scrt_narrow_argv_policy@@SAHXZ 000000018007c334     MSVCRT:utility.obj
 0004:00002340       $pdata$__scrt_acquire_startup_lock 000000018007c340     MSVCRT:utility.obj
 0004:0000234c       $pdata$__scrt_dllmain_after_initialize_c 000000018007c34c     MSVCRT:utility.obj
 0004:00002358       $pdata$__scrt_dllmain_before_initialize_c 000000018007c358     MSVCRT:utility.obj
 0004:00002364       $pdata$__scrt_dllmain_crt_thread_attach 000000018007c364     MSVCRT:utility.obj
 0004:00002370       $pdata$__scrt_dllmain_crt_thread_detach 000000018007c370     MSVCRT:utility.obj
 0004:0000237c       $pdata$__scrt_dllmain_exception_filter 000000018007c37c     MSVCRT:utility.obj
 0004:00002388       $pdata$__scrt_dllmain_uninitialize_c 000000018007c388     MSVCRT:utility.obj
 0004:00002394       $pdata$__scrt_dllmain_uninitialize_critical 000000018007c394     MSVCRT:utility.obj
 0004:000023a0       $pdata$__scrt_initialize_crt 000000018007c3a0     MSVCRT:utility.obj
 0004:000023ac       $pdata$__scrt_initialize_onexit_tables 000000018007c3ac     MSVCRT:utility.obj
 0004:000023b8       $pdata$__scrt_is_nonwritable_in_current_image 000000018007c3b8     MSVCRT:utility.obj
 0004:000023c4       $pdata$__scrt_release_startup_lock 000000018007c3c4     MSVCRT:utility.obj
 0004:000023d0       $pdata$__scrt_uninitialize_crt 000000018007c3d0     MSVCRT:utility.obj
 0004:000023dc       $pdata$_onexit             000000018007c3dc     MSVCRT:utility.obj
 0004:000023e8       $pdata$atexit              000000018007c3e8     MSVCRT:utility.obj
 0004:000023f4       $pdata$__scrt_fastfail     000000018007c3f4     MSVCRT:utility_desktop.obj
 0004:00002400       $pdata$__scrt_get_show_window_mode 000000018007c400     MSVCRT:utility_desktop.obj
 0004:0000240c       $pdata$__scrt_is_managed_app 000000018007c40c     MSVCRT:utility_desktop.obj
 0004:00002418       $pdata$__scrt_unhandled_exception_filter 000000018007c418     MSVCRT:utility_desktop.obj
 0004:00002424       $pdata$_RTC_Initialize     000000018007c424     MSVCRT:initsect.obj
 0004:00002430       $pdata$_RTC_Terminate      000000018007c430     MSVCRT:initsect.obj
 0004:0000243c       $pdata$__isa_available_init 000000018007c43c     MSVCRT:cpu_disp.obj
 0004:00002454       $pdata$?fin$0@?0??dllmain_crt_process_attach@@YAHQEAUHINSTANCE__@@QEAX@Z@4HA 000000018007c454     MSVCRT:dll_dllmain.obj
 0004:00002460       $pdata$?fin$0@?0??dllmain_crt_process_detach@@YAH_N@Z@4HA 000000018007c460     MSVCRT:dll_dllmain.obj
 0004:0000246c       $pdata$?filt$0@?0??dllmain_dispatch@@YAHQEAUHINSTANCE__@@KQEAX@Z@4HA 000000018007c46c     MSVCRT:dll_dllmain.obj
 0004:00002478       $pdata$__scrt_is_nonwritable_in_current_image$filt$0 000000018007c478     MSVCRT:utility.obj
