 SpeedgoatCANOpen2Buses1ms_sfun

 Timestamp is 635ce10a (Sat Oct 29 11:15:06 2022)

 Preferred load address is 0000000180000000

 Start         Length     Name                   Class
 0001:00000000 00059c90H .text$mn                CODE
 0001:00059c90 00000012H .text$mn$00             CODE
 0001:00059ca2 00000081H .text$x                 CODE
 0002:00000000 00000520H .idata$5                DATA
 0002:00000520 00000010H .00cfg                  DATA
 0002:00000530 00000008H .CRT$XCA                DATA
 0002:00000538 00000008H .CRT$XCZ                DATA
 0002:00000540 00000008H .CRT$XIA                DATA
 0002:00000548 00000008H .CRT$XIZ                DATA
 0002:00000550 00000008H .CRT$XPA                DATA
 0002:00000558 00000008H .CRT$XPZ                DATA
 0002:00000560 00000008H .CRT$XTA                DATA
 0002:00000568 00000008H .CRT$XTZ                DATA
 0002:00000570 00000000H .gfids$y                DATA
 0002:00000570 000003e0H .rdata                  DATA
 0002:00000950 00000218H .rdata$zzzdbg           DATA
 0002:00000b68 00000008H .rtc$IAA                DATA
 0002:00000b70 00000008H .rtc$IZZ                DATA
 0002:00000b78 00000008H .rtc$TAA                DATA
 0002:00000b80 00000008H .rtc$TZZ                DATA
 0002:00000b88 00001998H .xdata                  DATA
 0002:00002520 00000088H .edata                  DATA
 0002:000025a8 000000dcH .idata$2                DATA
 0002:00002684 00000014H .idata$3                DATA
 0002:00002698 00000520H .idata$4                DATA
 0002:00002bb8 00000fb6H .idata$6                DATA
 0003:00000000 0000b800H .data                   DATA
 0003:0000b800 00000830H .bss                    DATA
 0004:00000000 00002208H .pdata                  DATA

  Address         Publics by Value              Rva+Base               Lib:Object

 0000:00000000       ___safe_se_handler_count   0000000000000000     <absolute>
 0000:00000000       ___safe_se_handler_table   0000000000000000     <absolute>
 0000:00000000       __guard_fids_count         0000000000000000     <absolute>
 0000:00000000       __guard_fids_table         0000000000000000     <absolute>
 0000:00000000       __dynamic_value_reloc_table 0000000000000000     <absolute>
 0000:00000000       __hybrid_code_map          0000000000000000     <absolute>
 0000:00000000       __guard_longjmp_table      0000000000000000     <absolute>
 0000:00000000       __enclave_config           0000000000000000     <absolute>
 0000:00000000       __hybrid_code_map_count    0000000000000000     <absolute>
 0000:00000000       __guard_longjmp_count      0000000000000000     <absolute>
 0000:00000000       __guard_iat_count          0000000000000000     <absolute>
 0000:00000000       __hybrid_auxiliary_iat     0000000000000000     <absolute>
 0000:00000000       __guard_iat_table          0000000000000000     <absolute>
 0000:00000000       __volatile_metadata        0000000000000000     <absolute>
 0000:00000100       __guard_flags              0000000000000100     <absolute>
 0000:00000000       __ImageBase                0000000180000000     <linker-defined>
 0001:00000000       SpeedgoatCANOpen2Buses1ms_initializer 0000000180001000 f   SpeedgoatCANOpen2Buses1ms_sfun.obj
 0001:00000010       SpeedgoatCANOpen2Buses1ms_terminator 0000000180001010 f   SpeedgoatCANOpen2Buses1ms_sfun.obj
 0001:00000020       load_SpeedgoatCANOpen2Buses1ms_optimization_info 0000000180001020 f   SpeedgoatCANOpen2Buses1ms_sfun.obj
 0001:000000d0       unload_SpeedgoatCANOpen2Buses1ms_optimization_info 00000001800010d0 f   SpeedgoatCANOpen2Buses1ms_sfun.obj
 0001:00000100       sf_SpeedgoatCANOpen2Buses1ms_method_dispatcher 0000000180001100 f   SpeedgoatCANOpen2Buses1ms_sfun.obj
 0001:00000280       sf_SpeedgoatCANOpen2Buses1ms_process_testpoint_info_call 0000000180001280 f   SpeedgoatCANOpen2Buses1ms_sfun.obj
 0001:000005f0       sf_SpeedgoatCANOpen2Buses1ms_process_check_sum_call 00000001800015f0 f   SpeedgoatCANOpen2Buses1ms_sfun.obj
 0001:00000be0       sf_SpeedgoatCANOpen2Buses1ms_autoinheritance_info 0000000180001be0 f   SpeedgoatCANOpen2Buses1ms_sfun.obj
 0001:00001170       sf_SpeedgoatCANOpen2Buses1ms_get_eml_resolved_functions_info 0000000180002170 f   SpeedgoatCANOpen2Buses1ms_sfun.obj
 0001:000016b0       sf_SpeedgoatCANOpen2Buses1ms_third_party_uses_info 00000001800026b0 f   SpeedgoatCANOpen2Buses1ms_sfun.obj
 0001:00001ac0       sf_SpeedgoatCANOpen2Buses1ms_jit_fallback_info 0000000180002ac0 f   SpeedgoatCANOpen2Buses1ms_sfun.obj
 0001:00001ed0       sf_SpeedgoatCANOpen2Buses1ms_updateBuildInfo_args_info 0000000180002ed0 f   SpeedgoatCANOpen2Buses1ms_sfun.obj
 0001:000022e0       SpeedgoatCANOpen2Buses1ms_debug_initialize 00000001800032e0 f   SpeedgoatCANOpen2Buses1ms_sfun.obj
 0001:00002360       SpeedgoatCANOpen2Buses1ms_register_exported_symbols 0000000180003360 f   SpeedgoatCANOpen2Buses1ms_sfun.obj
 0001:00002370       sf_c1_SpeedgoatCANOpen2Buses1ms_get_eml_resolved_functions_info 0000000180003370 f   c1_SpeedgoatCANOpen2Buses1ms.obj
 0001:000023f0       sf_c1_SpeedgoatCANOpen2Buses1ms_get_check_sum 00000001800033f0 f   c1_SpeedgoatCANOpen2Buses1ms.obj
 0001:000024c0       c1_SpeedgoatCANOpen2Buses1ms_method_dispatcher 00000001800034c0 f   c1_SpeedgoatCANOpen2Buses1ms.obj
 0001:00009d40       sf_c1_SpeedgoatCANOpen2Buses1ms_get_post_codegen_info 000000018000ad40 f   c1_SpeedgoatCANOpen2Buses1ms.obj
 0001:00009e10       sf_c1_SpeedgoatCANOpen2Buses1ms_get_autoinheritance_info 000000018000ae10 f   c1_SpeedgoatCANOpen2Buses1ms.obj
 0001:0000ab70       sf_c1_SpeedgoatCANOpen2Buses1ms_third_party_uses_info 000000018000bb70 f   c1_SpeedgoatCANOpen2Buses1ms.obj
 0001:0000aba0       sf_c1_SpeedgoatCANOpen2Buses1ms_jit_fallback_info 000000018000bba0 f   c1_SpeedgoatCANOpen2Buses1ms.obj
 0001:0000ad30       sf_c1_SpeedgoatCANOpen2Buses1ms_updateBuildInfo_args_info 000000018000bd30 f   c1_SpeedgoatCANOpen2Buses1ms.obj
 0001:0000b250       sf_c1_SpeedgoatCANOpen2Buses1ms_get_testpoint_info 000000018000c250 f   c1_SpeedgoatCANOpen2Buses1ms.obj
 0001:0000bc90       sf_c2_SpeedgoatCANOpen2Buses1ms_get_eml_resolved_functions_info 000000018000cc90 f   c2_SpeedgoatCANOpen2Buses1ms.obj
 0001:0000bd10       sf_c2_SpeedgoatCANOpen2Buses1ms_get_check_sum 000000018000cd10 f   c2_SpeedgoatCANOpen2Buses1ms.obj
 0001:0000bde0       c2_SpeedgoatCANOpen2Buses1ms_method_dispatcher 000000018000cde0 f   c2_SpeedgoatCANOpen2Buses1ms.obj
 0001:00013660       sf_c2_SpeedgoatCANOpen2Buses1ms_get_post_codegen_info 0000000180014660 f   c2_SpeedgoatCANOpen2Buses1ms.obj
 0001:00013730       sf_c2_SpeedgoatCANOpen2Buses1ms_get_autoinheritance_info 0000000180014730 f   c2_SpeedgoatCANOpen2Buses1ms.obj
 0001:00014490       sf_c2_SpeedgoatCANOpen2Buses1ms_third_party_uses_info 0000000180015490 f   c2_SpeedgoatCANOpen2Buses1ms.obj
 0001:000144c0       sf_c2_SpeedgoatCANOpen2Buses1ms_jit_fallback_info 00000001800154c0 f   c2_SpeedgoatCANOpen2Buses1ms.obj
 0001:00014650       sf_c2_SpeedgoatCANOpen2Buses1ms_updateBuildInfo_args_info 0000000180015650 f   c2_SpeedgoatCANOpen2Buses1ms.obj
 0001:00014b70       sf_c2_SpeedgoatCANOpen2Buses1ms_get_testpoint_info 0000000180015b70 f   c2_SpeedgoatCANOpen2Buses1ms.obj
 0001:000155b0       sf_c3_SpeedgoatCANOpen2Buses1ms_get_eml_resolved_functions_info 00000001800165b0 f   c3_SpeedgoatCANOpen2Buses1ms.obj
 0001:00015630       sf_c3_SpeedgoatCANOpen2Buses1ms_get_check_sum 0000000180016630 f   c3_SpeedgoatCANOpen2Buses1ms.obj
 0001:00015700       c3_SpeedgoatCANOpen2Buses1ms_method_dispatcher 0000000180016700 f   c3_SpeedgoatCANOpen2Buses1ms.obj
 0001:0001ea20       sf_c3_SpeedgoatCANOpen2Buses1ms_get_post_codegen_info 000000018001fa20 f   c3_SpeedgoatCANOpen2Buses1ms.obj
 0001:0001eaf0       sf_c3_SpeedgoatCANOpen2Buses1ms_get_autoinheritance_info 000000018001faf0 f   c3_SpeedgoatCANOpen2Buses1ms.obj
 0001:0001f990       sf_c3_SpeedgoatCANOpen2Buses1ms_third_party_uses_info 0000000180020990 f   c3_SpeedgoatCANOpen2Buses1ms.obj
 0001:0001f9c0       sf_c3_SpeedgoatCANOpen2Buses1ms_jit_fallback_info 00000001800209c0 f   c3_SpeedgoatCANOpen2Buses1ms.obj
 0001:0001fb50       sf_c3_SpeedgoatCANOpen2Buses1ms_updateBuildInfo_args_info 0000000180020b50 f   c3_SpeedgoatCANOpen2Buses1ms.obj
 0001:00020080       sf_c3_SpeedgoatCANOpen2Buses1ms_get_testpoint_info 0000000180021080 f   c3_SpeedgoatCANOpen2Buses1ms.obj
 0001:00020ac0       sf_c4_SpeedgoatCANOpen2Buses1ms_get_eml_resolved_functions_info 0000000180021ac0 f   c4_SpeedgoatCANOpen2Buses1ms.obj
 0001:00020b40       sf_c4_SpeedgoatCANOpen2Buses1ms_get_check_sum 0000000180021b40 f   c4_SpeedgoatCANOpen2Buses1ms.obj
 0001:00020c10       c4_SpeedgoatCANOpen2Buses1ms_method_dispatcher 0000000180021c10 f   c4_SpeedgoatCANOpen2Buses1ms.obj
 0001:000241b0       sf_c4_SpeedgoatCANOpen2Buses1ms_get_post_codegen_info 00000001800251b0 f   c4_SpeedgoatCANOpen2Buses1ms.obj
 0001:00024280       sf_c4_SpeedgoatCANOpen2Buses1ms_get_autoinheritance_info 0000000180025280 f   c4_SpeedgoatCANOpen2Buses1ms.obj
 0001:000246e0       sf_c4_SpeedgoatCANOpen2Buses1ms_third_party_uses_info 00000001800256e0 f   c4_SpeedgoatCANOpen2Buses1ms.obj
 0001:00024710       sf_c4_SpeedgoatCANOpen2Buses1ms_jit_fallback_info 0000000180025710 f   c4_SpeedgoatCANOpen2Buses1ms.obj
 0001:000248a0       sf_c4_SpeedgoatCANOpen2Buses1ms_updateBuildInfo_args_info 00000001800258a0 f   c4_SpeedgoatCANOpen2Buses1ms.obj
 0001:00024dc0       sf_c4_SpeedgoatCANOpen2Buses1ms_get_testpoint_info 0000000180025dc0 f   c4_SpeedgoatCANOpen2Buses1ms.obj
 0001:000257b0       sf_c5_SpeedgoatCANOpen2Buses1ms_get_eml_resolved_functions_info 00000001800267b0 f   c5_SpeedgoatCANOpen2Buses1ms.obj
 0001:00025830       sf_c5_SpeedgoatCANOpen2Buses1ms_get_check_sum 0000000180026830 f   c5_SpeedgoatCANOpen2Buses1ms.obj
 0001:00025900       c5_SpeedgoatCANOpen2Buses1ms_method_dispatcher 0000000180026900 f   c5_SpeedgoatCANOpen2Buses1ms.obj
 0001:00029220       sf_c5_SpeedgoatCANOpen2Buses1ms_get_post_codegen_info 000000018002a220 f   c5_SpeedgoatCANOpen2Buses1ms.obj
 0001:000292f0       sf_c5_SpeedgoatCANOpen2Buses1ms_get_autoinheritance_info 000000018002a2f0 f   c5_SpeedgoatCANOpen2Buses1ms.obj
 0001:00029880       sf_c5_SpeedgoatCANOpen2Buses1ms_third_party_uses_info 000000018002a880 f   c5_SpeedgoatCANOpen2Buses1ms.obj
 0001:000298b0       sf_c5_SpeedgoatCANOpen2Buses1ms_jit_fallback_info 000000018002a8b0 f   c5_SpeedgoatCANOpen2Buses1ms.obj
 0001:00029a40       sf_c5_SpeedgoatCANOpen2Buses1ms_updateBuildInfo_args_info 000000018002aa40 f   c5_SpeedgoatCANOpen2Buses1ms.obj
 0001:00029f60       sf_c5_SpeedgoatCANOpen2Buses1ms_get_testpoint_info 000000018002af60 f   c5_SpeedgoatCANOpen2Buses1ms.obj
 0001:0002a9a0       sf_c12_SpeedgoatCANOpen2Buses1ms_get_eml_resolved_functions_info 000000018002b9a0 f   c12_SpeedgoatCANOpen2Buses1ms.obj
 0001:0002aa20       sf_c12_SpeedgoatCANOpen2Buses1ms_get_check_sum 000000018002ba20 f   c12_SpeedgoatCANOpen2Buses1ms.obj
 0001:0002aaf0       c12_SpeedgoatCANOpen2Buses1ms_method_dispatcher 000000018002baf0 f   c12_SpeedgoatCANOpen2Buses1ms.obj
 0001:00032370       sf_c12_SpeedgoatCANOpen2Buses1ms_get_post_codegen_info 0000000180033370 f   c12_SpeedgoatCANOpen2Buses1ms.obj
 0001:00032440       sf_c12_SpeedgoatCANOpen2Buses1ms_get_autoinheritance_info 0000000180033440 f   c12_SpeedgoatCANOpen2Buses1ms.obj
 0001:000331a0       sf_c12_SpeedgoatCANOpen2Buses1ms_third_party_uses_info 00000001800341a0 f   c12_SpeedgoatCANOpen2Buses1ms.obj
 0001:000331d0       sf_c12_SpeedgoatCANOpen2Buses1ms_jit_fallback_info 00000001800341d0 f   c12_SpeedgoatCANOpen2Buses1ms.obj
 0001:00033360       sf_c12_SpeedgoatCANOpen2Buses1ms_updateBuildInfo_args_info 0000000180034360 f   c12_SpeedgoatCANOpen2Buses1ms.obj
 0001:00033880       sf_c12_SpeedgoatCANOpen2Buses1ms_get_testpoint_info 0000000180034880 f   c12_SpeedgoatCANOpen2Buses1ms.obj
 0001:000342c0       sf_c13_SpeedgoatCANOpen2Buses1ms_get_eml_resolved_functions_info 00000001800352c0 f   c13_SpeedgoatCANOpen2Buses1ms.obj
 0001:00034340       sf_c13_SpeedgoatCANOpen2Buses1ms_get_check_sum 0000000180035340 f   c13_SpeedgoatCANOpen2Buses1ms.obj
 0001:00034410       c13_SpeedgoatCANOpen2Buses1ms_method_dispatcher 0000000180035410 f   c13_SpeedgoatCANOpen2Buses1ms.obj
 0001:00039210       sf_c13_SpeedgoatCANOpen2Buses1ms_get_post_codegen_info 000000018003a210 f   c13_SpeedgoatCANOpen2Buses1ms.obj
 0001:000392e0       sf_c13_SpeedgoatCANOpen2Buses1ms_get_autoinheritance_info 000000018003a2e0 f   c13_SpeedgoatCANOpen2Buses1ms.obj
 0001:0003a040       sf_c13_SpeedgoatCANOpen2Buses1ms_third_party_uses_info 000000018003b040 f   c13_SpeedgoatCANOpen2Buses1ms.obj
 0001:0003a070       sf_c13_SpeedgoatCANOpen2Buses1ms_jit_fallback_info 000000018003b070 f   c13_SpeedgoatCANOpen2Buses1ms.obj
 0001:0003a200       sf_c13_SpeedgoatCANOpen2Buses1ms_updateBuildInfo_args_info 000000018003b200 f   c13_SpeedgoatCANOpen2Buses1ms.obj
 0001:0003a720       sf_c13_SpeedgoatCANOpen2Buses1ms_get_testpoint_info 000000018003b720 f   c13_SpeedgoatCANOpen2Buses1ms.obj
 0001:0003b260       sf_c24_SpeedgoatCANOpen2Buses1ms_get_eml_resolved_functions_info 000000018003c260 f   c24_SpeedgoatCANOpen2Buses1ms.obj
 0001:0003b2e0       sf_c24_SpeedgoatCANOpen2Buses1ms_get_check_sum 000000018003c2e0 f   c24_SpeedgoatCANOpen2Buses1ms.obj
 0001:0003b3b0       c24_SpeedgoatCANOpen2Buses1ms_method_dispatcher 000000018003c3b0 f   c24_SpeedgoatCANOpen2Buses1ms.obj
 0001:0003fb10       sf_c24_SpeedgoatCANOpen2Buses1ms_get_post_codegen_info 0000000180040b10 f   c24_SpeedgoatCANOpen2Buses1ms.obj
 0001:0003fbe0       sf_c24_SpeedgoatCANOpen2Buses1ms_get_autoinheritance_info 0000000180040be0 f   c24_SpeedgoatCANOpen2Buses1ms.obj
 0001:00040170       sf_c24_SpeedgoatCANOpen2Buses1ms_third_party_uses_info 0000000180041170 f   c24_SpeedgoatCANOpen2Buses1ms.obj
 0001:000401a0       sf_c24_SpeedgoatCANOpen2Buses1ms_jit_fallback_info 00000001800411a0 f   c24_SpeedgoatCANOpen2Buses1ms.obj
 0001:00040330       sf_c24_SpeedgoatCANOpen2Buses1ms_updateBuildInfo_args_info 0000000180041330 f   c24_SpeedgoatCANOpen2Buses1ms.obj
 0001:00040850       sf_c24_SpeedgoatCANOpen2Buses1ms_get_testpoint_info 0000000180041850 f   c24_SpeedgoatCANOpen2Buses1ms.obj
 0001:00041290       sf_c26_SpeedgoatCANOpen2Buses1ms_get_eml_resolved_functions_info 0000000180042290 f   c26_SpeedgoatCANOpen2Buses1ms.obj
 0001:00041310       sf_c26_SpeedgoatCANOpen2Buses1ms_get_check_sum 0000000180042310 f   c26_SpeedgoatCANOpen2Buses1ms.obj
 0001:000413e0       c26_SpeedgoatCANOpen2Buses1ms_method_dispatcher 00000001800423e0 f   c26_SpeedgoatCANOpen2Buses1ms.obj
 0001:00047a50       sf_c26_SpeedgoatCANOpen2Buses1ms_get_post_codegen_info 0000000180048a50 f   c26_SpeedgoatCANOpen2Buses1ms.obj
 0001:00047b20       sf_c26_SpeedgoatCANOpen2Buses1ms_get_autoinheritance_info 0000000180048b20 f   c26_SpeedgoatCANOpen2Buses1ms.obj
 0001:000481f0       sf_c26_SpeedgoatCANOpen2Buses1ms_third_party_uses_info 00000001800491f0 f   c26_SpeedgoatCANOpen2Buses1ms.obj
 0001:00048220       sf_c26_SpeedgoatCANOpen2Buses1ms_jit_fallback_info 0000000180049220 f   c26_SpeedgoatCANOpen2Buses1ms.obj
 0001:000483b0       sf_c26_SpeedgoatCANOpen2Buses1ms_updateBuildInfo_args_info 00000001800493b0 f   c26_SpeedgoatCANOpen2Buses1ms.obj
 0001:000488d0       sf_c26_SpeedgoatCANOpen2Buses1ms_get_testpoint_info 00000001800498d0 f   c26_SpeedgoatCANOpen2Buses1ms.obj
 0001:00049290       sf_c28_SpeedgoatCANOpen2Buses1ms_get_eml_resolved_functions_info 000000018004a290 f   c28_SpeedgoatCANOpen2Buses1ms.obj
 0001:00049310       sf_c28_SpeedgoatCANOpen2Buses1ms_get_check_sum 000000018004a310 f   c28_SpeedgoatCANOpen2Buses1ms.obj
 0001:000493e0       c28_SpeedgoatCANOpen2Buses1ms_method_dispatcher 000000018004a3e0 f   c28_SpeedgoatCANOpen2Buses1ms.obj
 0001:0004d980       sf_c28_SpeedgoatCANOpen2Buses1ms_get_post_codegen_info 000000018004e980 f   c28_SpeedgoatCANOpen2Buses1ms.obj
 0001:0004da50       sf_c28_SpeedgoatCANOpen2Buses1ms_get_autoinheritance_info 000000018004ea50 f   c28_SpeedgoatCANOpen2Buses1ms.obj
 0001:0004dfe0       sf_c28_SpeedgoatCANOpen2Buses1ms_third_party_uses_info 000000018004efe0 f   c28_SpeedgoatCANOpen2Buses1ms.obj
 0001:0004e010       sf_c28_SpeedgoatCANOpen2Buses1ms_jit_fallback_info 000000018004f010 f   c28_SpeedgoatCANOpen2Buses1ms.obj
 0001:0004e1a0       sf_c28_SpeedgoatCANOpen2Buses1ms_updateBuildInfo_args_info 000000018004f1a0 f   c28_SpeedgoatCANOpen2Buses1ms.obj
 0001:0004e6c0       sf_c28_SpeedgoatCANOpen2Buses1ms_get_testpoint_info 000000018004f6c0 f   c28_SpeedgoatCANOpen2Buses1ms.obj
 0001:0004f100       mexFunction                0000000180050100 f   SpeedgoatCANOpen2Buses1ms_sfun_registry.obj
 0001:000516c0       _ssSetInputPortDirectFeedThroughFcn 00000001800526c0 f   SpeedgoatCANOpen2Buses1ms_sfun_registry.obj
 0001:00051830       _ssSetRWorkValueFcn        0000000180052830 f   SpeedgoatCANOpen2Buses1ms_sfun_registry.obj
 0001:000518b0       _ssGetRWorkValueFcn        00000001800528b0 f   SpeedgoatCANOpen2Buses1ms_sfun_registry.obj
 0001:00051920       _ssSetIWorkValueFcn        0000000180052920 f   SpeedgoatCANOpen2Buses1ms_sfun_registry.obj
 0001:000519a0       _ssGetIWorkValueFcn        00000001800529a0 f   SpeedgoatCANOpen2Buses1ms_sfun_registry.obj
 0001:00051a10       _ssSetPWorkValueFcn        0000000180052a10 f   SpeedgoatCANOpen2Buses1ms_sfun_registry.obj
 0001:00051a90       _ssGetPWorkValueFcn        0000000180052a90 f   SpeedgoatCANOpen2Buses1ms_sfun_registry.obj
 0001:00051b00       _ssGetInputPortSignalFcn   0000000180052b00 f   SpeedgoatCANOpen2Buses1ms_sfun_registry.obj
 0001:00051e90       _ssGetInputPortBufferDstPortFcn 0000000180052e90 f   SpeedgoatCANOpen2Buses1ms_sfun_registry.obj
 0001:00051f10       _ssGetInputPortSignalPtrsFcn 0000000180052f10 f   SpeedgoatCANOpen2Buses1ms_sfun_registry.obj
 0001:000522a0       ssGetParameterTuningCompliance 00000001800532a0 f   SpeedgoatCANOpen2Buses1ms_sfun_registry.obj
 0001:00052310       ssGetDTypeIdFromMxArray    0000000180053310 f   SpeedgoatCANOpen2Buses1ms_sfun_registry.obj
 0001:00052430       ssWriteRTWMx2dMatParam     0000000180053430 f   SpeedgoatCANOpen2Buses1ms_sfun_registry.obj
 0001:000524c0       ssWriteRTWMxVectParam      00000001800534c0 f   SpeedgoatCANOpen2Buses1ms_sfun_registry.obj
 0001:00052540       ssWriteRTWParameters       0000000180053540 f   SpeedgoatCANOpen2Buses1ms_sfun_registry.obj
 0001:00052b00       ssWriteRTWParamSettings    0000000180053b00 f   SpeedgoatCANOpen2Buses1ms_sfun_registry.obj
 0001:000531f0       ssWriteRTWStr              00000001800541f0 f   SpeedgoatCANOpen2Buses1ms_sfun_registry.obj
 0001:00053250       ssWriteRTWWorkVect         0000000180054250 f   SpeedgoatCANOpen2Buses1ms_sfun_registry.obj
 0001:000537b0       ssWarning                  00000001800547b0 f   SpeedgoatCANOpen2Buses1ms_sfun_registry.obj
 0001:000538a0       ssWriteRTWNameValuePair    00000001800548a0 f   SpeedgoatCANOpen2Buses1ms_sfun_registry.obj
 0001:00053da0       _ssSetInputPortMatrixDimensions 0000000180054da0 f   SpeedgoatCANOpen2Buses1ms_sfun_registry.obj
 0001:00053ec0       _ssSetOutputPortMatrixDimensions 0000000180054ec0 f   SpeedgoatCANOpen2Buses1ms_sfun_registry.obj
 0001:00053fe0       _ssSetInputPortVectorDimension 0000000180054fe0 f   SpeedgoatCANOpen2Buses1ms_sfun_registry.obj
 0001:00054090       _ssSetOutputPortVectorDimension 0000000180055090 f   SpeedgoatCANOpen2Buses1ms_sfun_registry.obj
 0001:00054140       ssIsRunTimeParamTunable    0000000180055140 f   SpeedgoatCANOpen2Buses1ms_sfun_registry.obj
 0001:000541b0       ssGetSFuncBlockHandle      00000001800551b0 f   SpeedgoatCANOpen2Buses1ms_sfun_registry.obj
 0001:00054220       _ssGetCurrentInputPortWidth 0000000180055220 f   SpeedgoatCANOpen2Buses1ms_sfun_registry.obj
 0001:00054340       _ssGetCurrentOutputPortWidth 0000000180055340 f   SpeedgoatCANOpen2Buses1ms_sfun_registry.obj
 0001:00054460       _ssGetCallSystemNumFcnCallDestinations 0000000180055460 f   SpeedgoatCANOpen2Buses1ms_sfun_registry.obj
 0001:000544d0       ssGetIsZeroCrossControlDisabled 00000001800554d0 f   SpeedgoatCANOpen2Buses1ms_sfun_registry.obj
 0001:00054540       ssSetIsInputPortUsedForContZcSignal 0000000180055540 f   SpeedgoatCANOpen2Buses1ms_sfun_registry.obj
 0001:000545b0       ssSetZcSignalIsZcElementDisc 00000001800555b0 f   SpeedgoatCANOpen2Buses1ms_sfun_registry.obj
 0001:00054660       ssSetZcSignalName          0000000180055660 f   SpeedgoatCANOpen2Buses1ms_sfun_registry.obj
 0001:000546d0       ssSetZcSignalWidth         00000001800556d0 f   SpeedgoatCANOpen2Buses1ms_sfun_registry.obj
 0001:00054740       ssSetZcSignalZcEventType   0000000180055740 f   SpeedgoatCANOpen2Buses1ms_sfun_registry.obj
 0001:000547b0       ssSetZcSignalType          00000001800557b0 f   SpeedgoatCANOpen2Buses1ms_sfun_registry.obj
 0001:00054820       ssSetZcSignalZcTol         0000000180055820 f   SpeedgoatCANOpen2Buses1ms_sfun_registry.obj
 0001:00054890       ssSetZcSignalNeedsEventNotification 0000000180055890 f   SpeedgoatCANOpen2Buses1ms_sfun_registry.obj
 0001:00054900       ssCreateAndAddZcSignalInfo 0000000180055900 f   SpeedgoatCANOpen2Buses1ms_sfun_registry.obj
 0001:00054970       ssCloneAndAddZcSignalInfo  0000000180055970 f   SpeedgoatCANOpen2Buses1ms_sfun_registry.obj
 0001:000549e0       ssGetNumZcSignals          00000001800559e0 f   SpeedgoatCANOpen2Buses1ms_sfun_registry.obj
 0001:00054a50       ssGetZcSignalVector        0000000180055a50 f   SpeedgoatCANOpen2Buses1ms_sfun_registry.obj
 0001:00054ac0       ssGetZcSignalName          0000000180055ac0 f   SpeedgoatCANOpen2Buses1ms_sfun_registry.obj
 0001:00054b30       ssGetZcSignalWidth         0000000180055b30 f   SpeedgoatCANOpen2Buses1ms_sfun_registry.obj
 0001:00054ba0       ssGetZcSignalZcEventType   0000000180055ba0 f   SpeedgoatCANOpen2Buses1ms_sfun_registry.obj
 0001:00054c10       ssGetZcSignalZcEvents      0000000180055c10 f   SpeedgoatCANOpen2Buses1ms_sfun_registry.obj
 0001:00054c80       ssGetZcSignalType          0000000180055c80 f   SpeedgoatCANOpen2Buses1ms_sfun_registry.obj
 0001:00054cf0       ssGetZcSignalZcTol         0000000180055cf0 f   SpeedgoatCANOpen2Buses1ms_sfun_registry.obj
 0001:00054d70       ssGetZcSignalNeedsEventNotification 0000000180055d70 f   SpeedgoatCANOpen2Buses1ms_sfun_registry.obj
 0001:00054de0       ssGetZcSignalIsZcElementDisc 0000000180055de0 f   SpeedgoatCANOpen2Buses1ms_sfun_registry.obj
 0001:00054e80       ssGetIsInputPortElementContinuous 0000000180055e80 f   SpeedgoatCANOpen2Buses1ms_sfun_registry.obj
 0001:00054f20       _ssGetAbsTol               0000000180055f20 f   SpeedgoatCANOpen2Buses1ms_sfun_registry.obj
 0001:00054f90       _ssSetStateAbsTol          0000000180055f90 f   SpeedgoatCANOpen2Buses1ms_sfun_registry.obj
 0001:00055070       _ssSetInputPortReusableFcn 0000000180056070 f   SpeedgoatCANOpen2Buses1ms_sfun_registry.obj
 0001:00055170       _ssSetOutputPortReusableFcn 0000000180056170 f   SpeedgoatCANOpen2Buses1ms_sfun_registry.obj
 0001:00055270       _ssSetSymbolicDimsSupport  0000000180056270 f   SpeedgoatCANOpen2Buses1ms_sfun_registry.obj
 0001:000552e0       _ssRegisterSymbolicDimsExpr 00000001800562e0 f   SpeedgoatCANOpen2Buses1ms_sfun_registry.obj
 0001:00055360       _ssRegisterSymbolicDims    0000000180056360 f   SpeedgoatCANOpen2Buses1ms_sfun_registry.obj
 0001:00055400       _ssRegisterSymbolicDimsString 0000000180056400 f   SpeedgoatCANOpen2Buses1ms_sfun_registry.obj
 0001:00055480       _ssRegisterSymbolicDimsIntValue 0000000180056480 f   SpeedgoatCANOpen2Buses1ms_sfun_registry.obj
 0001:000554f0       _ssRegisterSymbolicDimsPlus 00000001800564f0 f   SpeedgoatCANOpen2Buses1ms_sfun_registry.obj
 0001:00055570       _ssRegisterSymbolicDimsMinus 0000000180056570 f   SpeedgoatCANOpen2Buses1ms_sfun_registry.obj
 0001:000555f0       _ssRegisterSymbolicDimsMultiply 00000001800565f0 f   SpeedgoatCANOpen2Buses1ms_sfun_registry.obj
 0001:00055670       _ssRegisterSymbolicDimsDivide 0000000180056670 f   SpeedgoatCANOpen2Buses1ms_sfun_registry.obj
 0001:000556f0       _ssGetNumSymbolicDims      00000001800566f0 f   SpeedgoatCANOpen2Buses1ms_sfun_registry.obj
 0001:00055760       _ssGetSymbolicDim          0000000180056760 f   SpeedgoatCANOpen2Buses1ms_sfun_registry.obj
 0001:000557e0       _ssSetInputPortSymbolicDimsId 00000001800567e0 f   SpeedgoatCANOpen2Buses1ms_sfun_registry.obj
 0001:00055850       _ssGetCompInputPortSymbolicDimsId 0000000180056850 f   SpeedgoatCANOpen2Buses1ms_sfun_registry.obj
 0001:000558c0       _ssSetCompInputPortSymbolicDimsId 00000001800568c0 f   SpeedgoatCANOpen2Buses1ms_sfun_registry.obj
 0001:00055930       _ssSetOutputPortSymbolicDimsId 0000000180056930 f   SpeedgoatCANOpen2Buses1ms_sfun_registry.obj
 0001:000559a0       _ssGetCompOutputPortSymbolicDimsId 00000001800569a0 f   SpeedgoatCANOpen2Buses1ms_sfun_registry.obj
 0001:00055a10       _ssSetCompOutputPortSymbolicDimsId 0000000180056a10 f   SpeedgoatCANOpen2Buses1ms_sfun_registry.obj
 0001:00055a80       _ssSetCompDWorkSymbolicDimsId 0000000180056a80 f   SpeedgoatCANOpen2Buses1ms_sfun_registry.obj
 0001:00055af0       sf_process_check_sum_call  0000000180056af0 f   SpeedgoatCANOpen2Buses1ms_sfun_registry.obj
 0001:00055b40       sf_process_testpoint_info_call 0000000180056b40 f   SpeedgoatCANOpen2Buses1ms_sfun_registry.obj
 0001:00055b90       sf_process_autoinheritance_call 0000000180056b90 f   SpeedgoatCANOpen2Buses1ms_sfun_registry.obj
 0001:00055dc0       sf_process_get_third_party_uses_info_call 0000000180056dc0 f   SpeedgoatCANOpen2Buses1ms_sfun_registry.obj
 0001:00055ff0       sf_process_get_jit_fallback_info_call 0000000180056ff0 f   SpeedgoatCANOpen2Buses1ms_sfun_registry.obj
 0001:00056220       sf_process_get_updateBuildInfo_args_info_call 0000000180057220 f   SpeedgoatCANOpen2Buses1ms_sfun_registry.obj
 0001:00056450       sf_process_get_eml_resolved_functions_info_call 0000000180057450 f   SpeedgoatCANOpen2Buses1ms_sfun_registry.obj
 0001:00056680       sf_mex_unlock_call         0000000180057680 f   SpeedgoatCANOpen2Buses1ms_sfun_registry.obj
 0001:00056940       sf_machine_global_initializer_called 0000000180057940 f   SpeedgoatCANOpen2Buses1ms_sfun_registry.obj
 0001:00056970       sf_machine_global_method_dispatcher 0000000180057970 f   SpeedgoatCANOpen2Buses1ms_sfun_registry.obj
 0001:000569d0       sf_machine_global_terminator 00000001800579d0 f   SpeedgoatCANOpen2Buses1ms_sfun_registry.obj
 0001:00056a30       sf_register_machine_exported_symbols 0000000180057a30 f   SpeedgoatCANOpen2Buses1ms_sfun_registry.obj
 0001:00056a50       callCustomFcn              0000000180057a50 f   SpeedgoatCANOpen2Buses1ms_sfun_registry.obj
 0001:00056a60       sf_machine_global_initializer 0000000180057a60 f   SpeedgoatCANOpen2Buses1ms_sfun_registry.obj
 0001:00056ae0       mdlGetSimState             0000000180057ae0 f   SpeedgoatCANOpen2Buses1ms_sfun_registry.obj
 0001:00056b20       mdlSetSimState             0000000180057b20 f   SpeedgoatCANOpen2Buses1ms_sfun_registry.obj
 0001:00057390       ProcessMexSfunctionEveryCall 0000000180058390 f   SpeedgoatCANOpen2Buses1ms_sfun_registry.obj
 0001:000584a0       __local_stdio_printf_options 00000001800594a0 f i SpeedgoatCANOpen2Buses1ms_sfun_registry.obj
 0001:000584b0       _vsnprintf_l               00000001800594b0 f i SpeedgoatCANOpen2Buses1ms_sfun_registry.obj
 0001:00058530       _vsprintf_l                0000000180059530 f i SpeedgoatCANOpen2Buses1ms_sfun_registry.obj
 0001:00058580       sprintf                    0000000180059580 f i SpeedgoatCANOpen2Buses1ms_sfun_registry.obj
 0001:000585d0       mexfilerequiredapiversion  00000001800595d0 f   c_mexapi_version.obj
 0001:000585f1       sf_load_rtw_optimization_info 00000001800595f1 f   sf_runtime:sf_runtime.dll
 0001:000585f7       sf_debug_initialize_machine 00000001800595f7 f   sf_runtime:sf_runtime.dll
 0001:000585fd       sf_debug_set_machine_event_thresholds 00000001800595fd f   sf_runtime:sf_runtime.dll
 0001:00058603       sf_debug_set_machine_data_thresholds 0000000180059603 f   sf_runtime:sf_runtime.dll
 0001:00058609       sf_init_ChartRunTimeInfo   0000000180059609 f   sf_runtime:sf_runtime.dll
 0001:0005860f       sf_free_ChartRunTimeInfo   000000018005960f f   sf_runtime:sf_runtime.dll
 0001:00058615       sfrtGetEmlrtCtx            0000000180059615 f   sf_runtime:sf_runtime.dll
 0001:0005861b       sf_get_chart_instance_ptr  000000018005961b f   sf_runtime:sf_runtime.dll
 0001:00058621       sf_rtw_info_uint_prop      0000000180059621 f   sf_runtime:sf_runtime.dll
 0001:00058627       sf_update_buildInfo        0000000180059627 f   sf_runtime:sf_runtime.dll
 0001:0005862d       sf_is_chart_inlinable      000000018005962d f   sf_runtime:sf_runtime.dll
 0001:00058633       sf_mark_chart_reusable_outputs 0000000180059633 f   sf_runtime:sf_runtime.dll
 0001:00058639       sf_mark_chart_expressionable_inputs 0000000180059639 f   sf_runtime:sf_runtime.dll
 0001:0005863f       sim_mode_is_rtw_gen        000000018005963f f   sf_runtime:sf_runtime.dll
 0001:00058645       sim_mode_is_external       0000000180059645 f   sf_runtime:sf_runtime.dll
 0001:0005864b       sim_mode_is_modelref_sim   000000018005964b f   sf_runtime:sf_runtime.dll
 0001:00058651       sf_clear_rtw_identifier    0000000180059651 f   sf_runtime:sf_runtime.dll
 0001:00058657       sf_set_rtw_dwork_info      0000000180059657 f   sf_runtime:sf_runtime.dll
 0001:0005865d       sf_get_dwork_info_from_mat_file 000000018005965d f   sf_runtime:sf_runtime.dll
 0001:00058663       sf_set_encoded_dwork_info  0000000180059663 f   sf_runtime:sf_runtime.dll
 0001:00058669       sf_get_time                0000000180059669 f   sf_runtime:sf_runtime.dll
 0001:0005866f       sf_is_first_init_cond      000000018005966f f   sf_runtime:sf_runtime.dll
 0001:00058675       setLegacyDebuggerFlagForRuntime 0000000180059675 f   sf_runtime:sf_runtime.dll
 0001:0005867b       sf_set_chart_accesses_machine_info 000000018005967b f   sf_runtime:sf_runtime.dll
 0001:00058681       sf_register_codegen_names_for_scoped_functions_defined_by_chart 0000000180059681 f   sf_runtime:sf_runtime.dll
 0001:00058687       ssSetBlockIsPurelyCombinatorial_wrapper 0000000180059687 f   sf_runtime:sf_runtime.dll
 0001:0005868d       sf_mex_error_message       000000018005968d f   sf_runtime:sf_runtime.dll
 0001:00058693       sf_mex_create              0000000180059693 f   sf_runtime:sf_runtime.dll
 0001:00058699       sf_mex_createcellmatrix    0000000180059699 f   sf_runtime:sf_runtime.dll
 0001:0005869f       sf_mex_setcell             000000018005969f f   sf_runtime:sf_runtime.dll
 0001:000586a5       sf_mex_getcell             00000001800596a5 f   sf_runtime:sf_runtime.dll
 0001:000586ab       sf_mex_assign              00000001800596ab f   sf_runtime:sf_runtime.dll
 0001:000586b1       sf_mex_dup                 00000001800596b1 f   sf_runtime:sf_runtime.dll
 0001:000586b7       sf_mex_destroy             00000001800596b7 f   sf_runtime:sf_runtime.dll
 0001:000586bd       sf_mex_import              00000001800596bd f   sf_runtime:sf_runtime.dll
 0001:000586c3       sf_mex_decode_encoded_mx_struct_array 00000001800596c3 f   sf_runtime:sf_runtime.dll
 0001:000586c9       sf_mex_duplicatearraysafe  00000001800596c9 f   sf_runtime:sf_runtime.dll
 0001:000586cf       ssGetDWork_wrapper         00000001800596cf f   sf_runtime:sf_runtime.dll
 0001:000586d5       ssGetInputPortSignal_wrapper 00000001800596d5 f   sf_runtime:sf_runtime.dll
 0001:000586db       ssGetOutputPortSignal_wrapper 00000001800596db f   sf_runtime:sf_runtime.dll
 0001:000586e1       sf_read_before_write_error 00000001800596e1 f   sf_runtime:sf_runtime.dll
 0001:000586e7       sf_debug_initialize_chart  00000001800596e7 f   sf_runtime:sf_runtime.dll
 0001:000586ed       sf_debug_call              00000001800596ed f   sf_runtime:sf_runtime.dll
 0001:000586f3       cv_eval_point              00000001800596f3 f   sf_runtime:sf_runtime.dll
 0001:000586f9       cv_eml_eval                00000001800596f9 f   sf_runtime:sf_runtime.dll
 0001:000586ff       cv_eval_relational         00000001800596ff f   sf_runtime:sf_runtime.dll
 0001:00058705       cv_eml_init_script         0000000180059705 f   sf_runtime:sf_runtime.dll
 0001:0005870b       cv_eml_init_if             000000018005970b f   sf_runtime:sf_runtime.dll
 0001:00058711       cv_eml_init_mcdc           0000000180059711 f   sf_runtime:sf_runtime.dll
 0001:00058717       cv_eml_init_relational     0000000180059717 f   sf_runtime:sf_runtime.dll
 0001:0005871d       sf_debug_reset_current_state_configuration 000000018005971d f   sf_runtime:sf_runtime.dll
 0001:00058723       sf_debug_set_honor_breakpoints 0000000180059723 f   sf_runtime:sf_runtime.dll
 0001:00058729       sf_debug_get_animation     0000000180059729 f   sf_runtime:sf_runtime.dll
 0001:0005872f       sf_debug_set_animation     000000018005972f f   sf_runtime:sf_runtime.dll
 0001:00058735       sf_debug_animate           0000000180059735 f   sf_runtime:sf_runtime.dll
 0001:0005873b       sf_debug_set_chart_data_props 000000018005973b f   sf_runtime:sf_runtime.dll
 0001:00058741       sf_debug_set_chart_data_compiled_props 0000000180059741 f   sf_runtime:sf_runtime.dll
 0001:00058747       sf_debug_symbol_scope_push 0000000180059747 f   sf_runtime:sf_runtime.dll
 0001:0005874d       sf_debug_symbol_scope_push_eml 000000018005974d f   sf_runtime:sf_runtime.dll
 0001:00058753       sf_debug_symbol_scope_pop  0000000180059753 f   sf_runtime:sf_runtime.dll
 0001:00058759       sf_debug_symbol_scope_add_eml_importable 0000000180059759 f   sf_runtime:sf_runtime.dll
 0001:0005875f       sf_debug_set_instance_data_value_ptr 000000018005975f f   sf_runtime:sf_runtime.dll
 0001:00058765       sf_debug_set_chart_disable_implicit_casting 0000000180059765 f   sf_runtime:sf_runtime.dll
 0001:0005876b       sf_debug_set_chart_event_thresholds 000000018005976b f   sf_runtime:sf_runtime.dll
 0001:00058771       sf_debug_set_chart_state_info 0000000180059771 f   sf_runtime:sf_runtime.dll
 0001:00058777       sf_debug_set_chart_decomposition 0000000180059777 f   sf_runtime:sf_runtime.dll
 0001:0005877d       sf_debug_set_chart_substate_count 000000018005977d f   sf_runtime:sf_runtime.dll
 0001:00058783       sf_debug_set_chart_substate_index 0000000180059783 f   sf_runtime:sf_runtime.dll
 0001:00058789       sf_debug_set_chart_state_substate_count 0000000180059789 f   sf_runtime:sf_runtime.dll
 0001:0005878f       sf_debug_data_range_wrapper 000000018005978f f   sf_runtime:sf_runtime.dll
 0001:00058795       sf_debug_cv_init_trans     0000000180059795 f   sf_runtime:sf_runtime.dll
 0001:0005879b       sf_debug_cv_init_chart     000000018005979b f   sf_runtime:sf_runtime.dll
 0001:000587a1       sf_debug_cv_init_state     00000001800597a1 f   sf_runtime:sf_runtime.dll
 0001:000587a7       sf_debug_data_range_error_wrapper_min_max 00000001800597a7 f   sf_runtime:sf_runtime.dll
 0001:000587ad       sf_mex_sub                 00000001800597ad f   sf_runtime:sf_runtime.dll
 0001:000587b3       sf_get_ChartInfoStruct_CodeGen 00000001800597b3 f   sf_runtime:sf_runtime.dll
 0001:000587b9       sf_get_hasSeparateUpdateOutputs 00000001800597b9 f   sf_runtime:sf_runtime.dll
 0001:000587bf       callMdlMethodAndReportError 00000001800597bf f   sf_runtime:sf_runtime.dll
 0001:000587c5       call_sf_machine_global_method_dispatcher 00000001800597c5 f   sf_runtime:sf_runtime.dll
 0001:000587cb       getRuntimeInstanceInfoAsVoid 00000001800597cb f   sf_runtime:sf_runtime.dll
 0001:000587d1       sf_mex_error_direct_call   00000001800597d1 f   sf_runtime:sf_runtime.dll
 0001:000587d7       sf_clear_error_manager_info 00000001800597d7 f   sf_runtime:sf_runtime.dll
 0001:000587dd       sf_debug_create_debug_instance_struct 00000001800597dd f   sf_runtime:sf_runtime.dll
 0001:000587e3       sf_debug_terminate         00000001800597e3 f   sf_runtime:sf_runtime.dll
 0001:000587e9       sf_debug_api               00000001800597e9 f   sf_runtime:sf_runtime.dll
 0001:000587ef       mxIsChar                   00000001800597ef f   libmx:libmx.dll
 0001:000587f5       mxGetScalar                00000001800597f5 f   libmx:libmx.dll
 0001:000587fb       mxGetPr                    00000001800597fb f   libmx:libmx.dll
 0001:00058801       mxDestroyArray             0000000180059801 f   libmx:libmx.dll
 0001:00058807       mxCreateDoubleMatrix_730   0000000180059807 f   libmx:libmx.dll
 0001:0005880d       mxGetString_730            000000018005980d f   libmx:libmx.dll
 0001:00058813       mxDuplicateArray           0000000180059813 f   libmx:libmx.dll
 0001:00058819       mxSetField_730             0000000180059819 f   libmx:libmx.dll
 0001:0005881f       mxCreateDoubleScalar       000000018005981f f   libmx:libmx.dll
 0001:00058825       mxCreateString             0000000180059825 f   libmx:libmx.dll
 0001:0005882b       mxCreateCellMatrix_730     000000018005982b f   libmx:libmx.dll
 0001:00058831       mxCreateCellArray_730      0000000180059831 f   libmx:libmx.dll
 0001:00058837       mxCreateStructMatrix_730   0000000180059837 f   libmx:libmx.dll
 0001:0005883d       mxCreateStructArray_730    000000018005983d f   libmx:libmx.dll
 0001:00058843       mxCalloc                   0000000180059843 f   libmx:libmx.dll
 0001:00058849       mxGetM                     0000000180059849 f   libmx:libmx.dll
 0001:0005884f       mxGetClassID               000000018005984f f   libmx:libmx.dll
 0001:00058855       mxIsNumeric                0000000180059855 f   libmx:libmx.dll
 0001:0005885b       mxIsComplex                000000018005985b f   libmx:libmx.dll
 0001:00058861       mxGetN                     0000000180059861 f   libmx:libmx.dll
 0001:00058867       mexMakeArrayPersistent     0000000180059867 f   libmex:libmex.dll
 0001:0005886d       mexErrMsgTxt               000000018005986d f   libmex:libmex.dll
 0001:00058873       mexWarnMsgTxt              0000000180059873 f   libmex:libmex.dll
 0001:00058879       mexCallMATLABWithObject    0000000180059879 f   libmex:libmex.dll
 0001:0005887f       mexLock                    000000018005987f f   libmex:libmex.dll
 0001:00058885       mexUnlock                  0000000180059885 f   libmex:libmex.dll
 0001:0005888b       mexIsLocked                000000018005988b f   libmex:libmex.dll
 0001:00058891       utMalloc                   0000000180059891 f   libut:libut.dll
 0001:00058897       utFree                     0000000180059897 f   libut:libut.dll
 0001:0005889d       slcovUploadCoverageSynthesisById 000000018005989d f   libmwsl_sfcn_cov_bridge:libmwsl_sfcn_cov_bridge.dll
 0001:000588a4       __raise_securityfailure    00000001800598a4 f   MSVCRT:gs_report.obj
 0001:000588d8       __report_gsfailure         00000001800598d8 f   MSVCRT:gs_report.obj
 0001:000589ac       __report_rangecheckfailure 00000001800599ac f   MSVCRT:gs_report.obj
 0001:000589c0       __report_securityfailure   00000001800599c0 f   MSVCRT:gs_report.obj
 0001:00058a5c       __report_securityfailureEx 0000000180059a5c f   MSVCRT:gs_report.obj
 0001:00058c50       __GSHandlerCheck           0000000180059c50 f   MSVCRT:gshandler.obj
 0001:00058c70       __GSHandlerCheckCommon     0000000180059c70 f   MSVCRT:gshandler.obj
 0001:00058ce0       __security_check_cookie    0000000180059ce0 f   MSVCRT:amdsecgs.obj
 0001:00059050       _CRT_INIT                  000000018005a050 f   MSVCRT:dll_dllmain.obj
 0001:00059058       _DllMainCRTStartup         000000018005a058 f   MSVCRT:dll_dllmain.obj
 0001:00059104       __security_init_cookie     000000018005a104 f   MSVCRT:gs_support.obj
 0001:000591b0       DllMain                    000000018005a1b0 f   MSVCRT:dll_dllmain_stub.obj
 0001:000591d4       ?__scrt_initialize_type_info@@YAXXZ 000000018005a1d4 f   MSVCRT:tncleanup.obj
 0001:000591e4       ?__scrt_uninitialize_type_info@@YAXXZ 000000018005a1e4 f   MSVCRT:tncleanup.obj
 0001:000591f0       __local_stdio_scanf_options 000000018005a1f0 f i MSVCRT:default_local_stdio_options.obj
 0001:000591f8       __scrt_initialize_default_local_stdio_options 000000018005a1f8 f   MSVCRT:default_local_stdio_options.obj
 0001:00059214       ??$__crt_fast_decode_pointer@PEAP6AXXZ@@YAPEAP6AXXZQEAP6AXXZ@Z 000000018005a214 f i MSVCRT:utility.obj
 0001:0005922c       ??$__crt_fast_encode_pointer@PEAP6AXXZ@@YAPEAP6AXXZQEAP6AXXZ@Z 000000018005a22c f i MSVCRT:utility.obj
 0001:0005924c       ?__crt_rotate_pointer_value@@YA_K_KH@Z 000000018005a24c f i MSVCRT:utility.obj
 0001:00059258       ?configure_argv@__scrt_narrow_argv_policy@@SAHXZ 000000018005a258 f i MSVCRT:utility.obj
 0001:000592b8       ?initialize_environment@__scrt_narrow_environment_policy@@SAHXZ 000000018005a2b8 f i MSVCRT:utility.obj
 0001:000592f0       NtCurrentTeb               000000018005a2f0 f i MSVCRT:utility.obj
 0001:000592fc       __scrt_acquire_startup_lock 000000018005a2fc f   MSVCRT:utility.obj
 0001:00059338       __scrt_dllmain_after_initialize_c 000000018005a338 f   MSVCRT:utility.obj
 0001:0005936c       __scrt_dllmain_before_initialize_c 000000018005a36c f   MSVCRT:utility.obj
 0001:00059384       __scrt_dllmain_crt_thread_attach 000000018005a384 f   MSVCRT:utility.obj
 0001:000593ac       __scrt_dllmain_crt_thread_detach 000000018005a3ac f   MSVCRT:utility.obj
 0001:000593c4       __scrt_dllmain_exception_filter 000000018005a3c4 f   MSVCRT:utility.obj
 0001:00059424       __scrt_dllmain_uninitialize_c 000000018005a424 f   MSVCRT:utility.obj
 0001:00059454       __scrt_dllmain_uninitialize_critical 000000018005a454 f   MSVCRT:utility.obj
 0001:00059468       __scrt_initialize_crt      000000018005a468 f   MSVCRT:utility.obj
 0001:000594b4       __scrt_initialize_onexit_tables 000000018005a4b4 f   MSVCRT:utility.obj
 0001:0005958c       __scrt_is_nonwritable_in_current_image 000000018005a58c f   MSVCRT:utility.obj
 0001:00059628       __scrt_release_startup_lock 000000018005a628 f   MSVCRT:utility.obj
 0001:0005964c       __scrt_uninitialize_crt    000000018005a64c f   MSVCRT:utility.obj
 0001:00059678       _onexit                    000000018005a678 f   MSVCRT:utility.obj
 0001:000596c8       at_quick_exit              000000018005a6c8 f   MSVCRT:utility.obj
 0001:00059700       atexit                     000000018005a700 f   MSVCRT:utility.obj
 0001:00059718       __scrt_get_dyn_tls_init_callback 000000018005a718 f   MSVCRT:dyn_tls_init.obj
 0001:00059720       __crt_debugger_hook        000000018005a720 f   MSVCRT:utility_desktop.obj
 0001:00059728       __scrt_fastfail            000000018005a728 f   MSVCRT:utility_desktop.obj
 0001:00059874       __scrt_get_show_window_mode 000000018005a874 f   MSVCRT:utility_desktop.obj
 0001:000598b0       __scrt_initialize_mta      000000018005a8b0 f   MSVCRT:utility_desktop.obj
 0001:000598b8       __scrt_initialize_winrt    000000018005a8b8 f   MSVCRT:utility_desktop.obj
 0001:000598bc       __scrt_is_managed_app      000000018005a8bc f   MSVCRT:utility_desktop.obj
 0001:00059910       __scrt_set_unhandled_exception_filter 000000018005a910 f   MSVCRT:utility_desktop.obj
 0001:00059920       __scrt_stub_for_initialize_mta 000000018005a920 f   MSVCRT:utility_desktop.obj
 0001:00059920       __scrt_exe_initialize_mta  000000018005a920 f   MSVCRT:utility_desktop.obj
 0001:00059924       __scrt_unhandled_exception_filter 000000018005a924 f   MSVCRT:utility_desktop.obj
 0001:0005995c       _RTC_Initialize            000000018005a95c f   MSVCRT:initsect.obj
 0001:00059998       _RTC_Terminate             000000018005a998 f   MSVCRT:initsect.obj
 0001:000599d4       _guard_check_icall_nop     000000018005a9d4 f i MSVCRT:guard_support.obj
 0001:000599d8       ReadNoFence64              000000018005a9d8 f i MSVCRT:guard_support.obj
 0001:000599dc       ReadPointerNoFence         000000018005a9dc f i MSVCRT:guard_support.obj
 0001:000599e0       _guard_icall_checks_enforced 000000018005a9e0 f i MSVCRT:guard_support.obj
 0001:000599f8       _guard_rf_checks_enforced  000000018005a9f8 f i MSVCRT:guard_support.obj
 0001:000599fc       __isa_available_init       000000018005a9fc f   MSVCRT:cpu_disp.obj
 0001:00059b78       _get_startup_argv_mode     000000018005ab78 f   MSVCRT:argv_mode.obj
 0001:00059b80       __scrt_is_ucrt_dll_in_use  000000018005ab80 f   MSVCRT:ucrt_detection.obj
 0001:00059b90       RtlCaptureContext          000000018005ab90 f   kernel32:KERNEL32.dll
 0001:00059b96       RtlLookupFunctionEntry     000000018005ab96 f   kernel32:KERNEL32.dll
 0001:00059b9c       RtlVirtualUnwind           000000018005ab9c f   kernel32:KERNEL32.dll
 0001:00059ba2       UnhandledExceptionFilter   000000018005aba2 f   kernel32:KERNEL32.dll
 0001:00059ba8       SetUnhandledExceptionFilter 000000018005aba8 f   kernel32:KERNEL32.dll
 0001:00059bae       GetCurrentProcess          000000018005abae f   kernel32:KERNEL32.dll
 0001:00059bb4       TerminateProcess           000000018005abb4 f   kernel32:KERNEL32.dll
 0001:00059bba       IsProcessorFeaturePresent  000000018005abba f   kernel32:KERNEL32.dll
 0001:00059bc0       QueryPerformanceCounter    000000018005abc0 f   kernel32:KERNEL32.dll
 0001:00059bc6       GetCurrentProcessId        000000018005abc6 f   kernel32:KERNEL32.dll
 0001:00059bcc       GetCurrentThreadId         000000018005abcc f   kernel32:KERNEL32.dll
 0001:00059bd2       GetSystemTimeAsFileTime    000000018005abd2 f   kernel32:KERNEL32.dll
 0001:00059bd8       DisableThreadLibraryCalls  000000018005abd8 f   kernel32:KERNEL32.dll
 0001:00059bde       InitializeSListHead        000000018005abde f   kernel32:KERNEL32.dll
 0001:00059be4       IsDebuggerPresent          000000018005abe4 f   kernel32:KERNEL32.dll
 0001:00059bea       GetStartupInfoW            000000018005abea f   kernel32:KERNEL32.dll
 0001:00059bf0       GetModuleHandleW           000000018005abf0 f   kernel32:KERNEL32.dll
 0001:00059bf6       memset                     000000018005abf6 f   vcruntime:VCRUNTIME140.dll
 0001:00059bfc       memcpy                     000000018005abfc f   vcruntime:VCRUNTIME140.dll
 0001:00059c02       __C_specific_handler       000000018005ac02 f   vcruntime:VCRUNTIME140.dll
 0001:00059c08       __std_type_info_destroy_list 000000018005ac08 f   vcruntime:VCRUNTIME140.dll
 0001:00059c0e       strcmp                     000000018005ac0e f   ucrt:api-ms-win-crt-string-l1-1-0.dll
 0001:00059c14       __stdio_common_vsprintf    000000018005ac14 f   ucrt:api-ms-win-crt-stdio-l1-1-0.dll
 0001:00059c1a       free                       000000018005ac1a f   ucrt:api-ms-win-crt-heap-l1-1-0.dll
 0001:00059c20       malloc                     000000018005ac20 f   ucrt:api-ms-win-crt-heap-l1-1-0.dll
 0001:00059c26       strlen                     000000018005ac26 f   ucrt:api-ms-win-crt-string-l1-1-0.dll
 0001:00059c2c       _initterm                  000000018005ac2c f   ucrt:api-ms-win-crt-runtime-l1-1-0.dll
 0001:00059c32       _initterm_e                000000018005ac32 f   ucrt:api-ms-win-crt-runtime-l1-1-0.dll
 0001:00059c38       _seh_filter_dll            000000018005ac38 f   ucrt:api-ms-win-crt-runtime-l1-1-0.dll
 0001:00059c3e       _configure_narrow_argv     000000018005ac3e f   ucrt:api-ms-win-crt-runtime-l1-1-0.dll
 0001:00059c44       _initialize_narrow_environment 000000018005ac44 f   ucrt:api-ms-win-crt-runtime-l1-1-0.dll
 0001:00059c4a       _initialize_onexit_table   000000018005ac4a f   ucrt:api-ms-win-crt-runtime-l1-1-0.dll
 0001:00059c50       _register_onexit_function  000000018005ac50 f   ucrt:api-ms-win-crt-runtime-l1-1-0.dll
 0001:00059c56       _execute_onexit_table      000000018005ac56 f   ucrt:api-ms-win-crt-runtime-l1-1-0.dll
 0001:00059c5c       _crt_atexit                000000018005ac5c f   ucrt:api-ms-win-crt-runtime-l1-1-0.dll
 0001:00059c62       _crt_at_quick_exit         000000018005ac62 f   ucrt:api-ms-win-crt-runtime-l1-1-0.dll
 0001:00059c68       _cexit                     000000018005ac68 f   ucrt:api-ms-win-crt-runtime-l1-1-0.dll
 0001:00059c6e       terminate                  000000018005ac6e f   ucrt:api-ms-win-crt-runtime-l1-1-0.dll
 0001:00059c74       __scrt_stub_for_acrt_initialize 000000018005ac74 f   MSVCRT:ucrt_stubs.obj
 0001:00059c74       __acrt_initialize          000000018005ac74 f   MSVCRT:ucrt_stubs.obj
 0001:00059c74       __vcrt_initialize          000000018005ac74 f   MSVCRT:ucrt_stubs.obj
 0001:00059c78       __scrt_stub_for_acrt_thread_attach 000000018005ac78 f   MSVCRT:ucrt_stubs.obj
 0001:00059c78       __vcrt_thread_attach       000000018005ac78 f   MSVCRT:ucrt_stubs.obj
 0001:00059c78       __acrt_thread_attach       000000018005ac78 f   MSVCRT:ucrt_stubs.obj
 0001:00059c7c       __vcrt_thread_detach       000000018005ac7c f   MSVCRT:ucrt_stubs.obj
 0001:00059c7c       __acrt_thread_detach       000000018005ac7c f   MSVCRT:ucrt_stubs.obj
 0001:00059c7c       __scrt_stub_for_acrt_thread_detach 000000018005ac7c f   MSVCRT:ucrt_stubs.obj
 0001:00059c80       __acrt_uninitialize        000000018005ac80 f   MSVCRT:ucrt_stubs.obj
 0001:00059c80       __vcrt_uninitialize        000000018005ac80 f   MSVCRT:ucrt_stubs.obj
 0001:00059c80       __scrt_stub_for_acrt_uninitialize 000000018005ac80 f   MSVCRT:ucrt_stubs.obj
 0001:00059c84       __acrt_uninitialize_critical 000000018005ac84 f   MSVCRT:ucrt_stubs.obj
 0001:00059c84       __vcrt_uninitialize_critical 000000018005ac84 f   MSVCRT:ucrt_stubs.obj
 0001:00059c84       __scrt_stub_for_acrt_uninitialize_critical 000000018005ac84 f   MSVCRT:ucrt_stubs.obj
 0001:00059c88       _is_c_termination_complete 000000018005ac88 f   MSVCRT:ucrt_stubs.obj
 0001:00059c88       __scrt_stub_for_is_c_termination_complete 000000018005ac88 f   MSVCRT:ucrt_stubs.obj
 0001:00059ca0       _guard_dispatch_icall_nop  000000018005aca0 f   MSVCRT:guard_dispatch.obj
 0002:00000000       __imp_InitializeSListHead  000000018005b000     kernel32:KERNEL32.dll
 0002:00000008       __imp_RtlCaptureContext    000000018005b008     kernel32:KERNEL32.dll
 0002:00000010       __imp_RtlLookupFunctionEntry 000000018005b010     kernel32:KERNEL32.dll
 0002:00000018       __imp_RtlVirtualUnwind     000000018005b018     kernel32:KERNEL32.dll
 0002:00000020       __imp_UnhandledExceptionFilter 000000018005b020     kernel32:KERNEL32.dll
 0002:00000028       __imp_SetUnhandledExceptionFilter 000000018005b028     kernel32:KERNEL32.dll
 0002:00000030       __imp_GetCurrentProcess    000000018005b030     kernel32:KERNEL32.dll
 0002:00000038       __imp_TerminateProcess     000000018005b038     kernel32:KERNEL32.dll
 0002:00000040       __imp_IsProcessorFeaturePresent 000000018005b040     kernel32:KERNEL32.dll
 0002:00000048       __imp_QueryPerformanceCounter 000000018005b048     kernel32:KERNEL32.dll
 0002:00000050       __imp_GetCurrentProcessId  000000018005b050     kernel32:KERNEL32.dll
 0002:00000058       __imp_GetCurrentThreadId   000000018005b058     kernel32:KERNEL32.dll
 0002:00000060       __imp_GetSystemTimeAsFileTime 000000018005b060     kernel32:KERNEL32.dll
 0002:00000068       __imp_GetModuleHandleW     000000018005b068     kernel32:KERNEL32.dll
 0002:00000070       __imp_IsDebuggerPresent    000000018005b070     kernel32:KERNEL32.dll
 0002:00000078       __imp_DisableThreadLibraryCalls 000000018005b078     kernel32:KERNEL32.dll
 0002:00000080       __imp_GetStartupInfoW      000000018005b080     kernel32:KERNEL32.dll
 0002:00000088       \177KERNEL32_NULL_THUNK_DATA 000000018005b088     kernel32:KERNEL32.dll
 0002:00000090       __imp_memcpy               000000018005b090     vcruntime:VCRUNTIME140.dll
 0002:00000098       __imp_memset               000000018005b098     vcruntime:VCRUNTIME140.dll
 0002:000000a0       __imp___C_specific_handler 000000018005b0a0     vcruntime:VCRUNTIME140.dll
 0002:000000a8       __imp___std_type_info_destroy_list 000000018005b0a8     vcruntime:VCRUNTIME140.dll
 0002:000000b0       \177VCRUNTIME140_NULL_THUNK_DATA 000000018005b0b0     vcruntime:VCRUNTIME140.dll
 0002:000000b8       __imp_free                 000000018005b0b8     ucrt:api-ms-win-crt-heap-l1-1-0.dll
 0002:000000c0       __imp_malloc               000000018005b0c0     ucrt:api-ms-win-crt-heap-l1-1-0.dll
 0002:000000c8       \177api-ms-win-crt-heap-l1-1-0_NULL_THUNK_DATA 000000018005b0c8     ucrt:api-ms-win-crt-heap-l1-1-0.dll
 0002:000000d0       __imp__register_onexit_function 000000018005b0d0     ucrt:api-ms-win-crt-runtime-l1-1-0.dll
 0002:000000d8       __imp__initterm            000000018005b0d8     ucrt:api-ms-win-crt-runtime-l1-1-0.dll
 0002:000000e0       __imp__initterm_e          000000018005b0e0     ucrt:api-ms-win-crt-runtime-l1-1-0.dll
 0002:000000e8       __imp__seh_filter_dll      000000018005b0e8     ucrt:api-ms-win-crt-runtime-l1-1-0.dll
 0002:000000f0       __imp__configure_narrow_argv 000000018005b0f0     ucrt:api-ms-win-crt-runtime-l1-1-0.dll
 0002:000000f8       __imp__initialize_narrow_environment 000000018005b0f8     ucrt:api-ms-win-crt-runtime-l1-1-0.dll
 0002:00000100       __imp__initialize_onexit_table 000000018005b100     ucrt:api-ms-win-crt-runtime-l1-1-0.dll
 0002:00000108       __imp__cexit               000000018005b108     ucrt:api-ms-win-crt-runtime-l1-1-0.dll
 0002:00000110       __imp__execute_onexit_table 000000018005b110     ucrt:api-ms-win-crt-runtime-l1-1-0.dll
 0002:00000118       __imp__crt_atexit          000000018005b118     ucrt:api-ms-win-crt-runtime-l1-1-0.dll
 0002:00000120       __imp__crt_at_quick_exit   000000018005b120     ucrt:api-ms-win-crt-runtime-l1-1-0.dll
 0002:00000128       __imp_terminate            000000018005b128     ucrt:api-ms-win-crt-runtime-l1-1-0.dll
 0002:00000130       \177api-ms-win-crt-runtime-l1-1-0_NULL_THUNK_DATA 000000018005b130     ucrt:api-ms-win-crt-runtime-l1-1-0.dll
 0002:00000138       __imp___stdio_common_vsprintf 000000018005b138     ucrt:api-ms-win-crt-stdio-l1-1-0.dll
 0002:00000140       \177api-ms-win-crt-stdio-l1-1-0_NULL_THUNK_DATA 000000018005b140     ucrt:api-ms-win-crt-stdio-l1-1-0.dll
 0002:00000148       __imp_strlen               000000018005b148     ucrt:api-ms-win-crt-string-l1-1-0.dll
 0002:00000150       __imp_strcmp               000000018005b150     ucrt:api-ms-win-crt-string-l1-1-0.dll
 0002:00000158       \177api-ms-win-crt-string-l1-1-0_NULL_THUNK_DATA 000000018005b158     ucrt:api-ms-win-crt-string-l1-1-0.dll
 0002:00000160       __imp_mexErrMsgTxt         000000018005b160     libmex:libmex.dll
 0002:00000168       __imp_mexWarnMsgTxt        000000018005b168     libmex:libmex.dll
 0002:00000170       __imp_mexCallMATLABWithObject 000000018005b170     libmex:libmex.dll
 0002:00000178       __imp_mexIsLocked          000000018005b178     libmex:libmex.dll
 0002:00000180       __imp_mexUnlock            000000018005b180     libmex:libmex.dll
 0002:00000188       __imp_mexLock              000000018005b188     libmex:libmex.dll
 0002:00000190       __imp_mexMakeArrayPersistent 000000018005b190     libmex:libmex.dll
 0002:00000198       \177libmex_NULL_THUNK_DATA 000000018005b198     libmex:libmex.dll
 0002:000001a0       __imp_slcovUploadCoverageSynthesisById 000000018005b1a0     libmwsl_sfcn_cov_bridge:libmwsl_sfcn_cov_bridge.dll
 0002:000001a8       \177libmwsl_sfcn_cov_bridge_NULL_THUNK_DATA 000000018005b1a8     libmwsl_sfcn_cov_bridge:libmwsl_sfcn_cov_bridge.dll
 0002:000001b0       __imp_mxGetN               000000018005b1b0     libmx:libmx.dll
 0002:000001b8       __imp_mxIsComplex          000000018005b1b8     libmx:libmx.dll
 0002:000001c0       __imp_mxIsNumeric          000000018005b1c0     libmx:libmx.dll
 0002:000001c8       __imp_mxGetClassID         000000018005b1c8     libmx:libmx.dll
 0002:000001d0       __imp_mxGetM               000000018005b1d0     libmx:libmx.dll
 0002:000001d8       __imp_mxCalloc             000000018005b1d8     libmx:libmx.dll
 0002:000001e0       __imp_mxCreateStructArray_730 000000018005b1e0     libmx:libmx.dll
 0002:000001e8       __imp_mxCreateStructMatrix_730 000000018005b1e8     libmx:libmx.dll
 0002:000001f0       __imp_mxCreateCellArray_730 000000018005b1f0     libmx:libmx.dll
 0002:000001f8       __imp_mxCreateCellMatrix_730 000000018005b1f8     libmx:libmx.dll
 0002:00000200       __imp_mxCreateString       000000018005b200     libmx:libmx.dll
 0002:00000208       __imp_mxCreateDoubleScalar 000000018005b208     libmx:libmx.dll
 0002:00000210       __imp_mxSetField_730       000000018005b210     libmx:libmx.dll
 0002:00000218       __imp_mxDuplicateArray     000000018005b218     libmx:libmx.dll
 0002:00000220       __imp_mxGetString_730      000000018005b220     libmx:libmx.dll
 0002:00000228       __imp_mxCreateDoubleMatrix_730 000000018005b228     libmx:libmx.dll
 0002:00000230       __imp_mxDestroyArray       000000018005b230     libmx:libmx.dll
 0002:00000238       __imp_mxGetPr              000000018005b238     libmx:libmx.dll
 0002:00000240       __imp_mxGetScalar          000000018005b240     libmx:libmx.dll
 0002:00000248       __imp_mxIsChar             000000018005b248     libmx:libmx.dll
 0002:00000250       \177libmx_NULL_THUNK_DATA  000000018005b250     libmx:libmx.dll
 0002:00000258       __imp_utMalloc             000000018005b258     libut:libut.dll
 0002:00000260       __imp_utFree               000000018005b260     libut:libut.dll
 0002:00000268       \177libut_NULL_THUNK_DATA  000000018005b268     libut:libut.dll
 0002:00000270       __imp_call_sf_machine_global_method_dispatcher 000000018005b270     sf_runtime:sf_runtime.dll
 0002:00000278       __imp_getRuntimeInstanceInfoAsVoid 000000018005b278     sf_runtime:sf_runtime.dll
 0002:00000280       __imp_sf_mex_error_direct_call 000000018005b280     sf_runtime:sf_runtime.dll
 0002:00000288       __imp_sf_read_before_write_error 000000018005b288     sf_runtime:sf_runtime.dll
 0002:00000290       __imp_sf_debug_create_debug_instance_struct 000000018005b290     sf_runtime:sf_runtime.dll
 0002:00000298       __imp_sf_debug_terminate   000000018005b298     sf_runtime:sf_runtime.dll
 0002:000002a0       __imp_sf_debug_api         000000018005b2a0     sf_runtime:sf_runtime.dll
 0002:000002a8       __imp_ssGetOutputPortSignal_wrapper 000000018005b2a8     sf_runtime:sf_runtime.dll
 0002:000002b0       __imp_sf_debug_data_range_error_wrapper_min_max 000000018005b2b0     sf_runtime:sf_runtime.dll
 0002:000002b8       __imp_sf_debug_cv_init_state 000000018005b2b8     sf_runtime:sf_runtime.dll
 0002:000002c0       __imp_sf_debug_cv_init_chart 000000018005b2c0     sf_runtime:sf_runtime.dll
 0002:000002c8       __imp_sf_debug_cv_init_trans 000000018005b2c8     sf_runtime:sf_runtime.dll
 0002:000002d0       __imp_sf_debug_data_range_wrapper 000000018005b2d0     sf_runtime:sf_runtime.dll
 0002:000002d8       __imp_sf_debug_set_chart_state_substate_count 000000018005b2d8     sf_runtime:sf_runtime.dll
 0002:000002e0       __imp_sf_debug_set_chart_substate_index 000000018005b2e0     sf_runtime:sf_runtime.dll
 0002:000002e8       __imp_sf_debug_set_chart_substate_count 000000018005b2e8     sf_runtime:sf_runtime.dll
 0002:000002f0       __imp_sf_debug_set_chart_decomposition 000000018005b2f0     sf_runtime:sf_runtime.dll
 0002:000002f8       __imp_callMdlMethodAndReportError 000000018005b2f8     sf_runtime:sf_runtime.dll
 0002:00000300       __imp_sf_debug_set_chart_event_thresholds 000000018005b300     sf_runtime:sf_runtime.dll
 0002:00000308       __imp_sf_debug_set_chart_disable_implicit_casting 000000018005b308     sf_runtime:sf_runtime.dll
 0002:00000310       __imp_sf_debug_set_instance_data_value_ptr 000000018005b310     sf_runtime:sf_runtime.dll
 0002:00000318       __imp_sf_debug_symbol_scope_add_eml_importable 000000018005b318     sf_runtime:sf_runtime.dll
 0002:00000320       __imp_sf_debug_symbol_scope_pop 000000018005b320     sf_runtime:sf_runtime.dll
 0002:00000328       __imp_sf_debug_symbol_scope_push_eml 000000018005b328     sf_runtime:sf_runtime.dll
 0002:00000330       __imp_sf_debug_symbol_scope_push 000000018005b330     sf_runtime:sf_runtime.dll
 0002:00000338       __imp_sf_debug_set_chart_data_compiled_props 000000018005b338     sf_runtime:sf_runtime.dll
 0002:00000340       __imp_sf_debug_set_chart_data_props 000000018005b340     sf_runtime:sf_runtime.dll
 0002:00000348       __imp_sf_debug_animate     000000018005b348     sf_runtime:sf_runtime.dll
 0002:00000350       __imp_sf_get_hasSeparateUpdateOutputs 000000018005b350     sf_runtime:sf_runtime.dll
 0002:00000358       __imp_sf_debug_set_animation 000000018005b358     sf_runtime:sf_runtime.dll
 0002:00000360       __imp_sf_debug_get_animation 000000018005b360     sf_runtime:sf_runtime.dll
 0002:00000368       __imp_sf_debug_set_honor_breakpoints 000000018005b368     sf_runtime:sf_runtime.dll
 0002:00000370       __imp_sf_debug_reset_current_state_configuration 000000018005b370     sf_runtime:sf_runtime.dll
 0002:00000378       __imp_cv_eml_init_relational 000000018005b378     sf_runtime:sf_runtime.dll
 0002:00000380       __imp_cv_eml_init_mcdc     000000018005b380     sf_runtime:sf_runtime.dll
 0002:00000388       __imp_cv_eml_init_if       000000018005b388     sf_runtime:sf_runtime.dll
 0002:00000390       __imp_cv_eml_init_script   000000018005b390     sf_runtime:sf_runtime.dll
 0002:00000398       __imp_sf_get_ChartInfoStruct_CodeGen 000000018005b398     sf_runtime:sf_runtime.dll
 0002:000003a0       __imp_sf_debug_set_chart_state_info 000000018005b3a0     sf_runtime:sf_runtime.dll
 0002:000003a8       __imp_sf_mex_sub           000000018005b3a8     sf_runtime:sf_runtime.dll
 0002:000003b0       __imp_cv_eval_relational   000000018005b3b0     sf_runtime:sf_runtime.dll
 0002:000003b8       __imp_cv_eml_eval          000000018005b3b8     sf_runtime:sf_runtime.dll
 0002:000003c0       __imp_ssGetInputPortSignal_wrapper 000000018005b3c0     sf_runtime:sf_runtime.dll
 0002:000003c8       __imp_ssGetDWork_wrapper   000000018005b3c8     sf_runtime:sf_runtime.dll
 0002:000003d0       __imp_sf_mex_duplicatearraysafe 000000018005b3d0     sf_runtime:sf_runtime.dll
 0002:000003d8       __imp_sf_mex_decode_encoded_mx_struct_array 000000018005b3d8     sf_runtime:sf_runtime.dll
 0002:000003e0       __imp_sf_mex_import        000000018005b3e0     sf_runtime:sf_runtime.dll
 0002:000003e8       __imp_sf_mex_destroy       000000018005b3e8     sf_runtime:sf_runtime.dll
 0002:000003f0       __imp_sf_mex_dup           000000018005b3f0     sf_runtime:sf_runtime.dll
 0002:000003f8       __imp_sf_mex_assign        000000018005b3f8     sf_runtime:sf_runtime.dll
 0002:00000400       __imp_sf_mex_getcell       000000018005b400     sf_runtime:sf_runtime.dll
 0002:00000408       __imp_sf_mex_setcell       000000018005b408     sf_runtime:sf_runtime.dll
 0002:00000410       __imp_sf_mex_createcellmatrix 000000018005b410     sf_runtime:sf_runtime.dll
 0002:00000418       __imp_sf_mex_create        000000018005b418     sf_runtime:sf_runtime.dll
 0002:00000420       __imp_sf_mex_error_message 000000018005b420     sf_runtime:sf_runtime.dll
 0002:00000428       __imp_ssSetBlockIsPurelyCombinatorial_wrapper 000000018005b428     sf_runtime:sf_runtime.dll
 0002:00000430       __imp_sf_register_codegen_names_for_scoped_functions_defined_by_chart 000000018005b430     sf_runtime:sf_runtime.dll
 0002:00000438       __imp_sf_set_chart_accesses_machine_info 000000018005b438     sf_runtime:sf_runtime.dll
 0002:00000440       __imp_setLegacyDebuggerFlagForRuntime 000000018005b440     sf_runtime:sf_runtime.dll
 0002:00000448       __imp_sf_is_first_init_cond 000000018005b448     sf_runtime:sf_runtime.dll
 0002:00000450       __imp_sf_get_time          000000018005b450     sf_runtime:sf_runtime.dll
 0002:00000458       __imp_sf_set_encoded_dwork_info 000000018005b458     sf_runtime:sf_runtime.dll
 0002:00000460       __imp_sf_get_dwork_info_from_mat_file 000000018005b460     sf_runtime:sf_runtime.dll
 0002:00000468       __imp_sf_set_rtw_dwork_info 000000018005b468     sf_runtime:sf_runtime.dll
 0002:00000470       __imp_sf_clear_rtw_identifier 000000018005b470     sf_runtime:sf_runtime.dll
 0002:00000478       __imp_cv_eval_point        000000018005b478     sf_runtime:sf_runtime.dll
 0002:00000480       __imp_sim_mode_is_modelref_sim 000000018005b480     sf_runtime:sf_runtime.dll
 0002:00000488       __imp_sim_mode_is_external 000000018005b488     sf_runtime:sf_runtime.dll
 0002:00000490       __imp_sim_mode_is_rtw_gen  000000018005b490     sf_runtime:sf_runtime.dll
 0002:00000498       __imp_sf_debug_call        000000018005b498     sf_runtime:sf_runtime.dll
 0002:000004a0       __imp_sf_mark_chart_expressionable_inputs 000000018005b4a0     sf_runtime:sf_runtime.dll
 0002:000004a8       __imp_sf_mark_chart_reusable_outputs 000000018005b4a8     sf_runtime:sf_runtime.dll
 0002:000004b0       __imp_sf_is_chart_inlinable 000000018005b4b0     sf_runtime:sf_runtime.dll
 0002:000004b8       __imp_sf_update_buildInfo  000000018005b4b8     sf_runtime:sf_runtime.dll
 0002:000004c0       __imp_sf_rtw_info_uint_prop 000000018005b4c0     sf_runtime:sf_runtime.dll
 0002:000004c8       __imp_sf_get_chart_instance_ptr 000000018005b4c8     sf_runtime:sf_runtime.dll
 0002:000004d0       __imp_sfrtGetEmlrtCtx      000000018005b4d0     sf_runtime:sf_runtime.dll
 0002:000004d8       __imp_sf_free_ChartRunTimeInfo 000000018005b4d8     sf_runtime:sf_runtime.dll
 0002:000004e0       __imp_sf_init_ChartRunTimeInfo 000000018005b4e0     sf_runtime:sf_runtime.dll
 0002:000004e8       __imp_sf_debug_set_machine_data_thresholds 000000018005b4e8     sf_runtime:sf_runtime.dll
 0002:000004f0       __imp_sf_debug_set_machine_event_thresholds 000000018005b4f0     sf_runtime:sf_runtime.dll
 0002:000004f8       __imp_sf_debug_initialize_machine 000000018005b4f8     sf_runtime:sf_runtime.dll
 0002:00000500       __imp_sf_debug_initialize_chart 000000018005b500     sf_runtime:sf_runtime.dll
 0002:00000508       __imp_sf_clear_error_manager_info 000000018005b508     sf_runtime:sf_runtime.dll
 0002:00000510       __imp_sf_load_rtw_optimization_info 000000018005b510     sf_runtime:sf_runtime.dll
 0002:00000518       \177sf_runtime_NULL_THUNK_DATA 000000018005b518     sf_runtime:sf_runtime.dll
 0002:00000520       __guard_check_icall_fptr   000000018005b520     MSVCRT:guard_support.obj
 0002:00000528       __guard_dispatch_icall_fptr 000000018005b528     MSVCRT:guard_support.obj
 0002:00000530       __xc_a                     000000018005b530     MSVCRT:initializers.obj
 0002:00000538       __xc_z                     000000018005b538     MSVCRT:initializers.obj
 0002:00000540       __xi_a                     000000018005b540     MSVCRT:initializers.obj
 0002:00000548       __xi_z                     000000018005b548     MSVCRT:initializers.obj
 0002:00000550       __xp_a                     000000018005b550     MSVCRT:initializers.obj
 0002:00000558       __xp_z                     000000018005b558     MSVCRT:initializers.obj
 0002:00000560       __xt_a                     000000018005b560     MSVCRT:initializers.obj
 0002:00000568       __xt_z                     000000018005b568     MSVCRT:initializers.obj
 0002:00000570       __real@413f797f00000000    000000018005b570     SpeedgoatCANOpen2Buses1ms_sfun.obj
 0002:00000578       __real@4195474b1c000000    000000018005b578     SpeedgoatCANOpen2Buses1ms_sfun.obj
 0002:00000580       __real@41c5b70c5f000000    000000018005b580     SpeedgoatCANOpen2Buses1ms_sfun.obj
 0002:00000588       __real@41c954d125800000    000000018005b588     SpeedgoatCANOpen2Buses1ms_sfun.obj
 0002:00000590       __real@41d9aa1240c00000    000000018005b590     SpeedgoatCANOpen2Buses1ms_sfun.obj
 0002:00000598       __real@41dd9f4812800000    000000018005b598     SpeedgoatCANOpen2Buses1ms_sfun.obj
 0002:000005a0       __real@41dff01bb8400000    000000018005b5a0     SpeedgoatCANOpen2Buses1ms_sfun.obj
 0002:000005a8       __real@41e08e38bae00000    000000018005b5a8     SpeedgoatCANOpen2Buses1ms_sfun.obj
 0002:000005b0       __real@41ea1e8465600000    000000018005b5b0     SpeedgoatCANOpen2Buses1ms_sfun.obj
 0002:000005b8       __real@41ed51f363200000    000000018005b5b8     SpeedgoatCANOpen2Buses1ms_sfun.obj
 0002:000005c0       __real@41eec387a1800000    000000018005b5c0     SpeedgoatCANOpen2Buses1ms_sfun.obj
 0002:000005c8       __real@41eefe992e000000    000000018005b5c8     SpeedgoatCANOpen2Buses1ms_sfun.obj
 0002:000005d0       __real@3f800000            000000018005b5d0     c1_SpeedgoatCANOpen2Buses1ms.obj
 0002:000005d8       __real@3ff0000000000000    000000018005b5d8     c1_SpeedgoatCANOpen2Buses1ms.obj
 0002:000005e0       __real@40000000            000000018005b5e0     c1_SpeedgoatCANOpen2Buses1ms.obj
 0002:000005e8       __real@4022000000000000    000000018005b5e8     c1_SpeedgoatCANOpen2Buses1ms.obj
 0002:000005f0       __real@4034000000000000    000000018005b5f0     c1_SpeedgoatCANOpen2Buses1ms.obj
 0002:000005f8       __real@40af400000000000    000000018005b5f8     c1_SpeedgoatCANOpen2Buses1ms.obj
 0002:00000600       __real@41a00000            000000018005b600     c1_SpeedgoatCANOpen2Buses1ms.obj
 0002:00000608       __real@41be7d12ad000000    000000018005b608     c1_SpeedgoatCANOpen2Buses1ms.obj
 0002:00000610       __real@41c47c525c800000    000000018005b610     c1_SpeedgoatCANOpen2Buses1ms.obj
 0002:00000618       __real@41cf31d2bb800000    000000018005b618     c1_SpeedgoatCANOpen2Buses1ms.obj
 0002:00000620       __real@41e73a969a600000    000000018005b620     c1_SpeedgoatCANOpen2Buses1ms.obj
 0002:00000628       __real@457a0000            000000018005b628     c1_SpeedgoatCANOpen2Buses1ms.obj
 0002:0000062c       __real@40400000            000000018005b62c     c2_SpeedgoatCANOpen2Buses1ms.obj
 0002:00000630       __real@41a45789c0000000    000000018005b630     c2_SpeedgoatCANOpen2Buses1ms.obj
 0002:00000638       __real@41d551980b400000    000000018005b638     c2_SpeedgoatCANOpen2Buses1ms.obj
 0002:00000640       __real@41ed637987c00000    000000018005b640     c2_SpeedgoatCANOpen2Buses1ms.obj
 0002:00000648       __real@41ef6e64f4e00000    000000018005b648     c2_SpeedgoatCANOpen2Buses1ms.obj
 0002:00000650       __real@40c3880000000000    000000018005b650     c3_SpeedgoatCANOpen2Buses1ms.obj
 0002:00000658       __real@40c7700000000000    000000018005b658     c3_SpeedgoatCANOpen2Buses1ms.obj
 0002:00000660       __real@41a18494c0000000    000000018005b660     c3_SpeedgoatCANOpen2Buses1ms.obj
 0002:00000668       __real@41c593d6a9000000    000000018005b668     c3_SpeedgoatCANOpen2Buses1ms.obj
 0002:00000670       __real@41d608dd2b400000    000000018005b670     c3_SpeedgoatCANOpen2Buses1ms.obj
 0002:00000678       __real@41e32d525c600000    000000018005b678     c3_SpeedgoatCANOpen2Buses1ms.obj
 0002:00000680       __real@461c4000            000000018005b680     c3_SpeedgoatCANOpen2Buses1ms.obj
 0002:00000684       __real@462be000            000000018005b684     c3_SpeedgoatCANOpen2Buses1ms.obj
 0002:00000688       __real@c0c7700000000000    000000018005b688     c3_SpeedgoatCANOpen2Buses1ms.obj
 0002:00000690       __real@4018000000000000    000000018005b690     c4_SpeedgoatCANOpen2Buses1ms.obj
 0002:00000698       __real@401c000000000000    000000018005b698     c4_SpeedgoatCANOpen2Buses1ms.obj
 0002:000006a0       __real@40c00000            000000018005b6a0     c4_SpeedgoatCANOpen2Buses1ms.obj
 0002:000006a4       __real@40e00000            000000018005b6a4     c4_SpeedgoatCANOpen2Buses1ms.obj
 0002:000006a8       __real@41747f04f0000000    000000018005b6a8     c4_SpeedgoatCANOpen2Buses1ms.obj
 0002:000006b0       __real@41e9b21e8f800000    000000018005b6b0     c4_SpeedgoatCANOpen2Buses1ms.obj
 0002:000006b8       __real@41ec90376da00000    000000018005b6b8     c4_SpeedgoatCANOpen2Buses1ms.obj
 0002:000006c0       __real@41ee304932a00000    000000018005b6c0     c4_SpeedgoatCANOpen2Buses1ms.obj
 0002:000006c8       __real@0000000000000000    000000018005b6c8     c5_SpeedgoatCANOpen2Buses1ms.obj
 0002:000006d0       __real@3fa999999999999a    000000018005b6d0     c5_SpeedgoatCANOpen2Buses1ms.obj
 0002:000006d8       __real@41d188aa85c00000    000000018005b6d8     c5_SpeedgoatCANOpen2Buses1ms.obj
 0002:000006e0       __real@41d2361db4c00000    000000018005b6e0     c5_SpeedgoatCANOpen2Buses1ms.obj
 0002:000006e8       __real@41e65255b4200000    000000018005b6e8     c5_SpeedgoatCANOpen2Buses1ms.obj
 0002:000006f0       __real@41ed497494200000    000000018005b6f0     c5_SpeedgoatCANOpen2Buses1ms.obj
 0002:000006f8       __real@41b37ef14d000000    000000018005b6f8     c12_SpeedgoatCANOpen2Buses1ms.obj
 0002:00000700       __real@41d89b5ea8400000    000000018005b700     c12_SpeedgoatCANOpen2Buses1ms.obj
 0002:00000708       __real@41ed694056400000    000000018005b708     c12_SpeedgoatCANOpen2Buses1ms.obj
 0002:00000710       __real@41ef0476f6e00000    000000018005b710     c12_SpeedgoatCANOpen2Buses1ms.obj
 0002:00000718       __real@4008000000000000    000000018005b718     c13_SpeedgoatCANOpen2Buses1ms.obj
 0002:00000720       __real@4024000000000000    000000018005b720     c13_SpeedgoatCANOpen2Buses1ms.obj
 0002:00000728       __real@4059000000000000    000000018005b728     c13_SpeedgoatCANOpen2Buses1ms.obj
 0002:00000730       __real@41acd22974000000    000000018005b730     c13_SpeedgoatCANOpen2Buses1ms.obj
 0002:00000738       __real@41c436e083800000    000000018005b738     c13_SpeedgoatCANOpen2Buses1ms.obj
 0002:00000740       __real@41e0371e1f800000    000000018005b740     c13_SpeedgoatCANOpen2Buses1ms.obj
 0002:00000748       __real@41e593c0c1600000    000000018005b748     c13_SpeedgoatCANOpen2Buses1ms.obj
 0002:00000750       __real@c024000000000000    000000018005b750     c13_SpeedgoatCANOpen2Buses1ms.obj
 0002:00000758       __real@c059000000000000    000000018005b758     c13_SpeedgoatCANOpen2Buses1ms.obj
 0002:00000760       __real@c0c3880000000000    000000018005b760     c13_SpeedgoatCANOpen2Buses1ms.obj
 0002:00000768       __real@4020000000000000    000000018005b768     c24_SpeedgoatCANOpen2Buses1ms.obj
 0002:00000770       __real@41b110e16d000000    000000018005b770     c24_SpeedgoatCANOpen2Buses1ms.obj
 0002:00000778       __real@41c7635ed6000000    000000018005b778     c24_SpeedgoatCANOpen2Buses1ms.obj
 0002:00000780       __real@41d0b4afd6400000    000000018005b780     c24_SpeedgoatCANOpen2Buses1ms.obj
 0002:00000788       __real@41e3d18bcae00000    000000018005b788     c24_SpeedgoatCANOpen2Buses1ms.obj
 0002:00000790       __real@41e60b7451a00000    000000018005b790     c26_SpeedgoatCANOpen2Buses1ms.obj
 0002:00000798       __real@41e8257697800000    000000018005b798     c26_SpeedgoatCANOpen2Buses1ms.obj
 0002:000007a0       __real@41eb5f409a800000    000000018005b7a0     c26_SpeedgoatCANOpen2Buses1ms.obj
 0002:000007a8       __real@41ee07c16d200000    000000018005b7a8     c26_SpeedgoatCANOpen2Buses1ms.obj
 0002:000007b0       __xmm@80000000000000008000000000000000 000000018005b7b0     c26_SpeedgoatCANOpen2Buses1ms.obj
 0002:000007c0       __real@4194e1c098000000    000000018005b7c0     c28_SpeedgoatCANOpen2Buses1ms.obj
 0002:000007c8       __real@41d79d0cef800000    000000018005b7c8     c28_SpeedgoatCANOpen2Buses1ms.obj
 0002:000007d0       __real@41db4a04dd800000    000000018005b7d0     c28_SpeedgoatCANOpen2Buses1ms.obj
 0002:000007d8       __real@41ec13035d400000    000000018005b7d8     c28_SpeedgoatCANOpen2Buses1ms.obj
 0002:000007e0       DYNAMIC_DIMENSION_DEF      000000018005b7e0     SpeedgoatCANOpen2Buses1ms_sfun_registry.obj
 0002:000007f8       __real@4010000000000000    000000018005b7f8     SpeedgoatCANOpen2Buses1ms_sfun_registry.obj
 0002:00000800       __real@41602cbca0000000    000000018005b800     SpeedgoatCANOpen2Buses1ms_sfun_registry.obj
 0002:00000808       __real@bff0000000000000    000000018005b808     SpeedgoatCANOpen2Buses1ms_sfun_registry.obj
 0002:00000820       _pDefaultRawDllMain        000000018005b820     MSVCRT:dll_dllmain.obj
 0002:00000820       _pRawDllMain               000000018005b820     MSVCRT:dll_dllmain.obj
 0002:00000850       _load_config_used          000000018005b850     MSVCRT:loadcfg.obj
 0002:00000b68       __rtc_iaa                  000000018005bb68     MSVCRT:initsect.obj
 0002:00000b70       __rtc_izz                  000000018005bb70     MSVCRT:initsect.obj
 0002:00000b78       __rtc_taa                  000000018005bb78     MSVCRT:initsect.obj
 0002:00000b80       __rtc_tzz                  000000018005bb80     MSVCRT:initsect.obj
 0002:000025a8       __IMPORT_DESCRIPTOR_sf_runtime 000000018005d5a8     sf_runtime:sf_runtime.dll
 0002:000025bc       __IMPORT_DESCRIPTOR_libmx  000000018005d5bc     libmx:libmx.dll
 0002:000025d0       __IMPORT_DESCRIPTOR_libmex 000000018005d5d0     libmex:libmex.dll
 0002:000025e4       __IMPORT_DESCRIPTOR_libut  000000018005d5e4     libut:libut.dll
 0002:000025f8       __IMPORT_DESCRIPTOR_libmwsl_sfcn_cov_bridge 000000018005d5f8     libmwsl_sfcn_cov_bridge:libmwsl_sfcn_cov_bridge.dll
 0002:0000260c       __IMPORT_DESCRIPTOR_KERNEL32 000000018005d60c     kernel32:KERNEL32.dll
 0002:00002620       __IMPORT_DESCRIPTOR_VCRUNTIME140 000000018005d620     vcruntime:VCRUNTIME140.dll
 0002:00002634       __IMPORT_DESCRIPTOR_api-ms-win-crt-string-l1-1-0 000000018005d634     ucrt:api-ms-win-crt-string-l1-1-0.dll
 0002:00002648       __IMPORT_DESCRIPTOR_api-ms-win-crt-stdio-l1-1-0 000000018005d648     ucrt:api-ms-win-crt-stdio-l1-1-0.dll
 0002:0000265c       __IMPORT_DESCRIPTOR_api-ms-win-crt-heap-l1-1-0 000000018005d65c     ucrt:api-ms-win-crt-heap-l1-1-0.dll
 0002:00002670       __IMPORT_DESCRIPTOR_api-ms-win-crt-runtime-l1-1-0 000000018005d670     ucrt:api-ms-win-crt-runtime-l1-1-0.dll
 0002:00002684       __NULL_IMPORT_DESCRIPTOR   000000018005d684     sf_runtime:sf_runtime.dll
 0003:00009340       DYNAMIC_DIMENSION          0000000180068340     SpeedgoatCANOpen2Buses1ms_sfun_registry.obj
 0003:0000b7b0       __security_cookie_complement 000000018006a7b0     MSVCRT:gs_cookie.obj
 0003:0000b7b8       __security_cookie          000000018006a7b8     MSVCRT:gs_cookie.obj
 0003:0000b7c0       _fltused                   000000018006a7c0     MSVCRT:fltused.obj
 0003:0000b7c4       __scrt_native_dllmain_reason 000000018006a7c4     MSVCRT:utility.obj
 0003:0000b7c8       __isa_available            000000018006a7c8     MSVCRT:cpu_disp.obj
 0003:0000b7cc       __isa_enabled              000000018006a7cc     MSVCRT:cpu_disp.obj
 0003:0000b7d0       __memcpy_nt_iters          000000018006a7d0     MSVCRT:cpu_disp.obj
 0003:0000b7e0       __scrt_ucrt_dll_is_in_use  000000018006a7e0     MSVCRT:ucrt_stubs.obj
 0003:0000b8b0       sfGlobalDebugInstanceStruct 000000018006a8b0     SpeedgoatCANOpen2Buses1ms_sfun_registry.obj
 0003:0000be40       ?__type_info_root_node@@3U__type_info_node@@A 000000018006ae40     MSVCRT:tncleanup.obj
 0003:0000be50       ?_OptionsStorage@?1??__local_stdio_printf_options@@9@4_KA 000000018006ae50     MSVCRT:default_local_stdio_options.obj
 0003:0000be58       ?_OptionsStorage@?1??__local_stdio_scanf_options@@9@4_KA 000000018006ae58     MSVCRT:default_local_stdio_options.obj
 0003:0000be60       __scrt_current_native_startup_state 000000018006ae60     MSVCRT:utility.obj
 0003:0000be68       __scrt_native_startup_lock 000000018006ae68     MSVCRT:utility.obj
 0003:0000bea8       __scrt_debugger_hook_flag  000000018006aea8     MSVCRT:utility_desktop.obj
 0003:0000beac       __favor                    000000018006aeac     MSVCRT:cpu_disp.obj
 0003:0000beb0       ?_OptionsStorage@?1??__local_stdio_printf_options@@9@9 000000018006aeb0     <common>
 0003:0000beb8       _SpeedgoatCANOpen2Buses1msMachineNumber_ 000000018006aeb8     <common>
 0003:0000bec0       gRxCAN_APT                 000000018006aec0     <common>
 0003:0000bee0       can_rx_queue_APT           000000018006aee0     <common>
 0003:0000bf48       gRxCAN                     000000018006af48     <common>
 0003:0000bf60       can_rx_queue               000000018006af60     <common>
 0003:0000c028       __dyn_tls_init_callback    000000018006b028     <common>

 entry point at        0001:00059058

 Static symbols

[...]
 0004:000019c8       $pdata$sf_set_sfun_dwork_info 000000018006d9c8     c28_SpeedgoatCANOpen2Buses1ms.obj
 0004:000019d4       $pdata$mdlSetWorkWidths_c28_SpeedgoatCANOpen2Buses1ms 000000018006d9d4     c28_SpeedgoatCANOpen2Buses1ms.obj
 0004:000019e0       $pdata$mdlRTW_c28_SpeedgoatCANOpen2Buses1ms 000000018006d9e0     c28_SpeedgoatCANOpen2Buses1ms.obj
 0004:000019ec       $pdata$mdlStart_c28_SpeedgoatCANOpen2Buses1ms 000000018006d9ec     c28_SpeedgoatCANOpen2Buses1ms.obj
 0004:000019f8       $pdata$mexFunction         000000018006d9f8     SpeedgoatCANOpen2Buses1ms_sfun_registry.obj
 0004:00001a04       $pdata$_ssSetInputPortDirectFeedThroughFcn 000000018006da04     SpeedgoatCANOpen2Buses1ms_sfun_registry.obj
 0004:00001a10       $pdata$_ssSetRWorkValueFcn 000000018006da10     SpeedgoatCANOpen2Buses1ms_sfun_registry.obj
 0004:00001a1c       $pdata$_ssGetRWorkValueFcn 000000018006da1c     SpeedgoatCANOpen2Buses1ms_sfun_registry.obj
 0004:00001a28       $pdata$_ssSetIWorkValueFcn 000000018006da28     SpeedgoatCANOpen2Buses1ms_sfun_registry.obj
 0004:00001a34       $pdata$_ssGetIWorkValueFcn 000000018006da34     SpeedgoatCANOpen2Buses1ms_sfun_registry.obj
 0004:00001a40       $pdata$_ssSetPWorkValueFcn 000000018006da40     SpeedgoatCANOpen2Buses1ms_sfun_registry.obj
 0004:00001a4c       $pdata$_ssGetPWorkValueFcn 000000018006da4c     SpeedgoatCANOpen2Buses1ms_sfun_registry.obj
 0004:00001a58       $pdata$_ssGetInputPortSignalFcn 000000018006da58     SpeedgoatCANOpen2Buses1ms_sfun_registry.obj
 0004:00001a64       $pdata$_ssGetInputPortBufferDstPortFcn 000000018006da64     SpeedgoatCANOpen2Buses1ms_sfun_registry.obj
 0004:00001a70       $pdata$_ssGetInputPortSignalPtrsFcn 000000018006da70     SpeedgoatCANOpen2Buses1ms_sfun_registry.obj
 0004:00001a7c       $pdata$ssGetParameterTuningCompliance 000000018006da7c     SpeedgoatCANOpen2Buses1ms_sfun_registry.obj
 0004:00001a88       $pdata$ssGetDTypeIdFromMxArray 000000018006da88     SpeedgoatCANOpen2Buses1ms_sfun_registry.obj
 0004:00001a94       $pdata$ssWriteRTWMx2dMatParam 000000018006da94     SpeedgoatCANOpen2Buses1ms_sfun_registry.obj
 0004:00001aa0       $pdata$ssWriteRTWMxVectParam 000000018006daa0     SpeedgoatCANOpen2Buses1ms_sfun_registry.obj
 0004:00001aac       $pdata$ssWriteRTWParameters 000000018006daac     SpeedgoatCANOpen2Buses1ms_sfun_registry.obj
 0004:00001ab8       $pdata$ssWriteRTWParamSettings 000000018006dab8     SpeedgoatCANOpen2Buses1ms_sfun_registry.obj
 0004:00001ac4       $pdata$ssWriteRTWStr       000000018006dac4     SpeedgoatCANOpen2Buses1ms_sfun_registry.obj
 0004:00001ad0       $pdata$ssWriteRTWWorkVect  000000018006dad0     SpeedgoatCANOpen2Buses1ms_sfun_registry.obj
 0004:00001adc       $pdata$ssWarning           000000018006dadc     SpeedgoatCANOpen2Buses1ms_sfun_registry.obj
 0004:00001ae8       $pdata$ssWriteRTWNameValuePair 000000018006dae8     SpeedgoatCANOpen2Buses1ms_sfun_registry.obj
 0004:00001af4       $pdata$_ssSetInputPortMatrixDimensions 000000018006daf4     SpeedgoatCANOpen2Buses1ms_sfun_registry.obj
 0004:00001b00       $pdata$_ssSetOutputPortMatrixDimensions 000000018006db00     SpeedgoatCANOpen2Buses1ms_sfun_registry.obj
 0004:00001b0c       $pdata$_ssSetInputPortVectorDimension 000000018006db0c     SpeedgoatCANOpen2Buses1ms_sfun_registry.obj
 0004:00001b18       $pdata$_ssSetOutputPortVectorDimension 000000018006db18     SpeedgoatCANOpen2Buses1ms_sfun_registry.obj
 0004:00001b24       $pdata$ssIsRunTimeParamTunable 000000018006db24     SpeedgoatCANOpen2Buses1ms_sfun_registry.obj
 0004:00001b30       $pdata$ssGetSFuncBlockHandle 000000018006db30     SpeedgoatCANOpen2Buses1ms_sfun_registry.obj
 0004:00001b3c       $pdata$_ssGetCurrentInputPortWidth 000000018006db3c     SpeedgoatCANOpen2Buses1ms_sfun_registry.obj
 0004:00001b48       $pdata$_ssGetCurrentOutputPortWidth 000000018006db48     SpeedgoatCANOpen2Buses1ms_sfun_registry.obj
 0004:00001b54       $pdata$_ssGetCallSystemNumFcnCallDestinations 000000018006db54     SpeedgoatCANOpen2Buses1ms_sfun_registry.obj
 0004:00001b60       $pdata$ssGetIsZeroCrossControlDisabled 000000018006db60     SpeedgoatCANOpen2Buses1ms_sfun_registry.obj
 0004:00001b6c       $pdata$ssSetIsInputPortUsedForContZcSignal 000000018006db6c     SpeedgoatCANOpen2Buses1ms_sfun_registry.obj
 0004:00001b78       $pdata$ssSetZcSignalIsZcElementDisc 000000018006db78     SpeedgoatCANOpen2Buses1ms_sfun_registry.obj
 0004:00001b84       $pdata$ssSetZcSignalName   000000018006db84     SpeedgoatCANOpen2Buses1ms_sfun_registry.obj
 0004:00001b90       $pdata$ssSetZcSignalWidth  000000018006db90     SpeedgoatCANOpen2Buses1ms_sfun_registry.obj
 0004:00001b9c       $pdata$ssSetZcSignalZcEventType 000000018006db9c     SpeedgoatCANOpen2Buses1ms_sfun_registry.obj
 0004:00001ba8       $pdata$ssSetZcSignalType   000000018006dba8     SpeedgoatCANOpen2Buses1ms_sfun_registry.obj
 0004:00001bb4       $pdata$ssSetZcSignalZcTol  000000018006dbb4     SpeedgoatCANOpen2Buses1ms_sfun_registry.obj
 0004:00001bc0       $pdata$ssSetZcSignalNeedsEventNotification 000000018006dbc0     SpeedgoatCANOpen2Buses1ms_sfun_registry.obj
 0004:00001bcc       $pdata$ssCreateAndAddZcSignalInfo 000000018006dbcc     SpeedgoatCANOpen2Buses1ms_sfun_registry.obj
 0004:00001bd8       $pdata$ssCloneAndAddZcSignalInfo 000000018006dbd8     SpeedgoatCANOpen2Buses1ms_sfun_registry.obj
 0004:00001be4       $pdata$ssGetNumZcSignals   000000018006dbe4     SpeedgoatCANOpen2Buses1ms_sfun_registry.obj
 0004:00001bf0       $pdata$ssGetZcSignalVector 000000018006dbf0     SpeedgoatCANOpen2Buses1ms_sfun_registry.obj
 0004:00001bfc       $pdata$ssGetZcSignalName   000000018006dbfc     SpeedgoatCANOpen2Buses1ms_sfun_registry.obj
 0004:00001c08       $pdata$ssGetZcSignalWidth  000000018006dc08     SpeedgoatCANOpen2Buses1ms_sfun_registry.obj
 0004:00001c14       $pdata$ssGetZcSignalZcEventType 000000018006dc14     SpeedgoatCANOpen2Buses1ms_sfun_registry.obj
 0004:00001c20       $pdata$ssGetZcSignalZcEvents 000000018006dc20     SpeedgoatCANOpen2Buses1ms_sfun_registry.obj
 0004:00001c2c       $pdata$ssGetZcSignalType   000000018006dc2c     SpeedgoatCANOpen2Buses1ms_sfun_registry.obj
 0004:00001c38       $pdata$ssGetZcSignalZcTol  000000018006dc38     SpeedgoatCANOpen2Buses1ms_sfun_registry.obj
 0004:00001c44       $pdata$ssGetZcSignalNeedsEventNotification 000000018006dc44     SpeedgoatCANOpen2Buses1ms_sfun_registry.obj
 0004:00001c50       $pdata$ssGetZcSignalIsZcElementDisc 000000018006dc50     SpeedgoatCANOpen2Buses1ms_sfun_registry.obj
 0004:00001c5c       $pdata$ssGetIsInputPortElementContinuous 000000018006dc5c     SpeedgoatCANOpen2Buses1ms_sfun_registry.obj
 0004:00001c68       $pdata$_ssGetAbsTol        000000018006dc68     SpeedgoatCANOpen2Buses1ms_sfun_registry.obj
 0004:00001c74       $pdata$_ssSetInputPortReusableFcn 000000018006dc74     SpeedgoatCANOpen2Buses1ms_sfun_registry.obj
 0004:00001c80       $pdata$_ssSetOutputPortReusableFcn 000000018006dc80     SpeedgoatCANOpen2Buses1ms_sfun_registry.obj
 0004:00001c8c       $pdata$_ssSetSymbolicDimsSupport 000000018006dc8c     SpeedgoatCANOpen2Buses1ms_sfun_registry.obj
 0004:00001c98       $pdata$_ssRegisterSymbolicDimsExpr 000000018006dc98     SpeedgoatCANOpen2Buses1ms_sfun_registry.obj
 0004:00001ca4       $pdata$_ssRegisterSymbolicDims 000000018006dca4     SpeedgoatCANOpen2Buses1ms_sfun_registry.obj
 0004:00001cb0       $pdata$_ssRegisterSymbolicDimsString 000000018006dcb0     SpeedgoatCANOpen2Buses1ms_sfun_registry.obj
 0004:00001cbc       $pdata$_ssRegisterSymbolicDimsIntValue 000000018006dcbc     SpeedgoatCANOpen2Buses1ms_sfun_registry.obj
 0004:00001cc8       $pdata$_ssRegisterSymbolicDimsPlus 000000018006dcc8     SpeedgoatCANOpen2Buses1ms_sfun_registry.obj
 0004:00001cd4       $pdata$_ssRegisterSymbolicDimsMinus 000000018006dcd4     SpeedgoatCANOpen2Buses1ms_sfun_registry.obj
 0004:00001ce0       $pdata$_ssRegisterSymbolicDimsMultiply 000000018006dce0     SpeedgoatCANOpen2Buses1ms_sfun_registry.obj
 0004:00001cec       $pdata$_ssRegisterSymbolicDimsDivide 000000018006dcec     SpeedgoatCANOpen2Buses1ms_sfun_registry.obj
 0004:00001cf8       $pdata$_ssGetNumSymbolicDims 000000018006dcf8     SpeedgoatCANOpen2Buses1ms_sfun_registry.obj
 0004:00001d04       $pdata$_ssGetSymbolicDim   000000018006dd04     SpeedgoatCANOpen2Buses1ms_sfun_registry.obj
 0004:00001d10       $pdata$_ssSetInputPortSymbolicDimsId 000000018006dd10     SpeedgoatCANOpen2Buses1ms_sfun_registry.obj
 0004:00001d1c       $pdata$_ssGetCompInputPortSymbolicDimsId 000000018006dd1c     SpeedgoatCANOpen2Buses1ms_sfun_registry.obj
 0004:00001d28       $pdata$_ssSetCompInputPortSymbolicDimsId 000000018006dd28     SpeedgoatCANOpen2Buses1ms_sfun_registry.obj
 0004:00001d34       $pdata$_ssSetOutputPortSymbolicDimsId 000000018006dd34     SpeedgoatCANOpen2Buses1ms_sfun_registry.obj
 0004:00001d40       $pdata$_ssGetCompOutputPortSymbolicDimsId 000000018006dd40     SpeedgoatCANOpen2Buses1ms_sfun_registry.obj
 0004:00001d4c       $pdata$_ssSetCompOutputPortSymbolicDimsId 000000018006dd4c     SpeedgoatCANOpen2Buses1ms_sfun_registry.obj
 0004:00001d58       $pdata$_ssSetCompDWorkSymbolicDimsId 000000018006dd58     SpeedgoatCANOpen2Buses1ms_sfun_registry.obj
 0004:00001d64       $pdata$sf_process_check_sum_call 000000018006dd64     SpeedgoatCANOpen2Buses1ms_sfun_registry.obj
 0004:00001d70       $pdata$sf_process_testpoint_info_call 000000018006dd70     SpeedgoatCANOpen2Buses1ms_sfun_registry.obj
 0004:00001d7c       $pdata$sf_process_autoinheritance_call 000000018006dd7c     SpeedgoatCANOpen2Buses1ms_sfun_registry.obj
 0004:00001d88       $pdata$sf_process_get_third_party_uses_info_call 000000018006dd88     SpeedgoatCANOpen2Buses1ms_sfun_registry.obj
 0004:00001d94       $pdata$sf_process_get_jit_fallback_info_call 000000018006dd94     SpeedgoatCANOpen2Buses1ms_sfun_registry.obj
 0004:00001da0       $pdata$sf_process_get_updateBuildInfo_args_info_call 000000018006dda0     SpeedgoatCANOpen2Buses1ms_sfun_registry.obj
 0004:00001dac       $pdata$sf_process_get_eml_resolved_functions_info_call 000000018006ddac     SpeedgoatCANOpen2Buses1ms_sfun_registry.obj
 0004:00001db8       $pdata$sf_mex_unlock_call  000000018006ddb8     SpeedgoatCANOpen2Buses1ms_sfun_registry.obj
 0004:00001dc4       $pdata$sf_debug_api_wrapper 000000018006ddc4     SpeedgoatCANOpen2Buses1ms_sfun_registry.obj
 0004:00001dd0       $pdata$ProcessMexSfunctionCmdLineCall 000000018006ddd0     SpeedgoatCANOpen2Buses1ms_sfun_registry.obj
 0004:00001ddc       $pdata$sf_machine_global_initializer_called 000000018006dddc     SpeedgoatCANOpen2Buses1ms_sfun_registry.obj
 0004:00001de8       $pdata$sf_machine_global_method_dispatcher 000000018006dde8     SpeedgoatCANOpen2Buses1ms_sfun_registry.obj
 0004:00001df4       $pdata$sf_machine_global_terminator 000000018006ddf4     SpeedgoatCANOpen2Buses1ms_sfun_registry.obj
 0004:00001e00       $pdata$sf_register_machine_exported_symbols 000000018006de00     SpeedgoatCANOpen2Buses1ms_sfun_registry.obj
 0004:00001e0c       $pdata$sf_machine_global_initializer 000000018006de0c     SpeedgoatCANOpen2Buses1ms_sfun_registry.obj
 0004:00001e18       $pdata$mdlGetSimState      000000018006de18     SpeedgoatCANOpen2Buses1ms_sfun_registry.obj
 0004:00001e24       $pdata$mdlSetSimState      000000018006de24     SpeedgoatCANOpen2Buses1ms_sfun_registry.obj
 0004:00001e30       $pdata$mdlSetWorkWidths    000000018006de30     SpeedgoatCANOpen2Buses1ms_sfun_registry.obj
 0004:00001e3c       $pdata$mdlProcessParameters 000000018006de3c     SpeedgoatCANOpen2Buses1ms_sfun_registry.obj
 0004:00001e48       $pdata$mdl_start_processing 000000018006de48     SpeedgoatCANOpen2Buses1ms_sfun_registry.obj
 0004:00001e54       $pdata$mdl_terminate_processing 000000018006de54     SpeedgoatCANOpen2Buses1ms_sfun_registry.obj
 0004:00001e60       $pdata$mdlStart            000000018006de60     SpeedgoatCANOpen2Buses1ms_sfun_registry.obj
 0004:00001e6c       $pdata$mdlTerminate        000000018006de6c     SpeedgoatCANOpen2Buses1ms_sfun_registry.obj
 0004:00001e78       $pdata$mdlInitializeSizes  000000018006de78     SpeedgoatCANOpen2Buses1ms_sfun_registry.obj
 0004:00001e84       $pdata$mdlInitializeSampleTimes 000000018006de84     SpeedgoatCANOpen2Buses1ms_sfun_registry.obj
 0004:00001e90       $pdata$mdl_outputs_continuous_legacy 000000018006de90     SpeedgoatCANOpen2Buses1ms_sfun_registry.obj
 0004:00001e9c       $pdata$mdl_outputs_processing 000000018006de9c     SpeedgoatCANOpen2Buses1ms_sfun_registry.obj
 0004:00001ea8       $pdata$mdl_zeroCrossings_processing 000000018006dea8     SpeedgoatCANOpen2Buses1ms_sfun_registry.obj
 0004:00001eb4       $pdata$mdlZeroCrossings    000000018006deb4     SpeedgoatCANOpen2Buses1ms_sfun_registry.obj
 0004:00001ec0       $pdata$mdl_derivatives_processing 000000018006dec0     SpeedgoatCANOpen2Buses1ms_sfun_registry.obj
 0004:00001ecc       $pdata$mdlDerivatives      000000018006decc     SpeedgoatCANOpen2Buses1ms_sfun_registry.obj
 0004:00001ed8       $pdata$mdl_initialize_conditions_processing 000000018006ded8     SpeedgoatCANOpen2Buses1ms_sfun_registry.obj
 0004:00001ee4       $pdata$mdlInitializeConditions 000000018006dee4     SpeedgoatCANOpen2Buses1ms_sfun_registry.obj
 0004:00001ef0       $pdata$mdl_ext_mode_exec_processing 000000018006def0     SpeedgoatCANOpen2Buses1ms_sfun_registry.obj
 0004:00001efc       $pdata$mdlExtModeExec      000000018006defc     SpeedgoatCANOpen2Buses1ms_sfun_registry.obj
 0004:00001f08       $pdata$mdlRTW              000000018006df08     SpeedgoatCANOpen2Buses1ms_sfun_registry.obj
 0004:00001f14       $pdata$mdl_enable_processing 000000018006df14     SpeedgoatCANOpen2Buses1ms_sfun_registry.obj
 0004:00001f20       $pdata$mdlEnable           000000018006df20     SpeedgoatCANOpen2Buses1ms_sfun_registry.obj
 0004:00001f2c       $pdata$mdl_disable_processing 000000018006df2c     SpeedgoatCANOpen2Buses1ms_sfun_registry.obj
 0004:00001f38       $pdata$mdlDisable          000000018006df38     SpeedgoatCANOpen2Buses1ms_sfun_registry.obj
 0004:00001f44       $pdata$mdlOutputs          000000018006df44     SpeedgoatCANOpen2Buses1ms_sfun_registry.obj
 0004:00001f50       $pdata$mdl_update_processing 000000018006df50     SpeedgoatCANOpen2Buses1ms_sfun_registry.obj
 0004:00001f5c       $pdata$mdlUpdate           000000018006df5c     SpeedgoatCANOpen2Buses1ms_sfun_registry.obj
 0004:00001f68       $pdata$ProcessMexSfunctionEveryCall 000000018006df68     SpeedgoatCANOpen2Buses1ms_sfun_registry.obj
 0004:00001f74       $pdata$_RegNumInputPortsCB 000000018006df74     SpeedgoatCANOpen2Buses1ms_sfun_registry.obj
 0004:00001f80       $pdata$_RegNumOutputPortsCB 000000018006df80     SpeedgoatCANOpen2Buses1ms_sfun_registry.obj
 0004:00001f8c       $pdata$_CreateSimStruct    000000018006df8c     SpeedgoatCANOpen2Buses1ms_sfun_registry.obj
 0004:00001f98       $pdata$_ProcessMexSfunctionCmdLineCall 000000018006df98     SpeedgoatCANOpen2Buses1ms_sfun_registry.obj
 0004:00001fa4       $pdata$ReportIndexOutOfBoundsError 000000018006dfa4     SpeedgoatCANOpen2Buses1ms_sfun_registry.obj
 0004:00001fb0       $pdata$_vsnprintf_l        000000018006dfb0     SpeedgoatCANOpen2Buses1ms_sfun_registry.obj
 0004:00001fbc       $pdata$_vsprintf_l         000000018006dfbc     SpeedgoatCANOpen2Buses1ms_sfun_registry.obj
 0004:00001fc8       $pdata$sprintf             000000018006dfc8     SpeedgoatCANOpen2Buses1ms_sfun_registry.obj
 0004:00001fd4       $pdata$__raise_securityfailure 000000018006dfd4     MSVCRT:gs_report.obj
 0004:00001fe0       $pdata$__report_gsfailure  000000018006dfe0     MSVCRT:gs_report.obj
 0004:00001fec       $pdata$__report_rangecheckfailure 000000018006dfec     MSVCRT:gs_report.obj
 0004:00001ff8       $pdata$__report_securityfailure 000000018006dff8     MSVCRT:gs_report.obj
 0004:00002004       $pdata$__report_securityfailureEx 000000018006e004     MSVCRT:gs_report.obj
 0004:00002010       $pdata$capture_current_context 000000018006e010     MSVCRT:gs_report.obj
 0004:0000201c       $pdata$capture_previous_context 000000018006e01c     MSVCRT:gs_report.obj
 0004:00002028       $pdata$__GSHandlerCheck    000000018006e028     MSVCRT:gshandler.obj
 0004:00002034       $pdata$__GSHandlerCheckCommon 000000018006e034     MSVCRT:gshandler.obj
 0004:0000204c       $pdata$?dllmain_crt_dispatch@@YAHQEAUHINSTANCE__@@KQEAX@Z 000000018006e04c     MSVCRT:dll_dllmain.obj
 0004:00002058       $pdata$?dllmain_crt_process_attach@@YAHQEAUHINSTANCE__@@QEAX@Z 000000018006e058     MSVCRT:dll_dllmain.obj
 0004:00002064       $pdata$?dllmain_crt_process_detach@@YAH_N@Z 000000018006e064     MSVCRT:dll_dllmain.obj
 0004:00002070       $pdata$?dllmain_dispatch@@YAHQEAUHINSTANCE__@@KQEAX@Z 000000018006e070     MSVCRT:dll_dllmain.obj
 0004:0000207c       $pdata$_DllMainCRTStartup  000000018006e07c     MSVCRT:dll_dllmain.obj
 0004:00002088       $pdata$__get_entropy       000000018006e088     MSVCRT:gs_support.obj
 0004:00002094       $pdata$__security_init_cookie 000000018006e094     MSVCRT:gs_support.obj
 0004:000020a0       $pdata$DllMain             000000018006e0a0     MSVCRT:dll_dllmain_stub.obj
 0004:000020ac       $pdata$__scrt_initialize_default_local_stdio_options 000000018006e0ac     MSVCRT:default_local_stdio_options.obj
 0004:000020b8       $pdata$?configure_argv@__scrt_narrow_argv_policy@@SAHXZ 000000018006e0b8     MSVCRT:utility.obj
 0004:000020c4       $pdata$__scrt_acquire_startup_lock 000000018006e0c4     MSVCRT:utility.obj
 0004:000020d0       $pdata$__scrt_dllmain_after_initialize_c 000000018006e0d0     MSVCRT:utility.obj
 0004:000020dc       $pdata$__scrt_dllmain_before_initialize_c 000000018006e0dc     MSVCRT:utility.obj
 0004:000020e8       $pdata$__scrt_dllmain_crt_thread_attach 000000018006e0e8     MSVCRT:utility.obj
 0004:000020f4       $pdata$__scrt_dllmain_crt_thread_detach 000000018006e0f4     MSVCRT:utility.obj
 0004:00002100       $pdata$__scrt_dllmain_exception_filter 000000018006e100     MSVCRT:utility.obj
 0004:0000210c       $pdata$__scrt_dllmain_uninitialize_c 000000018006e10c     MSVCRT:utility.obj
 0004:00002118       $pdata$__scrt_dllmain_uninitialize_critical 000000018006e118     MSVCRT:utility.obj
 0004:00002124       $pdata$__scrt_initialize_crt 000000018006e124     MSVCRT:utility.obj
 0004:00002130       $pdata$__scrt_initialize_onexit_tables 000000018006e130     MSVCRT:utility.obj
 0004:0000213c       $pdata$__scrt_is_nonwritable_in_current_image 000000018006e13c     MSVCRT:utility.obj
 0004:00002148       $pdata$__scrt_release_startup_lock 000000018006e148     MSVCRT:utility.obj
 0004:00002154       $pdata$__scrt_uninitialize_crt 000000018006e154     MSVCRT:utility.obj
 0004:00002160       $pdata$_onexit             000000018006e160     MSVCRT:utility.obj
 0004:0000216c       $pdata$atexit              000000018006e16c     MSVCRT:utility.obj
 0004:00002178       $pdata$__scrt_fastfail     000000018006e178     MSVCRT:utility_desktop.obj
 0004:00002184       $pdata$__scrt_get_show_window_mode 000000018006e184     MSVCRT:utility_desktop.obj
 0004:00002190       $pdata$__scrt_is_managed_app 000000018006e190     MSVCRT:utility_desktop.obj
 0004:0000219c       $pdata$__scrt_unhandled_exception_filter 000000018006e19c     MSVCRT:utility_desktop.obj
 0004:000021a8       $pdata$_RTC_Initialize     000000018006e1a8     MSVCRT:initsect.obj
 0004:000021b4       $pdata$_RTC_Terminate      000000018006e1b4     MSVCRT:initsect.obj
 0004:000021c0       $pdata$__isa_available_init 000000018006e1c0     MSVCRT:cpu_disp.obj
 0004:000021d8       $pdata$?fin$0@?0??dllmain_crt_process_attach@@YAHQEAUHINSTANCE__@@QEAX@Z@4HA 000000018006e1d8     MSVCRT:dll_dllmain.obj
 0004:000021e4       $pdata$?fin$0@?0??dllmain_crt_process_detach@@YAH_N@Z@4HA 000000018006e1e4     MSVCRT:dll_dllmain.obj
 0004:000021f0       $pdata$?filt$0@?0??dllmain_dispatch@@YAHQEAUHINSTANCE__@@KQEAX@Z@4HA 000000018006e1f0     MSVCRT:dll_dllmain.obj
 0004:000021fc       $pdata$__scrt_is_nonwritable_in_current_image$filt$0 000000018006e1fc     MSVCRT:utility.obj
