 SpeedgoatCANOpen2Buses100us_sfun

 Timestamp is 62481bb7 (Sat Apr  2 12:47:35 2022)

 Preferred load address is 0000000180000000

 Start         Length     Name                   Class
 0001:00000000 0003dc00H .text$mn                CODE
 0001:0003dc00 00000012H .text$mn$00             CODE
 0001:0003dc12 00000081H .text$x                 CODE
 0002:00000000 00000520H .idata$5                DATA
 0002:00000520 00000010H .00cfg                  DATA
 0002:00000530 00000008H .CRT$XCA                DATA
 0002:00000538 00000008H .CRT$XCZ                DATA
 0002:00000540 00000008H .CRT$XIA                DATA
 0002:00000548 00000008H .CRT$XIZ                DATA
 0002:00000550 00000008H .CRT$XPA                DATA
 0002:00000558 00000008H .CRT$XPZ                DATA
 0002:00000560 00000008H .CRT$XTA                DATA
 0002:00000568 00000008H .CRT$XTZ                DATA
 0002:00000570 00000000H .gfids$y                DATA
 0002:00000570 00000310H .rdata                  DATA
 0002:00000880 00000218H .rdata$zzzdbg           DATA
 0002:00000a98 00000008H .rtc$IAA                DATA
 0002:00000aa0 00000008H .rtc$IZZ                DATA
 0002:00000aa8 00000008H .rtc$TAA                DATA
 0002:00000ab0 00000008H .rtc$TZZ                DATA
 0002:00000ab8 000012a8H .xdata                  DATA
 0002:00001d60 0000008cH .edata                  DATA
 0002:00001dec 000000dcH .idata$2                DATA
 0002:00001ec8 00000018H .idata$3                DATA
 0002:00001ee0 00000520H .idata$4                DATA
 0002:00002400 00000fb6H .idata$6                DATA
 0003:00000000 00008340H .data                   DATA
 0003:00008340 00000790H .bss                    DATA
 0004:00000000 0000183cH .pdata                  DATA

  Address         Publics by Value              Rva+Base               Lib:Object

 0000:00000000       __hybrid_code_map          0000000000000000     <absolute>
 0000:00000000       __guard_iat_count          0000000000000000     <absolute>
 0000:00000000       ___safe_se_handler_table   0000000000000000     <absolute>
 0000:00000000       __dynamic_value_reloc_table 0000000000000000     <absolute>
 0000:00000000       __guard_longjmp_count      0000000000000000     <absolute>
 0000:00000000       __enclave_config           0000000000000000     <absolute>
 0000:00000000       __guard_fids_table         0000000000000000     <absolute>
 0000:00000000       __guard_fids_count         0000000000000000     <absolute>
 0000:00000000       __hybrid_code_map_count    0000000000000000     <absolute>
 0000:00000000       __volatile_metadata        0000000000000000     <absolute>
 0000:00000000       __hybrid_auxiliary_iat     0000000000000000     <absolute>
 0000:00000000       __guard_iat_table          0000000000000000     <absolute>
 0000:00000000       ___safe_se_handler_count   0000000000000000     <absolute>
 0000:00000000       __guard_longjmp_table      0000000000000000     <absolute>
 0000:00000100       __guard_flags              0000000000000100     <absolute>
 0000:00000000       __ImageBase                0000000180000000     <linker-defined>
 0001:00000000       SpeedgoatCANOpen2Buses100us_initializer 0000000180001000 f   SpeedgoatCANOpen2Buses100us_sfun.obj
 0001:00000010       SpeedgoatCANOpen2Buses100us_terminator 0000000180001010 f   SpeedgoatCANOpen2Buses100us_sfun.obj
 0001:00000020       load_SpeedgoatCANOpen2Buses100us_optimization_info 0000000180001020 f   SpeedgoatCANOpen2Buses100us_sfun.obj
 0001:000000d0       unload_SpeedgoatCANOpen2Buses100us_optimization_info 00000001800010d0 f   SpeedgoatCANOpen2Buses100us_sfun.obj
 0001:00000100       sf_SpeedgoatCANOpen2Buses100us_method_dispatcher 0000000180001100 f   SpeedgoatCANOpen2Buses100us_sfun.obj
 0001:000001f0       sf_SpeedgoatCANOpen2Buses100us_process_testpoint_info_call 00000001800011f0 f   SpeedgoatCANOpen2Buses100us_sfun.obj
 0001:000004c0       sf_SpeedgoatCANOpen2Buses100us_process_check_sum_call 00000001800014c0 f   SpeedgoatCANOpen2Buses100us_sfun.obj
 0001:00000a50       sf_SpeedgoatCANOpen2Buses100us_autoinheritance_info 0000000180001a50 f   SpeedgoatCANOpen2Buses100us_sfun.obj
 0001:00000e50       sf_SpeedgoatCANOpen2Buses100us_get_eml_resolved_functions_info 0000000180001e50 f   SpeedgoatCANOpen2Buses100us_sfun.obj
 0001:00001200       sf_SpeedgoatCANOpen2Buses100us_third_party_uses_info 0000000180002200 f   SpeedgoatCANOpen2Buses100us_sfun.obj
 0001:00001520       sf_SpeedgoatCANOpen2Buses100us_jit_fallback_info 0000000180002520 f   SpeedgoatCANOpen2Buses100us_sfun.obj
 0001:00001840       sf_SpeedgoatCANOpen2Buses100us_updateBuildInfo_args_info 0000000180002840 f   SpeedgoatCANOpen2Buses100us_sfun.obj
 0001:00001b60       SpeedgoatCANOpen2Buses100us_debug_initialize 0000000180002b60 f   SpeedgoatCANOpen2Buses100us_sfun.obj
 0001:00001be0       SpeedgoatCANOpen2Buses100us_register_exported_symbols 0000000180002be0 f   SpeedgoatCANOpen2Buses100us_sfun.obj
 0001:00001bf0       sf_c1_SpeedgoatCANOpen2Buses100us_get_eml_resolved_functions_info 0000000180002bf0 f   c1_SpeedgoatCANOpen2Buses100us.obj
 0001:00001c70       sf_c1_SpeedgoatCANOpen2Buses100us_get_check_sum 0000000180002c70 f   c1_SpeedgoatCANOpen2Buses100us.obj
 0001:00001d40       c1_SpeedgoatCANOpen2Buses100us_method_dispatcher 0000000180002d40 f   c1_SpeedgoatCANOpen2Buses100us.obj
 0001:00009350       sf_c1_SpeedgoatCANOpen2Buses100us_get_post_codegen_info 000000018000a350 f   c1_SpeedgoatCANOpen2Buses100us.obj
 0001:00009420       sf_c1_SpeedgoatCANOpen2Buses100us_get_autoinheritance_info 000000018000a420 f   c1_SpeedgoatCANOpen2Buses100us.obj
 0001:0000a180       sf_c1_SpeedgoatCANOpen2Buses100us_third_party_uses_info 000000018000b180 f   c1_SpeedgoatCANOpen2Buses100us.obj
 0001:0000a1b0       sf_c1_SpeedgoatCANOpen2Buses100us_jit_fallback_info 000000018000b1b0 f   c1_SpeedgoatCANOpen2Buses100us.obj
 0001:0000a340       sf_c1_SpeedgoatCANOpen2Buses100us_updateBuildInfo_args_info 000000018000b340 f   c1_SpeedgoatCANOpen2Buses100us.obj
 0001:0000a860       sf_c1_SpeedgoatCANOpen2Buses100us_get_testpoint_info 000000018000b860 f   c1_SpeedgoatCANOpen2Buses100us.obj
 0001:0000b2a0       sf_c2_SpeedgoatCANOpen2Buses100us_get_eml_resolved_functions_info 000000018000c2a0 f   c2_SpeedgoatCANOpen2Buses100us.obj
 0001:0000b320       sf_c2_SpeedgoatCANOpen2Buses100us_get_check_sum 000000018000c320 f   c2_SpeedgoatCANOpen2Buses100us.obj
 0001:0000b3f0       c2_SpeedgoatCANOpen2Buses100us_method_dispatcher 000000018000c3f0 f   c2_SpeedgoatCANOpen2Buses100us.obj
 0001:00012a00       sf_c2_SpeedgoatCANOpen2Buses100us_get_post_codegen_info 0000000180013a00 f   c2_SpeedgoatCANOpen2Buses100us.obj
 0001:00012ad0       sf_c2_SpeedgoatCANOpen2Buses100us_get_autoinheritance_info 0000000180013ad0 f   c2_SpeedgoatCANOpen2Buses100us.obj
 0001:00013830       sf_c2_SpeedgoatCANOpen2Buses100us_third_party_uses_info 0000000180014830 f   c2_SpeedgoatCANOpen2Buses100us.obj
 0001:00013860       sf_c2_SpeedgoatCANOpen2Buses100us_jit_fallback_info 0000000180014860 f   c2_SpeedgoatCANOpen2Buses100us.obj
 0001:000139f0       sf_c2_SpeedgoatCANOpen2Buses100us_updateBuildInfo_args_info 00000001800149f0 f   c2_SpeedgoatCANOpen2Buses100us.obj
 0001:00013f10       sf_c2_SpeedgoatCANOpen2Buses100us_get_testpoint_info 0000000180014f10 f   c2_SpeedgoatCANOpen2Buses100us.obj
 0001:00014950       sf_c3_SpeedgoatCANOpen2Buses100us_get_eml_resolved_functions_info 0000000180015950 f   c3_SpeedgoatCANOpen2Buses100us.obj
 0001:000149d0       sf_c3_SpeedgoatCANOpen2Buses100us_get_check_sum 00000001800159d0 f   c3_SpeedgoatCANOpen2Buses100us.obj
 0001:00014aa0       c3_SpeedgoatCANOpen2Buses100us_method_dispatcher 0000000180015aa0 f   c3_SpeedgoatCANOpen2Buses100us.obj
 0001:0001d940       sf_c3_SpeedgoatCANOpen2Buses100us_get_post_codegen_info 000000018001e940 f   c3_SpeedgoatCANOpen2Buses100us.obj
 0001:0001da10       sf_c3_SpeedgoatCANOpen2Buses100us_get_autoinheritance_info 000000018001ea10 f   c3_SpeedgoatCANOpen2Buses100us.obj
 0001:0001e8b0       sf_c3_SpeedgoatCANOpen2Buses100us_third_party_uses_info 000000018001f8b0 f   c3_SpeedgoatCANOpen2Buses100us.obj
 0001:0001e8e0       sf_c3_SpeedgoatCANOpen2Buses100us_jit_fallback_info 000000018001f8e0 f   c3_SpeedgoatCANOpen2Buses100us.obj
 0001:0001ea70       sf_c3_SpeedgoatCANOpen2Buses100us_updateBuildInfo_args_info 000000018001fa70 f   c3_SpeedgoatCANOpen2Buses100us.obj
 0001:0001efa0       sf_c3_SpeedgoatCANOpen2Buses100us_get_testpoint_info 000000018001ffa0 f   c3_SpeedgoatCANOpen2Buses100us.obj
 0001:0001f9e0       sf_c4_SpeedgoatCANOpen2Buses100us_get_eml_resolved_functions_info 00000001800209e0 f   c4_SpeedgoatCANOpen2Buses100us.obj
 0001:0001fa60       sf_c4_SpeedgoatCANOpen2Buses100us_get_check_sum 0000000180020a60 f   c4_SpeedgoatCANOpen2Buses100us.obj
 0001:0001fb30       c4_SpeedgoatCANOpen2Buses100us_method_dispatcher 0000000180020b30 f   c4_SpeedgoatCANOpen2Buses100us.obj
 0001:000230d0       sf_c4_SpeedgoatCANOpen2Buses100us_get_post_codegen_info 00000001800240d0 f   c4_SpeedgoatCANOpen2Buses100us.obj
 0001:000231a0       sf_c4_SpeedgoatCANOpen2Buses100us_get_autoinheritance_info 00000001800241a0 f   c4_SpeedgoatCANOpen2Buses100us.obj
 0001:00023600       sf_c4_SpeedgoatCANOpen2Buses100us_third_party_uses_info 0000000180024600 f   c4_SpeedgoatCANOpen2Buses100us.obj
 0001:00023630       sf_c4_SpeedgoatCANOpen2Buses100us_jit_fallback_info 0000000180024630 f   c4_SpeedgoatCANOpen2Buses100us.obj
 0001:000237c0       sf_c4_SpeedgoatCANOpen2Buses100us_updateBuildInfo_args_info 00000001800247c0 f   c4_SpeedgoatCANOpen2Buses100us.obj
 0001:00023ce0       sf_c4_SpeedgoatCANOpen2Buses100us_get_testpoint_info 0000000180024ce0 f   c4_SpeedgoatCANOpen2Buses100us.obj
 0001:000246d0       sf_c5_SpeedgoatCANOpen2Buses100us_get_eml_resolved_functions_info 00000001800256d0 f   c5_SpeedgoatCANOpen2Buses100us.obj
 0001:00024750       sf_c5_SpeedgoatCANOpen2Buses100us_get_check_sum 0000000180025750 f   c5_SpeedgoatCANOpen2Buses100us.obj
 0001:00024820       c5_SpeedgoatCANOpen2Buses100us_method_dispatcher 0000000180025820 f   c5_SpeedgoatCANOpen2Buses100us.obj
 0001:00028240       sf_c5_SpeedgoatCANOpen2Buses100us_get_post_codegen_info 0000000180029240 f   c5_SpeedgoatCANOpen2Buses100us.obj
 0001:00028310       sf_c5_SpeedgoatCANOpen2Buses100us_get_autoinheritance_info 0000000180029310 f   c5_SpeedgoatCANOpen2Buses100us.obj
 0001:000288a0       sf_c5_SpeedgoatCANOpen2Buses100us_third_party_uses_info 00000001800298a0 f   c5_SpeedgoatCANOpen2Buses100us.obj
 0001:000288d0       sf_c5_SpeedgoatCANOpen2Buses100us_jit_fallback_info 00000001800298d0 f   c5_SpeedgoatCANOpen2Buses100us.obj
 0001:00028a60       sf_c5_SpeedgoatCANOpen2Buses100us_updateBuildInfo_args_info 0000000180029a60 f   c5_SpeedgoatCANOpen2Buses100us.obj
 0001:00028f80       sf_c5_SpeedgoatCANOpen2Buses100us_get_testpoint_info 0000000180029f80 f   c5_SpeedgoatCANOpen2Buses100us.obj
 0001:000299c0       sf_c12_SpeedgoatCANOpen2Buses100us_get_eml_resolved_functions_info 000000018002a9c0 f   c12_SpeedgoatCANOpen2Buses100us.obj
 0001:00029a40       sf_c12_SpeedgoatCANOpen2Buses100us_get_check_sum 000000018002aa40 f   c12_SpeedgoatCANOpen2Buses100us.obj
 0001:00029b10       c12_SpeedgoatCANOpen2Buses100us_method_dispatcher 000000018002ab10 f   c12_SpeedgoatCANOpen2Buses100us.obj
 0001:00031120       sf_c12_SpeedgoatCANOpen2Buses100us_get_post_codegen_info 0000000180032120 f   c12_SpeedgoatCANOpen2Buses100us.obj
 0001:000311f0       sf_c12_SpeedgoatCANOpen2Buses100us_get_autoinheritance_info 00000001800321f0 f   c12_SpeedgoatCANOpen2Buses100us.obj
 0001:00031f50       sf_c12_SpeedgoatCANOpen2Buses100us_third_party_uses_info 0000000180032f50 f   c12_SpeedgoatCANOpen2Buses100us.obj
 0001:00031f80       sf_c12_SpeedgoatCANOpen2Buses100us_jit_fallback_info 0000000180032f80 f   c12_SpeedgoatCANOpen2Buses100us.obj
 0001:00032110       sf_c12_SpeedgoatCANOpen2Buses100us_updateBuildInfo_args_info 0000000180033110 f   c12_SpeedgoatCANOpen2Buses100us.obj
 0001:00032630       sf_c12_SpeedgoatCANOpen2Buses100us_get_testpoint_info 0000000180033630 f   c12_SpeedgoatCANOpen2Buses100us.obj
 0001:00033070       mexFunction                0000000180034070 f   SpeedgoatCANOpen2Buses100us_sfun_registry.obj
 0001:00035630       _ssSetInputPortDirectFeedThroughFcn 0000000180036630 f   SpeedgoatCANOpen2Buses100us_sfun_registry.obj
 0001:000357a0       _ssSetRWorkValueFcn        00000001800367a0 f   SpeedgoatCANOpen2Buses100us_sfun_registry.obj
 0001:00035820       _ssGetRWorkValueFcn        0000000180036820 f   SpeedgoatCANOpen2Buses100us_sfun_registry.obj
 0001:00035890       _ssSetIWorkValueFcn        0000000180036890 f   SpeedgoatCANOpen2Buses100us_sfun_registry.obj
 0001:00035910       _ssGetIWorkValueFcn        0000000180036910 f   SpeedgoatCANOpen2Buses100us_sfun_registry.obj
 0001:00035980       _ssSetPWorkValueFcn        0000000180036980 f   SpeedgoatCANOpen2Buses100us_sfun_registry.obj
 0001:00035a00       _ssGetPWorkValueFcn        0000000180036a00 f   SpeedgoatCANOpen2Buses100us_sfun_registry.obj
 0001:00035a70       _ssGetInputPortSignalFcn   0000000180036a70 f   SpeedgoatCANOpen2Buses100us_sfun_registry.obj
 0001:00035e00       _ssGetInputPortBufferDstPortFcn 0000000180036e00 f   SpeedgoatCANOpen2Buses100us_sfun_registry.obj
 0001:00035e80       _ssGetInputPortSignalPtrsFcn 0000000180036e80 f   SpeedgoatCANOpen2Buses100us_sfun_registry.obj
 0001:00036210       ssGetParameterTuningCompliance 0000000180037210 f   SpeedgoatCANOpen2Buses100us_sfun_registry.obj
 0001:00036280       ssGetDTypeIdFromMxArray    0000000180037280 f   SpeedgoatCANOpen2Buses100us_sfun_registry.obj
 0001:000363a0       ssWriteRTWMx2dMatParam     00000001800373a0 f   SpeedgoatCANOpen2Buses100us_sfun_registry.obj
 0001:00036430       ssWriteRTWMxVectParam      0000000180037430 f   SpeedgoatCANOpen2Buses100us_sfun_registry.obj
 0001:000364b0       ssWriteRTWParameters       00000001800374b0 f   SpeedgoatCANOpen2Buses100us_sfun_registry.obj
 0001:00036a70       ssWriteRTWParamSettings    0000000180037a70 f   SpeedgoatCANOpen2Buses100us_sfun_registry.obj
 0001:00037160       ssWriteRTWStr              0000000180038160 f   SpeedgoatCANOpen2Buses100us_sfun_registry.obj
 0001:000371c0       ssWriteRTWWorkVect         00000001800381c0 f   SpeedgoatCANOpen2Buses100us_sfun_registry.obj
 0001:00037720       ssWarning                  0000000180038720 f   SpeedgoatCANOpen2Buses100us_sfun_registry.obj
 0001:00037810       ssWriteRTWNameValuePair    0000000180038810 f   SpeedgoatCANOpen2Buses100us_sfun_registry.obj
 0001:00037d10       _ssSetInputPortMatrixDimensions 0000000180038d10 f   SpeedgoatCANOpen2Buses100us_sfun_registry.obj
 0001:00037e30       _ssSetOutputPortMatrixDimensions 0000000180038e30 f   SpeedgoatCANOpen2Buses100us_sfun_registry.obj
 0001:00037f50       _ssSetInputPortVectorDimension 0000000180038f50 f   SpeedgoatCANOpen2Buses100us_sfun_registry.obj
 0001:00038000       _ssSetOutputPortVectorDimension 0000000180039000 f   SpeedgoatCANOpen2Buses100us_sfun_registry.obj
 0001:000380b0       ssIsRunTimeParamTunable    00000001800390b0 f   SpeedgoatCANOpen2Buses100us_sfun_registry.obj
 0001:00038120       ssGetSFuncBlockHandle      0000000180039120 f   SpeedgoatCANOpen2Buses100us_sfun_registry.obj
 0001:00038190       _ssGetCurrentInputPortWidth 0000000180039190 f   SpeedgoatCANOpen2Buses100us_sfun_registry.obj
 0001:000382b0       _ssGetCurrentOutputPortWidth 00000001800392b0 f   SpeedgoatCANOpen2Buses100us_sfun_registry.obj
 0001:000383d0       _ssGetCallSystemNumFcnCallDestinations 00000001800393d0 f   SpeedgoatCANOpen2Buses100us_sfun_registry.obj
 0001:00038440       ssGetIsZeroCrossControlDisabled 0000000180039440 f   SpeedgoatCANOpen2Buses100us_sfun_registry.obj
 0001:000384b0       ssSetIsInputPortUsedForContZcSignal 00000001800394b0 f   SpeedgoatCANOpen2Buses100us_sfun_registry.obj
 0001:00038520       ssSetZcSignalIsZcElementDisc 0000000180039520 f   SpeedgoatCANOpen2Buses100us_sfun_registry.obj
 0001:000385d0       ssSetZcSignalName          00000001800395d0 f   SpeedgoatCANOpen2Buses100us_sfun_registry.obj
 0001:00038640       ssSetZcSignalWidth         0000000180039640 f   SpeedgoatCANOpen2Buses100us_sfun_registry.obj
 0001:000386b0       ssSetZcSignalZcEventType   00000001800396b0 f   SpeedgoatCANOpen2Buses100us_sfun_registry.obj
 0001:00038720       ssSetZcSignalType          0000000180039720 f   SpeedgoatCANOpen2Buses100us_sfun_registry.obj
 0001:00038790       ssSetZcSignalZcTol         0000000180039790 f   SpeedgoatCANOpen2Buses100us_sfun_registry.obj
 0001:00038800       ssSetZcSignalNeedsEventNotification 0000000180039800 f   SpeedgoatCANOpen2Buses100us_sfun_registry.obj
 0001:00038870       ssCreateAndAddZcSignalInfo 0000000180039870 f   SpeedgoatCANOpen2Buses100us_sfun_registry.obj
 0001:000388e0       ssCloneAndAddZcSignalInfo  00000001800398e0 f   SpeedgoatCANOpen2Buses100us_sfun_registry.obj
 0001:00038950       ssGetNumZcSignals          0000000180039950 f   SpeedgoatCANOpen2Buses100us_sfun_registry.obj
 0001:000389c0       ssGetZcSignalVector        00000001800399c0 f   SpeedgoatCANOpen2Buses100us_sfun_registry.obj
 0001:00038a30       ssGetZcSignalName          0000000180039a30 f   SpeedgoatCANOpen2Buses100us_sfun_registry.obj
 0001:00038aa0       ssGetZcSignalWidth         0000000180039aa0 f   SpeedgoatCANOpen2Buses100us_sfun_registry.obj
 0001:00038b10       ssGetZcSignalZcEventType   0000000180039b10 f   SpeedgoatCANOpen2Buses100us_sfun_registry.obj
 0001:00038b80       ssGetZcSignalZcEvents      0000000180039b80 f   SpeedgoatCANOpen2Buses100us_sfun_registry.obj
 0001:00038bf0       ssGetZcSignalType          0000000180039bf0 f   SpeedgoatCANOpen2Buses100us_sfun_registry.obj
 0001:00038c60       ssGetZcSignalZcTol         0000000180039c60 f   SpeedgoatCANOpen2Buses100us_sfun_registry.obj
 0001:00038ce0       ssGetZcSignalNeedsEventNotification 0000000180039ce0 f   SpeedgoatCANOpen2Buses100us_sfun_registry.obj
 0001:00038d50       ssGetZcSignalIsZcElementDisc 0000000180039d50 f   SpeedgoatCANOpen2Buses100us_sfun_registry.obj
 0001:00038df0       ssGetIsInputPortElementContinuous 0000000180039df0 f   SpeedgoatCANOpen2Buses100us_sfun_registry.obj
 0001:00038e90       _ssGetAbsTol               0000000180039e90 f   SpeedgoatCANOpen2Buses100us_sfun_registry.obj
 0001:00038f00       _ssSetStateAbsTol          0000000180039f00 f   SpeedgoatCANOpen2Buses100us_sfun_registry.obj
 0001:00038fe0       _ssSetInputPortReusableFcn 0000000180039fe0 f   SpeedgoatCANOpen2Buses100us_sfun_registry.obj
 0001:000390e0       _ssSetOutputPortReusableFcn 000000018003a0e0 f   SpeedgoatCANOpen2Buses100us_sfun_registry.obj
 0001:000391e0       _ssSetSymbolicDimsSupport  000000018003a1e0 f   SpeedgoatCANOpen2Buses100us_sfun_registry.obj
 0001:00039250       _ssRegisterSymbolicDimsExpr 000000018003a250 f   SpeedgoatCANOpen2Buses100us_sfun_registry.obj
 0001:000392d0       _ssRegisterSymbolicDims    000000018003a2d0 f   SpeedgoatCANOpen2Buses100us_sfun_registry.obj
 0001:00039370       _ssRegisterSymbolicDimsString 000000018003a370 f   SpeedgoatCANOpen2Buses100us_sfun_registry.obj
 0001:000393f0       _ssRegisterSymbolicDimsIntValue 000000018003a3f0 f   SpeedgoatCANOpen2Buses100us_sfun_registry.obj
 0001:00039460       _ssRegisterSymbolicDimsPlus 000000018003a460 f   SpeedgoatCANOpen2Buses100us_sfun_registry.obj
 0001:000394e0       _ssRegisterSymbolicDimsMinus 000000018003a4e0 f   SpeedgoatCANOpen2Buses100us_sfun_registry.obj
 0001:00039560       _ssRegisterSymbolicDimsMultiply 000000018003a560 f   SpeedgoatCANOpen2Buses100us_sfun_registry.obj
 0001:000395e0       _ssRegisterSymbolicDimsDivide 000000018003a5e0 f   SpeedgoatCANOpen2Buses100us_sfun_registry.obj
 0001:00039660       _ssGetNumSymbolicDims      000000018003a660 f   SpeedgoatCANOpen2Buses100us_sfun_registry.obj
 0001:000396d0       _ssGetSymbolicDim          000000018003a6d0 f   SpeedgoatCANOpen2Buses100us_sfun_registry.obj
 0001:00039750       _ssSetInputPortSymbolicDimsId 000000018003a750 f   SpeedgoatCANOpen2Buses100us_sfun_registry.obj
 0001:000397c0       _ssGetCompInputPortSymbolicDimsId 000000018003a7c0 f   SpeedgoatCANOpen2Buses100us_sfun_registry.obj
 0001:00039830       _ssSetCompInputPortSymbolicDimsId 000000018003a830 f   SpeedgoatCANOpen2Buses100us_sfun_registry.obj
 0001:000398a0       _ssSetOutputPortSymbolicDimsId 000000018003a8a0 f   SpeedgoatCANOpen2Buses100us_sfun_registry.obj
 0001:00039910       _ssGetCompOutputPortSymbolicDimsId 000000018003a910 f   SpeedgoatCANOpen2Buses100us_sfun_registry.obj
 0001:00039980       _ssSetCompOutputPortSymbolicDimsId 000000018003a980 f   SpeedgoatCANOpen2Buses100us_sfun_registry.obj
 0001:000399f0       _ssSetCompDWorkSymbolicDimsId 000000018003a9f0 f   SpeedgoatCANOpen2Buses100us_sfun_registry.obj
 0001:00039a60       sf_process_check_sum_call  000000018003aa60 f   SpeedgoatCANOpen2Buses100us_sfun_registry.obj
 0001:00039ab0       sf_process_testpoint_info_call 000000018003aab0 f   SpeedgoatCANOpen2Buses100us_sfun_registry.obj
 0001:00039b00       sf_process_autoinheritance_call 000000018003ab00 f   SpeedgoatCANOpen2Buses100us_sfun_registry.obj
 0001:00039d30       sf_process_get_third_party_uses_info_call 000000018003ad30 f   SpeedgoatCANOpen2Buses100us_sfun_registry.obj
 0001:00039f60       sf_process_get_jit_fallback_info_call 000000018003af60 f   SpeedgoatCANOpen2Buses100us_sfun_registry.obj
 0001:0003a190       sf_process_get_updateBuildInfo_args_info_call 000000018003b190 f   SpeedgoatCANOpen2Buses100us_sfun_registry.obj
 0001:0003a3c0       sf_process_get_eml_resolved_functions_info_call 000000018003b3c0 f   SpeedgoatCANOpen2Buses100us_sfun_registry.obj
 0001:0003a5f0       sf_mex_unlock_call         000000018003b5f0 f   SpeedgoatCANOpen2Buses100us_sfun_registry.obj
 0001:0003a8b0       sf_machine_global_initializer_called 000000018003b8b0 f   SpeedgoatCANOpen2Buses100us_sfun_registry.obj
 0001:0003a8e0       sf_machine_global_method_dispatcher 000000018003b8e0 f   SpeedgoatCANOpen2Buses100us_sfun_registry.obj
 0001:0003a940       sf_machine_global_terminator 000000018003b940 f   SpeedgoatCANOpen2Buses100us_sfun_registry.obj
 0001:0003a9a0       sf_register_machine_exported_symbols 000000018003b9a0 f   SpeedgoatCANOpen2Buses100us_sfun_registry.obj
 0001:0003a9c0       callCustomFcn              000000018003b9c0 f   SpeedgoatCANOpen2Buses100us_sfun_registry.obj
 0001:0003a9d0       sf_machine_global_initializer 000000018003b9d0 f   SpeedgoatCANOpen2Buses100us_sfun_registry.obj
 0001:0003aa50       mdlGetSimState             000000018003ba50 f   SpeedgoatCANOpen2Buses100us_sfun_registry.obj
 0001:0003aa90       mdlSetSimState             000000018003ba90 f   SpeedgoatCANOpen2Buses100us_sfun_registry.obj
 0001:0003b300       ProcessMexSfunctionEveryCall 000000018003c300 f   SpeedgoatCANOpen2Buses100us_sfun_registry.obj
 0001:0003c410       __local_stdio_printf_options 000000018003d410 f i SpeedgoatCANOpen2Buses100us_sfun_registry.obj
 0001:0003c420       _vsnprintf_l               000000018003d420 f i SpeedgoatCANOpen2Buses100us_sfun_registry.obj
 0001:0003c4a0       _vsprintf_l                000000018003d4a0 f i SpeedgoatCANOpen2Buses100us_sfun_registry.obj
 0001:0003c4f0       sprintf                    000000018003d4f0 f i SpeedgoatCANOpen2Buses100us_sfun_registry.obj
 0001:0003c540       mexfilerequiredapiversion  000000018003d540 f   c_mexapi_version.obj
 0001:0003c561       sf_load_rtw_optimization_info 000000018003d561 f   sf_runtime:sf_runtime.dll
 0001:0003c567       sf_debug_initialize_machine 000000018003d567 f   sf_runtime:sf_runtime.dll
 0001:0003c56d       sf_debug_set_machine_event_thresholds 000000018003d56d f   sf_runtime:sf_runtime.dll
 0001:0003c573       sf_debug_set_machine_data_thresholds 000000018003d573 f   sf_runtime:sf_runtime.dll
 0001:0003c579       sf_init_ChartRunTimeInfo   000000018003d579 f   sf_runtime:sf_runtime.dll
 0001:0003c57f       sf_free_ChartRunTimeInfo   000000018003d57f f   sf_runtime:sf_runtime.dll
 0001:0003c585       sfrtGetEmlrtCtx            000000018003d585 f   sf_runtime:sf_runtime.dll
 0001:0003c58b       sf_get_chart_instance_ptr  000000018003d58b f   sf_runtime:sf_runtime.dll
 0001:0003c591       sf_rtw_info_uint_prop      000000018003d591 f   sf_runtime:sf_runtime.dll
 0001:0003c597       sf_update_buildInfo        000000018003d597 f   sf_runtime:sf_runtime.dll
 0001:0003c59d       sf_is_chart_inlinable      000000018003d59d f   sf_runtime:sf_runtime.dll
 0001:0003c5a3       sf_mark_chart_reusable_outputs 000000018003d5a3 f   sf_runtime:sf_runtime.dll
 0001:0003c5a9       sf_mark_chart_expressionable_inputs 000000018003d5a9 f   sf_runtime:sf_runtime.dll
 0001:0003c5af       sim_mode_is_rtw_gen        000000018003d5af f   sf_runtime:sf_runtime.dll
 0001:0003c5b5       sim_mode_is_external       000000018003d5b5 f   sf_runtime:sf_runtime.dll
 0001:0003c5bb       sim_mode_is_modelref_sim   000000018003d5bb f   sf_runtime:sf_runtime.dll
 0001:0003c5c1       sf_clear_rtw_identifier    000000018003d5c1 f   sf_runtime:sf_runtime.dll
 0001:0003c5c7       sf_set_rtw_dwork_info      000000018003d5c7 f   sf_runtime:sf_runtime.dll
 0001:0003c5cd       sf_get_dwork_info_from_mat_file 000000018003d5cd f   sf_runtime:sf_runtime.dll
 0001:0003c5d3       sf_set_encoded_dwork_info  000000018003d5d3 f   sf_runtime:sf_runtime.dll
 0001:0003c5d9       sf_get_time                000000018003d5d9 f   sf_runtime:sf_runtime.dll
 0001:0003c5df       sf_is_first_init_cond      000000018003d5df f   sf_runtime:sf_runtime.dll
 0001:0003c5e5       setLegacyDebuggerFlagForRuntime 000000018003d5e5 f   sf_runtime:sf_runtime.dll
 0001:0003c5eb       sf_set_chart_accesses_machine_info 000000018003d5eb f   sf_runtime:sf_runtime.dll
 0001:0003c5f1       sf_register_codegen_names_for_scoped_functions_defined_by_chart 000000018003d5f1 f   sf_runtime:sf_runtime.dll
 0001:0003c5f7       ssSetBlockIsPurelyCombinatorial_wrapper 000000018003d5f7 f   sf_runtime:sf_runtime.dll
 0001:0003c5fd       sf_mex_error_message       000000018003d5fd f   sf_runtime:sf_runtime.dll
 0001:0003c603       sf_mex_create              000000018003d603 f   sf_runtime:sf_runtime.dll
 0001:0003c609       sf_mex_createcellmatrix    000000018003d609 f   sf_runtime:sf_runtime.dll
 0001:0003c60f       sf_mex_setcell             000000018003d60f f   sf_runtime:sf_runtime.dll
 0001:0003c615       sf_mex_getcell             000000018003d615 f   sf_runtime:sf_runtime.dll
 0001:0003c61b       sf_mex_assign              000000018003d61b f   sf_runtime:sf_runtime.dll
 0001:0003c621       sf_mex_dup                 000000018003d621 f   sf_runtime:sf_runtime.dll
 0001:0003c627       sf_mex_destroy             000000018003d627 f   sf_runtime:sf_runtime.dll
 0001:0003c62d       sf_mex_import              000000018003d62d f   sf_runtime:sf_runtime.dll
 0001:0003c633       sf_mex_decode_encoded_mx_struct_array 000000018003d633 f   sf_runtime:sf_runtime.dll
 0001:0003c639       sf_mex_duplicatearraysafe  000000018003d639 f   sf_runtime:sf_runtime.dll
 0001:0003c63f       ssGetDWork_wrapper         000000018003d63f f   sf_runtime:sf_runtime.dll
 0001:0003c645       ssGetInputPortSignal_wrapper 000000018003d645 f   sf_runtime:sf_runtime.dll
 0001:0003c64b       ssGetOutputPortSignal_wrapper 000000018003d64b f   sf_runtime:sf_runtime.dll
 0001:0003c651       sf_read_before_write_error 000000018003d651 f   sf_runtime:sf_runtime.dll
 0001:0003c657       sf_debug_initialize_chart  000000018003d657 f   sf_runtime:sf_runtime.dll
 0001:0003c65d       sf_debug_call              000000018003d65d f   sf_runtime:sf_runtime.dll
 0001:0003c663       cv_eval_point              000000018003d663 f   sf_runtime:sf_runtime.dll
 0001:0003c669       cv_eml_eval                000000018003d669 f   sf_runtime:sf_runtime.dll
 0001:0003c66f       cv_eval_relational         000000018003d66f f   sf_runtime:sf_runtime.dll
 0001:0003c675       cv_eml_init_script         000000018003d675 f   sf_runtime:sf_runtime.dll
 0001:0003c67b       cv_eml_init_if             000000018003d67b f   sf_runtime:sf_runtime.dll
 0001:0003c681       cv_eml_init_mcdc           000000018003d681 f   sf_runtime:sf_runtime.dll
 0001:0003c687       cv_eml_init_relational     000000018003d687 f   sf_runtime:sf_runtime.dll
 0001:0003c68d       sf_debug_reset_current_state_configuration 000000018003d68d f   sf_runtime:sf_runtime.dll
 0001:0003c693       sf_debug_set_honor_breakpoints 000000018003d693 f   sf_runtime:sf_runtime.dll
 0001:0003c699       sf_debug_get_animation     000000018003d699 f   sf_runtime:sf_runtime.dll
 0001:0003c69f       sf_debug_set_animation     000000018003d69f f   sf_runtime:sf_runtime.dll
 0001:0003c6a5       sf_debug_animate           000000018003d6a5 f   sf_runtime:sf_runtime.dll
 0001:0003c6ab       sf_debug_set_chart_data_props 000000018003d6ab f   sf_runtime:sf_runtime.dll
 0001:0003c6b1       sf_debug_set_chart_data_compiled_props 000000018003d6b1 f   sf_runtime:sf_runtime.dll
 0001:0003c6b7       sf_debug_symbol_scope_push 000000018003d6b7 f   sf_runtime:sf_runtime.dll
 0001:0003c6bd       sf_debug_symbol_scope_push_eml 000000018003d6bd f   sf_runtime:sf_runtime.dll
 0001:0003c6c3       sf_debug_symbol_scope_pop  000000018003d6c3 f   sf_runtime:sf_runtime.dll
 0001:0003c6c9       sf_debug_symbol_scope_add_eml_importable 000000018003d6c9 f   sf_runtime:sf_runtime.dll
 0001:0003c6cf       sf_debug_set_instance_data_value_ptr 000000018003d6cf f   sf_runtime:sf_runtime.dll
 0001:0003c6d5       sf_debug_set_chart_disable_implicit_casting 000000018003d6d5 f   sf_runtime:sf_runtime.dll
 0001:0003c6db       sf_debug_set_chart_event_thresholds 000000018003d6db f   sf_runtime:sf_runtime.dll
 0001:0003c6e1       sf_debug_set_chart_state_info 000000018003d6e1 f   sf_runtime:sf_runtime.dll
 0001:0003c6e7       sf_debug_set_chart_decomposition 000000018003d6e7 f   sf_runtime:sf_runtime.dll
 0001:0003c6ed       sf_debug_set_chart_substate_count 000000018003d6ed f   sf_runtime:sf_runtime.dll
 0001:0003c6f3       sf_debug_set_chart_substate_index 000000018003d6f3 f   sf_runtime:sf_runtime.dll
 0001:0003c6f9       sf_debug_set_chart_state_substate_count 000000018003d6f9 f   sf_runtime:sf_runtime.dll
 0001:0003c6ff       sf_debug_data_range_wrapper 000000018003d6ff f   sf_runtime:sf_runtime.dll
 0001:0003c705       sf_debug_cv_init_trans     000000018003d705 f   sf_runtime:sf_runtime.dll
 0001:0003c70b       sf_debug_cv_init_chart     000000018003d70b f   sf_runtime:sf_runtime.dll
 0001:0003c711       sf_debug_cv_init_state     000000018003d711 f   sf_runtime:sf_runtime.dll
 0001:0003c717       sf_debug_data_range_error_wrapper_min_max 000000018003d717 f   sf_runtime:sf_runtime.dll
 0001:0003c71d       sf_mex_sub                 000000018003d71d f   sf_runtime:sf_runtime.dll
 0001:0003c723       sf_get_ChartInfoStruct_CodeGen 000000018003d723 f   sf_runtime:sf_runtime.dll
 0001:0003c729       sf_get_hasSeparateUpdateOutputs 000000018003d729 f   sf_runtime:sf_runtime.dll
 0001:0003c72f       callMdlMethodAndReportError 000000018003d72f f   sf_runtime:sf_runtime.dll
 0001:0003c735       call_sf_machine_global_method_dispatcher 000000018003d735 f   sf_runtime:sf_runtime.dll
 0001:0003c73b       getRuntimeInstanceInfoAsVoid 000000018003d73b f   sf_runtime:sf_runtime.dll
 0001:0003c741       sf_mex_error_direct_call   000000018003d741 f   sf_runtime:sf_runtime.dll
 0001:0003c747       sf_clear_error_manager_info 000000018003d747 f   sf_runtime:sf_runtime.dll
 0001:0003c74d       sf_debug_create_debug_instance_struct 000000018003d74d f   sf_runtime:sf_runtime.dll
 0001:0003c753       sf_debug_terminate         000000018003d753 f   sf_runtime:sf_runtime.dll
 0001:0003c759       sf_debug_api               000000018003d759 f   sf_runtime:sf_runtime.dll
 0001:0003c75f       mxIsChar                   000000018003d75f f   libmx:libmx.dll
 0001:0003c765       mxGetScalar                000000018003d765 f   libmx:libmx.dll
 0001:0003c76b       mxGetPr                    000000018003d76b f   libmx:libmx.dll
 0001:0003c771       mxDestroyArray             000000018003d771 f   libmx:libmx.dll
 0001:0003c777       mxCreateDoubleMatrix_730   000000018003d777 f   libmx:libmx.dll
 0001:0003c77d       mxGetString_730            000000018003d77d f   libmx:libmx.dll
 0001:0003c783       mxDuplicateArray           000000018003d783 f   libmx:libmx.dll
 0001:0003c789       mxSetField_730             000000018003d789 f   libmx:libmx.dll
 0001:0003c78f       mxCreateDoubleScalar       000000018003d78f f   libmx:libmx.dll
 0001:0003c795       mxCreateString             000000018003d795 f   libmx:libmx.dll
 0001:0003c79b       mxCreateCellMatrix_730     000000018003d79b f   libmx:libmx.dll
 0001:0003c7a1       mxCreateCellArray_730      000000018003d7a1 f   libmx:libmx.dll
 0001:0003c7a7       mxCreateStructMatrix_730   000000018003d7a7 f   libmx:libmx.dll
 0001:0003c7ad       mxCreateStructArray_730    000000018003d7ad f   libmx:libmx.dll
 0001:0003c7b3       mxCalloc                   000000018003d7b3 f   libmx:libmx.dll
 0001:0003c7b9       mxGetM                     000000018003d7b9 f   libmx:libmx.dll
 0001:0003c7bf       mxGetClassID               000000018003d7bf f   libmx:libmx.dll
 0001:0003c7c5       mxIsNumeric                000000018003d7c5 f   libmx:libmx.dll
 0001:0003c7cb       mxIsComplex                000000018003d7cb f   libmx:libmx.dll
 0001:0003c7d1       mxGetN                     000000018003d7d1 f   libmx:libmx.dll
 0001:0003c7d7       mexMakeArrayPersistent     000000018003d7d7 f   libmex:libmex.dll
 0001:0003c7dd       mexErrMsgTxt               000000018003d7dd f   libmex:libmex.dll
 0001:0003c7e3       mexWarnMsgTxt              000000018003d7e3 f   libmex:libmex.dll
 0001:0003c7e9       mexCallMATLABWithObject    000000018003d7e9 f   libmex:libmex.dll
 0001:0003c7ef       mexLock                    000000018003d7ef f   libmex:libmex.dll
 0001:0003c7f5       mexUnlock                  000000018003d7f5 f   libmex:libmex.dll
 0001:0003c7fb       mexIsLocked                000000018003d7fb f   libmex:libmex.dll
 0001:0003c801       utMalloc                   000000018003d801 f   libut:libut.dll
 0001:0003c807       utFree                     000000018003d807 f   libut:libut.dll
 0001:0003c80d       slcovUploadCoverageSynthesisById 000000018003d80d f   libmwsl_sfcn_cov_bridge:libmwsl_sfcn_cov_bridge.dll
 0001:0003c814       __raise_securityfailure    000000018003d814 f   MSVCRT:gs_report.obj
 0001:0003c848       __report_gsfailure         000000018003d848 f   MSVCRT:gs_report.obj
 0001:0003c91c       __report_rangecheckfailure 000000018003d91c f   MSVCRT:gs_report.obj
 0001:0003c930       __report_securityfailure   000000018003d930 f   MSVCRT:gs_report.obj
 0001:0003c9cc       __report_securityfailureEx 000000018003d9cc f   MSVCRT:gs_report.obj
 0001:0003cbc0       __GSHandlerCheck           000000018003dbc0 f   MSVCRT:gshandler.obj
 0001:0003cbe0       __GSHandlerCheckCommon     000000018003dbe0 f   MSVCRT:gshandler.obj
 0001:0003cc50       __security_check_cookie    000000018003dc50 f   MSVCRT:amdsecgs.obj
 0001:0003cfc0       _CRT_INIT                  000000018003dfc0 f   MSVCRT:dll_dllmain.obj
 0001:0003cfc8       _DllMainCRTStartup         000000018003dfc8 f   MSVCRT:dll_dllmain.obj
 0001:0003d074       __security_init_cookie     000000018003e074 f   MSVCRT:gs_support.obj
 0001:0003d120       DllMain                    000000018003e120 f   MSVCRT:dll_dllmain_stub.obj
 0001:0003d144       ?__scrt_initialize_type_info@@YAXXZ 000000018003e144 f   MSVCRT:tncleanup.obj
 0001:0003d154       ?__scrt_uninitialize_type_info@@YAXXZ 000000018003e154 f   MSVCRT:tncleanup.obj
 0001:0003d160       __local_stdio_scanf_options 000000018003e160 f i MSVCRT:default_local_stdio_options.obj
 0001:0003d168       __scrt_initialize_default_local_stdio_options 000000018003e168 f   MSVCRT:default_local_stdio_options.obj
 0001:0003d184       ??$__crt_fast_decode_pointer@PEAP6AXXZ@@YAPEAP6AXXZQEAP6AXXZ@Z 000000018003e184 f i MSVCRT:utility.obj
 0001:0003d19c       ??$__crt_fast_encode_pointer@PEAP6AXXZ@@YAPEAP6AXXZQEAP6AXXZ@Z 000000018003e19c f i MSVCRT:utility.obj
 0001:0003d1bc       ?__crt_rotate_pointer_value@@YA_K_KH@Z 000000018003e1bc f i MSVCRT:utility.obj
 0001:0003d1c8       ?configure_argv@__scrt_narrow_argv_policy@@SAHXZ 000000018003e1c8 f i MSVCRT:utility.obj
 0001:0003d228       ?initialize_environment@__scrt_narrow_environment_policy@@SAHXZ 000000018003e228 f i MSVCRT:utility.obj
 0001:0003d260       NtCurrentTeb               000000018003e260 f i MSVCRT:utility.obj
 0001:0003d26c       __scrt_acquire_startup_lock 000000018003e26c f   MSVCRT:utility.obj
 0001:0003d2a8       __scrt_dllmain_after_initialize_c 000000018003e2a8 f   MSVCRT:utility.obj
 0001:0003d2dc       __scrt_dllmain_before_initialize_c 000000018003e2dc f   MSVCRT:utility.obj
 0001:0003d2f4       __scrt_dllmain_crt_thread_attach 000000018003e2f4 f   MSVCRT:utility.obj
 0001:0003d31c       __scrt_dllmain_crt_thread_detach 000000018003e31c f   MSVCRT:utility.obj
 0001:0003d334       __scrt_dllmain_exception_filter 000000018003e334 f   MSVCRT:utility.obj
 0001:0003d394       __scrt_dllmain_uninitialize_c 000000018003e394 f   MSVCRT:utility.obj
 0001:0003d3c4       __scrt_dllmain_uninitialize_critical 000000018003e3c4 f   MSVCRT:utility.obj
 0001:0003d3d8       __scrt_initialize_crt      000000018003e3d8 f   MSVCRT:utility.obj
 0001:0003d424       __scrt_initialize_onexit_tables 000000018003e424 f   MSVCRT:utility.obj
 0001:0003d4fc       __scrt_is_nonwritable_in_current_image 000000018003e4fc f   MSVCRT:utility.obj
 0001:0003d598       __scrt_release_startup_lock 000000018003e598 f   MSVCRT:utility.obj
 0001:0003d5bc       __scrt_uninitialize_crt    000000018003e5bc f   MSVCRT:utility.obj
 0001:0003d5e8       _onexit                    000000018003e5e8 f   MSVCRT:utility.obj
 0001:0003d638       at_quick_exit              000000018003e638 f   MSVCRT:utility.obj
 0001:0003d670       atexit                     000000018003e670 f   MSVCRT:utility.obj
 0001:0003d688       __scrt_get_dyn_tls_init_callback 000000018003e688 f   MSVCRT:dyn_tls_init.obj
 0001:0003d690       __crt_debugger_hook        000000018003e690 f   MSVCRT:utility_desktop.obj
 0001:0003d698       __scrt_fastfail            000000018003e698 f   MSVCRT:utility_desktop.obj
 0001:0003d7e4       __scrt_get_show_window_mode 000000018003e7e4 f   MSVCRT:utility_desktop.obj
 0001:0003d820       __scrt_initialize_mta      000000018003e820 f   MSVCRT:utility_desktop.obj
 0001:0003d828       __scrt_initialize_winrt    000000018003e828 f   MSVCRT:utility_desktop.obj
 0001:0003d82c       __scrt_is_managed_app      000000018003e82c f   MSVCRT:utility_desktop.obj
 0001:0003d880       __scrt_set_unhandled_exception_filter 000000018003e880 f   MSVCRT:utility_desktop.obj
 0001:0003d890       __scrt_exe_initialize_mta  000000018003e890 f   MSVCRT:utility_desktop.obj
 0001:0003d890       __scrt_stub_for_initialize_mta 000000018003e890 f   MSVCRT:utility_desktop.obj
 0001:0003d894       __scrt_unhandled_exception_filter 000000018003e894 f   MSVCRT:utility_desktop.obj
 0001:0003d8cc       _RTC_Initialize            000000018003e8cc f   MSVCRT:initsect.obj
 0001:0003d908       _RTC_Terminate             000000018003e908 f   MSVCRT:initsect.obj
 0001:0003d944       _guard_check_icall_nop     000000018003e944 f i MSVCRT:guard_support.obj
 0001:0003d948       ReadNoFence64              000000018003e948 f i MSVCRT:guard_support.obj
 0001:0003d94c       ReadPointerNoFence         000000018003e94c f i MSVCRT:guard_support.obj
 0001:0003d950       _guard_icall_checks_enforced 000000018003e950 f i MSVCRT:guard_support.obj
 0001:0003d968       _guard_rf_checks_enforced  000000018003e968 f i MSVCRT:guard_support.obj
 0001:0003d96c       __isa_available_init       000000018003e96c f   MSVCRT:cpu_disp.obj
 0001:0003dae8       _get_startup_argv_mode     000000018003eae8 f   MSVCRT:argv_mode.obj
 0001:0003daf0       __scrt_is_ucrt_dll_in_use  000000018003eaf0 f   MSVCRT:ucrt_detection.obj
 0001:0003db00       RtlCaptureContext          000000018003eb00 f   kernel32:KERNEL32.dll
 0001:0003db06       RtlLookupFunctionEntry     000000018003eb06 f   kernel32:KERNEL32.dll
 0001:0003db0c       RtlVirtualUnwind           000000018003eb0c f   kernel32:KERNEL32.dll
 0001:0003db12       UnhandledExceptionFilter   000000018003eb12 f   kernel32:KERNEL32.dll
 0001:0003db18       SetUnhandledExceptionFilter 000000018003eb18 f   kernel32:KERNEL32.dll
 0001:0003db1e       GetCurrentProcess          000000018003eb1e f   kernel32:KERNEL32.dll
 0001:0003db24       TerminateProcess           000000018003eb24 f   kernel32:KERNEL32.dll
 0001:0003db2a       IsProcessorFeaturePresent  000000018003eb2a f   kernel32:KERNEL32.dll
 0001:0003db30       QueryPerformanceCounter    000000018003eb30 f   kernel32:KERNEL32.dll
 0001:0003db36       GetCurrentProcessId        000000018003eb36 f   kernel32:KERNEL32.dll
 0001:0003db3c       GetCurrentThreadId         000000018003eb3c f   kernel32:KERNEL32.dll
 0001:0003db42       GetSystemTimeAsFileTime    000000018003eb42 f   kernel32:KERNEL32.dll
 0001:0003db48       DisableThreadLibraryCalls  000000018003eb48 f   kernel32:KERNEL32.dll
 0001:0003db4e       InitializeSListHead        000000018003eb4e f   kernel32:KERNEL32.dll
 0001:0003db54       IsDebuggerPresent          000000018003eb54 f   kernel32:KERNEL32.dll
 0001:0003db5a       GetStartupInfoW            000000018003eb5a f   kernel32:KERNEL32.dll
 0001:0003db60       GetModuleHandleW           000000018003eb60 f   kernel32:KERNEL32.dll
 0001:0003db66       memset                     000000018003eb66 f   vcruntime:VCRUNTIME140.dll
 0001:0003db6c       memcpy                     000000018003eb6c f   vcruntime:VCRUNTIME140.dll
 0001:0003db72       __C_specific_handler       000000018003eb72 f   vcruntime:VCRUNTIME140.dll
 0001:0003db78       __std_type_info_destroy_list 000000018003eb78 f   vcruntime:VCRUNTIME140.dll
 0001:0003db7e       strcmp                     000000018003eb7e f   ucrt:api-ms-win-crt-string-l1-1-0.dll
 0001:0003db84       __stdio_common_vsprintf    000000018003eb84 f   ucrt:api-ms-win-crt-stdio-l1-1-0.dll
 0001:0003db8a       free                       000000018003eb8a f   ucrt:api-ms-win-crt-heap-l1-1-0.dll
 0001:0003db90       malloc                     000000018003eb90 f   ucrt:api-ms-win-crt-heap-l1-1-0.dll
 0001:0003db96       strlen                     000000018003eb96 f   ucrt:api-ms-win-crt-string-l1-1-0.dll
 0001:0003db9c       _initterm                  000000018003eb9c f   ucrt:api-ms-win-crt-runtime-l1-1-0.dll
 0001:0003dba2       _initterm_e                000000018003eba2 f   ucrt:api-ms-win-crt-runtime-l1-1-0.dll
 0001:0003dba8       _seh_filter_dll            000000018003eba8 f   ucrt:api-ms-win-crt-runtime-l1-1-0.dll
 0001:0003dbae       _configure_narrow_argv     000000018003ebae f   ucrt:api-ms-win-crt-runtime-l1-1-0.dll
 0001:0003dbb4       _initialize_narrow_environment 000000018003ebb4 f   ucrt:api-ms-win-crt-runtime-l1-1-0.dll
 0001:0003dbba       _initialize_onexit_table   000000018003ebba f   ucrt:api-ms-win-crt-runtime-l1-1-0.dll
 0001:0003dbc0       _register_onexit_function  000000018003ebc0 f   ucrt:api-ms-win-crt-runtime-l1-1-0.dll
 0001:0003dbc6       _execute_onexit_table      000000018003ebc6 f   ucrt:api-ms-win-crt-runtime-l1-1-0.dll
 0001:0003dbcc       _crt_atexit                000000018003ebcc f   ucrt:api-ms-win-crt-runtime-l1-1-0.dll
 0001:0003dbd2       _crt_at_quick_exit         000000018003ebd2 f   ucrt:api-ms-win-crt-runtime-l1-1-0.dll
 0001:0003dbd8       _cexit                     000000018003ebd8 f   ucrt:api-ms-win-crt-runtime-l1-1-0.dll
 0001:0003dbde       terminate                  000000018003ebde f   ucrt:api-ms-win-crt-runtime-l1-1-0.dll
 0001:0003dbe4       __vcrt_initialize          000000018003ebe4 f   MSVCRT:ucrt_stubs.obj
 0001:0003dbe4       __scrt_stub_for_acrt_initialize 000000018003ebe4 f   MSVCRT:ucrt_stubs.obj
 0001:0003dbe4       __acrt_initialize          000000018003ebe4 f   MSVCRT:ucrt_stubs.obj
 0001:0003dbe8       __scrt_stub_for_acrt_thread_attach 000000018003ebe8 f   MSVCRT:ucrt_stubs.obj
 0001:0003dbe8       __acrt_thread_attach       000000018003ebe8 f   MSVCRT:ucrt_stubs.obj
 0001:0003dbe8       __vcrt_thread_attach       000000018003ebe8 f   MSVCRT:ucrt_stubs.obj
 0001:0003dbec       __scrt_stub_for_acrt_thread_detach 000000018003ebec f   MSVCRT:ucrt_stubs.obj
 0001:0003dbec       __vcrt_thread_detach       000000018003ebec f   MSVCRT:ucrt_stubs.obj
 0001:0003dbec       __acrt_thread_detach       000000018003ebec f   MSVCRT:ucrt_stubs.obj
 0001:0003dbf0       __scrt_stub_for_acrt_uninitialize 000000018003ebf0 f   MSVCRT:ucrt_stubs.obj
 0001:0003dbf0       __acrt_uninitialize        000000018003ebf0 f   MSVCRT:ucrt_stubs.obj
 0001:0003dbf0       __vcrt_uninitialize        000000018003ebf0 f   MSVCRT:ucrt_stubs.obj
 0001:0003dbf4       __vcrt_uninitialize_critical 000000018003ebf4 f   MSVCRT:ucrt_stubs.obj
 0001:0003dbf4       __acrt_uninitialize_critical 000000018003ebf4 f   MSVCRT:ucrt_stubs.obj
 0001:0003dbf4       __scrt_stub_for_acrt_uninitialize_critical 000000018003ebf4 f   MSVCRT:ucrt_stubs.obj
 0001:0003dbf8       __scrt_stub_for_is_c_termination_complete 000000018003ebf8 f   MSVCRT:ucrt_stubs.obj
 0001:0003dbf8       _is_c_termination_complete 000000018003ebf8 f   MSVCRT:ucrt_stubs.obj
 0001:0003dc10       _guard_dispatch_icall_nop  000000018003ec10 f   MSVCRT:guard_dispatch.obj
 0002:00000000       __imp_InitializeSListHead  000000018003f000     kernel32:KERNEL32.dll
 0002:00000008       __imp_RtlCaptureContext    000000018003f008     kernel32:KERNEL32.dll
 0002:00000010       __imp_RtlLookupFunctionEntry 000000018003f010     kernel32:KERNEL32.dll
 0002:00000018       __imp_RtlVirtualUnwind     000000018003f018     kernel32:KERNEL32.dll
 0002:00000020       __imp_UnhandledExceptionFilter 000000018003f020     kernel32:KERNEL32.dll
 0002:00000028       __imp_SetUnhandledExceptionFilter 000000018003f028     kernel32:KERNEL32.dll
 0002:00000030       __imp_GetCurrentProcess    000000018003f030     kernel32:KERNEL32.dll
 0002:00000038       __imp_TerminateProcess     000000018003f038     kernel32:KERNEL32.dll
 0002:00000040       __imp_IsProcessorFeaturePresent 000000018003f040     kernel32:KERNEL32.dll
 0002:00000048       __imp_QueryPerformanceCounter 000000018003f048     kernel32:KERNEL32.dll
 0002:00000050       __imp_GetCurrentProcessId  000000018003f050     kernel32:KERNEL32.dll
 0002:00000058       __imp_GetCurrentThreadId   000000018003f058     kernel32:KERNEL32.dll
 0002:00000060       __imp_GetSystemTimeAsFileTime 000000018003f060     kernel32:KERNEL32.dll
 0002:00000068       __imp_GetModuleHandleW     000000018003f068     kernel32:KERNEL32.dll
 0002:00000070       __imp_IsDebuggerPresent    000000018003f070     kernel32:KERNEL32.dll
 0002:00000078       __imp_DisableThreadLibraryCalls 000000018003f078     kernel32:KERNEL32.dll
 0002:00000080       __imp_GetStartupInfoW      000000018003f080     kernel32:KERNEL32.dll
 0002:00000088       \177KERNEL32_NULL_THUNK_DATA 000000018003f088     kernel32:KERNEL32.dll
 0002:00000090       __imp_memcpy               000000018003f090     vcruntime:VCRUNTIME140.dll
 0002:00000098       __imp_memset               000000018003f098     vcruntime:VCRUNTIME140.dll
 0002:000000a0       __imp___C_specific_handler 000000018003f0a0     vcruntime:VCRUNTIME140.dll
 0002:000000a8       __imp___std_type_info_destroy_list 000000018003f0a8     vcruntime:VCRUNTIME140.dll
 0002:000000b0       \177VCRUNTIME140_NULL_THUNK_DATA 000000018003f0b0     vcruntime:VCRUNTIME140.dll
 0002:000000b8       __imp_free                 000000018003f0b8     ucrt:api-ms-win-crt-heap-l1-1-0.dll
 0002:000000c0       __imp_malloc               000000018003f0c0     ucrt:api-ms-win-crt-heap-l1-1-0.dll
 0002:000000c8       \177api-ms-win-crt-heap-l1-1-0_NULL_THUNK_DATA 000000018003f0c8     ucrt:api-ms-win-crt-heap-l1-1-0.dll
 0002:000000d0       __imp__register_onexit_function 000000018003f0d0     ucrt:api-ms-win-crt-runtime-l1-1-0.dll
 0002:000000d8       __imp__initterm            000000018003f0d8     ucrt:api-ms-win-crt-runtime-l1-1-0.dll
 0002:000000e0       __imp__initterm_e          000000018003f0e0     ucrt:api-ms-win-crt-runtime-l1-1-0.dll
 0002:000000e8       __imp__seh_filter_dll      000000018003f0e8     ucrt:api-ms-win-crt-runtime-l1-1-0.dll
 0002:000000f0       __imp__configure_narrow_argv 000000018003f0f0     ucrt:api-ms-win-crt-runtime-l1-1-0.dll
 0002:000000f8       __imp__initialize_narrow_environment 000000018003f0f8     ucrt:api-ms-win-crt-runtime-l1-1-0.dll
 0002:00000100       __imp__initialize_onexit_table 000000018003f100     ucrt:api-ms-win-crt-runtime-l1-1-0.dll
 0002:00000108       __imp__cexit               000000018003f108     ucrt:api-ms-win-crt-runtime-l1-1-0.dll
 0002:00000110       __imp__execute_onexit_table 000000018003f110     ucrt:api-ms-win-crt-runtime-l1-1-0.dll
 0002:00000118       __imp__crt_atexit          000000018003f118     ucrt:api-ms-win-crt-runtime-l1-1-0.dll
 0002:00000120       __imp__crt_at_quick_exit   000000018003f120     ucrt:api-ms-win-crt-runtime-l1-1-0.dll
 0002:00000128       __imp_terminate            000000018003f128     ucrt:api-ms-win-crt-runtime-l1-1-0.dll
 0002:00000130       \177api-ms-win-crt-runtime-l1-1-0_NULL_THUNK_DATA 000000018003f130     ucrt:api-ms-win-crt-runtime-l1-1-0.dll
 0002:00000138       __imp___stdio_common_vsprintf 000000018003f138     ucrt:api-ms-win-crt-stdio-l1-1-0.dll
 0002:00000140       \177api-ms-win-crt-stdio-l1-1-0_NULL_THUNK_DATA 000000018003f140     ucrt:api-ms-win-crt-stdio-l1-1-0.dll
 0002:00000148       __imp_strlen               000000018003f148     ucrt:api-ms-win-crt-string-l1-1-0.dll
 0002:00000150       __imp_strcmp               000000018003f150     ucrt:api-ms-win-crt-string-l1-1-0.dll
 0002:00000158       \177api-ms-win-crt-string-l1-1-0_NULL_THUNK_DATA 000000018003f158     ucrt:api-ms-win-crt-string-l1-1-0.dll
 0002:00000160       __imp_mexErrMsgTxt         000000018003f160     libmex:libmex.dll
 0002:00000168       __imp_mexWarnMsgTxt        000000018003f168     libmex:libmex.dll
 0002:00000170       __imp_mexCallMATLABWithObject 000000018003f170     libmex:libmex.dll
 0002:00000178       __imp_mexIsLocked          000000018003f178     libmex:libmex.dll
 0002:00000180       __imp_mexUnlock            000000018003f180     libmex:libmex.dll
 0002:00000188       __imp_mexLock              000000018003f188     libmex:libmex.dll
 0002:00000190       __imp_mexMakeArrayPersistent 000000018003f190     libmex:libmex.dll
 0002:00000198       \177libmex_NULL_THUNK_DATA 000000018003f198     libmex:libmex.dll
 0002:000001a0       __imp_slcovUploadCoverageSynthesisById 000000018003f1a0     libmwsl_sfcn_cov_bridge:libmwsl_sfcn_cov_bridge.dll
 0002:000001a8       \177libmwsl_sfcn_cov_bridge_NULL_THUNK_DATA 000000018003f1a8     libmwsl_sfcn_cov_bridge:libmwsl_sfcn_cov_bridge.dll
 0002:000001b0       __imp_mxGetN               000000018003f1b0     libmx:libmx.dll
 0002:000001b8       __imp_mxIsComplex          000000018003f1b8     libmx:libmx.dll
 0002:000001c0       __imp_mxIsNumeric          000000018003f1c0     libmx:libmx.dll
 0002:000001c8       __imp_mxGetClassID         000000018003f1c8     libmx:libmx.dll
 0002:000001d0       __imp_mxGetM               000000018003f1d0     libmx:libmx.dll
 0002:000001d8       __imp_mxCalloc             000000018003f1d8     libmx:libmx.dll
 0002:000001e0       __imp_mxCreateStructArray_730 000000018003f1e0     libmx:libmx.dll
 0002:000001e8       __imp_mxCreateStructMatrix_730 000000018003f1e8     libmx:libmx.dll
 0002:000001f0       __imp_mxCreateCellArray_730 000000018003f1f0     libmx:libmx.dll
 0002:000001f8       __imp_mxCreateCellMatrix_730 000000018003f1f8     libmx:libmx.dll
 0002:00000200       __imp_mxCreateString       000000018003f200     libmx:libmx.dll
 0002:00000208       __imp_mxCreateDoubleScalar 000000018003f208     libmx:libmx.dll
 0002:00000210       __imp_mxSetField_730       000000018003f210     libmx:libmx.dll
 0002:00000218       __imp_mxDuplicateArray     000000018003f218     libmx:libmx.dll
 0002:00000220       __imp_mxGetString_730      000000018003f220     libmx:libmx.dll
 0002:00000228       __imp_mxCreateDoubleMatrix_730 000000018003f228     libmx:libmx.dll
 0002:00000230       __imp_mxDestroyArray       000000018003f230     libmx:libmx.dll
 0002:00000238       __imp_mxGetPr              000000018003f238     libmx:libmx.dll
 0002:00000240       __imp_mxGetScalar          000000018003f240     libmx:libmx.dll
 0002:00000248       __imp_mxIsChar             000000018003f248     libmx:libmx.dll
 0002:00000250       \177libmx_NULL_THUNK_DATA  000000018003f250     libmx:libmx.dll
 0002:00000258       __imp_utMalloc             000000018003f258     libut:libut.dll
 0002:00000260       __imp_utFree               000000018003f260     libut:libut.dll
 0002:00000268       \177libut_NULL_THUNK_DATA  000000018003f268     libut:libut.dll
 0002:00000270       __imp_call_sf_machine_global_method_dispatcher 000000018003f270     sf_runtime:sf_runtime.dll
 0002:00000278       __imp_getRuntimeInstanceInfoAsVoid 000000018003f278     sf_runtime:sf_runtime.dll
 0002:00000280       __imp_sf_mex_error_direct_call 000000018003f280     sf_runtime:sf_runtime.dll
 0002:00000288       __imp_sf_read_before_write_error 000000018003f288     sf_runtime:sf_runtime.dll
 0002:00000290       __imp_sf_debug_create_debug_instance_struct 000000018003f290     sf_runtime:sf_runtime.dll
 0002:00000298       __imp_sf_debug_terminate   000000018003f298     sf_runtime:sf_runtime.dll
 0002:000002a0       __imp_sf_debug_api         000000018003f2a0     sf_runtime:sf_runtime.dll
 0002:000002a8       __imp_ssGetOutputPortSignal_wrapper 000000018003f2a8     sf_runtime:sf_runtime.dll
 0002:000002b0       __imp_sf_debug_data_range_error_wrapper_min_max 000000018003f2b0     sf_runtime:sf_runtime.dll
 0002:000002b8       __imp_sf_debug_cv_init_state 000000018003f2b8     sf_runtime:sf_runtime.dll
 0002:000002c0       __imp_sf_debug_cv_init_chart 000000018003f2c0     sf_runtime:sf_runtime.dll
 0002:000002c8       __imp_sf_debug_cv_init_trans 000000018003f2c8     sf_runtime:sf_runtime.dll
 0002:000002d0       __imp_sf_debug_data_range_wrapper 000000018003f2d0     sf_runtime:sf_runtime.dll
 0002:000002d8       __imp_sf_debug_set_chart_state_substate_count 000000018003f2d8     sf_runtime:sf_runtime.dll
 0002:000002e0       __imp_sf_debug_set_chart_substate_index 000000018003f2e0     sf_runtime:sf_runtime.dll
 0002:000002e8       __imp_sf_debug_set_chart_substate_count 000000018003f2e8     sf_runtime:sf_runtime.dll
 0002:000002f0       __imp_sf_debug_set_chart_decomposition 000000018003f2f0     sf_runtime:sf_runtime.dll
 0002:000002f8       __imp_callMdlMethodAndReportError 000000018003f2f8     sf_runtime:sf_runtime.dll
 0002:00000300       __imp_sf_debug_set_chart_event_thresholds 000000018003f300     sf_runtime:sf_runtime.dll
 0002:00000308       __imp_sf_debug_set_chart_disable_implicit_casting 000000018003f308     sf_runtime:sf_runtime.dll
 0002:00000310       __imp_sf_debug_set_instance_data_value_ptr 000000018003f310     sf_runtime:sf_runtime.dll
 0002:00000318       __imp_sf_debug_symbol_scope_add_eml_importable 000000018003f318     sf_runtime:sf_runtime.dll
 0002:00000320       __imp_sf_debug_symbol_scope_pop 000000018003f320     sf_runtime:sf_runtime.dll
 0002:00000328       __imp_sf_debug_symbol_scope_push_eml 000000018003f328     sf_runtime:sf_runtime.dll
 0002:00000330       __imp_sf_debug_symbol_scope_push 000000018003f330     sf_runtime:sf_runtime.dll
 0002:00000338       __imp_sf_debug_set_chart_data_compiled_props 000000018003f338     sf_runtime:sf_runtime.dll
 0002:00000340       __imp_sf_debug_set_chart_data_props 000000018003f340     sf_runtime:sf_runtime.dll
 0002:00000348       __imp_sf_debug_animate     000000018003f348     sf_runtime:sf_runtime.dll
 0002:00000350       __imp_sf_get_hasSeparateUpdateOutputs 000000018003f350     sf_runtime:sf_runtime.dll
 0002:00000358       __imp_sf_debug_set_animation 000000018003f358     sf_runtime:sf_runtime.dll
 0002:00000360       __imp_sf_debug_get_animation 000000018003f360     sf_runtime:sf_runtime.dll
 0002:00000368       __imp_sf_debug_set_honor_breakpoints 000000018003f368     sf_runtime:sf_runtime.dll
 0002:00000370       __imp_sf_debug_reset_current_state_configuration 000000018003f370     sf_runtime:sf_runtime.dll
 0002:00000378       __imp_cv_eml_init_relational 000000018003f378     sf_runtime:sf_runtime.dll
 0002:00000380       __imp_cv_eml_init_mcdc     000000018003f380     sf_runtime:sf_runtime.dll
 0002:00000388       __imp_cv_eml_init_if       000000018003f388     sf_runtime:sf_runtime.dll
 0002:00000390       __imp_cv_eml_init_script   000000018003f390     sf_runtime:sf_runtime.dll
 0002:00000398       __imp_sf_get_ChartInfoStruct_CodeGen 000000018003f398     sf_runtime:sf_runtime.dll
 0002:000003a0       __imp_sf_debug_set_chart_state_info 000000018003f3a0     sf_runtime:sf_runtime.dll
 0002:000003a8       __imp_sf_mex_sub           000000018003f3a8     sf_runtime:sf_runtime.dll
 0002:000003b0       __imp_cv_eval_relational   000000018003f3b0     sf_runtime:sf_runtime.dll
 0002:000003b8       __imp_cv_eml_eval          000000018003f3b8     sf_runtime:sf_runtime.dll
 0002:000003c0       __imp_ssGetInputPortSignal_wrapper 000000018003f3c0     sf_runtime:sf_runtime.dll
 0002:000003c8       __imp_ssGetDWork_wrapper   000000018003f3c8     sf_runtime:sf_runtime.dll
 0002:000003d0       __imp_sf_mex_duplicatearraysafe 000000018003f3d0     sf_runtime:sf_runtime.dll
 0002:000003d8       __imp_sf_mex_decode_encoded_mx_struct_array 000000018003f3d8     sf_runtime:sf_runtime.dll
 0002:000003e0       __imp_sf_mex_import        000000018003f3e0     sf_runtime:sf_runtime.dll
 0002:000003e8       __imp_sf_mex_destroy       000000018003f3e8     sf_runtime:sf_runtime.dll
 0002:000003f0       __imp_sf_mex_dup           000000018003f3f0     sf_runtime:sf_runtime.dll
 0002:000003f8       __imp_sf_mex_assign        000000018003f3f8     sf_runtime:sf_runtime.dll
 0002:00000400       __imp_sf_mex_getcell       000000018003f400     sf_runtime:sf_runtime.dll
 0002:00000408       __imp_sf_mex_setcell       000000018003f408     sf_runtime:sf_runtime.dll
 0002:00000410       __imp_sf_mex_createcellmatrix 000000018003f410     sf_runtime:sf_runtime.dll
 0002:00000418       __imp_sf_mex_create        000000018003f418     sf_runtime:sf_runtime.dll
 0002:00000420       __imp_sf_mex_error_message 000000018003f420     sf_runtime:sf_runtime.dll
 0002:00000428       __imp_ssSetBlockIsPurelyCombinatorial_wrapper 000000018003f428     sf_runtime:sf_runtime.dll
 0002:00000430       __imp_sf_register_codegen_names_for_scoped_functions_defined_by_chart 000000018003f430     sf_runtime:sf_runtime.dll
 0002:00000438       __imp_sf_set_chart_accesses_machine_info 000000018003f438     sf_runtime:sf_runtime.dll
 0002:00000440       __imp_setLegacyDebuggerFlagForRuntime 000000018003f440     sf_runtime:sf_runtime.dll
 0002:00000448       __imp_sf_is_first_init_cond 000000018003f448     sf_runtime:sf_runtime.dll
 0002:00000450       __imp_sf_get_time          000000018003f450     sf_runtime:sf_runtime.dll
 0002:00000458       __imp_sf_set_encoded_dwork_info 000000018003f458     sf_runtime:sf_runtime.dll
 0002:00000460       __imp_sf_get_dwork_info_from_mat_file 000000018003f460     sf_runtime:sf_runtime.dll
 0002:00000468       __imp_sf_set_rtw_dwork_info 000000018003f468     sf_runtime:sf_runtime.dll
 0002:00000470       __imp_sf_clear_rtw_identifier 000000018003f470     sf_runtime:sf_runtime.dll
 0002:00000478       __imp_cv_eval_point        000000018003f478     sf_runtime:sf_runtime.dll
 0002:00000480       __imp_sim_mode_is_modelref_sim 000000018003f480     sf_runtime:sf_runtime.dll
 0002:00000488       __imp_sim_mode_is_external 000000018003f488     sf_runtime:sf_runtime.dll
 0002:00000490       __imp_sim_mode_is_rtw_gen  000000018003f490     sf_runtime:sf_runtime.dll
 0002:00000498       __imp_sf_debug_call        000000018003f498     sf_runtime:sf_runtime.dll
 0002:000004a0       __imp_sf_mark_chart_expressionable_inputs 000000018003f4a0     sf_runtime:sf_runtime.dll
 0002:000004a8       __imp_sf_mark_chart_reusable_outputs 000000018003f4a8     sf_runtime:sf_runtime.dll
 0002:000004b0       __imp_sf_is_chart_inlinable 000000018003f4b0     sf_runtime:sf_runtime.dll
 0002:000004b8       __imp_sf_update_buildInfo  000000018003f4b8     sf_runtime:sf_runtime.dll
 0002:000004c0       __imp_sf_rtw_info_uint_prop 000000018003f4c0     sf_runtime:sf_runtime.dll
 0002:000004c8       __imp_sf_get_chart_instance_ptr 000000018003f4c8     sf_runtime:sf_runtime.dll
 0002:000004d0       __imp_sfrtGetEmlrtCtx      000000018003f4d0     sf_runtime:sf_runtime.dll
 0002:000004d8       __imp_sf_free_ChartRunTimeInfo 000000018003f4d8     sf_runtime:sf_runtime.dll
 0002:000004e0       __imp_sf_init_ChartRunTimeInfo 000000018003f4e0     sf_runtime:sf_runtime.dll
 0002:000004e8       __imp_sf_debug_set_machine_data_thresholds 000000018003f4e8     sf_runtime:sf_runtime.dll
 0002:000004f0       __imp_sf_debug_set_machine_event_thresholds 000000018003f4f0     sf_runtime:sf_runtime.dll
 0002:000004f8       __imp_sf_debug_initialize_machine 000000018003f4f8     sf_runtime:sf_runtime.dll
 0002:00000500       __imp_sf_debug_initialize_chart 000000018003f500     sf_runtime:sf_runtime.dll
 0002:00000508       __imp_sf_clear_error_manager_info 000000018003f508     sf_runtime:sf_runtime.dll
 0002:00000510       __imp_sf_load_rtw_optimization_info 000000018003f510     sf_runtime:sf_runtime.dll
 0002:00000518       \177sf_runtime_NULL_THUNK_DATA 000000018003f518     sf_runtime:sf_runtime.dll
 0002:00000520       __guard_check_icall_fptr   000000018003f520     MSVCRT:guard_support.obj
 0002:00000528       __guard_dispatch_icall_fptr 000000018003f528     MSVCRT:guard_support.obj
 0002:00000530       __xc_a                     000000018003f530     MSVCRT:initializers.obj
 0002:00000538       __xc_z                     000000018003f538     MSVCRT:initializers.obj
 0002:00000540       __xi_a                     000000018003f540     MSVCRT:initializers.obj
 0002:00000548       __xi_z                     000000018003f548     MSVCRT:initializers.obj
 0002:00000550       __xp_a                     000000018003f550     MSVCRT:initializers.obj
 0002:00000558       __xp_z                     000000018003f558     MSVCRT:initializers.obj
 0002:00000560       __xt_a                     000000018003f560     MSVCRT:initializers.obj
 0002:00000568       __xt_z                     000000018003f568     MSVCRT:initializers.obj
 0002:00000570       __real@413f797f00000000    000000018003f570     SpeedgoatCANOpen2Buses100us_sfun.obj
 0002:00000578       __real@41b212f15b000000    000000018003f578     SpeedgoatCANOpen2Buses100us_sfun.obj
 0002:00000580       __real@41c500e7fb800000    000000018003f580     SpeedgoatCANOpen2Buses100us_sfun.obj
 0002:00000588       __real@41dff01bb8400000    000000018003f588     SpeedgoatCANOpen2Buses100us_sfun.obj
 0002:00000590       __real@41e0279470800000    000000018003f590     SpeedgoatCANOpen2Buses100us_sfun.obj
 0002:00000598       __real@41e1f2a7f7200000    000000018003f598     SpeedgoatCANOpen2Buses100us_sfun.obj
 0002:000005a0       __real@41e253d1c4600000    000000018003f5a0     SpeedgoatCANOpen2Buses100us_sfun.obj
 0002:000005a8       __real@41e487f59e800000    000000018003f5a8     SpeedgoatCANOpen2Buses100us_sfun.obj
 0002:000005b0       __real@41e89b9f73800000    000000018003f5b0     SpeedgoatCANOpen2Buses100us_sfun.obj
 0002:000005b8       __real@41ea1e8465600000    000000018003f5b8     SpeedgoatCANOpen2Buses100us_sfun.obj
 0002:000005c0       __real@41ea3cabdd400000    000000018003f5c0     SpeedgoatCANOpen2Buses100us_sfun.obj
 0002:000005c8       __real@41eec387a1800000    000000018003f5c8     SpeedgoatCANOpen2Buses100us_sfun.obj
 0002:000005d0       __real@3f800000            000000018003f5d0     c1_SpeedgoatCANOpen2Buses100us.obj
 0002:000005d8       __real@3ff0000000000000    000000018003f5d8     c1_SpeedgoatCANOpen2Buses100us.obj
 0002:000005e0       __real@40000000            000000018003f5e0     c1_SpeedgoatCANOpen2Buses100us.obj
 0002:000005e8       __real@4022000000000000    000000018003f5e8     c1_SpeedgoatCANOpen2Buses100us.obj
 0002:000005f0       __real@4034000000000000    000000018003f5f0     c1_SpeedgoatCANOpen2Buses100us.obj
 0002:000005f8       __real@40e3880000000000    000000018003f5f8     c1_SpeedgoatCANOpen2Buses100us.obj
 0002:00000600       __real@41a00000            000000018003f600     c1_SpeedgoatCANOpen2Buses100us.obj
 0002:00000608       __real@41e19b07e3600000    000000018003f608     c1_SpeedgoatCANOpen2Buses100us.obj
 0002:00000610       __real@41e1d15a63e00000    000000018003f610     c1_SpeedgoatCANOpen2Buses100us.obj
 0002:00000618       __real@41ed7cbd25000000    000000018003f618     c1_SpeedgoatCANOpen2Buses100us.obj
 0002:00000620       __real@41eef040fd800000    000000018003f620     c1_SpeedgoatCANOpen2Buses100us.obj
 0002:00000628       __real@471c4000            000000018003f628     c1_SpeedgoatCANOpen2Buses100us.obj
 0002:0000062c       __real@40400000            000000018003f62c     c2_SpeedgoatCANOpen2Buses100us.obj
 0002:00000630       __real@41c0dafb48800000    000000018003f630     c2_SpeedgoatCANOpen2Buses100us.obj
 0002:00000638       __real@41c101e1ea000000    000000018003f638     c2_SpeedgoatCANOpen2Buses100us.obj
 0002:00000640       __real@41d9134aeac00000    000000018003f640     c2_SpeedgoatCANOpen2Buses100us.obj
 0002:00000648       __real@41e0c51d64e00000    000000018003f648     c2_SpeedgoatCANOpen2Buses100us.obj
 0002:00000650       __real@40c3880000000000    000000018003f650     c3_SpeedgoatCANOpen2Buses100us.obj
 0002:00000658       __real@40c7700000000000    000000018003f658     c3_SpeedgoatCANOpen2Buses100us.obj
 0002:00000660       __real@41d76547aa800000    000000018003f660     c3_SpeedgoatCANOpen2Buses100us.obj
 0002:00000668       __real@41d793e0ac400000    000000018003f668     c3_SpeedgoatCANOpen2Buses100us.obj
 0002:00000670       __real@41eab727b8a00000    000000018003f670     c3_SpeedgoatCANOpen2Buses100us.obj
 0002:00000678       __real@41ef6c2736400000    000000018003f678     c3_SpeedgoatCANOpen2Buses100us.obj
 0002:00000680       __real@461c4000            000000018003f680     c3_SpeedgoatCANOpen2Buses100us.obj
 0002:00000684       __real@462be000            000000018003f684     c3_SpeedgoatCANOpen2Buses100us.obj
 0002:00000688       __real@c0c7700000000000    000000018003f688     c3_SpeedgoatCANOpen2Buses100us.obj
 0002:00000690       __real@4018000000000000    000000018003f690     c4_SpeedgoatCANOpen2Buses100us.obj
 0002:00000698       __real@401c000000000000    000000018003f698     c4_SpeedgoatCANOpen2Buses100us.obj
 0002:000006a0       __real@40c00000            000000018003f6a0     c4_SpeedgoatCANOpen2Buses100us.obj
 0002:000006a4       __real@40e00000            000000018003f6a4     c4_SpeedgoatCANOpen2Buses100us.obj
 0002:000006a8       __real@41747f04f0000000    000000018003f6a8     c4_SpeedgoatCANOpen2Buses100us.obj
 0002:000006b0       __real@41e9b21e8f800000    000000018003f6b0     c4_SpeedgoatCANOpen2Buses100us.obj
 0002:000006b8       __real@41ec90376da00000    000000018003f6b8     c4_SpeedgoatCANOpen2Buses100us.obj
 0002:000006c0       __real@41ee304932a00000    000000018003f6c0     c4_SpeedgoatCANOpen2Buses100us.obj
 0002:000006c8       __real@0000000000000000    000000018003f6c8     c5_SpeedgoatCANOpen2Buses100us.obj
 0002:000006d0       __real@3fa999999999999a    000000018003f6d0     c5_SpeedgoatCANOpen2Buses100us.obj
 0002:000006d8       __real@4197c0b7a0000000    000000018003f6d8     c5_SpeedgoatCANOpen2Buses100us.obj
 0002:000006e0       __real@41d948d464800000    000000018003f6e0     c5_SpeedgoatCANOpen2Buses100us.obj
 0002:000006e8       __real@41e61bdc94400000    000000018003f6e8     c5_SpeedgoatCANOpen2Buses100us.obj
 0002:000006f0       __real@41ecd22dcb200000    000000018003f6f0     c5_SpeedgoatCANOpen2Buses100us.obj
 0002:000006f8       __real@41d18da4e8c00000    000000018003f6f8     c12_SpeedgoatCANOpen2Buses100us.obj
 0002:00000700       __real@41d3434967400000    000000018003f700     c12_SpeedgoatCANOpen2Buses100us.obj
 0002:00000708       __real@41e2bdfad7c00000    000000018003f708     c12_SpeedgoatCANOpen2Buses100us.obj
 0002:00000710       __real@41e7c3207da00000    000000018003f710     c12_SpeedgoatCANOpen2Buses100us.obj
 0002:00000718       DYNAMIC_DIMENSION_DEF      000000018003f718     SpeedgoatCANOpen2Buses100us_sfun_registry.obj
 0002:00000730       __real@4010000000000000    000000018003f730     SpeedgoatCANOpen2Buses100us_sfun_registry.obj
 0002:00000738       __real@41602cbca0000000    000000018003f738     SpeedgoatCANOpen2Buses100us_sfun_registry.obj
 0002:00000740       __real@bff0000000000000    000000018003f740     SpeedgoatCANOpen2Buses100us_sfun_registry.obj
 0002:00000758       _pDefaultRawDllMain        000000018003f758     MSVCRT:dll_dllmain.obj
 0002:00000758       _pRawDllMain               000000018003f758     MSVCRT:dll_dllmain.obj
 0002:00000780       _load_config_used          000000018003f780     MSVCRT:loadcfg.obj
 0002:00000a98       __rtc_iaa                  000000018003fa98     MSVCRT:initsect.obj
 0002:00000aa0       __rtc_izz                  000000018003faa0     MSVCRT:initsect.obj
 0002:00000aa8       __rtc_taa                  000000018003faa8     MSVCRT:initsect.obj
 0002:00000ab0       __rtc_tzz                  000000018003fab0     MSVCRT:initsect.obj
 0002:00001dec       __IMPORT_DESCRIPTOR_sf_runtime 0000000180040dec     sf_runtime:sf_runtime.dll
 0002:00001e00       __IMPORT_DESCRIPTOR_libmx  0000000180040e00     libmx:libmx.dll
 0002:00001e14       __IMPORT_DESCRIPTOR_libmex 0000000180040e14     libmex:libmex.dll
 0002:00001e28       __IMPORT_DESCRIPTOR_libut  0000000180040e28     libut:libut.dll
 0002:00001e3c       __IMPORT_DESCRIPTOR_libmwsl_sfcn_cov_bridge 0000000180040e3c     libmwsl_sfcn_cov_bridge:libmwsl_sfcn_cov_bridge.dll
 0002:00001e50       __IMPORT_DESCRIPTOR_KERNEL32 0000000180040e50     kernel32:KERNEL32.dll
 0002:00001e64       __IMPORT_DESCRIPTOR_VCRUNTIME140 0000000180040e64     vcruntime:VCRUNTIME140.dll
 0002:00001e78       __IMPORT_DESCRIPTOR_api-ms-win-crt-string-l1-1-0 0000000180040e78     ucrt:api-ms-win-crt-string-l1-1-0.dll
 0002:00001e8c       __IMPORT_DESCRIPTOR_api-ms-win-crt-stdio-l1-1-0 0000000180040e8c     ucrt:api-ms-win-crt-stdio-l1-1-0.dll
 0002:00001ea0       __IMPORT_DESCRIPTOR_api-ms-win-crt-heap-l1-1-0 0000000180040ea0     ucrt:api-ms-win-crt-heap-l1-1-0.dll
 0002:00001eb4       __IMPORT_DESCRIPTOR_api-ms-win-crt-runtime-l1-1-0 0000000180040eb4     ucrt:api-ms-win-crt-runtime-l1-1-0.dll
 0002:00001ec8       __NULL_IMPORT_DESCRIPTOR   0000000180040ec8     sf_runtime:sf_runtime.dll
 0003:00005e90       DYNAMIC_DIMENSION          0000000180048e90     SpeedgoatCANOpen2Buses100us_sfun_registry.obj
 0003:00008300       __security_cookie_complement 000000018004b300     MSVCRT:gs_cookie.obj
 0003:00008308       __security_cookie          000000018004b308     MSVCRT:gs_cookie.obj
 0003:00008310       _fltused                   000000018004b310     MSVCRT:fltused.obj
 0003:00008314       __scrt_native_dllmain_reason 000000018004b314     MSVCRT:utility.obj
 0003:00008318       __isa_available            000000018004b318     MSVCRT:cpu_disp.obj
 0003:0000831c       __isa_enabled              000000018004b31c     MSVCRT:cpu_disp.obj
 0003:00008320       __memcpy_nt_iters          000000018004b320     MSVCRT:cpu_disp.obj
 0003:00008330       __scrt_ucrt_dll_is_in_use  000000018004b330     MSVCRT:ucrt_stubs.obj
 0003:000083b0       sfGlobalDebugInstanceStruct 000000018004b3b0     SpeedgoatCANOpen2Buses100us_sfun_registry.obj
 0003:00008940       ?__type_info_root_node@@3U__type_info_node@@A 000000018004b940     MSVCRT:tncleanup.obj
 0003:00008950       ?_OptionsStorage@?1??__local_stdio_printf_options@@9@4_KA 000000018004b950     MSVCRT:default_local_stdio_options.obj
 0003:00008958       ?_OptionsStorage@?1??__local_stdio_scanf_options@@9@4_KA 000000018004b958     MSVCRT:default_local_stdio_options.obj
 0003:00008960       __scrt_current_native_startup_state 000000018004b960     MSVCRT:utility.obj
 0003:00008968       __scrt_native_startup_lock 000000018004b968     MSVCRT:utility.obj
 0003:000089a8       __scrt_debugger_hook_flag  000000018004b9a8     MSVCRT:utility_desktop.obj
 0003:000089ac       __favor                    000000018004b9ac     MSVCRT:cpu_disp.obj
 0003:000089b0       ?_OptionsStorage@?1??__local_stdio_printf_options@@9@9 000000018004b9b0     <common>
 0003:000089b8       _SpeedgoatCANOpen2Buses100usMachineNumber_ 000000018004b9b8     <common>
 0003:000089c0       gRxCAN_APT                 000000018004b9c0     <common>
 0003:000089e0       can_rx_queue_APT           000000018004b9e0     <common>
 0003:00008a48       gRxCAN                     000000018004ba48     <common>
 0003:00008a60       can_rx_queue               000000018004ba60     <common>
 0003:00008ac8       __dyn_tls_init_callback    000000018004bac8     <common>

 entry point at        0001:0003cfc8

 Static symbols

 0000:00000000       .debug$S                   0000000180000000     sf_runtime:sf_runtime.dll
 0000:00000000       .debug$S                   0000000180000000     sf_runtime:sf_runtime.dll
 0000:00000000       .debug$S                   0000000180000000     sf_runtime:sf_runtime.dll
 0000:00000000       .debug$S                   0000000180000000     sf_runtime:sf_runtime.dll
 0000:00000000       .debug$S                   0000000180000000     sf_runtime:sf_runtime.dll
 0000:00000000       .debug$S                   0000000180000000     sf_runtime:sf_runtime.dll
 0000:00000000       .debug$S                   0000000180000000     SpeedgoatCANOpen2Buses100us_sfun.exp
 0000:00000000       .debug$S                   0000000180000000     sf_runtime:sf_runtime.dll
 0000:00000000       .debug$S                   0000000180000000     sf_runtime:sf_runtime.dll
 0000:00000000       .debug$S                   0000000180000000     sf_runtime:sf_runtime.dll
 0000:00000000       .debug$S                   0000000180000000     sf_runtime:sf_runtime.dll
 0000:00000000       .debug$S                   0000000180000000     sf_runtime:sf_runtime.dll
 0000:00000000       .debug$S                   0000000180000000     ucrt:api-ms-win-crt-runtime-l1-1-0.dll
 0000:00000000       .debug$S                   0000000180000000     ucrt:api-ms-win-crt-runtime-l1-1-0.dll
 0000:00000000       .debug$S                   0000000180000000     ucrt:api-ms-win-crt-runtime-l1-1-0.dll
 0000:00000000       .debug$S                   0000000180000000     ucrt:api-ms-win-crt-runtime-l1-1-0.dll
 0000:00000000       .debug$S                   0000000180000000     ucrt:api-ms-win-crt-runtime-l1-1-0.dll
 0000:00000000       .debug$S                   0000000180000000     ucrt:api-ms-win-crt-runtime-l1-1-0.dll
 0000:00000000       .debug$S                   0000000180000000     ucrt:api-ms-win-crt-runtime-l1-1-0.dll
 0000:00000000       .debug$S                   0000000180000000     ucrt:api-ms-win-crt-runtime-l1-1-0.dll
 0000:00000000       .debug$S                   0000000180000000     ucrt:api-ms-win-crt-runtime-l1-1-0.dll
 0000:00000000       .debug$S                   0000000180000000     ucrt:api-ms-win-crt-runtime-l1-1-0.dll
 0000:00000000       .debug$S                   0000000180000000     ucrt:api-ms-win-crt-runtime-l1-1-0.dll
 0000:00000000       .debug$S                   0000000180000000     ucrt:api-ms-win-crt-runtime-l1-1-0.dll
 0000:00000000       .debug$S                   0000000180000000     ucrt:api-ms-win-crt-string-l1-1-0.dll
 0000:00000000       .debug$S                   0000000180000000     ucrt:api-ms-win-crt-heap-l1-1-0.dll
 0000:00000000       .debug$S                   0000000180000000     ucrt:api-ms-win-crt-heap-l1-1-0.dll
 0000:00000000       .debug$S                   0000000180000000     ucrt:api-ms-win-crt-stdio-l1-1-0.dll
 0000:00000000       .debug$S                   0000000180000000     ucrt:api-ms-win-crt-string-l1-1-0.dll
 0000:00000000       .debug$S                   0000000180000000     sf_runtime:sf_runtime.dll
 0000:00000000       .debug$S                   0000000180000000     vcruntime:VCRUNTIME140.dll
 0000:00000000       .debug$S                   0000000180000000     vcruntime:VCRUNTIME140.dll
 0000:00000000       .debug$S                   0000000180000000     vcruntime:VCRUNTIME140.dll
 0000:00000000       .debug$S                   0000000180000000     vcruntime:VCRUNTIME140.dll
 0000:00000000       .debug$S                   0000000180000000     sf_runtime:sf_runtime.dll
 0000:00000000       .debug$S                   0000000180000000     kernel32:KERNEL32.dll
 0000:00000000       .debug$S                   0000000180000000     kernel32:KERNEL32.dll
 0000:00000000       .debug$S                   0000000180000000     kernel32:KERNEL32.dll
 0000:00000000       .debug$S                   0000000180000000     kernel32:KERNEL32.dll
 0000:00000000       .debug$S                   0000000180000000     kernel32:KERNEL32.dll
 0000:00000000       .debug$S                   0000000180000000     kernel32:KERNEL32.dll
 0000:00000000       .debug$S                   0000000180000000     kernel32:KERNEL32.dll
 0000:00000000       .debug$S                   0000000180000000     kernel32:KERNEL32.dll
 0000:00000000       .debug$S                   0000000180000000     kernel32:KERNEL32.dll
 0000:00000000       .debug$S                   0000000180000000     kernel32:KERNEL32.dll
 0000:00000000       .debug$S                   0000000180000000     kernel32:KERNEL32.dll
 0000:00000000       .debug$S                   0000000180000000     kernel32:KERNEL32.dll
 0000:00000000       .debug$S                   0000000180000000     kernel32:KERNEL32.dll
 0000:00000000       .debug$S                   0000000180000000     kernel32:KERNEL32.dll
 0000:00000000       .debug$S                   0000000180000000     kernel32:KERNEL32.dll
 0000:00000000       .debug$S                   0000000180000000     kernel32:KERNEL32.dll
 0000:00000000       .debug$S                   0000000180000000     kernel32:KERNEL32.dll
 0000:00000000       .debug$S                   0000000180000000     sf_runtime:sf_runtime.dll
 0000:00000000       .debug$S                   0000000180000000     sf_runtime:sf_runtime.dll
 0000:00000000       .debug$S                   0000000180000000     sf_runtime:sf_runtime.dll
 0000:00000000       .debug$S                   0000000180000000     libmx:libmx.dll
 0002:fffc1000       __guard_fids__guard_icall_checks_enforced 0000000180000000     MSVCRT:guard_support.obj
 0002:fffc1000       __guard_fids__             0000000180000000     MSVCRT:guard_support.obj
 0000:00000000       .debug$S                   0000000180000000     libmx:libmx.dll
 0000:00000000       .debug$S                   0000000180000000     sf_runtime:sf_runtime.dll
 0000:00000000       .debug$S                   0000000180000000     sf_runtime:sf_runtime.dll
 0000:00000000       .debug$S                   0000000180000000     sf_runtime:sf_runtime.dll
 0000:00000000       .debug$S                   0000000180000000     sf_runtime:sf_runtime.dll
 0000:00000000       .debug$S                   0000000180000000     sf_runtime:sf_runtime.dll
 0000:00000000       .debug$S                   0000000180000000     sf_runtime:sf_runtime.dll
 0000:00000000       .debug$S                   0000000180000000     sf_runtime:sf_runtime.dll
 0002:fffc1000       __guard_fids___scrt_set_unhandled_exception_filter 0000000180000000     MSVCRT:utility_desktop.obj
[...]
 0004:00001020       $pdata$mdlStart_c12_SpeedgoatCANOpen2Buses100us 000000018004d020     c12_SpeedgoatCANOpen2Buses100us.obj
 0004:0000102c       $pdata$mexFunction         000000018004d02c     SpeedgoatCANOpen2Buses100us_sfun_registry.obj
 0004:00001038       $pdata$_ssSetInputPortDirectFeedThroughFcn 000000018004d038     SpeedgoatCANOpen2Buses100us_sfun_registry.obj
 0004:00001044       $pdata$_ssSetRWorkValueFcn 000000018004d044     SpeedgoatCANOpen2Buses100us_sfun_registry.obj
 0004:00001050       $pdata$_ssGetRWorkValueFcn 000000018004d050     SpeedgoatCANOpen2Buses100us_sfun_registry.obj
 0004:0000105c       $pdata$_ssSetIWorkValueFcn 000000018004d05c     SpeedgoatCANOpen2Buses100us_sfun_registry.obj
 0004:00001068       $pdata$_ssGetIWorkValueFcn 000000018004d068     SpeedgoatCANOpen2Buses100us_sfun_registry.obj
 0004:00001074       $pdata$_ssSetPWorkValueFcn 000000018004d074     SpeedgoatCANOpen2Buses100us_sfun_registry.obj
 0004:00001080       $pdata$_ssGetPWorkValueFcn 000000018004d080     SpeedgoatCANOpen2Buses100us_sfun_registry.obj
 0004:0000108c       $pdata$_ssGetInputPortSignalFcn 000000018004d08c     SpeedgoatCANOpen2Buses100us_sfun_registry.obj
 0004:00001098       $pdata$_ssGetInputPortBufferDstPortFcn 000000018004d098     SpeedgoatCANOpen2Buses100us_sfun_registry.obj
 0004:000010a4       $pdata$_ssGetInputPortSignalPtrsFcn 000000018004d0a4     SpeedgoatCANOpen2Buses100us_sfun_registry.obj
 0004:000010b0       $pdata$ssGetParameterTuningCompliance 000000018004d0b0     SpeedgoatCANOpen2Buses100us_sfun_registry.obj
 0004:000010bc       $pdata$ssGetDTypeIdFromMxArray 000000018004d0bc     SpeedgoatCANOpen2Buses100us_sfun_registry.obj
 0004:000010c8       $pdata$ssWriteRTWMx2dMatParam 000000018004d0c8     SpeedgoatCANOpen2Buses100us_sfun_registry.obj
 0004:000010d4       $pdata$ssWriteRTWMxVectParam 000000018004d0d4     SpeedgoatCANOpen2Buses100us_sfun_registry.obj
 0004:000010e0       $pdata$ssWriteRTWParameters 000000018004d0e0     SpeedgoatCANOpen2Buses100us_sfun_registry.obj
 0004:000010ec       $pdata$ssWriteRTWParamSettings 000000018004d0ec     SpeedgoatCANOpen2Buses100us_sfun_registry.obj
 0004:000010f8       $pdata$ssWriteRTWStr       000000018004d0f8     SpeedgoatCANOpen2Buses100us_sfun_registry.obj
 0004:00001104       $pdata$ssWriteRTWWorkVect  000000018004d104     SpeedgoatCANOpen2Buses100us_sfun_registry.obj
 0004:00001110       $pdata$ssWarning           000000018004d110     SpeedgoatCANOpen2Buses100us_sfun_registry.obj
 0004:0000111c       $pdata$ssWriteRTWNameValuePair 000000018004d11c     SpeedgoatCANOpen2Buses100us_sfun_registry.obj
 0004:00001128       $pdata$_ssSetInputPortMatrixDimensions 000000018004d128     SpeedgoatCANOpen2Buses100us_sfun_registry.obj
 0004:00001134       $pdata$_ssSetOutputPortMatrixDimensions 000000018004d134     SpeedgoatCANOpen2Buses100us_sfun_registry.obj
 0004:00001140       $pdata$_ssSetInputPortVectorDimension 000000018004d140     SpeedgoatCANOpen2Buses100us_sfun_registry.obj
 0004:0000114c       $pdata$_ssSetOutputPortVectorDimension 000000018004d14c     SpeedgoatCANOpen2Buses100us_sfun_registry.obj
 0004:00001158       $pdata$ssIsRunTimeParamTunable 000000018004d158     SpeedgoatCANOpen2Buses100us_sfun_registry.obj
 0004:00001164       $pdata$ssGetSFuncBlockHandle 000000018004d164     SpeedgoatCANOpen2Buses100us_sfun_registry.obj
 0004:00001170       $pdata$_ssGetCurrentInputPortWidth 000000018004d170     SpeedgoatCANOpen2Buses100us_sfun_registry.obj
 0004:0000117c       $pdata$_ssGetCurrentOutputPortWidth 000000018004d17c     SpeedgoatCANOpen2Buses100us_sfun_registry.obj
 0004:00001188       $pdata$_ssGetCallSystemNumFcnCallDestinations 000000018004d188     SpeedgoatCANOpen2Buses100us_sfun_registry.obj
 0004:00001194       $pdata$ssGetIsZeroCrossControlDisabled 000000018004d194     SpeedgoatCANOpen2Buses100us_sfun_registry.obj
 0004:000011a0       $pdata$ssSetIsInputPortUsedForContZcSignal 000000018004d1a0     SpeedgoatCANOpen2Buses100us_sfun_registry.obj
 0004:000011ac       $pdata$ssSetZcSignalIsZcElementDisc 000000018004d1ac     SpeedgoatCANOpen2Buses100us_sfun_registry.obj
 0004:000011b8       $pdata$ssSetZcSignalName   000000018004d1b8     SpeedgoatCANOpen2Buses100us_sfun_registry.obj
 0004:000011c4       $pdata$ssSetZcSignalWidth  000000018004d1c4     SpeedgoatCANOpen2Buses100us_sfun_registry.obj
 0004:000011d0       $pdata$ssSetZcSignalZcEventType 000000018004d1d0     SpeedgoatCANOpen2Buses100us_sfun_registry.obj
 0004:000011dc       $pdata$ssSetZcSignalType   000000018004d1dc     SpeedgoatCANOpen2Buses100us_sfun_registry.obj
 0004:000011e8       $pdata$ssSetZcSignalZcTol  000000018004d1e8     SpeedgoatCANOpen2Buses100us_sfun_registry.obj
 0004:000011f4       $pdata$ssSetZcSignalNeedsEventNotification 000000018004d1f4     SpeedgoatCANOpen2Buses100us_sfun_registry.obj
 0004:00001200       $pdata$ssCreateAndAddZcSignalInfo 000000018004d200     SpeedgoatCANOpen2Buses100us_sfun_registry.obj
 0004:0000120c       $pdata$ssCloneAndAddZcSignalInfo 000000018004d20c     SpeedgoatCANOpen2Buses100us_sfun_registry.obj
 0004:00001218       $pdata$ssGetNumZcSignals   000000018004d218     SpeedgoatCANOpen2Buses100us_sfun_registry.obj
 0004:00001224       $pdata$ssGetZcSignalVector 000000018004d224     SpeedgoatCANOpen2Buses100us_sfun_registry.obj
 0004:00001230       $pdata$ssGetZcSignalName   000000018004d230     SpeedgoatCANOpen2Buses100us_sfun_registry.obj
 0004:0000123c       $pdata$ssGetZcSignalWidth  000000018004d23c     SpeedgoatCANOpen2Buses100us_sfun_registry.obj
 0004:00001248       $pdata$ssGetZcSignalZcEventType 000000018004d248     SpeedgoatCANOpen2Buses100us_sfun_registry.obj
 0004:00001254       $pdata$ssGetZcSignalZcEvents 000000018004d254     SpeedgoatCANOpen2Buses100us_sfun_registry.obj
 0004:00001260       $pdata$ssGetZcSignalType   000000018004d260     SpeedgoatCANOpen2Buses100us_sfun_registry.obj
 0004:0000126c       $pdata$ssGetZcSignalZcTol  000000018004d26c     SpeedgoatCANOpen2Buses100us_sfun_registry.obj
 0004:00001278       $pdata$ssGetZcSignalNeedsEventNotification 000000018004d278     SpeedgoatCANOpen2Buses100us_sfun_registry.obj
 0004:00001284       $pdata$ssGetZcSignalIsZcElementDisc 000000018004d284     SpeedgoatCANOpen2Buses100us_sfun_registry.obj
 0004:00001290       $pdata$ssGetIsInputPortElementContinuous 000000018004d290     SpeedgoatCANOpen2Buses100us_sfun_registry.obj
 0004:0000129c       $pdata$_ssGetAbsTol        000000018004d29c     SpeedgoatCANOpen2Buses100us_sfun_registry.obj
 0004:000012a8       $pdata$_ssSetInputPortReusableFcn 000000018004d2a8     SpeedgoatCANOpen2Buses100us_sfun_registry.obj
 0004:000012b4       $pdata$_ssSetOutputPortReusableFcn 000000018004d2b4     SpeedgoatCANOpen2Buses100us_sfun_registry.obj
 0004:000012c0       $pdata$_ssSetSymbolicDimsSupport 000000018004d2c0     SpeedgoatCANOpen2Buses100us_sfun_registry.obj
 0004:000012cc       $pdata$_ssRegisterSymbolicDimsExpr 000000018004d2cc     SpeedgoatCANOpen2Buses100us_sfun_registry.obj
 0004:000012d8       $pdata$_ssRegisterSymbolicDims 000000018004d2d8     SpeedgoatCANOpen2Buses100us_sfun_registry.obj
 0004:000012e4       $pdata$_ssRegisterSymbolicDimsString 000000018004d2e4     SpeedgoatCANOpen2Buses100us_sfun_registry.obj
 0004:000012f0       $pdata$_ssRegisterSymbolicDimsIntValue 000000018004d2f0     SpeedgoatCANOpen2Buses100us_sfun_registry.obj
 0004:000012fc       $pdata$_ssRegisterSymbolicDimsPlus 000000018004d2fc     SpeedgoatCANOpen2Buses100us_sfun_registry.obj
 0004:00001308       $pdata$_ssRegisterSymbolicDimsMinus 000000018004d308     SpeedgoatCANOpen2Buses100us_sfun_registry.obj
 0004:00001314       $pdata$_ssRegisterSymbolicDimsMultiply 000000018004d314     SpeedgoatCANOpen2Buses100us_sfun_registry.obj
 0004:00001320       $pdata$_ssRegisterSymbolicDimsDivide 000000018004d320     SpeedgoatCANOpen2Buses100us_sfun_registry.obj
 0004:0000132c       $pdata$_ssGetNumSymbolicDims 000000018004d32c     SpeedgoatCANOpen2Buses100us_sfun_registry.obj
 0004:00001338       $pdata$_ssGetSymbolicDim   000000018004d338     SpeedgoatCANOpen2Buses100us_sfun_registry.obj
 0004:00001344       $pdata$_ssSetInputPortSymbolicDimsId 000000018004d344     SpeedgoatCANOpen2Buses100us_sfun_registry.obj
 0004:00001350       $pdata$_ssGetCompInputPortSymbolicDimsId 000000018004d350     SpeedgoatCANOpen2Buses100us_sfun_registry.obj
 0004:0000135c       $pdata$_ssSetCompInputPortSymbolicDimsId 000000018004d35c     SpeedgoatCANOpen2Buses100us_sfun_registry.obj
 0004:00001368       $pdata$_ssSetOutputPortSymbolicDimsId 000000018004d368     SpeedgoatCANOpen2Buses100us_sfun_registry.obj
 0004:00001374       $pdata$_ssGetCompOutputPortSymbolicDimsId 000000018004d374     SpeedgoatCANOpen2Buses100us_sfun_registry.obj
 0004:00001380       $pdata$_ssSetCompOutputPortSymbolicDimsId 000000018004d380     SpeedgoatCANOpen2Buses100us_sfun_registry.obj
 0004:0000138c       $pdata$_ssSetCompDWorkSymbolicDimsId 000000018004d38c     SpeedgoatCANOpen2Buses100us_sfun_registry.obj
 0004:00001398       $pdata$sf_process_check_sum_call 000000018004d398     SpeedgoatCANOpen2Buses100us_sfun_registry.obj
 0004:000013a4       $pdata$sf_process_testpoint_info_call 000000018004d3a4     SpeedgoatCANOpen2Buses100us_sfun_registry.obj
 0004:000013b0       $pdata$sf_process_autoinheritance_call 000000018004d3b0     SpeedgoatCANOpen2Buses100us_sfun_registry.obj
 0004:000013bc       $pdata$sf_process_get_third_party_uses_info_call 000000018004d3bc     SpeedgoatCANOpen2Buses100us_sfun_registry.obj
 0004:000013c8       $pdata$sf_process_get_jit_fallback_info_call 000000018004d3c8     SpeedgoatCANOpen2Buses100us_sfun_registry.obj
 0004:000013d4       $pdata$sf_process_get_updateBuildInfo_args_info_call 000000018004d3d4     SpeedgoatCANOpen2Buses100us_sfun_registry.obj
 0004:000013e0       $pdata$sf_process_get_eml_resolved_functions_info_call 000000018004d3e0     SpeedgoatCANOpen2Buses100us_sfun_registry.obj
 0004:000013ec       $pdata$sf_mex_unlock_call  000000018004d3ec     SpeedgoatCANOpen2Buses100us_sfun_registry.obj
 0004:000013f8       $pdata$sf_debug_api_wrapper 000000018004d3f8     SpeedgoatCANOpen2Buses100us_sfun_registry.obj
 0004:00001404       $pdata$ProcessMexSfunctionCmdLineCall 000000018004d404     SpeedgoatCANOpen2Buses100us_sfun_registry.obj
 0004:00001410       $pdata$sf_machine_global_initializer_called 000000018004d410     SpeedgoatCANOpen2Buses100us_sfun_registry.obj
 0004:0000141c       $pdata$sf_machine_global_method_dispatcher 000000018004d41c     SpeedgoatCANOpen2Buses100us_sfun_registry.obj
 0004:00001428       $pdata$sf_machine_global_terminator 000000018004d428     SpeedgoatCANOpen2Buses100us_sfun_registry.obj
 0004:00001434       $pdata$sf_register_machine_exported_symbols 000000018004d434     SpeedgoatCANOpen2Buses100us_sfun_registry.obj
 0004:00001440       $pdata$sf_machine_global_initializer 000000018004d440     SpeedgoatCANOpen2Buses100us_sfun_registry.obj
 0004:0000144c       $pdata$mdlGetSimState      000000018004d44c     SpeedgoatCANOpen2Buses100us_sfun_registry.obj
 0004:00001458       $pdata$mdlSetSimState      000000018004d458     SpeedgoatCANOpen2Buses100us_sfun_registry.obj
 0004:00001464       $pdata$mdlSetWorkWidths    000000018004d464     SpeedgoatCANOpen2Buses100us_sfun_registry.obj
 0004:00001470       $pdata$mdlProcessParameters 000000018004d470     SpeedgoatCANOpen2Buses100us_sfun_registry.obj
 0004:0000147c       $pdata$mdl_start_processing 000000018004d47c     SpeedgoatCANOpen2Buses100us_sfun_registry.obj
 0004:00001488       $pdata$mdl_terminate_processing 000000018004d488     SpeedgoatCANOpen2Buses100us_sfun_registry.obj
 0004:00001494       $pdata$mdlStart            000000018004d494     SpeedgoatCANOpen2Buses100us_sfun_registry.obj
 0004:000014a0       $pdata$mdlTerminate        000000018004d4a0     SpeedgoatCANOpen2Buses100us_sfun_registry.obj
 0004:000014ac       $pdata$mdlInitializeSizes  000000018004d4ac     SpeedgoatCANOpen2Buses100us_sfun_registry.obj
 0004:000014b8       $pdata$mdlInitializeSampleTimes 000000018004d4b8     SpeedgoatCANOpen2Buses100us_sfun_registry.obj
 0004:000014c4       $pdata$mdl_outputs_continuous_legacy 000000018004d4c4     SpeedgoatCANOpen2Buses100us_sfun_registry.obj
 0004:000014d0       $pdata$mdl_outputs_processing 000000018004d4d0     SpeedgoatCANOpen2Buses100us_sfun_registry.obj
 0004:000014dc       $pdata$mdl_zeroCrossings_processing 000000018004d4dc     SpeedgoatCANOpen2Buses100us_sfun_registry.obj
 0004:000014e8       $pdata$mdlZeroCrossings    000000018004d4e8     SpeedgoatCANOpen2Buses100us_sfun_registry.obj
 0004:000014f4       $pdata$mdl_derivatives_processing 000000018004d4f4     SpeedgoatCANOpen2Buses100us_sfun_registry.obj
 0004:00001500       $pdata$mdlDerivatives      000000018004d500     SpeedgoatCANOpen2Buses100us_sfun_registry.obj
 0004:0000150c       $pdata$mdl_initialize_conditions_processing 000000018004d50c     SpeedgoatCANOpen2Buses100us_sfun_registry.obj
 0004:00001518       $pdata$mdlInitializeConditions 000000018004d518     SpeedgoatCANOpen2Buses100us_sfun_registry.obj
 0004:00001524       $pdata$mdl_ext_mode_exec_processing 000000018004d524     SpeedgoatCANOpen2Buses100us_sfun_registry.obj
 0004:00001530       $pdata$mdlExtModeExec      000000018004d530     SpeedgoatCANOpen2Buses100us_sfun_registry.obj
 0004:0000153c       $pdata$mdlRTW              000000018004d53c     SpeedgoatCANOpen2Buses100us_sfun_registry.obj
 0004:00001548       $pdata$mdl_enable_processing 000000018004d548     SpeedgoatCANOpen2Buses100us_sfun_registry.obj
 0004:00001554       $pdata$mdlEnable           000000018004d554     SpeedgoatCANOpen2Buses100us_sfun_registry.obj
 0004:00001560       $pdata$mdl_disable_processing 000000018004d560     SpeedgoatCANOpen2Buses100us_sfun_registry.obj
 0004:0000156c       $pdata$mdlDisable          000000018004d56c     SpeedgoatCANOpen2Buses100us_sfun_registry.obj
 0004:00001578       $pdata$mdlOutputs          000000018004d578     SpeedgoatCANOpen2Buses100us_sfun_registry.obj
 0004:00001584       $pdata$mdl_update_processing 000000018004d584     SpeedgoatCANOpen2Buses100us_sfun_registry.obj
 0004:00001590       $pdata$mdlUpdate           000000018004d590     SpeedgoatCANOpen2Buses100us_sfun_registry.obj
 0004:0000159c       $pdata$ProcessMexSfunctionEveryCall 000000018004d59c     SpeedgoatCANOpen2Buses100us_sfun_registry.obj
 0004:000015a8       $pdata$_RegNumInputPortsCB 000000018004d5a8     SpeedgoatCANOpen2Buses100us_sfun_registry.obj
 0004:000015b4       $pdata$_RegNumOutputPortsCB 000000018004d5b4     SpeedgoatCANOpen2Buses100us_sfun_registry.obj
 0004:000015c0       $pdata$_CreateSimStruct    000000018004d5c0     SpeedgoatCANOpen2Buses100us_sfun_registry.obj
 0004:000015cc       $pdata$_ProcessMexSfunctionCmdLineCall 000000018004d5cc     SpeedgoatCANOpen2Buses100us_sfun_registry.obj
 0004:000015d8       $pdata$ReportIndexOutOfBoundsError 000000018004d5d8     SpeedgoatCANOpen2Buses100us_sfun_registry.obj
 0004:000015e4       $pdata$_vsnprintf_l        000000018004d5e4     SpeedgoatCANOpen2Buses100us_sfun_registry.obj
 0004:000015f0       $pdata$_vsprintf_l         000000018004d5f0     SpeedgoatCANOpen2Buses100us_sfun_registry.obj
 0004:000015fc       $pdata$sprintf             000000018004d5fc     SpeedgoatCANOpen2Buses100us_sfun_registry.obj
 0004:00001608       $pdata$__raise_securityfailure 000000018004d608     MSVCRT:gs_report.obj
 0004:00001614       $pdata$__report_gsfailure  000000018004d614     MSVCRT:gs_report.obj
 0004:00001620       $pdata$__report_rangecheckfailure 000000018004d620     MSVCRT:gs_report.obj
 0004:0000162c       $pdata$__report_securityfailure 000000018004d62c     MSVCRT:gs_report.obj
 0004:00001638       $pdata$__report_securityfailureEx 000000018004d638     MSVCRT:gs_report.obj
 0004:00001644       $pdata$capture_current_context 000000018004d644     MSVCRT:gs_report.obj
 0004:00001650       $pdata$capture_previous_context 000000018004d650     MSVCRT:gs_report.obj
 0004:0000165c       $pdata$__GSHandlerCheck    000000018004d65c     MSVCRT:gshandler.obj
 0004:00001668       $pdata$__GSHandlerCheckCommon 000000018004d668     MSVCRT:gshandler.obj
 0004:00001680       $pdata$?dllmain_crt_dispatch@@YAHQEAUHINSTANCE__@@KQEAX@Z 000000018004d680     MSVCRT:dll_dllmain.obj
 0004:0000168c       $pdata$?dllmain_crt_process_attach@@YAHQEAUHINSTANCE__@@QEAX@Z 000000018004d68c     MSVCRT:dll_dllmain.obj
 0004:00001698       $pdata$?dllmain_crt_process_detach@@YAH_N@Z 000000018004d698     MSVCRT:dll_dllmain.obj
 0004:000016a4       $pdata$?dllmain_dispatch@@YAHQEAUHINSTANCE__@@KQEAX@Z 000000018004d6a4     MSVCRT:dll_dllmain.obj
 0004:000016b0       $pdata$_DllMainCRTStartup  000000018004d6b0     MSVCRT:dll_dllmain.obj
 0004:000016bc       $pdata$__get_entropy       000000018004d6bc     MSVCRT:gs_support.obj
 0004:000016c8       $pdata$__security_init_cookie 000000018004d6c8     MSVCRT:gs_support.obj
 0004:000016d4       $pdata$DllMain             000000018004d6d4     MSVCRT:dll_dllmain_stub.obj
 0004:000016e0       $pdata$__scrt_initialize_default_local_stdio_options 000000018004d6e0     MSVCRT:default_local_stdio_options.obj
 0004:000016ec       $pdata$?configure_argv@__scrt_narrow_argv_policy@@SAHXZ 000000018004d6ec     MSVCRT:utility.obj
 0004:000016f8       $pdata$__scrt_acquire_startup_lock 000000018004d6f8     MSVCRT:utility.obj
 0004:00001704       $pdata$__scrt_dllmain_after_initialize_c 000000018004d704     MSVCRT:utility.obj
 0004:00001710       $pdata$__scrt_dllmain_before_initialize_c 000000018004d710     MSVCRT:utility.obj
 0004:0000171c       $pdata$__scrt_dllmain_crt_thread_attach 000000018004d71c     MSVCRT:utility.obj
 0004:00001728       $pdata$__scrt_dllmain_crt_thread_detach 000000018004d728     MSVCRT:utility.obj
 0004:00001734       $pdata$__scrt_dllmain_exception_filter 000000018004d734     MSVCRT:utility.obj
 0004:00001740       $pdata$__scrt_dllmain_uninitialize_c 000000018004d740     MSVCRT:utility.obj
 0004:0000174c       $pdata$__scrt_dllmain_uninitialize_critical 000000018004d74c     MSVCRT:utility.obj
 0004:00001758       $pdata$__scrt_initialize_crt 000000018004d758     MSVCRT:utility.obj
 0004:00001764       $pdata$__scrt_initialize_onexit_tables 000000018004d764     MSVCRT:utility.obj
 0004:00001770       $pdata$__scrt_is_nonwritable_in_current_image 000000018004d770     MSVCRT:utility.obj
 0004:0000177c       $pdata$__scrt_release_startup_lock 000000018004d77c     MSVCRT:utility.obj
 0004:00001788       $pdata$__scrt_uninitialize_crt 000000018004d788     MSVCRT:utility.obj
 0004:00001794       $pdata$_onexit             000000018004d794     MSVCRT:utility.obj
 0004:000017a0       $pdata$atexit              000000018004d7a0     MSVCRT:utility.obj
 0004:000017ac       $pdata$__scrt_fastfail     000000018004d7ac     MSVCRT:utility_desktop.obj
 0004:000017b8       $pdata$__scrt_get_show_window_mode 000000018004d7b8     MSVCRT:utility_desktop.obj
 0004:000017c4       $pdata$__scrt_is_managed_app 000000018004d7c4     MSVCRT:utility_desktop.obj
 0004:000017d0       $pdata$__scrt_unhandled_exception_filter 000000018004d7d0     MSVCRT:utility_desktop.obj
 0004:000017dc       $pdata$_RTC_Initialize     000000018004d7dc     MSVCRT:initsect.obj
 0004:000017e8       $pdata$_RTC_Terminate      000000018004d7e8     MSVCRT:initsect.obj
 0004:000017f4       $pdata$__isa_available_init 000000018004d7f4     MSVCRT:cpu_disp.obj
 0004:0000180c       $pdata$?fin$0@?0??dllmain_crt_process_attach@@YAHQEAUHINSTANCE__@@QEAX@Z@4HA 000000018004d80c     MSVCRT:dll_dllmain.obj
 0004:00001818       $pdata$?fin$0@?0??dllmain_crt_process_detach@@YAH_N@Z@4HA 000000018004d818     MSVCRT:dll_dllmain.obj
 0004:00001824       $pdata$?filt$0@?0??dllmain_dispatch@@YAHQEAUHINSTANCE__@@KQEAX@Z@4HA 000000018004d824     MSVCRT:dll_dllmain.obj
 0004:00001830       $pdata$__scrt_is_nonwritable_in_current_image$filt$0 000000018004d830     MSVCRT:utility.obj
