 SpeedgoatCANOpen2Buses100us_sfun

 Timestamp is 609fa886 (Sat May 15 13:55:02 2021)

 Preferred load address is 0000000180000000

 Start         Length     Name                   Class
 0001:00000000 00036710H .text$mn                CODE
 0001:00036710 00000012H .text$mn$00             CODE
 0001:00036722 00000081H .text$x                 CODE
 0002:00000000 00000510H .idata$5                DATA
 0002:00000510 00000010H .00cfg                  DATA
 0002:00000520 00000008H .CRT$XCA                DATA
 0002:00000528 00000008H .CRT$XCZ                DATA
 0002:00000530 00000008H .CRT$XIA                DATA
 0002:00000538 00000008H .CRT$XIZ                DATA
 0002:00000540 00000008H .CRT$XPA                DATA
 0002:00000548 00000008H .CRT$XPZ                DATA
 0002:00000550 00000008H .CRT$XTA                DATA
 0002:00000558 00000008H .CRT$XTZ                DATA
 0002:00000560 00000000H .gfids$y                DATA
 0002:00000560 00000240H .rdata                  DATA
 0002:000007a0 00000218H .rdata$zzzdbg           DATA
 0002:000009b8 00000008H .rtc$IAA                DATA
 0002:000009c0 00000008H .rtc$IZZ                DATA
 0002:000009c8 00000008H .rtc$TAA                DATA
 0002:000009d0 00000008H .rtc$TZZ                DATA
 0002:000009d8 00000ec8H .xdata                  DATA
 0002:000018a0 0000008cH .edata                  DATA
 0002:0000192c 000000dcH .idata$2                DATA
 0002:00001a08 00000018H .idata$3                DATA
 0002:00001a20 00000510H .idata$4                DATA
 0002:00001f30 00000f7cH .idata$6                DATA
 0003:00000000 00007340H .data                   DATA
 0003:00007340 000006f0H .bss                    DATA
 0004:00000000 000012b4H .pdata                  DATA

  Address         Publics by Value              Rva+Base               Lib:Object

 0000:00000000       __hybrid_code_map_count    0000000000000000     <absolute>
 0000:00000000       __enclave_config           0000000000000000     <absolute>
 0000:00000000       __guard_fids_table         0000000000000000     <absolute>
 0000:00000000       __dynamic_value_reloc_table 0000000000000000     <absolute>
 0000:00000000       ___safe_se_handler_table   0000000000000000     <absolute>
 0000:00000000       ___safe_se_handler_count   0000000000000000     <absolute>
 0000:00000000       __guard_iat_table          0000000000000000     <absolute>
 0000:00000000       __guard_longjmp_table      0000000000000000     <absolute>
 0000:00000000       __guard_iat_count          0000000000000000     <absolute>
 0000:00000000       __guard_fids_count         0000000000000000     <absolute>
 0000:00000000       __hybrid_auxiliary_iat     0000000000000000     <absolute>
 0000:00000000       __guard_longjmp_count      0000000000000000     <absolute>
 0000:00000000       __volatile_metadata        0000000000000000     <absolute>
 0000:00000000       __hybrid_code_map          0000000000000000     <absolute>
 0000:00000100       __guard_flags              0000000000000100     <absolute>
 0000:00000000       __ImageBase                0000000180000000     <linker-defined>
 0001:00000000       SpeedgoatCANOpen2Buses100us_initializer 0000000180001000 f   SpeedgoatCANOpen2Buses100us_sfun.obj
 0001:00000010       SpeedgoatCANOpen2Buses100us_terminator 0000000180001010 f   SpeedgoatCANOpen2Buses100us_sfun.obj
 0001:00000020       load_SpeedgoatCANOpen2Buses100us_optimization_info 0000000180001020 f   SpeedgoatCANOpen2Buses100us_sfun.obj
 0001:000000d0       unload_SpeedgoatCANOpen2Buses100us_optimization_info 00000001800010d0 f   SpeedgoatCANOpen2Buses100us_sfun.obj
 0001:00000100       sf_SpeedgoatCANOpen2Buses100us_method_dispatcher 0000000180001100 f   SpeedgoatCANOpen2Buses100us_sfun.obj
 0001:000001b0       sf_SpeedgoatCANOpen2Buses100us_process_testpoint_info_call 00000001800011b0 f   SpeedgoatCANOpen2Buses100us_sfun.obj
 0001:00000400       sf_SpeedgoatCANOpen2Buses100us_process_check_sum_call 0000000180001400 f   SpeedgoatCANOpen2Buses100us_sfun.obj
 0001:00000940       sf_SpeedgoatCANOpen2Buses100us_autoinheritance_info 0000000180001940 f   SpeedgoatCANOpen2Buses100us_sfun.obj
 0001:00000c50       sf_SpeedgoatCANOpen2Buses100us_get_eml_resolved_functions_info 0000000180001c50 f   SpeedgoatCANOpen2Buses100us_sfun.obj
 0001:00000f40       sf_SpeedgoatCANOpen2Buses100us_third_party_uses_info 0000000180001f40 f   SpeedgoatCANOpen2Buses100us_sfun.obj
 0001:000011c0       sf_SpeedgoatCANOpen2Buses100us_jit_fallback_info 00000001800021c0 f   SpeedgoatCANOpen2Buses100us_sfun.obj
 0001:00001440       sf_SpeedgoatCANOpen2Buses100us_updateBuildInfo_args_info 0000000180002440 f   SpeedgoatCANOpen2Buses100us_sfun.obj
 0001:000016c0       SpeedgoatCANOpen2Buses100us_debug_initialize 00000001800026c0 f   SpeedgoatCANOpen2Buses100us_sfun.obj
 0001:00001740       SpeedgoatCANOpen2Buses100us_register_exported_symbols 0000000180002740 f   SpeedgoatCANOpen2Buses100us_sfun.obj
 0001:00001750       sf_c1_SpeedgoatCANOpen2Buses100us_get_eml_resolved_functions_info 0000000180002750 f   c1_SpeedgoatCANOpen2Buses100us.obj
 0001:000017d0       sf_c1_SpeedgoatCANOpen2Buses100us_get_check_sum 00000001800027d0 f   c1_SpeedgoatCANOpen2Buses100us.obj
 0001:000018a0       c1_SpeedgoatCANOpen2Buses100us_method_dispatcher 00000001800028a0 f   c1_SpeedgoatCANOpen2Buses100us.obj
 0001:00009c80       sf_c1_SpeedgoatCANOpen2Buses100us_get_post_codegen_info 000000018000ac80 f   c1_SpeedgoatCANOpen2Buses100us.obj
 0001:00009d50       sf_c1_SpeedgoatCANOpen2Buses100us_get_autoinheritance_info 000000018000ad50 f   c1_SpeedgoatCANOpen2Buses100us.obj
 0001:0000ae80       sf_c1_SpeedgoatCANOpen2Buses100us_third_party_uses_info 000000018000be80 f   c1_SpeedgoatCANOpen2Buses100us.obj
 0001:0000aeb0       sf_c1_SpeedgoatCANOpen2Buses100us_jit_fallback_info 000000018000beb0 f   c1_SpeedgoatCANOpen2Buses100us.obj
 0001:0000b040       sf_c1_SpeedgoatCANOpen2Buses100us_updateBuildInfo_args_info 000000018000c040 f   c1_SpeedgoatCANOpen2Buses100us.obj
 0001:0000b570       sf_c1_SpeedgoatCANOpen2Buses100us_get_testpoint_info 000000018000c570 f   c1_SpeedgoatCANOpen2Buses100us.obj
 0001:0000c060       sf_c12_SpeedgoatCANOpen2Buses100us_get_eml_resolved_functions_info 000000018000d060 f   c12_SpeedgoatCANOpen2Buses100us.obj
 0001:0000c0e0       sf_c12_SpeedgoatCANOpen2Buses100us_get_check_sum 000000018000d0e0 f   c12_SpeedgoatCANOpen2Buses100us.obj
 0001:0000c1b0       c12_SpeedgoatCANOpen2Buses100us_method_dispatcher 000000018000d1b0 f   c12_SpeedgoatCANOpen2Buses100us.obj
 0001:00014590       sf_c12_SpeedgoatCANOpen2Buses100us_get_post_codegen_info 0000000180015590 f   c12_SpeedgoatCANOpen2Buses100us.obj
 0001:00014660       sf_c12_SpeedgoatCANOpen2Buses100us_get_autoinheritance_info 0000000180015660 f   c12_SpeedgoatCANOpen2Buses100us.obj
 0001:00015790       sf_c12_SpeedgoatCANOpen2Buses100us_third_party_uses_info 0000000180016790 f   c12_SpeedgoatCANOpen2Buses100us.obj
 0001:000157c0       sf_c12_SpeedgoatCANOpen2Buses100us_jit_fallback_info 00000001800167c0 f   c12_SpeedgoatCANOpen2Buses100us.obj
 0001:00015950       sf_c12_SpeedgoatCANOpen2Buses100us_updateBuildInfo_args_info 0000000180016950 f   c12_SpeedgoatCANOpen2Buses100us.obj
 0001:00015e80       sf_c12_SpeedgoatCANOpen2Buses100us_get_testpoint_info 0000000180016e80 f   c12_SpeedgoatCANOpen2Buses100us.obj
 0001:00016970       sf_c13_SpeedgoatCANOpen2Buses100us_get_eml_resolved_functions_info 0000000180017970 f   c13_SpeedgoatCANOpen2Buses100us.obj
 0001:000169f0       sf_c13_SpeedgoatCANOpen2Buses100us_get_check_sum 00000001800179f0 f   c13_SpeedgoatCANOpen2Buses100us.obj
 0001:00016ac0       c13_SpeedgoatCANOpen2Buses100us_method_dispatcher 0000000180017ac0 f   c13_SpeedgoatCANOpen2Buses100us.obj
 0001:0001eea0       sf_c13_SpeedgoatCANOpen2Buses100us_get_post_codegen_info 000000018001fea0 f   c13_SpeedgoatCANOpen2Buses100us.obj
 0001:0001ef70       sf_c13_SpeedgoatCANOpen2Buses100us_get_autoinheritance_info 000000018001ff70 f   c13_SpeedgoatCANOpen2Buses100us.obj
 0001:000200a0       sf_c13_SpeedgoatCANOpen2Buses100us_third_party_uses_info 00000001800210a0 f   c13_SpeedgoatCANOpen2Buses100us.obj
 0001:000200d0       sf_c13_SpeedgoatCANOpen2Buses100us_jit_fallback_info 00000001800210d0 f   c13_SpeedgoatCANOpen2Buses100us.obj
 0001:00020260       sf_c13_SpeedgoatCANOpen2Buses100us_updateBuildInfo_args_info 0000000180021260 f   c13_SpeedgoatCANOpen2Buses100us.obj
 0001:00020790       sf_c13_SpeedgoatCANOpen2Buses100us_get_testpoint_info 0000000180021790 f   c13_SpeedgoatCANOpen2Buses100us.obj
 0001:00021280       sf_c14_SpeedgoatCANOpen2Buses100us_get_eml_resolved_functions_info 0000000180022280 f   c14_SpeedgoatCANOpen2Buses100us.obj
 0001:00021300       sf_c14_SpeedgoatCANOpen2Buses100us_get_check_sum 0000000180022300 f   c14_SpeedgoatCANOpen2Buses100us.obj
 0001:000213d0       c14_SpeedgoatCANOpen2Buses100us_method_dispatcher 00000001800223d0 f   c14_SpeedgoatCANOpen2Buses100us.obj
 0001:000297b0       sf_c14_SpeedgoatCANOpen2Buses100us_get_post_codegen_info 000000018002a7b0 f   c14_SpeedgoatCANOpen2Buses100us.obj
 0001:00029880       sf_c14_SpeedgoatCANOpen2Buses100us_get_autoinheritance_info 000000018002a880 f   c14_SpeedgoatCANOpen2Buses100us.obj
 0001:0002a9b0       sf_c14_SpeedgoatCANOpen2Buses100us_third_party_uses_info 000000018002b9b0 f   c14_SpeedgoatCANOpen2Buses100us.obj
 0001:0002a9e0       sf_c14_SpeedgoatCANOpen2Buses100us_jit_fallback_info 000000018002b9e0 f   c14_SpeedgoatCANOpen2Buses100us.obj
 0001:0002ab70       sf_c14_SpeedgoatCANOpen2Buses100us_updateBuildInfo_args_info 000000018002bb70 f   c14_SpeedgoatCANOpen2Buses100us.obj
 0001:0002b0a0       sf_c14_SpeedgoatCANOpen2Buses100us_get_testpoint_info 000000018002c0a0 f   c14_SpeedgoatCANOpen2Buses100us.obj
 0001:0002bb90       mexFunction                000000018002cb90 f   SpeedgoatCANOpen2Buses100us_sfun_registry.obj
 0001:0002e150       _ssSetInputPortDirectFeedThroughFcn 000000018002f150 f   SpeedgoatCANOpen2Buses100us_sfun_registry.obj
 0001:0002e2c0       _ssSetRWorkValueFcn        000000018002f2c0 f   SpeedgoatCANOpen2Buses100us_sfun_registry.obj
 0001:0002e340       _ssGetRWorkValueFcn        000000018002f340 f   SpeedgoatCANOpen2Buses100us_sfun_registry.obj
 0001:0002e3b0       _ssSetIWorkValueFcn        000000018002f3b0 f   SpeedgoatCANOpen2Buses100us_sfun_registry.obj
 0001:0002e430       _ssGetIWorkValueFcn        000000018002f430 f   SpeedgoatCANOpen2Buses100us_sfun_registry.obj
 0001:0002e4a0       _ssSetPWorkValueFcn        000000018002f4a0 f   SpeedgoatCANOpen2Buses100us_sfun_registry.obj
 0001:0002e520       _ssGetPWorkValueFcn        000000018002f520 f   SpeedgoatCANOpen2Buses100us_sfun_registry.obj
 0001:0002e590       _ssGetInputPortSignalFcn   000000018002f590 f   SpeedgoatCANOpen2Buses100us_sfun_registry.obj
 0001:0002e920       _ssGetInputPortBufferDstPortFcn 000000018002f920 f   SpeedgoatCANOpen2Buses100us_sfun_registry.obj
 0001:0002e9a0       _ssGetInputPortSignalPtrsFcn 000000018002f9a0 f   SpeedgoatCANOpen2Buses100us_sfun_registry.obj
 0001:0002ed30       ssGetParameterTuningCompliance 000000018002fd30 f   SpeedgoatCANOpen2Buses100us_sfun_registry.obj
 0001:0002eda0       ssGetDTypeIdFromMxArray    000000018002fda0 f   SpeedgoatCANOpen2Buses100us_sfun_registry.obj
 0001:0002eec0       ssWriteRTWMx2dMatParam     000000018002fec0 f   SpeedgoatCANOpen2Buses100us_sfun_registry.obj
 0001:0002ef50       ssWriteRTWMxVectParam      000000018002ff50 f   SpeedgoatCANOpen2Buses100us_sfun_registry.obj
 0001:0002efd0       ssWriteRTWParameters       000000018002ffd0 f   SpeedgoatCANOpen2Buses100us_sfun_registry.obj
 0001:0002f590       ssWriteRTWParamSettings    0000000180030590 f   SpeedgoatCANOpen2Buses100us_sfun_registry.obj
 0001:0002fc80       ssWriteRTWStr              0000000180030c80 f   SpeedgoatCANOpen2Buses100us_sfun_registry.obj
 0001:0002fce0       ssWriteRTWWorkVect         0000000180030ce0 f   SpeedgoatCANOpen2Buses100us_sfun_registry.obj
 0001:00030240       ssWarning                  0000000180031240 f   SpeedgoatCANOpen2Buses100us_sfun_registry.obj
 0001:00030330       ssWriteRTWNameValuePair    0000000180031330 f   SpeedgoatCANOpen2Buses100us_sfun_registry.obj
 0001:00030830       _ssSetInputPortMatrixDimensions 0000000180031830 f   SpeedgoatCANOpen2Buses100us_sfun_registry.obj
 0001:00030950       _ssSetOutputPortMatrixDimensions 0000000180031950 f   SpeedgoatCANOpen2Buses100us_sfun_registry.obj
 0001:00030a70       _ssSetInputPortVectorDimension 0000000180031a70 f   SpeedgoatCANOpen2Buses100us_sfun_registry.obj
 0001:00030b20       _ssSetOutputPortVectorDimension 0000000180031b20 f   SpeedgoatCANOpen2Buses100us_sfun_registry.obj
 0001:00030bd0       ssIsRunTimeParamTunable    0000000180031bd0 f   SpeedgoatCANOpen2Buses100us_sfun_registry.obj
 0001:00030c40       ssGetSFuncBlockHandle      0000000180031c40 f   SpeedgoatCANOpen2Buses100us_sfun_registry.obj
 0001:00030cb0       _ssGetCurrentInputPortWidth 0000000180031cb0 f   SpeedgoatCANOpen2Buses100us_sfun_registry.obj
 0001:00030dd0       _ssGetCurrentOutputPortWidth 0000000180031dd0 f   SpeedgoatCANOpen2Buses100us_sfun_registry.obj
 0001:00030ef0       _ssGetCallSystemNumFcnCallDestinations 0000000180031ef0 f   SpeedgoatCANOpen2Buses100us_sfun_registry.obj
 0001:00030f60       ssGetIsZeroCrossControlDisabled 0000000180031f60 f   SpeedgoatCANOpen2Buses100us_sfun_registry.obj
 0001:00030fd0       ssSetIsInputPortUsedForContZcSignal 0000000180031fd0 f   SpeedgoatCANOpen2Buses100us_sfun_registry.obj
 0001:00031040       ssSetZcSignalIsZcElementDisc 0000000180032040 f   SpeedgoatCANOpen2Buses100us_sfun_registry.obj
 0001:000310f0       ssSetZcSignalName          00000001800320f0 f   SpeedgoatCANOpen2Buses100us_sfun_registry.obj
 0001:00031160       ssSetZcSignalWidth         0000000180032160 f   SpeedgoatCANOpen2Buses100us_sfun_registry.obj
 0001:000311d0       ssSetZcSignalZcEventType   00000001800321d0 f   SpeedgoatCANOpen2Buses100us_sfun_registry.obj
 0001:00031240       ssSetZcSignalType          0000000180032240 f   SpeedgoatCANOpen2Buses100us_sfun_registry.obj
 0001:000312b0       ssSetZcSignalZcTol         00000001800322b0 f   SpeedgoatCANOpen2Buses100us_sfun_registry.obj
 0001:00031320       ssSetZcSignalNeedsEventNotification 0000000180032320 f   SpeedgoatCANOpen2Buses100us_sfun_registry.obj
 0001:00031390       ssCreateAndAddZcSignalInfo 0000000180032390 f   SpeedgoatCANOpen2Buses100us_sfun_registry.obj
 0001:00031400       ssCloneAndAddZcSignalInfo  0000000180032400 f   SpeedgoatCANOpen2Buses100us_sfun_registry.obj
 0001:00031470       ssGetNumZcSignals          0000000180032470 f   SpeedgoatCANOpen2Buses100us_sfun_registry.obj
 0001:000314e0       ssGetZcSignalVector        00000001800324e0 f   SpeedgoatCANOpen2Buses100us_sfun_registry.obj
 0001:00031550       ssGetZcSignalName          0000000180032550 f   SpeedgoatCANOpen2Buses100us_sfun_registry.obj
 0001:000315c0       ssGetZcSignalWidth         00000001800325c0 f   SpeedgoatCANOpen2Buses100us_sfun_registry.obj
 0001:00031630       ssGetZcSignalZcEventType   0000000180032630 f   SpeedgoatCANOpen2Buses100us_sfun_registry.obj
 0001:000316a0       ssGetZcSignalZcEvents      00000001800326a0 f   SpeedgoatCANOpen2Buses100us_sfun_registry.obj
 0001:00031710       ssGetZcSignalType          0000000180032710 f   SpeedgoatCANOpen2Buses100us_sfun_registry.obj
 0001:00031780       ssGetZcSignalZcTol         0000000180032780 f   SpeedgoatCANOpen2Buses100us_sfun_registry.obj
 0001:00031800       ssGetZcSignalNeedsEventNotification 0000000180032800 f   SpeedgoatCANOpen2Buses100us_sfun_registry.obj
 0001:00031870       ssGetZcSignalIsZcElementDisc 0000000180032870 f   SpeedgoatCANOpen2Buses100us_sfun_registry.obj
 0001:00031910       ssGetIsInputPortElementContinuous 0000000180032910 f   SpeedgoatCANOpen2Buses100us_sfun_registry.obj
 0001:000319b0       _ssGetAbsTol               00000001800329b0 f   SpeedgoatCANOpen2Buses100us_sfun_registry.obj
 0001:00031a20       _ssSetStateAbsTol          0000000180032a20 f   SpeedgoatCANOpen2Buses100us_sfun_registry.obj
 0001:00031b00       _ssSetInputPortReusableFcn 0000000180032b00 f   SpeedgoatCANOpen2Buses100us_sfun_registry.obj
 0001:00031c00       _ssSetOutputPortReusableFcn 0000000180032c00 f   SpeedgoatCANOpen2Buses100us_sfun_registry.obj
 0001:00031d00       _ssSetSymbolicDimsSupport  0000000180032d00 f   SpeedgoatCANOpen2Buses100us_sfun_registry.obj
 0001:00031d70       _ssRegisterSymbolicDimsExpr 0000000180032d70 f   SpeedgoatCANOpen2Buses100us_sfun_registry.obj
 0001:00031df0       _ssRegisterSymbolicDims    0000000180032df0 f   SpeedgoatCANOpen2Buses100us_sfun_registry.obj
 0001:00031e90       _ssRegisterSymbolicDimsString 0000000180032e90 f   SpeedgoatCANOpen2Buses100us_sfun_registry.obj
 0001:00031f10       _ssRegisterSymbolicDimsIntValue 0000000180032f10 f   SpeedgoatCANOpen2Buses100us_sfun_registry.obj
 0001:00031f80       _ssRegisterSymbolicDimsPlus 0000000180032f80 f   SpeedgoatCANOpen2Buses100us_sfun_registry.obj
 0001:00032000       _ssRegisterSymbolicDimsMinus 0000000180033000 f   SpeedgoatCANOpen2Buses100us_sfun_registry.obj
 0001:00032080       _ssRegisterSymbolicDimsMultiply 0000000180033080 f   SpeedgoatCANOpen2Buses100us_sfun_registry.obj
 0001:00032100       _ssRegisterSymbolicDimsDivide 0000000180033100 f   SpeedgoatCANOpen2Buses100us_sfun_registry.obj
 0001:00032180       _ssGetNumSymbolicDims      0000000180033180 f   SpeedgoatCANOpen2Buses100us_sfun_registry.obj
 0001:000321f0       _ssGetSymbolicDim          00000001800331f0 f   SpeedgoatCANOpen2Buses100us_sfun_registry.obj
 0001:00032270       _ssSetInputPortSymbolicDimsId 0000000180033270 f   SpeedgoatCANOpen2Buses100us_sfun_registry.obj
 0001:000322e0       _ssGetCompInputPortSymbolicDimsId 00000001800332e0 f   SpeedgoatCANOpen2Buses100us_sfun_registry.obj
 0001:00032350       _ssSetCompInputPortSymbolicDimsId 0000000180033350 f   SpeedgoatCANOpen2Buses100us_sfun_registry.obj
 0001:000323c0       _ssSetOutputPortSymbolicDimsId 00000001800333c0 f   SpeedgoatCANOpen2Buses100us_sfun_registry.obj
 0001:00032430       _ssGetCompOutputPortSymbolicDimsId 0000000180033430 f   SpeedgoatCANOpen2Buses100us_sfun_registry.obj
 0001:000324a0       _ssSetCompOutputPortSymbolicDimsId 00000001800334a0 f   SpeedgoatCANOpen2Buses100us_sfun_registry.obj
 0001:00032510       _ssSetCompDWorkSymbolicDimsId 0000000180033510 f   SpeedgoatCANOpen2Buses100us_sfun_registry.obj
 0001:00032580       sf_process_check_sum_call  0000000180033580 f   SpeedgoatCANOpen2Buses100us_sfun_registry.obj
 0001:000325d0       sf_process_testpoint_info_call 00000001800335d0 f   SpeedgoatCANOpen2Buses100us_sfun_registry.obj
 0001:00032620       sf_process_autoinheritance_call 0000000180033620 f   SpeedgoatCANOpen2Buses100us_sfun_registry.obj
 0001:00032850       sf_process_get_third_party_uses_info_call 0000000180033850 f   SpeedgoatCANOpen2Buses100us_sfun_registry.obj
 0001:00032a80       sf_process_get_jit_fallback_info_call 0000000180033a80 f   SpeedgoatCANOpen2Buses100us_sfun_registry.obj
 0001:00032cb0       sf_process_get_updateBuildInfo_args_info_call 0000000180033cb0 f   SpeedgoatCANOpen2Buses100us_sfun_registry.obj
 0001:00032ee0       sf_process_get_eml_resolved_functions_info_call 0000000180033ee0 f   SpeedgoatCANOpen2Buses100us_sfun_registry.obj
 0001:00033110       sf_mex_unlock_call         0000000180034110 f   SpeedgoatCANOpen2Buses100us_sfun_registry.obj
 0001:000333d0       sf_machine_global_initializer_called 00000001800343d0 f   SpeedgoatCANOpen2Buses100us_sfun_registry.obj
 0001:00033400       sf_machine_global_method_dispatcher 0000000180034400 f   SpeedgoatCANOpen2Buses100us_sfun_registry.obj
 0001:00033460       sf_machine_global_terminator 0000000180034460 f   SpeedgoatCANOpen2Buses100us_sfun_registry.obj
 0001:000334c0       sf_register_machine_exported_symbols 00000001800344c0 f   SpeedgoatCANOpen2Buses100us_sfun_registry.obj
 0001:000334e0       callCustomFcn              00000001800344e0 f   SpeedgoatCANOpen2Buses100us_sfun_registry.obj
 0001:000334f0       sf_machine_global_initializer 00000001800344f0 f   SpeedgoatCANOpen2Buses100us_sfun_registry.obj
 0001:00033570       mdlGetSimState             0000000180034570 f   SpeedgoatCANOpen2Buses100us_sfun_registry.obj
 0001:000335b0       mdlSetSimState             00000001800345b0 f   SpeedgoatCANOpen2Buses100us_sfun_registry.obj
 0001:00033e20       ProcessMexSfunctionEveryCall 0000000180034e20 f   SpeedgoatCANOpen2Buses100us_sfun_registry.obj
 0001:00034f30       __local_stdio_printf_options 0000000180035f30 f i SpeedgoatCANOpen2Buses100us_sfun_registry.obj
 0001:00034f40       _vsnprintf_l               0000000180035f40 f i SpeedgoatCANOpen2Buses100us_sfun_registry.obj
 0001:00034fc0       _vsprintf_l                0000000180035fc0 f i SpeedgoatCANOpen2Buses100us_sfun_registry.obj
 0001:00035010       sprintf                    0000000180036010 f i SpeedgoatCANOpen2Buses100us_sfun_registry.obj
 0001:00035060       mexfilerequiredapiversion  0000000180036060 f   c_mexapi_version.obj
 0001:00035081       sf_load_rtw_optimization_info 0000000180036081 f   sf_runtime:sf_runtime.dll
 0001:00035087       sf_debug_initialize_machine 0000000180036087 f   sf_runtime:sf_runtime.dll
 0001:0003508d       sf_debug_set_machine_event_thresholds 000000018003608d f   sf_runtime:sf_runtime.dll
 0001:00035093       sf_debug_set_machine_data_thresholds 0000000180036093 f   sf_runtime:sf_runtime.dll
 0001:00035099       sf_init_ChartRunTimeInfo   0000000180036099 f   sf_runtime:sf_runtime.dll
 0001:0003509f       sf_free_ChartRunTimeInfo   000000018003609f f   sf_runtime:sf_runtime.dll
 0001:000350a5       sfrtGetEmlrtCtx            00000001800360a5 f   sf_runtime:sf_runtime.dll
 0001:000350ab       sf_get_chart_instance_ptr  00000001800360ab f   sf_runtime:sf_runtime.dll
 0001:000350b1       sf_rtw_info_uint_prop      00000001800360b1 f   sf_runtime:sf_runtime.dll
 0001:000350b7       sf_update_buildInfo        00000001800360b7 f   sf_runtime:sf_runtime.dll
 0001:000350bd       sf_is_chart_inlinable      00000001800360bd f   sf_runtime:sf_runtime.dll
 0001:000350c3       sf_mark_chart_reusable_outputs 00000001800360c3 f   sf_runtime:sf_runtime.dll
 0001:000350c9       sf_mark_chart_expressionable_inputs 00000001800360c9 f   sf_runtime:sf_runtime.dll
 0001:000350cf       sim_mode_is_rtw_gen        00000001800360cf f   sf_runtime:sf_runtime.dll
 0001:000350d5       sim_mode_is_external       00000001800360d5 f   sf_runtime:sf_runtime.dll
 0001:000350db       sim_mode_is_modelref_sim   00000001800360db f   sf_runtime:sf_runtime.dll
 0001:000350e1       sf_clear_rtw_identifier    00000001800360e1 f   sf_runtime:sf_runtime.dll
 0001:000350e7       sf_set_rtw_dwork_info      00000001800360e7 f   sf_runtime:sf_runtime.dll
 0001:000350ed       sf_get_dwork_info_from_mat_file 00000001800360ed f   sf_runtime:sf_runtime.dll
 0001:000350f3       sf_set_encoded_dwork_info  00000001800360f3 f   sf_runtime:sf_runtime.dll
 0001:000350f9       sf_get_time                00000001800360f9 f   sf_runtime:sf_runtime.dll
 0001:000350ff       sf_is_first_init_cond      00000001800360ff f   sf_runtime:sf_runtime.dll
 0001:00035105       setLegacyDebuggerFlagForRuntime 0000000180036105 f   sf_runtime:sf_runtime.dll
 0001:0003510b       sf_set_chart_accesses_machine_info 000000018003610b f   sf_runtime:sf_runtime.dll
 0001:00035111       sf_register_codegen_names_for_scoped_functions_defined_by_chart 0000000180036111 f   sf_runtime:sf_runtime.dll
 0001:00035117       ssSetBlockIsPurelyCombinatorial_wrapper 0000000180036117 f   sf_runtime:sf_runtime.dll
 0001:0003511d       sf_mex_error_message       000000018003611d f   sf_runtime:sf_runtime.dll
 0001:00035123       sf_mex_create              0000000180036123 f   sf_runtime:sf_runtime.dll
 0001:00035129       sf_mex_createcellmatrix    0000000180036129 f   sf_runtime:sf_runtime.dll
 0001:0003512f       sf_mex_setcell             000000018003612f f   sf_runtime:sf_runtime.dll
 0001:00035135       sf_mex_getcell             0000000180036135 f   sf_runtime:sf_runtime.dll
 0001:0003513b       sf_mex_assign              000000018003613b f   sf_runtime:sf_runtime.dll
 0001:00035141       sf_mex_dup                 0000000180036141 f   sf_runtime:sf_runtime.dll
 0001:00035147       sf_mex_destroy             0000000180036147 f   sf_runtime:sf_runtime.dll
 0001:0003514d       sf_mex_import              000000018003614d f   sf_runtime:sf_runtime.dll
 0001:00035153       sf_mex_decode_encoded_mx_struct_array 0000000180036153 f   sf_runtime:sf_runtime.dll
 0001:00035159       sf_mex_duplicatearraysafe  0000000180036159 f   sf_runtime:sf_runtime.dll
 0001:0003515f       ssGetDWork_wrapper         000000018003615f f   sf_runtime:sf_runtime.dll
 0001:00035165       ssGetInputPortSignal_wrapper 0000000180036165 f   sf_runtime:sf_runtime.dll
 0001:0003516b       ssGetOutputPortSignal_wrapper 000000018003616b f   sf_runtime:sf_runtime.dll
 0001:00035171       sf_read_before_write_error 0000000180036171 f   sf_runtime:sf_runtime.dll
 0001:00035177       sf_debug_initialize_chart  0000000180036177 f   sf_runtime:sf_runtime.dll
 0001:0003517d       sf_debug_call              000000018003617d f   sf_runtime:sf_runtime.dll
 0001:00035183       cv_eval_point              0000000180036183 f   sf_runtime:sf_runtime.dll
 0001:00035189       cv_eml_eval                0000000180036189 f   sf_runtime:sf_runtime.dll
 0001:0003518f       cv_eval_relational         000000018003618f f   sf_runtime:sf_runtime.dll
 0001:00035195       cv_eml_init_script         0000000180036195 f   sf_runtime:sf_runtime.dll
 0001:0003519b       cv_eml_init_if             000000018003619b f   sf_runtime:sf_runtime.dll
 0001:000351a1       cv_eml_init_mcdc           00000001800361a1 f   sf_runtime:sf_runtime.dll
 0001:000351a7       cv_eml_init_relational     00000001800361a7 f   sf_runtime:sf_runtime.dll
 0001:000351ad       sf_debug_reset_current_state_configuration 00000001800361ad f   sf_runtime:sf_runtime.dll
 0001:000351b3       sf_debug_set_honor_breakpoints 00000001800361b3 f   sf_runtime:sf_runtime.dll
 0001:000351b9       sf_debug_get_animation     00000001800361b9 f   sf_runtime:sf_runtime.dll
 0001:000351bf       sf_debug_set_animation     00000001800361bf f   sf_runtime:sf_runtime.dll
 0001:000351c5       sf_debug_animate           00000001800361c5 f   sf_runtime:sf_runtime.dll
 0001:000351cb       sf_debug_set_chart_data_props 00000001800361cb f   sf_runtime:sf_runtime.dll
 0001:000351d1       sf_debug_set_chart_data_compiled_props 00000001800361d1 f   sf_runtime:sf_runtime.dll
 0001:000351d7       sf_debug_symbol_scope_push 00000001800361d7 f   sf_runtime:sf_runtime.dll
 0001:000351dd       sf_debug_symbol_scope_push_eml 00000001800361dd f   sf_runtime:sf_runtime.dll
 0001:000351e3       sf_debug_symbol_scope_pop  00000001800361e3 f   sf_runtime:sf_runtime.dll
 0001:000351e9       sf_debug_symbol_scope_add_eml_importable 00000001800361e9 f   sf_runtime:sf_runtime.dll
 0001:000351ef       sf_debug_set_instance_data_value_ptr 00000001800361ef f   sf_runtime:sf_runtime.dll
 0001:000351f5       sf_debug_set_chart_disable_implicit_casting 00000001800361f5 f   sf_runtime:sf_runtime.dll
 0001:000351fb       sf_debug_set_chart_event_thresholds 00000001800361fb f   sf_runtime:sf_runtime.dll
 0001:00035201       sf_debug_set_chart_state_info 0000000180036201 f   sf_runtime:sf_runtime.dll
 0001:00035207       sf_debug_set_chart_decomposition 0000000180036207 f   sf_runtime:sf_runtime.dll
 0001:0003520d       sf_debug_set_chart_substate_count 000000018003620d f   sf_runtime:sf_runtime.dll
 0001:00035213       sf_debug_set_chart_substate_index 0000000180036213 f   sf_runtime:sf_runtime.dll
 0001:00035219       sf_debug_set_chart_state_substate_count 0000000180036219 f   sf_runtime:sf_runtime.dll
 0001:0003521f       sf_debug_data_range_wrapper 000000018003621f f   sf_runtime:sf_runtime.dll
 0001:00035225       sf_debug_cv_init_trans     0000000180036225 f   sf_runtime:sf_runtime.dll
 0001:0003522b       sf_debug_cv_init_chart     000000018003622b f   sf_runtime:sf_runtime.dll
 0001:00035231       sf_debug_cv_init_state     0000000180036231 f   sf_runtime:sf_runtime.dll
 0001:00035237       sf_get_ChartInfoStruct_CodeGen 0000000180036237 f   sf_runtime:sf_runtime.dll
 0001:0003523d       sf_get_hasSeparateUpdateOutputs 000000018003623d f   sf_runtime:sf_runtime.dll
 0001:00035243       callMdlMethodAndReportError 0000000180036243 f   sf_runtime:sf_runtime.dll
 0001:00035249       call_sf_machine_global_method_dispatcher 0000000180036249 f   sf_runtime:sf_runtime.dll
 0001:0003524f       getRuntimeInstanceInfoAsVoid 000000018003624f f   sf_runtime:sf_runtime.dll
 0001:00035255       sf_mex_error_direct_call   0000000180036255 f   sf_runtime:sf_runtime.dll
 0001:0003525b       sf_clear_error_manager_info 000000018003625b f   sf_runtime:sf_runtime.dll
 0001:00035261       sf_debug_create_debug_instance_struct 0000000180036261 f   sf_runtime:sf_runtime.dll
 0001:00035267       sf_debug_terminate         0000000180036267 f   sf_runtime:sf_runtime.dll
 0001:0003526d       sf_debug_api               000000018003626d f   sf_runtime:sf_runtime.dll
 0001:00035273       mxIsChar                   0000000180036273 f   libmx:libmx.dll
 0001:00035279       mxGetScalar                0000000180036279 f   libmx:libmx.dll
 0001:0003527f       mxGetPr                    000000018003627f f   libmx:libmx.dll
 0001:00035285       mxDestroyArray             0000000180036285 f   libmx:libmx.dll
 0001:0003528b       mxCreateDoubleMatrix_730   000000018003628b f   libmx:libmx.dll
 0001:00035291       mxGetString_730            0000000180036291 f   libmx:libmx.dll
 0001:00035297       mxDuplicateArray           0000000180036297 f   libmx:libmx.dll
 0001:0003529d       mxSetField_730             000000018003629d f   libmx:libmx.dll
 0001:000352a3       mxCreateDoubleScalar       00000001800362a3 f   libmx:libmx.dll
 0001:000352a9       mxCreateString             00000001800362a9 f   libmx:libmx.dll
 0001:000352af       mxCreateCellMatrix_730     00000001800362af f   libmx:libmx.dll
 0001:000352b5       mxCreateCellArray_730      00000001800362b5 f   libmx:libmx.dll
 0001:000352bb       mxCreateStructMatrix_730   00000001800362bb f   libmx:libmx.dll
 0001:000352c1       mxCreateStructArray_730    00000001800362c1 f   libmx:libmx.dll
 0001:000352c7       mxCalloc                   00000001800362c7 f   libmx:libmx.dll
 0001:000352cd       mxGetM                     00000001800362cd f   libmx:libmx.dll
 0001:000352d3       mxGetClassID               00000001800362d3 f   libmx:libmx.dll
 0001:000352d9       mxIsNumeric                00000001800362d9 f   libmx:libmx.dll
 0001:000352df       mxIsComplex                00000001800362df f   libmx:libmx.dll
 0001:000352e5       mxGetN                     00000001800362e5 f   libmx:libmx.dll
 0001:000352eb       mexMakeArrayPersistent     00000001800362eb f   libmex:libmex.dll
 0001:000352f1       mexErrMsgTxt               00000001800362f1 f   libmex:libmex.dll
 0001:000352f7       mexWarnMsgTxt              00000001800362f7 f   libmex:libmex.dll
 0001:000352fd       mexCallMATLABWithObject    00000001800362fd f   libmex:libmex.dll
 0001:00035303       mexLock                    0000000180036303 f   libmex:libmex.dll
 0001:00035309       mexUnlock                  0000000180036309 f   libmex:libmex.dll
 0001:0003530f       mexIsLocked                000000018003630f f   libmex:libmex.dll
 0001:00035315       utMalloc                   0000000180036315 f   libut:libut.dll
 0001:0003531b       utFree                     000000018003631b f   libut:libut.dll
 0001:00035321       slcovUploadCoverageSynthesisById 0000000180036321 f   libmwsl_sfcn_cov_bridge:libmwsl_sfcn_cov_bridge.dll
 0001:00035328       __raise_securityfailure    0000000180036328 f   MSVCRT:gs_report.obj
 0001:0003535c       __report_gsfailure         000000018003635c f   MSVCRT:gs_report.obj
 0001:00035430       __report_rangecheckfailure 0000000180036430 f   MSVCRT:gs_report.obj
 0001:00035444       __report_securityfailure   0000000180036444 f   MSVCRT:gs_report.obj
 0001:000354e0       __report_securityfailureEx 00000001800364e0 f   MSVCRT:gs_report.obj
 0001:000356d4       __GSHandlerCheck           00000001800366d4 f   MSVCRT:gshandler.obj
 0001:000356f4       __GSHandlerCheckCommon     00000001800366f4 f   MSVCRT:gshandler.obj
 0001:00035760       __security_check_cookie    0000000180036760 f   MSVCRT:amdsecgs.obj
 0001:00035ad0       _CRT_INIT                  0000000180036ad0 f   MSVCRT:dll_dllmain.obj
 0001:00035ad8       _DllMainCRTStartup         0000000180036ad8 f   MSVCRT:dll_dllmain.obj
 0001:00035b84       __security_init_cookie     0000000180036b84 f   MSVCRT:gs_support.obj
 0001:00035c30       DllMain                    0000000180036c30 f   MSVCRT:dll_dllmain_stub.obj
 0001:00035c54       ?__scrt_initialize_type_info@@YAXXZ 0000000180036c54 f   MSVCRT:tncleanup.obj
 0001:00035c64       ?__scrt_uninitialize_type_info@@YAXXZ 0000000180036c64 f   MSVCRT:tncleanup.obj
 0001:00035c70       __local_stdio_scanf_options 0000000180036c70 f i MSVCRT:default_local_stdio_options.obj
 0001:00035c78       __scrt_initialize_default_local_stdio_options 0000000180036c78 f   MSVCRT:default_local_stdio_options.obj
 0001:00035c94       ??$__crt_fast_decode_pointer@PEAP6AXXZ@@YAPEAP6AXXZQEAP6AXXZ@Z 0000000180036c94 f i MSVCRT:utility.obj
 0001:00035cac       ??$__crt_fast_encode_pointer@PEAP6AXXZ@@YAPEAP6AXXZQEAP6AXXZ@Z 0000000180036cac f i MSVCRT:utility.obj
 0001:00035ccc       ?__crt_rotate_pointer_value@@YA_K_KH@Z 0000000180036ccc f i MSVCRT:utility.obj
 0001:00035cd8       ?configure_argv@__scrt_narrow_argv_policy@@SAHXZ 0000000180036cd8 f i MSVCRT:utility.obj
 0001:00035d38       ?initialize_environment@__scrt_narrow_environment_policy@@SAHXZ 0000000180036d38 f i MSVCRT:utility.obj
 0001:00035d70       NtCurrentTeb               0000000180036d70 f i MSVCRT:utility.obj
 0001:00035d7c       __scrt_acquire_startup_lock 0000000180036d7c f   MSVCRT:utility.obj
 0001:00035db8       __scrt_dllmain_after_initialize_c 0000000180036db8 f   MSVCRT:utility.obj
 0001:00035dec       __scrt_dllmain_before_initialize_c 0000000180036dec f   MSVCRT:utility.obj
 0001:00035e04       __scrt_dllmain_crt_thread_attach 0000000180036e04 f   MSVCRT:utility.obj
 0001:00035e2c       __scrt_dllmain_crt_thread_detach 0000000180036e2c f   MSVCRT:utility.obj
 0001:00035e44       __scrt_dllmain_exception_filter 0000000180036e44 f   MSVCRT:utility.obj
 0001:00035ea4       __scrt_dllmain_uninitialize_c 0000000180036ea4 f   MSVCRT:utility.obj
 0001:00035ed4       __scrt_dllmain_uninitialize_critical 0000000180036ed4 f   MSVCRT:utility.obj
 0001:00035ee8       __scrt_initialize_crt      0000000180036ee8 f   MSVCRT:utility.obj
 0001:00035f34       __scrt_initialize_onexit_tables 0000000180036f34 f   MSVCRT:utility.obj
 0001:0003600c       __scrt_is_nonwritable_in_current_image 000000018003700c f   MSVCRT:utility.obj
 0001:000360a8       __scrt_release_startup_lock 00000001800370a8 f   MSVCRT:utility.obj
 0001:000360cc       __scrt_uninitialize_crt    00000001800370cc f   MSVCRT:utility.obj
 0001:000360f8       _onexit                    00000001800370f8 f   MSVCRT:utility.obj
 0001:00036148       at_quick_exit              0000000180037148 f   MSVCRT:utility.obj
 0001:00036180       atexit                     0000000180037180 f   MSVCRT:utility.obj
 0001:00036198       __scrt_get_dyn_tls_init_callback 0000000180037198 f   MSVCRT:dyn_tls_init.obj
 0001:000361a0       __crt_debugger_hook        00000001800371a0 f   MSVCRT:utility_desktop.obj
 0001:000361a8       __scrt_fastfail            00000001800371a8 f   MSVCRT:utility_desktop.obj
 0001:000362f4       __scrt_get_show_window_mode 00000001800372f4 f   MSVCRT:utility_desktop.obj
 0001:00036330       __scrt_initialize_mta      0000000180037330 f   MSVCRT:utility_desktop.obj
 0001:00036338       __scrt_initialize_winrt    0000000180037338 f   MSVCRT:utility_desktop.obj
 0001:0003633c       __scrt_is_managed_app      000000018003733c f   MSVCRT:utility_desktop.obj
 0001:00036390       __scrt_set_unhandled_exception_filter 0000000180037390 f   MSVCRT:utility_desktop.obj
 0001:000363a0       __scrt_exe_initialize_mta  00000001800373a0 f   MSVCRT:utility_desktop.obj
 0001:000363a0       __scrt_stub_for_initialize_mta 00000001800373a0 f   MSVCRT:utility_desktop.obj
 0001:000363a4       __scrt_unhandled_exception_filter 00000001800373a4 f   MSVCRT:utility_desktop.obj
 0001:000363dc       _RTC_Initialize            00000001800373dc f   MSVCRT:initsect.obj
 0001:00036418       _RTC_Terminate             0000000180037418 f   MSVCRT:initsect.obj
 0001:00036454       _guard_check_icall_nop     0000000180037454 f i MSVCRT:guard_support.obj
 0001:00036458       ReadNoFence64              0000000180037458 f i MSVCRT:guard_support.obj
 0001:0003645c       ReadPointerNoFence         000000018003745c f i MSVCRT:guard_support.obj
 0001:00036460       _guard_icall_checks_enforced 0000000180037460 f i MSVCRT:guard_support.obj
 0001:00036478       _guard_rf_checks_enforced  0000000180037478 f i MSVCRT:guard_support.obj
 0001:0003647c       __isa_available_init       000000018003747c f   MSVCRT:cpu_disp.obj
 0001:000365f8       _get_startup_argv_mode     00000001800375f8 f   MSVCRT:argv_mode.obj
 0001:00036600       __scrt_is_ucrt_dll_in_use  0000000180037600 f   MSVCRT:ucrt_detection.obj
 0001:00036610       RtlCaptureContext          0000000180037610 f   kernel32:KERNEL32.dll
 0001:00036616       RtlLookupFunctionEntry     0000000180037616 f   kernel32:KERNEL32.dll
 0001:0003661c       RtlVirtualUnwind           000000018003761c f   kernel32:KERNEL32.dll
 0001:00036622       UnhandledExceptionFilter   0000000180037622 f   kernel32:KERNEL32.dll
 0001:00036628       SetUnhandledExceptionFilter 0000000180037628 f   kernel32:KERNEL32.dll
 0001:0003662e       GetCurrentProcess          000000018003762e f   kernel32:KERNEL32.dll
 0001:00036634       TerminateProcess           0000000180037634 f   kernel32:KERNEL32.dll
 0001:0003663a       IsProcessorFeaturePresent  000000018003763a f   kernel32:KERNEL32.dll
 0001:00036640       QueryPerformanceCounter    0000000180037640 f   kernel32:KERNEL32.dll
 0001:00036646       GetCurrentProcessId        0000000180037646 f   kernel32:KERNEL32.dll
 0001:0003664c       GetCurrentThreadId         000000018003764c f   kernel32:KERNEL32.dll
 0001:00036652       GetSystemTimeAsFileTime    0000000180037652 f   kernel32:KERNEL32.dll
 0001:00036658       DisableThreadLibraryCalls  0000000180037658 f   kernel32:KERNEL32.dll
 0001:0003665e       InitializeSListHead        000000018003765e f   kernel32:KERNEL32.dll
 0001:00036664       IsDebuggerPresent          0000000180037664 f   kernel32:KERNEL32.dll
 0001:0003666a       GetStartupInfoW            000000018003766a f   kernel32:KERNEL32.dll
 0001:00036670       GetModuleHandleW           0000000180037670 f   kernel32:KERNEL32.dll
 0001:00036676       memset                     0000000180037676 f   vcruntime:VCRUNTIME140.dll
 0001:0003667c       memcpy                     000000018003767c f   vcruntime:VCRUNTIME140.dll
 0001:00036682       __C_specific_handler       0000000180037682 f   vcruntime:VCRUNTIME140.dll
 0001:00036688       __std_type_info_destroy_list 0000000180037688 f   vcruntime:VCRUNTIME140.dll
 0001:0003668e       strcmp                     000000018003768e f   ucrt:api-ms-win-crt-string-l1-1-0.dll
 0001:00036694       __stdio_common_vsprintf    0000000180037694 f   ucrt:api-ms-win-crt-stdio-l1-1-0.dll
 0001:0003669a       free                       000000018003769a f   ucrt:api-ms-win-crt-heap-l1-1-0.dll
 0001:000366a0       malloc                     00000001800376a0 f   ucrt:api-ms-win-crt-heap-l1-1-0.dll
 0001:000366a6       strlen                     00000001800376a6 f   ucrt:api-ms-win-crt-string-l1-1-0.dll
 0001:000366ac       _initterm                  00000001800376ac f   ucrt:api-ms-win-crt-runtime-l1-1-0.dll
 0001:000366b2       _initterm_e                00000001800376b2 f   ucrt:api-ms-win-crt-runtime-l1-1-0.dll
 0001:000366b8       _seh_filter_dll            00000001800376b8 f   ucrt:api-ms-win-crt-runtime-l1-1-0.dll
 0001:000366be       _configure_narrow_argv     00000001800376be f   ucrt:api-ms-win-crt-runtime-l1-1-0.dll
 0001:000366c4       _initialize_narrow_environment 00000001800376c4 f   ucrt:api-ms-win-crt-runtime-l1-1-0.dll
 0001:000366ca       _initialize_onexit_table   00000001800376ca f   ucrt:api-ms-win-crt-runtime-l1-1-0.dll
 0001:000366d0       _register_onexit_function  00000001800376d0 f   ucrt:api-ms-win-crt-runtime-l1-1-0.dll
 0001:000366d6       _execute_onexit_table      00000001800376d6 f   ucrt:api-ms-win-crt-runtime-l1-1-0.dll
 0001:000366dc       _crt_atexit                00000001800376dc f   ucrt:api-ms-win-crt-runtime-l1-1-0.dll
 0001:000366e2       _crt_at_quick_exit         00000001800376e2 f   ucrt:api-ms-win-crt-runtime-l1-1-0.dll
 0001:000366e8       _cexit                     00000001800376e8 f   ucrt:api-ms-win-crt-runtime-l1-1-0.dll
 0001:000366ee       terminate                  00000001800376ee f   ucrt:api-ms-win-crt-runtime-l1-1-0.dll
 0001:000366f4       __scrt_stub_for_acrt_initialize 00000001800376f4 f   MSVCRT:ucrt_stubs.obj
 0001:000366f4       __vcrt_initialize          00000001800376f4 f   MSVCRT:ucrt_stubs.obj
 0001:000366f4       __acrt_initialize          00000001800376f4 f   MSVCRT:ucrt_stubs.obj
 0001:000366f8       __acrt_thread_attach       00000001800376f8 f   MSVCRT:ucrt_stubs.obj
 0001:000366f8       __vcrt_thread_attach       00000001800376f8 f   MSVCRT:ucrt_stubs.obj
 0001:000366f8       __scrt_stub_for_acrt_thread_attach 00000001800376f8 f   MSVCRT:ucrt_stubs.obj
 0001:000366fc       __scrt_stub_for_acrt_thread_detach 00000001800376fc f   MSVCRT:ucrt_stubs.obj
 0001:000366fc       __acrt_thread_detach       00000001800376fc f   MSVCRT:ucrt_stubs.obj
 0001:000366fc       __vcrt_thread_detach       00000001800376fc f   MSVCRT:ucrt_stubs.obj
 0001:00036700       __acrt_uninitialize        0000000180037700 f   MSVCRT:ucrt_stubs.obj
 0001:00036700       __scrt_stub_for_acrt_uninitialize 0000000180037700 f   MSVCRT:ucrt_stubs.obj
 0001:00036700       __vcrt_uninitialize        0000000180037700 f   MSVCRT:ucrt_stubs.obj
 0001:00036704       __scrt_stub_for_acrt_uninitialize_critical 0000000180037704 f   MSVCRT:ucrt_stubs.obj
 0001:00036704       __acrt_uninitialize_critical 0000000180037704 f   MSVCRT:ucrt_stubs.obj
 0001:00036704       __vcrt_uninitialize_critical 0000000180037704 f   MSVCRT:ucrt_stubs.obj
 0001:00036708       _is_c_termination_complete 0000000180037708 f   MSVCRT:ucrt_stubs.obj
 0001:00036708       __scrt_stub_for_is_c_termination_complete 0000000180037708 f   MSVCRT:ucrt_stubs.obj
 0001:00036720       _guard_dispatch_icall_nop  0000000180037720 f   MSVCRT:guard_dispatch.obj
 0002:00000000       __imp_InitializeSListHead  0000000180038000     kernel32:KERNEL32.dll
 0002:00000008       __imp_RtlCaptureContext    0000000180038008     kernel32:KERNEL32.dll
 0002:00000010       __imp_RtlLookupFunctionEntry 0000000180038010     kernel32:KERNEL32.dll
 0002:00000018       __imp_RtlVirtualUnwind     0000000180038018     kernel32:KERNEL32.dll
 0002:00000020       __imp_UnhandledExceptionFilter 0000000180038020     kernel32:KERNEL32.dll
 0002:00000028       __imp_SetUnhandledExceptionFilter 0000000180038028     kernel32:KERNEL32.dll
 0002:00000030       __imp_GetCurrentProcess    0000000180038030     kernel32:KERNEL32.dll
 0002:00000038       __imp_TerminateProcess     0000000180038038     kernel32:KERNEL32.dll
 0002:00000040       __imp_IsProcessorFeaturePresent 0000000180038040     kernel32:KERNEL32.dll
 0002:00000048       __imp_QueryPerformanceCounter 0000000180038048     kernel32:KERNEL32.dll
 0002:00000050       __imp_GetCurrentProcessId  0000000180038050     kernel32:KERNEL32.dll
 0002:00000058       __imp_GetCurrentThreadId   0000000180038058     kernel32:KERNEL32.dll
 0002:00000060       __imp_GetSystemTimeAsFileTime 0000000180038060     kernel32:KERNEL32.dll
 0002:00000068       __imp_GetModuleHandleW     0000000180038068     kernel32:KERNEL32.dll
 0002:00000070       __imp_IsDebuggerPresent    0000000180038070     kernel32:KERNEL32.dll
 0002:00000078       __imp_DisableThreadLibraryCalls 0000000180038078     kernel32:KERNEL32.dll
 0002:00000080       __imp_GetStartupInfoW      0000000180038080     kernel32:KERNEL32.dll
 0002:00000088       \177KERNEL32_NULL_THUNK_DATA 0000000180038088     kernel32:KERNEL32.dll
 0002:00000090       __imp_memcpy               0000000180038090     vcruntime:VCRUNTIME140.dll
 0002:00000098       __imp_memset               0000000180038098     vcruntime:VCRUNTIME140.dll
 0002:000000a0       __imp___C_specific_handler 00000001800380a0     vcruntime:VCRUNTIME140.dll
 0002:000000a8       __imp___std_type_info_destroy_list 00000001800380a8     vcruntime:VCRUNTIME140.dll
 0002:000000b0       \177VCRUNTIME140_NULL_THUNK_DATA 00000001800380b0     vcruntime:VCRUNTIME140.dll
 0002:000000b8       __imp_free                 00000001800380b8     ucrt:api-ms-win-crt-heap-l1-1-0.dll
 0002:000000c0       __imp_malloc               00000001800380c0     ucrt:api-ms-win-crt-heap-l1-1-0.dll
 0002:000000c8       \177api-ms-win-crt-heap-l1-1-0_NULL_THUNK_DATA 00000001800380c8     ucrt:api-ms-win-crt-heap-l1-1-0.dll
 0002:000000d0       __imp__register_onexit_function 00000001800380d0     ucrt:api-ms-win-crt-runtime-l1-1-0.dll
 0002:000000d8       __imp__initterm            00000001800380d8     ucrt:api-ms-win-crt-runtime-l1-1-0.dll
 0002:000000e0       __imp__initterm_e          00000001800380e0     ucrt:api-ms-win-crt-runtime-l1-1-0.dll
 0002:000000e8       __imp__seh_filter_dll      00000001800380e8     ucrt:api-ms-win-crt-runtime-l1-1-0.dll
 0002:000000f0       __imp__configure_narrow_argv 00000001800380f0     ucrt:api-ms-win-crt-runtime-l1-1-0.dll
 0002:000000f8       __imp__initialize_narrow_environment 00000001800380f8     ucrt:api-ms-win-crt-runtime-l1-1-0.dll
 0002:00000100       __imp__initialize_onexit_table 0000000180038100     ucrt:api-ms-win-crt-runtime-l1-1-0.dll
 0002:00000108       __imp__cexit               0000000180038108     ucrt:api-ms-win-crt-runtime-l1-1-0.dll
 0002:00000110       __imp__execute_onexit_table 0000000180038110     ucrt:api-ms-win-crt-runtime-l1-1-0.dll
 0002:00000118       __imp__crt_atexit          0000000180038118     ucrt:api-ms-win-crt-runtime-l1-1-0.dll
 0002:00000120       __imp__crt_at_quick_exit   0000000180038120     ucrt:api-ms-win-crt-runtime-l1-1-0.dll
 0002:00000128       __imp_terminate            0000000180038128     ucrt:api-ms-win-crt-runtime-l1-1-0.dll
 0002:00000130       \177api-ms-win-crt-runtime-l1-1-0_NULL_THUNK_DATA 0000000180038130     ucrt:api-ms-win-crt-runtime-l1-1-0.dll
 0002:00000138       __imp___stdio_common_vsprintf 0000000180038138     ucrt:api-ms-win-crt-stdio-l1-1-0.dll
 0002:00000140       \177api-ms-win-crt-stdio-l1-1-0_NULL_THUNK_DATA 0000000180038140     ucrt:api-ms-win-crt-stdio-l1-1-0.dll
 0002:00000148       __imp_strlen               0000000180038148     ucrt:api-ms-win-crt-string-l1-1-0.dll
 0002:00000150       __imp_strcmp               0000000180038150     ucrt:api-ms-win-crt-string-l1-1-0.dll
 0002:00000158       \177api-ms-win-crt-string-l1-1-0_NULL_THUNK_DATA 0000000180038158     ucrt:api-ms-win-crt-string-l1-1-0.dll
 0002:00000160       __imp_mexErrMsgTxt         0000000180038160     libmex:libmex.dll
 0002:00000168       __imp_mexWarnMsgTxt        0000000180038168     libmex:libmex.dll
 0002:00000170       __imp_mexCallMATLABWithObject 0000000180038170     libmex:libmex.dll
 0002:00000178       __imp_mexIsLocked          0000000180038178     libmex:libmex.dll
 0002:00000180       __imp_mexUnlock            0000000180038180     libmex:libmex.dll
 0002:00000188       __imp_mexLock              0000000180038188     libmex:libmex.dll
 0002:00000190       __imp_mexMakeArrayPersistent 0000000180038190     libmex:libmex.dll
 0002:00000198       \177libmex_NULL_THUNK_DATA 0000000180038198     libmex:libmex.dll
 0002:000001a0       __imp_slcovUploadCoverageSynthesisById 00000001800381a0     libmwsl_sfcn_cov_bridge:libmwsl_sfcn_cov_bridge.dll
 0002:000001a8       \177libmwsl_sfcn_cov_bridge_NULL_THUNK_DATA 00000001800381a8     libmwsl_sfcn_cov_bridge:libmwsl_sfcn_cov_bridge.dll
 0002:000001b0       __imp_mxGetN               00000001800381b0     libmx:libmx.dll
 0002:000001b8       __imp_mxIsComplex          00000001800381b8     libmx:libmx.dll
 0002:000001c0       __imp_mxIsNumeric          00000001800381c0     libmx:libmx.dll
 0002:000001c8       __imp_mxGetClassID         00000001800381c8     libmx:libmx.dll
 0002:000001d0       __imp_mxGetM               00000001800381d0     libmx:libmx.dll
 0002:000001d8       __imp_mxCalloc             00000001800381d8     libmx:libmx.dll
 0002:000001e0       __imp_mxCreateStructArray_730 00000001800381e0     libmx:libmx.dll
 0002:000001e8       __imp_mxCreateStructMatrix_730 00000001800381e8     libmx:libmx.dll
 0002:000001f0       __imp_mxCreateCellArray_730 00000001800381f0     libmx:libmx.dll
 0002:000001f8       __imp_mxCreateCellMatrix_730 00000001800381f8     libmx:libmx.dll
 0002:00000200       __imp_mxCreateString       0000000180038200     libmx:libmx.dll
 0002:00000208       __imp_mxCreateDoubleScalar 0000000180038208     libmx:libmx.dll
 0002:00000210       __imp_mxSetField_730       0000000180038210     libmx:libmx.dll
 0002:00000218       __imp_mxDuplicateArray     0000000180038218     libmx:libmx.dll
 0002:00000220       __imp_mxGetString_730      0000000180038220     libmx:libmx.dll
 0002:00000228       __imp_mxCreateDoubleMatrix_730 0000000180038228     libmx:libmx.dll
 0002:00000230       __imp_mxDestroyArray       0000000180038230     libmx:libmx.dll
 0002:00000238       __imp_mxGetPr              0000000180038238     libmx:libmx.dll
 0002:00000240       __imp_mxGetScalar          0000000180038240     libmx:libmx.dll
 0002:00000248       __imp_mxIsChar             0000000180038248     libmx:libmx.dll
 0002:00000250       \177libmx_NULL_THUNK_DATA  0000000180038250     libmx:libmx.dll
 0002:00000258       __imp_utMalloc             0000000180038258     libut:libut.dll
 0002:00000260       __imp_utFree               0000000180038260     libut:libut.dll
 0002:00000268       \177libut_NULL_THUNK_DATA  0000000180038268     libut:libut.dll
 0002:00000270       __imp_sf_mex_error_direct_call 0000000180038270     sf_runtime:sf_runtime.dll
 0002:00000278       __imp_sf_clear_error_manager_info 0000000180038278     sf_runtime:sf_runtime.dll
 0002:00000280       __imp_sf_read_before_write_error 0000000180038280     sf_runtime:sf_runtime.dll
 0002:00000288       __imp_sf_debug_terminate   0000000180038288     sf_runtime:sf_runtime.dll
 0002:00000290       __imp_sf_debug_api         0000000180038290     sf_runtime:sf_runtime.dll
 0002:00000298       __imp_ssGetOutputPortSignal_wrapper 0000000180038298     sf_runtime:sf_runtime.dll
 0002:000002a0       __imp_sf_get_ChartInfoStruct_CodeGen 00000001800382a0     sf_runtime:sf_runtime.dll
 0002:000002a8       __imp_sf_debug_cv_init_state 00000001800382a8     sf_runtime:sf_runtime.dll
 0002:000002b0       __imp_sf_debug_cv_init_chart 00000001800382b0     sf_runtime:sf_runtime.dll
 0002:000002b8       __imp_sf_debug_cv_init_trans 00000001800382b8     sf_runtime:sf_runtime.dll
 0002:000002c0       __imp_sf_debug_data_range_wrapper 00000001800382c0     sf_runtime:sf_runtime.dll
 0002:000002c8       __imp_sf_debug_set_chart_state_substate_count 00000001800382c8     sf_runtime:sf_runtime.dll
 0002:000002d0       __imp_sf_debug_set_chart_substate_index 00000001800382d0     sf_runtime:sf_runtime.dll
 0002:000002d8       __imp_sf_debug_set_chart_substate_count 00000001800382d8     sf_runtime:sf_runtime.dll
 0002:000002e0       __imp_sf_debug_set_chart_decomposition 00000001800382e0     sf_runtime:sf_runtime.dll
 0002:000002e8       __imp_sf_debug_set_chart_state_info 00000001800382e8     sf_runtime:sf_runtime.dll
 0002:000002f0       __imp_getRuntimeInstanceInfoAsVoid 00000001800382f0     sf_runtime:sf_runtime.dll
 0002:000002f8       __imp_sf_debug_set_chart_disable_implicit_casting 00000001800382f8     sf_runtime:sf_runtime.dll
 0002:00000300       __imp_sf_debug_set_instance_data_value_ptr 0000000180038300     sf_runtime:sf_runtime.dll
 0002:00000308       __imp_sf_debug_symbol_scope_add_eml_importable 0000000180038308     sf_runtime:sf_runtime.dll
 0002:00000310       __imp_sf_debug_symbol_scope_pop 0000000180038310     sf_runtime:sf_runtime.dll
 0002:00000318       __imp_sf_debug_symbol_scope_push_eml 0000000180038318     sf_runtime:sf_runtime.dll
 0002:00000320       __imp_sf_debug_symbol_scope_push 0000000180038320     sf_runtime:sf_runtime.dll
 0002:00000328       __imp_sf_debug_set_chart_data_compiled_props 0000000180038328     sf_runtime:sf_runtime.dll
 0002:00000330       __imp_sf_debug_set_chart_data_props 0000000180038330     sf_runtime:sf_runtime.dll
 0002:00000338       __imp_sf_debug_animate     0000000180038338     sf_runtime:sf_runtime.dll
 0002:00000340       __imp_call_sf_machine_global_method_dispatcher 0000000180038340     sf_runtime:sf_runtime.dll
 0002:00000348       __imp_sf_debug_set_animation 0000000180038348     sf_runtime:sf_runtime.dll
 0002:00000350       __imp_sf_debug_get_animation 0000000180038350     sf_runtime:sf_runtime.dll
 0002:00000358       __imp_sf_debug_set_honor_breakpoints 0000000180038358     sf_runtime:sf_runtime.dll
 0002:00000360       __imp_sf_debug_reset_current_state_configuration 0000000180038360     sf_runtime:sf_runtime.dll
 0002:00000368       __imp_cv_eml_init_relational 0000000180038368     sf_runtime:sf_runtime.dll
 0002:00000370       __imp_cv_eml_init_mcdc     0000000180038370     sf_runtime:sf_runtime.dll
 0002:00000378       __imp_cv_eml_init_if       0000000180038378     sf_runtime:sf_runtime.dll
 0002:00000380       __imp_cv_eml_init_script   0000000180038380     sf_runtime:sf_runtime.dll
 0002:00000388       __imp_callMdlMethodAndReportError 0000000180038388     sf_runtime:sf_runtime.dll
 0002:00000390       __imp_sf_debug_set_chart_event_thresholds 0000000180038390     sf_runtime:sf_runtime.dll
 0002:00000398       __imp_sf_get_hasSeparateUpdateOutputs 0000000180038398     sf_runtime:sf_runtime.dll
 0002:000003a0       __imp_cv_eval_relational   00000001800383a0     sf_runtime:sf_runtime.dll
 0002:000003a8       __imp_cv_eml_eval          00000001800383a8     sf_runtime:sf_runtime.dll
 0002:000003b0       __imp_ssGetInputPortSignal_wrapper 00000001800383b0     sf_runtime:sf_runtime.dll
 0002:000003b8       __imp_ssGetDWork_wrapper   00000001800383b8     sf_runtime:sf_runtime.dll
 0002:000003c0       __imp_sf_mex_duplicatearraysafe 00000001800383c0     sf_runtime:sf_runtime.dll
 0002:000003c8       __imp_sf_mex_decode_encoded_mx_struct_array 00000001800383c8     sf_runtime:sf_runtime.dll
 0002:000003d0       __imp_sf_mex_import        00000001800383d0     sf_runtime:sf_runtime.dll
 0002:000003d8       __imp_sf_mex_destroy       00000001800383d8     sf_runtime:sf_runtime.dll
 0002:000003e0       __imp_sf_mex_dup           00000001800383e0     sf_runtime:sf_runtime.dll
 0002:000003e8       __imp_sf_mex_assign        00000001800383e8     sf_runtime:sf_runtime.dll
 0002:000003f0       __imp_sf_mex_getcell       00000001800383f0     sf_runtime:sf_runtime.dll
 0002:000003f8       __imp_sf_mex_setcell       00000001800383f8     sf_runtime:sf_runtime.dll
 0002:00000400       __imp_sf_mex_createcellmatrix 0000000180038400     sf_runtime:sf_runtime.dll
 0002:00000408       __imp_sf_mex_create        0000000180038408     sf_runtime:sf_runtime.dll
 0002:00000410       __imp_sf_mex_error_message 0000000180038410     sf_runtime:sf_runtime.dll
 0002:00000418       __imp_ssSetBlockIsPurelyCombinatorial_wrapper 0000000180038418     sf_runtime:sf_runtime.dll
 0002:00000420       __imp_sf_register_codegen_names_for_scoped_functions_defined_by_chart 0000000180038420     sf_runtime:sf_runtime.dll
 0002:00000428       __imp_sf_set_chart_accesses_machine_info 0000000180038428     sf_runtime:sf_runtime.dll
 0002:00000430       __imp_setLegacyDebuggerFlagForRuntime 0000000180038430     sf_runtime:sf_runtime.dll
 0002:00000438       __imp_sf_is_first_init_cond 0000000180038438     sf_runtime:sf_runtime.dll
 0002:00000440       __imp_sf_get_time          0000000180038440     sf_runtime:sf_runtime.dll
 0002:00000448       __imp_sf_set_encoded_dwork_info 0000000180038448     sf_runtime:sf_runtime.dll
 0002:00000450       __imp_sf_get_dwork_info_from_mat_file 0000000180038450     sf_runtime:sf_runtime.dll
 0002:00000458       __imp_sf_set_rtw_dwork_info 0000000180038458     sf_runtime:sf_runtime.dll
 0002:00000460       __imp_sf_clear_rtw_identifier 0000000180038460     sf_runtime:sf_runtime.dll
 0002:00000468       __imp_cv_eval_point        0000000180038468     sf_runtime:sf_runtime.dll
 0002:00000470       __imp_sim_mode_is_modelref_sim 0000000180038470     sf_runtime:sf_runtime.dll
 0002:00000478       __imp_sim_mode_is_external 0000000180038478     sf_runtime:sf_runtime.dll
 0002:00000480       __imp_sim_mode_is_rtw_gen  0000000180038480     sf_runtime:sf_runtime.dll
 0002:00000488       __imp_sf_debug_call        0000000180038488     sf_runtime:sf_runtime.dll
 0002:00000490       __imp_sf_mark_chart_expressionable_inputs 0000000180038490     sf_runtime:sf_runtime.dll
 0002:00000498       __imp_sf_mark_chart_reusable_outputs 0000000180038498     sf_runtime:sf_runtime.dll
 0002:000004a0       __imp_sf_is_chart_inlinable 00000001800384a0     sf_runtime:sf_runtime.dll
 0002:000004a8       __imp_sf_update_buildInfo  00000001800384a8     sf_runtime:sf_runtime.dll
 0002:000004b0       __imp_sf_rtw_info_uint_prop 00000001800384b0     sf_runtime:sf_runtime.dll
 0002:000004b8       __imp_sf_get_chart_instance_ptr 00000001800384b8     sf_runtime:sf_runtime.dll
 0002:000004c0       __imp_sfrtGetEmlrtCtx      00000001800384c0     sf_runtime:sf_runtime.dll
 0002:000004c8       __imp_sf_free_ChartRunTimeInfo 00000001800384c8     sf_runtime:sf_runtime.dll
 0002:000004d0       __imp_sf_init_ChartRunTimeInfo 00000001800384d0     sf_runtime:sf_runtime.dll
 0002:000004d8       __imp_sf_debug_set_machine_data_thresholds 00000001800384d8     sf_runtime:sf_runtime.dll
 0002:000004e0       __imp_sf_debug_set_machine_event_thresholds 00000001800384e0     sf_runtime:sf_runtime.dll
 0002:000004e8       __imp_sf_debug_initialize_machine 00000001800384e8     sf_runtime:sf_runtime.dll
 0002:000004f0       __imp_sf_debug_initialize_chart 00000001800384f0     sf_runtime:sf_runtime.dll
 0002:000004f8       __imp_sf_debug_create_debug_instance_struct 00000001800384f8     sf_runtime:sf_runtime.dll
 0002:00000500       __imp_sf_load_rtw_optimization_info 0000000180038500     sf_runtime:sf_runtime.dll
 0002:00000508       \177sf_runtime_NULL_THUNK_DATA 0000000180038508     sf_runtime:sf_runtime.dll
 0002:00000510       __guard_check_icall_fptr   0000000180038510     MSVCRT:guard_support.obj
 0002:00000518       __guard_dispatch_icall_fptr 0000000180038518     MSVCRT:guard_support.obj
 0002:00000520       __xc_a                     0000000180038520     MSVCRT:initializers.obj
 0002:00000528       __xc_z                     0000000180038528     MSVCRT:initializers.obj
 0002:00000530       __xi_a                     0000000180038530     MSVCRT:initializers.obj
 0002:00000538       __xi_z                     0000000180038538     MSVCRT:initializers.obj
 0002:00000540       __xp_a                     0000000180038540     MSVCRT:initializers.obj
 0002:00000548       __xp_z                     0000000180038548     MSVCRT:initializers.obj
 0002:00000550       __xt_a                     0000000180038550     MSVCRT:initializers.obj
 0002:00000558       __xt_z                     0000000180038558     MSVCRT:initializers.obj
 0002:00000560       __real@41ac5e7fe6000000    0000000180038560     SpeedgoatCANOpen2Buses100us_sfun.obj
 0002:00000568       __real@41c500e7fb800000    0000000180038568     SpeedgoatCANOpen2Buses100us_sfun.obj
 0002:00000570       __real@41d51a0d5f800000    0000000180038570     SpeedgoatCANOpen2Buses100us_sfun.obj
 0002:00000578       __real@41d7a49d94800000    0000000180038578     SpeedgoatCANOpen2Buses100us_sfun.obj
 0002:00000580       __real@41e0064ceac00000    0000000180038580     SpeedgoatCANOpen2Buses100us_sfun.obj
 0002:00000588       __real@41e0279470800000    0000000180038588     SpeedgoatCANOpen2Buses100us_sfun.obj
 0002:00000590       __real@41e40553a9000000    0000000180038590     SpeedgoatCANOpen2Buses100us_sfun.obj
 0002:00000598       __real@41e89b9f73800000    0000000180038598     SpeedgoatCANOpen2Buses100us_sfun.obj
 0002:000005a0       __real@41ea3cabdd400000    00000001800385a0     SpeedgoatCANOpen2Buses100us_sfun.obj
 0002:000005a8       __real@41eb245da6000000    00000001800385a8     SpeedgoatCANOpen2Buses100us_sfun.obj
 0002:000005b0       __real@41eb69b36aa00000    00000001800385b0     SpeedgoatCANOpen2Buses100us_sfun.obj
 0002:000005b8       __real@41efb37a89a00000    00000001800385b8     SpeedgoatCANOpen2Buses100us_sfun.obj
 0002:000005c0       __real@00000000            00000001800385c0     c1_SpeedgoatCANOpen2Buses100us.obj
 0002:000005c4       __real@3f800000            00000001800385c4     c1_SpeedgoatCANOpen2Buses100us.obj
 0002:000005c8       __real@3ff0000000000000    00000001800385c8     c1_SpeedgoatCANOpen2Buses100us.obj
 0002:000005d0       __real@40000000            00000001800385d0     c1_SpeedgoatCANOpen2Buses100us.obj
 0002:000005d8       __real@4000000000000000    00000001800385d8     c1_SpeedgoatCANOpen2Buses100us.obj
 0002:000005e0       __real@4020000000000000    00000001800385e0     c1_SpeedgoatCANOpen2Buses100us.obj
 0002:000005e8       __real@4022000000000000    00000001800385e8     c1_SpeedgoatCANOpen2Buses100us.obj
 0002:000005f0       __real@409f400000000000    00000001800385f0     c1_SpeedgoatCANOpen2Buses100us.obj
 0002:000005f8       __real@41000000            00000001800385f8     c1_SpeedgoatCANOpen2Buses100us.obj
 0002:000005fc       __real@41a00000            00000001800385fc     c1_SpeedgoatCANOpen2Buses100us.obj
 0002:00000600       __real@41d117fa33c00000    0000000180038600     c1_SpeedgoatCANOpen2Buses100us.obj
 0002:00000608       __real@41d4b3549a800000    0000000180038608     c1_SpeedgoatCANOpen2Buses100us.obj
 0002:00000610       __real@41d9e1f562400000    0000000180038610     c1_SpeedgoatCANOpen2Buses100us.obj
 0002:00000618       __real@41ef861ac8c00000    0000000180038618     c1_SpeedgoatCANOpen2Buses100us.obj
 0002:00000620       __real@44fa0000            0000000180038620     c1_SpeedgoatCANOpen2Buses100us.obj
 0002:00000628       DYNAMIC_DIMENSION_DEF      0000000180038628     SpeedgoatCANOpen2Buses100us_sfun_registry.obj
 0002:00000640       __real@0000000000000000    0000000180038640     SpeedgoatCANOpen2Buses100us_sfun_registry.obj
 0002:00000648       __real@4010000000000000    0000000180038648     SpeedgoatCANOpen2Buses100us_sfun_registry.obj
 0002:00000650       __real@41602cbca0000000    0000000180038650     SpeedgoatCANOpen2Buses100us_sfun_registry.obj
 0002:00000658       __real@bff0000000000000    0000000180038658     SpeedgoatCANOpen2Buses100us_sfun_registry.obj
 0002:00000670       _pRawDllMain               0000000180038670     MSVCRT:dll_dllmain.obj
 0002:00000670       _pDefaultRawDllMain        0000000180038670     MSVCRT:dll_dllmain.obj
 0002:000006a0       _load_config_used          00000001800386a0     MSVCRT:loadcfg.obj
 0002:000009b8       __rtc_iaa                  00000001800389b8     MSVCRT:initsect.obj
 0002:000009c0       __rtc_izz                  00000001800389c0     MSVCRT:initsect.obj
 0002:000009c8       __rtc_taa                  00000001800389c8     MSVCRT:initsect.obj
 0002:000009d0       __rtc_tzz                  00000001800389d0     MSVCRT:initsect.obj
 0002:0000192c       __IMPORT_DESCRIPTOR_sf_runtime 000000018003992c     sf_runtime:sf_runtime.dll
 0002:00001940       __IMPORT_DESCRIPTOR_libmx  0000000180039940     libmx:libmx.dll
 0002:00001954       __IMPORT_DESCRIPTOR_libmex 0000000180039954     libmex:libmex.dll
 0002:00001968       __IMPORT_DESCRIPTOR_libut  0000000180039968     libut:libut.dll
 0002:0000197c       __IMPORT_DESCRIPTOR_libmwsl_sfcn_cov_bridge 000000018003997c     libmwsl_sfcn_cov_bridge:libmwsl_sfcn_cov_bridge.dll
 0002:00001990       __IMPORT_DESCRIPTOR_KERNEL32 0000000180039990     kernel32:KERNEL32.dll
 0002:000019a4       __IMPORT_DESCRIPTOR_VCRUNTIME140 00000001800399a4     vcruntime:VCRUNTIME140.dll
 0002:000019b8       __IMPORT_DESCRIPTOR_api-ms-win-crt-string-l1-1-0 00000001800399b8     ucrt:api-ms-win-crt-string-l1-1-0.dll
 0002:000019cc       __IMPORT_DESCRIPTOR_api-ms-win-crt-stdio-l1-1-0 00000001800399cc     ucrt:api-ms-win-crt-stdio-l1-1-0.dll
 0002:000019e0       __IMPORT_DESCRIPTOR_api-ms-win-crt-heap-l1-1-0 00000001800399e0     ucrt:api-ms-win-crt-heap-l1-1-0.dll
 0002:000019f4       __IMPORT_DESCRIPTOR_api-ms-win-crt-runtime-l1-1-0 00000001800399f4     ucrt:api-ms-win-crt-runtime-l1-1-0.dll
 0002:00001a08       __NULL_IMPORT_DESCRIPTOR   0000000180039a08     sf_runtime:sf_runtime.dll
 0003:00004e90       DYNAMIC_DIMENSION          000000018003fe90     SpeedgoatCANOpen2Buses100us_sfun_registry.obj
 0003:00007300       __security_cookie_complement 0000000180042300     MSVCRT:gs_cookie.obj
 0003:00007308       __security_cookie          0000000180042308     MSVCRT:gs_cookie.obj
 0003:00007310       _fltused                   0000000180042310     MSVCRT:fltused.obj
 0003:00007314       __scrt_native_dllmain_reason 0000000180042314     MSVCRT:utility.obj
 0003:00007318       __isa_available            0000000180042318     MSVCRT:cpu_disp.obj
 0003:0000731c       __isa_enabled              000000018004231c     MSVCRT:cpu_disp.obj
 0003:00007320       __memcpy_nt_iters          0000000180042320     MSVCRT:cpu_disp.obj
 0003:00007330       __scrt_ucrt_dll_is_in_use  0000000180042330     MSVCRT:ucrt_stubs.obj
 0003:00007390       sfGlobalDebugInstanceStruct 0000000180042390     SpeedgoatCANOpen2Buses100us_sfun_registry.obj
 0003:00007920       ?__type_info_root_node@@3U__type_info_node@@A 0000000180042920     MSVCRT:tncleanup.obj
 0003:00007930       ?_OptionsStorage@?1??__local_stdio_printf_options@@9@4_KA 0000000180042930     MSVCRT:default_local_stdio_options.obj
 0003:00007938       ?_OptionsStorage@?1??__local_stdio_scanf_options@@9@4_KA 0000000180042938     MSVCRT:default_local_stdio_options.obj
 0003:00007940       __scrt_current_native_startup_state 0000000180042940     MSVCRT:utility.obj
 0003:00007948       __scrt_native_startup_lock 0000000180042948     MSVCRT:utility.obj
 0003:00007988       __scrt_debugger_hook_flag  0000000180042988     MSVCRT:utility_desktop.obj
 0003:0000798c       __favor                    000000018004298c     MSVCRT:cpu_disp.obj
 0003:00007990       ?_OptionsStorage@?1??__local_stdio_printf_options@@9@9 0000000180042990     <common>
 0003:00007998       _SpeedgoatCANOpen2Buses100usMachineNumber_ 0000000180042998     <common>
 0003:000079a0       gRxCAN                     00000001800429a0     <common>
 0003:000079c0       can_rx_queue               00000001800429c0     <common>
 0003:00007a28       __dyn_tls_init_callback    0000000180042a28     <common>

 entry point at        0001:00035ad8

 Static symbols

 0000:00000000       .debug$S                   0000000180000000     sf_runtime:sf_runtime.dll
 0000:00000000       .debug$S                   0000000180000000     sf_runtime:sf_runtime.dll
 0000:00000000       .debug$S                   0000000180000000     sf_runtime:sf_runtime.dll
 0000:00000000       .debug$S                   0000000180000000     sf_runtime:sf_runtime.dll
 0000:00000000       .debug$S                   0000000180000000     sf_runtime:sf_runtime.dll
 0000:00000000       .debug$S                   0000000180000000     sf_runtime:sf_runtime.dll
 0000:00000000       .debug$S                   0000000180000000     SpeedgoatCANOpen2Buses100us_sfun.exp
 0000:00000000       .debug$S                   0000000180000000     sf_runtime:sf_runtime.dll
 0000:00000000       .debug$S                   0000000180000000     sf_runtime:sf_runtime.dll
 0000:00000000       .debug$S                   0000000180000000     sf_runtime:sf_runtime.dll
 0000:00000000       .debug$S                   0000000180000000     sf_runtime:sf_runtime.dll
 0000:00000000       .debug$S                   0000000180000000     sf_runtime:sf_runtime.dll
 0000:00000000       .debug$S                   0000000180000000     ucrt:api-ms-win-crt-runtime-l1-1-0.dll
 0000:00000000       .debug$S                   0000000180000000     ucrt:api-ms-win-crt-runtime-l1-1-0.dll
 0000:00000000       .debug$S                   0000000180000000     ucrt:api-ms-win-crt-runtime-l1-1-0.dll
 0000:00000000       .debug$S                   0000000180000000     ucrt:api-ms-win-crt-runtime-l1-1-0.dll
 0000:00000000       .debug$S                   0000000180000000     ucrt:api-ms-win-crt-runtime-l1-1-0.dll
 0000:00000000       .debug$S                   0000000180000000     ucrt:api-ms-win-crt-runtime-l1-1-0.dll
 0000:00000000       .debug$S                   0000000180000000     ucrt:api-ms-win-crt-runtime-l1-1-0.dll
 0000:00000000       .debug$S                   0000000180000000     ucrt:api-ms-win-crt-runtime-l1-1-0.dll
 0000:00000000       .debug$S                   0000000180000000     ucrt:api-ms-win-crt-runtime-l1-1-0.dll
 0000:00000000       .debug$S                   0000000180000000     ucrt:api-ms-win-crt-runtime-l1-1-0.dll
 0000:00000000       .debug$S                   0000000180000000     ucrt:api-ms-win-crt-runtime-l1-1-0.dll
 0000:00000000       .debug$S                   0000000180000000     ucrt:api-ms-win-crt-runtime-l1-1-0.dll
 0000:00000000       .debug$S                   0000000180000000     ucrt:api-ms-win-crt-string-l1-1-0.dll
 0000:00000000       .debug$S                   0000000180000000     ucrt:api-ms-win-crt-heap-l1-1-0.dll
 0000:00000000       .debug$S                   0000000180000000     ucrt:api-ms-win-crt-heap-l1-1-0.dll
 0000:00000000       .debug$S                   0000000180000000     ucrt:api-ms-win-crt-stdio-l1-1-0.dll
 0000:00000000       .debug$S                   0000000180000000     ucrt:api-ms-win-crt-string-l1-1-0.dll
 0000:00000000       .debug$S                   0000000180000000     sf_runtime:sf_runtime.dll
 0000:00000000       .debug$S                   0000000180000000     vcruntime:VCRUNTIME140.dll
 0000:00000000       .debug$S                   0000000180000000     vcruntime:VCRUNTIME140.dll
 0000:00000000       .debug$S                   0000000180000000     vcruntime:VCRUNTIME140.dll
 0000:00000000       .debug$S                   0000000180000000     vcruntime:VCRUNTIME140.dll
 0000:00000000       .debug$S                   0000000180000000     sf_runtime:sf_runtime.dll
 0000:00000000       .debug$S                   0000000180000000     kernel32:KERNEL32.dll
 0000:00000000       .debug$S                   0000000180000000     kernel32:KERNEL32.dll
 0000:00000000       .debug$S                   0000000180000000     kernel32:KERNEL32.dll
 0000:00000000       .debug$S                   0000000180000000     kernel32:KERNEL32.dll
 0000:00000000       .debug$S                   0000000180000000     kernel32:KERNEL32.dll
 0000:00000000       .debug$S                   0000000180000000     kernel32:KERNEL32.dll
 0000:00000000       .debug$S                   0000000180000000     kernel32:KERNEL32.dll
 0000:00000000       .debug$S                   0000000180000000     kernel32:KERNEL32.dll
 0000:00000000       .debug$S                   0000000180000000     kernel32:KERNEL32.dll
 0000:00000000       .debug$S                   0000000180000000     kernel32:KERNEL32.dll
 0000:00000000       .debug$S                   0000000180000000     kernel32:KERNEL32.dll
 0000:00000000       .debug$S                   0000000180000000     kernel32:KERNEL32.dll
 0000:00000000       .debug$S                   0000000180000000     kernel32:KERNEL32.dll
 0000:00000000       .debug$S                   0000000180000000     kernel32:KERNEL32.dll
 0000:00000000       .debug$S                   0000000180000000     kernel32:KERNEL32.dll
 0000:00000000       .debug$S                   0000000180000000     kernel32:KERNEL32.dll
 0000:00000000       .debug$S                   0000000180000000     kernel32:KERNEL32.dll
 0000:00000000       .debug$S                   0000000180000000     sf_runtime:sf_runtime.dll
 0000:00000000       .debug$S                   0000000180000000     sf_runtime:sf_runtime.dll
 0000:00000000       .debug$S                   0000000180000000     sf_runtime:sf_runtime.dll
 0000:00000000       .debug$S                   0000000180000000     sf_runtime:sf_runtime.dll
 0002:fffc8000       __guard_fids__guard_icall_checks_enforced 0000000180000000     MSVCRT:guard_support.obj
 0002:fffc8000       __guard_fids__             0000000180000000     MSVCRT:guard_support.obj
 0000:00000000       .debug$S                   0000000180000000     sf_runtime:sf_runtime.dll
 0000:00000000       .debug$S                   0000000180000000     sf_runtime:sf_runtime.dll
 0000:00000000       .debug$S                   0000000180000000     sf_runtime:sf_runtime.dll
 0000:00000000       .debug$S                   0000000180000000     sf_runtime:sf_runtime.dll
 0000:00000000       .debug$S                   0000000180000000     sf_runtime:sf_runtime.dll
 0000:00000000       .debug$S                   0000000180000000     sf_runtime:sf_runtime.dll
 0000:00000000       .debug$S                   0000000180000000     libmx:libmx.dll
 0000:00000000       .debug$S                   0000000180000000     sf_runtime:sf_runtime.dll
 0002:fffc8000       __guard_fids___scrt_set_unhandled_exception_filter 0000000180000000     MSVCRT:utility_desktop.obj
 0000:00000000       .debug$S                   0000000180000000     libmx:libmx.dll
 0000:00000000       .debug$S                   0000000180000000     sf_runtime:sf_runtime.dll
 0000:00000000       .debug$S                   0000000180000000     libmx:libmx.dll
 0000:00000000       .debug$S                   0000000180000000     sf_runtime:sf_runtime.dll
 0000:00000000       .debug$S                   0000000180000000     libmx:libmx.dll
 0000:00000000       .debug$S                   0000000180000000     libmx:libmx.dll
 0000:00000000       .debug$S                   0000000180000000     libmx:libmx.dll
 0000:00000000       .debug$S                   0000000180000000     libmx:libmx.dll
 0000:00000000       .debug$S                   0000000180000000     libmx:libmx.dll
 0000:00000000       .debug$S                   0000000180000000     sf_runtime:sf_runtime.dll
 0000:00000000       .debug$S                   0000000180000000     libmex:libmex.dll
 0000:00000000       .debug$S                   0000000180000000     sf_runtime:sf_runtime.dll
 0000:00000000       .debug$S                   0000000180000000     libmex:libmex.dll
 0000:00000000       .debug$S                   0000000180000000     sf_runtime:sf_runtime.dll
 0000:00000000       .debug$S                   0000000180000000     libmex:libmex.dll
 0000:00000000       .debug$S                   0000000180000000     sf_runtime:sf_runtime.dll
 0000:00000000       .debug$S                   0000000180000000     libmex:libmex.dll
 0000:00000000       .debug$S                   0000000180000000     sf_runtime:sf_runtime.dll
 0000:00000000       .debug$S                   0000000180000000     libmex:libmex.dll
 0000:00000000       .debug$S                   0000000180000000     sf_runtime:sf_runtime.dll
 0000:00000000       .debug$S                   0000000180000000     libmex:libmex.dll
 0000:00000000       .debug$S                   0000000180000000     sf_runtime:sf_runtime.dll
 0000:00000000       .debug$S                   0000000180000000     libmex:libmex.dll
 0000:00000000       .debug$S                   0000000180000000     sf_runtime:sf_runtime.dll
 0000:00000000       .debug$S                   0000000180000000     libmx:libmx.dll
 0000:00000000       .debug$S                   0000000180000000     sf_runtime:sf_runtime.dll
 0000:00000000       .debug$S                   0000000180000000     libut:libut.dll
 0000:00000000       .debug$S                   0000000180000000     sf_runtime:sf_runtime.dll
 0000:00000000       .debug$S                   0000000180000000     libut:libut.dll
 0000:00000000       .debug$S                   0000000180000000     sf_runtime:sf_runtime.dll
 0000:00000000       .debug$S                   0000000180000000     libmx:libmx.dll
 0000:00000000       .debug$S                   0000000180000000     sf_runtime:sf_runtime.dll
 0000:00000000       .debug$S                   0000000180000000     libmx:libmx.dll
 0000:00000000       .debug$S                   0000000180000000     sf_runtime:sf_runtime.dll
 0000:00000000       .debug$S                   0000000180000000     libmwsl_sfcn_cov_bridge:libmwsl_sfcn_cov_bridge.dll
 0000:00000000       .debug$S                   0000000180000000     sf_runtime:sf_runtime.dll
 0000:00000000       .debug$S                   0000000180000000     libmx:libmx.dll
 0000:00000000       .debug$S                   0000000180000000     sf_runtime:sf_runtime.dll
 0000:00000000       .debug$S                   0000000180000000     libmx:libmx.dll
 0000:00000000       .debug$S                   0000000180000000     sf_runtime:sf_runtime.dll
 0000:00000000       .debug$S                   0000000180000000     libmx:libmx.dll
 0000:00000000       .debug$S                   0000000180000000     sf_runtime:sf_runtime.dll
 0000:00000000       .debug$S                   0000000180000000     sf_runtime:sf_runtime.dll
 0000:00000000       .debug$S                   0000000180000000     sf_runtime:sf_runtime.dll
 0000:00000000       .debug$S                   0000000180000000     sf_runtime:sf_runtime.dll
 0000:00000000       .debug$S                   0000000180000000     libmx:libmx.dll
 0000:00000000       .debug$S                   0000000180000000     sf_runtime:sf_runtime.dll
 0000:00000000       .debug$S                   0000000180000000     libmx:libmx.dll
 0000:00000000       .debug$S                   0000000180000000     sf_runtime:sf_runtime.dll
 0000:00000000       .debug$S                   0000000180000000     libmx:libmx.dll
 0000:00000000       .debug$S                   0000000180000000     sf_runtime:sf_runtime.dll
 0000:00000000       .debug$S                   0000000180000000     libmx:libmx.dll
 0000:00000000       .debug$S                   0000000180000000     sf_runtime:sf_runtime.dll
 0000:00000000       .debug$S                   0000000180000000     sf_runtime:sf_runtime.dll
 0000:00000000       .debug$S                   0000000180000000     libmx:libmx.dll
 0000:00000000       .debug$S                   0000000180000000     libmx:libmx.dll
 0000:00000000       .debug$S                   0000000180000000     sf_runtime:sf_runtime.dll
 0000:00000000       .debug$S                   0000000180000000     sf_runtime:sf_runtime.dll
 0000:00000000       .debug$S                   0000000180000000     sf_runtime:sf_runtime.dll
 0000:00000000       .debug$S                   0000000180000000     sf_runtime:sf_runtime.dll
 0000:00000000       .debug$S                   0000000180000000     sf_runtime:sf_runtime.dll
 0002:fffc8000       __guard_fids_?dllmain_dispatch@@YAHQEAUHINSTANCE__@@KQEAX@Z 0000000180000000     MSVCRT:dll_dllmain.obj
 0000:00000000       .debug$S                   0000000180000000     sf_runtime:sf_runtime.dll
 0000:00000000       .debug$S                   0000000180000000     sf_runtime:sf_runtime.dll
[...]
 0004:00000a98       $pdata$mdlStart_c14_SpeedgoatCANOpen2Buses100us 0000000180043a98     c14_SpeedgoatCANOpen2Buses100us.obj
 0004:00000aa4       $pdata$mexFunction         0000000180043aa4     SpeedgoatCANOpen2Buses100us_sfun_registry.obj
 0004:00000ab0       $pdata$_ssSetInputPortDirectFeedThroughFcn 0000000180043ab0     SpeedgoatCANOpen2Buses100us_sfun_registry.obj
 0004:00000abc       $pdata$_ssSetRWorkValueFcn 0000000180043abc     SpeedgoatCANOpen2Buses100us_sfun_registry.obj
 0004:00000ac8       $pdata$_ssGetRWorkValueFcn 0000000180043ac8     SpeedgoatCANOpen2Buses100us_sfun_registry.obj
 0004:00000ad4       $pdata$_ssSetIWorkValueFcn 0000000180043ad4     SpeedgoatCANOpen2Buses100us_sfun_registry.obj
 0004:00000ae0       $pdata$_ssGetIWorkValueFcn 0000000180043ae0     SpeedgoatCANOpen2Buses100us_sfun_registry.obj
 0004:00000aec       $pdata$_ssSetPWorkValueFcn 0000000180043aec     SpeedgoatCANOpen2Buses100us_sfun_registry.obj
 0004:00000af8       $pdata$_ssGetPWorkValueFcn 0000000180043af8     SpeedgoatCANOpen2Buses100us_sfun_registry.obj
 0004:00000b04       $pdata$_ssGetInputPortSignalFcn 0000000180043b04     SpeedgoatCANOpen2Buses100us_sfun_registry.obj
 0004:00000b10       $pdata$_ssGetInputPortBufferDstPortFcn 0000000180043b10     SpeedgoatCANOpen2Buses100us_sfun_registry.obj
 0004:00000b1c       $pdata$_ssGetInputPortSignalPtrsFcn 0000000180043b1c     SpeedgoatCANOpen2Buses100us_sfun_registry.obj
 0004:00000b28       $pdata$ssGetParameterTuningCompliance 0000000180043b28     SpeedgoatCANOpen2Buses100us_sfun_registry.obj
 0004:00000b34       $pdata$ssGetDTypeIdFromMxArray 0000000180043b34     SpeedgoatCANOpen2Buses100us_sfun_registry.obj
 0004:00000b40       $pdata$ssWriteRTWMx2dMatParam 0000000180043b40     SpeedgoatCANOpen2Buses100us_sfun_registry.obj
 0004:00000b4c       $pdata$ssWriteRTWMxVectParam 0000000180043b4c     SpeedgoatCANOpen2Buses100us_sfun_registry.obj
 0004:00000b58       $pdata$ssWriteRTWParameters 0000000180043b58     SpeedgoatCANOpen2Buses100us_sfun_registry.obj
 0004:00000b64       $pdata$ssWriteRTWParamSettings 0000000180043b64     SpeedgoatCANOpen2Buses100us_sfun_registry.obj
 0004:00000b70       $pdata$ssWriteRTWStr       0000000180043b70     SpeedgoatCANOpen2Buses100us_sfun_registry.obj
 0004:00000b7c       $pdata$ssWriteRTWWorkVect  0000000180043b7c     SpeedgoatCANOpen2Buses100us_sfun_registry.obj
 0004:00000b88       $pdata$ssWarning           0000000180043b88     SpeedgoatCANOpen2Buses100us_sfun_registry.obj
 0004:00000b94       $pdata$ssWriteRTWNameValuePair 0000000180043b94     SpeedgoatCANOpen2Buses100us_sfun_registry.obj
 0004:00000ba0       $pdata$_ssSetInputPortMatrixDimensions 0000000180043ba0     SpeedgoatCANOpen2Buses100us_sfun_registry.obj
 0004:00000bac       $pdata$_ssSetOutputPortMatrixDimensions 0000000180043bac     SpeedgoatCANOpen2Buses100us_sfun_registry.obj
 0004:00000bb8       $pdata$_ssSetInputPortVectorDimension 0000000180043bb8     SpeedgoatCANOpen2Buses100us_sfun_registry.obj
 0004:00000bc4       $pdata$_ssSetOutputPortVectorDimension 0000000180043bc4     SpeedgoatCANOpen2Buses100us_sfun_registry.obj
 0004:00000bd0       $pdata$ssIsRunTimeParamTunable 0000000180043bd0     SpeedgoatCANOpen2Buses100us_sfun_registry.obj
 0004:00000bdc       $pdata$ssGetSFuncBlockHandle 0000000180043bdc     SpeedgoatCANOpen2Buses100us_sfun_registry.obj
 0004:00000be8       $pdata$_ssGetCurrentInputPortWidth 0000000180043be8     SpeedgoatCANOpen2Buses100us_sfun_registry.obj
 0004:00000bf4       $pdata$_ssGetCurrentOutputPortWidth 0000000180043bf4     SpeedgoatCANOpen2Buses100us_sfun_registry.obj
 0004:00000c00       $pdata$_ssGetCallSystemNumFcnCallDestinations 0000000180043c00     SpeedgoatCANOpen2Buses100us_sfun_registry.obj
 0004:00000c0c       $pdata$ssGetIsZeroCrossControlDisabled 0000000180043c0c     SpeedgoatCANOpen2Buses100us_sfun_registry.obj
 0004:00000c18       $pdata$ssSetIsInputPortUsedForContZcSignal 0000000180043c18     SpeedgoatCANOpen2Buses100us_sfun_registry.obj
 0004:00000c24       $pdata$ssSetZcSignalIsZcElementDisc 0000000180043c24     SpeedgoatCANOpen2Buses100us_sfun_registry.obj
 0004:00000c30       $pdata$ssSetZcSignalName   0000000180043c30     SpeedgoatCANOpen2Buses100us_sfun_registry.obj
 0004:00000c3c       $pdata$ssSetZcSignalWidth  0000000180043c3c     SpeedgoatCANOpen2Buses100us_sfun_registry.obj
 0004:00000c48       $pdata$ssSetZcSignalZcEventType 0000000180043c48     SpeedgoatCANOpen2Buses100us_sfun_registry.obj
 0004:00000c54       $pdata$ssSetZcSignalType   0000000180043c54     SpeedgoatCANOpen2Buses100us_sfun_registry.obj
 0004:00000c60       $pdata$ssSetZcSignalZcTol  0000000180043c60     SpeedgoatCANOpen2Buses100us_sfun_registry.obj
 0004:00000c6c       $pdata$ssSetZcSignalNeedsEventNotification 0000000180043c6c     SpeedgoatCANOpen2Buses100us_sfun_registry.obj
 0004:00000c78       $pdata$ssCreateAndAddZcSignalInfo 0000000180043c78     SpeedgoatCANOpen2Buses100us_sfun_registry.obj
 0004:00000c84       $pdata$ssCloneAndAddZcSignalInfo 0000000180043c84     SpeedgoatCANOpen2Buses100us_sfun_registry.obj
 0004:00000c90       $pdata$ssGetNumZcSignals   0000000180043c90     SpeedgoatCANOpen2Buses100us_sfun_registry.obj
 0004:00000c9c       $pdata$ssGetZcSignalVector 0000000180043c9c     SpeedgoatCANOpen2Buses100us_sfun_registry.obj
 0004:00000ca8       $pdata$ssGetZcSignalName   0000000180043ca8     SpeedgoatCANOpen2Buses100us_sfun_registry.obj
 0004:00000cb4       $pdata$ssGetZcSignalWidth  0000000180043cb4     SpeedgoatCANOpen2Buses100us_sfun_registry.obj
 0004:00000cc0       $pdata$ssGetZcSignalZcEventType 0000000180043cc0     SpeedgoatCANOpen2Buses100us_sfun_registry.obj
 0004:00000ccc       $pdata$ssGetZcSignalZcEvents 0000000180043ccc     SpeedgoatCANOpen2Buses100us_sfun_registry.obj
 0004:00000cd8       $pdata$ssGetZcSignalType   0000000180043cd8     SpeedgoatCANOpen2Buses100us_sfun_registry.obj
 0004:00000ce4       $pdata$ssGetZcSignalZcTol  0000000180043ce4     SpeedgoatCANOpen2Buses100us_sfun_registry.obj
 0004:00000cf0       $pdata$ssGetZcSignalNeedsEventNotification 0000000180043cf0     SpeedgoatCANOpen2Buses100us_sfun_registry.obj
 0004:00000cfc       $pdata$ssGetZcSignalIsZcElementDisc 0000000180043cfc     SpeedgoatCANOpen2Buses100us_sfun_registry.obj
 0004:00000d08       $pdata$ssGetIsInputPortElementContinuous 0000000180043d08     SpeedgoatCANOpen2Buses100us_sfun_registry.obj
 0004:00000d14       $pdata$_ssGetAbsTol        0000000180043d14     SpeedgoatCANOpen2Buses100us_sfun_registry.obj
 0004:00000d20       $pdata$_ssSetInputPortReusableFcn 0000000180043d20     SpeedgoatCANOpen2Buses100us_sfun_registry.obj
 0004:00000d2c       $pdata$_ssSetOutputPortReusableFcn 0000000180043d2c     SpeedgoatCANOpen2Buses100us_sfun_registry.obj
 0004:00000d38       $pdata$_ssSetSymbolicDimsSupport 0000000180043d38     SpeedgoatCANOpen2Buses100us_sfun_registry.obj
 0004:00000d44       $pdata$_ssRegisterSymbolicDimsExpr 0000000180043d44     SpeedgoatCANOpen2Buses100us_sfun_registry.obj
 0004:00000d50       $pdata$_ssRegisterSymbolicDims 0000000180043d50     SpeedgoatCANOpen2Buses100us_sfun_registry.obj
 0004:00000d5c       $pdata$_ssRegisterSymbolicDimsString 0000000180043d5c     SpeedgoatCANOpen2Buses100us_sfun_registry.obj
 0004:00000d68       $pdata$_ssRegisterSymbolicDimsIntValue 0000000180043d68     SpeedgoatCANOpen2Buses100us_sfun_registry.obj
 0004:00000d74       $pdata$_ssRegisterSymbolicDimsPlus 0000000180043d74     SpeedgoatCANOpen2Buses100us_sfun_registry.obj
 0004:00000d80       $pdata$_ssRegisterSymbolicDimsMinus 0000000180043d80     SpeedgoatCANOpen2Buses100us_sfun_registry.obj
 0004:00000d8c       $pdata$_ssRegisterSymbolicDimsMultiply 0000000180043d8c     SpeedgoatCANOpen2Buses100us_sfun_registry.obj
 0004:00000d98       $pdata$_ssRegisterSymbolicDimsDivide 0000000180043d98     SpeedgoatCANOpen2Buses100us_sfun_registry.obj
 0004:00000da4       $pdata$_ssGetNumSymbolicDims 0000000180043da4     SpeedgoatCANOpen2Buses100us_sfun_registry.obj
 0004:00000db0       $pdata$_ssGetSymbolicDim   0000000180043db0     SpeedgoatCANOpen2Buses100us_sfun_registry.obj
 0004:00000dbc       $pdata$_ssSetInputPortSymbolicDimsId 0000000180043dbc     SpeedgoatCANOpen2Buses100us_sfun_registry.obj
 0004:00000dc8       $pdata$_ssGetCompInputPortSymbolicDimsId 0000000180043dc8     SpeedgoatCANOpen2Buses100us_sfun_registry.obj
 0004:00000dd4       $pdata$_ssSetCompInputPortSymbolicDimsId 0000000180043dd4     SpeedgoatCANOpen2Buses100us_sfun_registry.obj
 0004:00000de0       $pdata$_ssSetOutputPortSymbolicDimsId 0000000180043de0     SpeedgoatCANOpen2Buses100us_sfun_registry.obj
 0004:00000dec       $pdata$_ssGetCompOutputPortSymbolicDimsId 0000000180043dec     SpeedgoatCANOpen2Buses100us_sfun_registry.obj
 0004:00000df8       $pdata$_ssSetCompOutputPortSymbolicDimsId 0000000180043df8     SpeedgoatCANOpen2Buses100us_sfun_registry.obj
 0004:00000e04       $pdata$_ssSetCompDWorkSymbolicDimsId 0000000180043e04     SpeedgoatCANOpen2Buses100us_sfun_registry.obj
 0004:00000e10       $pdata$sf_process_check_sum_call 0000000180043e10     SpeedgoatCANOpen2Buses100us_sfun_registry.obj
 0004:00000e1c       $pdata$sf_process_testpoint_info_call 0000000180043e1c     SpeedgoatCANOpen2Buses100us_sfun_registry.obj
 0004:00000e28       $pdata$sf_process_autoinheritance_call 0000000180043e28     SpeedgoatCANOpen2Buses100us_sfun_registry.obj
 0004:00000e34       $pdata$sf_process_get_third_party_uses_info_call 0000000180043e34     SpeedgoatCANOpen2Buses100us_sfun_registry.obj
 0004:00000e40       $pdata$sf_process_get_jit_fallback_info_call 0000000180043e40     SpeedgoatCANOpen2Buses100us_sfun_registry.obj
 0004:00000e4c       $pdata$sf_process_get_updateBuildInfo_args_info_call 0000000180043e4c     SpeedgoatCANOpen2Buses100us_sfun_registry.obj
 0004:00000e58       $pdata$sf_process_get_eml_resolved_functions_info_call 0000000180043e58     SpeedgoatCANOpen2Buses100us_sfun_registry.obj
 0004:00000e64       $pdata$sf_mex_unlock_call  0000000180043e64     SpeedgoatCANOpen2Buses100us_sfun_registry.obj
 0004:00000e70       $pdata$sf_debug_api_wrapper 0000000180043e70     SpeedgoatCANOpen2Buses100us_sfun_registry.obj
 0004:00000e7c       $pdata$ProcessMexSfunctionCmdLineCall 0000000180043e7c     SpeedgoatCANOpen2Buses100us_sfun_registry.obj
 0004:00000e88       $pdata$sf_machine_global_initializer_called 0000000180043e88     SpeedgoatCANOpen2Buses100us_sfun_registry.obj
 0004:00000e94       $pdata$sf_machine_global_method_dispatcher 0000000180043e94     SpeedgoatCANOpen2Buses100us_sfun_registry.obj
 0004:00000ea0       $pdata$sf_machine_global_terminator 0000000180043ea0     SpeedgoatCANOpen2Buses100us_sfun_registry.obj
 0004:00000eac       $pdata$sf_register_machine_exported_symbols 0000000180043eac     SpeedgoatCANOpen2Buses100us_sfun_registry.obj
 0004:00000eb8       $pdata$sf_machine_global_initializer 0000000180043eb8     SpeedgoatCANOpen2Buses100us_sfun_registry.obj
 0004:00000ec4       $pdata$mdlGetSimState      0000000180043ec4     SpeedgoatCANOpen2Buses100us_sfun_registry.obj
 0004:00000ed0       $pdata$mdlSetSimState      0000000180043ed0     SpeedgoatCANOpen2Buses100us_sfun_registry.obj
 0004:00000edc       $pdata$mdlSetWorkWidths    0000000180043edc     SpeedgoatCANOpen2Buses100us_sfun_registry.obj
 0004:00000ee8       $pdata$mdlProcessParameters 0000000180043ee8     SpeedgoatCANOpen2Buses100us_sfun_registry.obj
 0004:00000ef4       $pdata$mdl_start_processing 0000000180043ef4     SpeedgoatCANOpen2Buses100us_sfun_registry.obj
 0004:00000f00       $pdata$mdl_terminate_processing 0000000180043f00     SpeedgoatCANOpen2Buses100us_sfun_registry.obj
 0004:00000f0c       $pdata$mdlStart            0000000180043f0c     SpeedgoatCANOpen2Buses100us_sfun_registry.obj
 0004:00000f18       $pdata$mdlTerminate        0000000180043f18     SpeedgoatCANOpen2Buses100us_sfun_registry.obj
 0004:00000f24       $pdata$mdlInitializeSizes  0000000180043f24     SpeedgoatCANOpen2Buses100us_sfun_registry.obj
 0004:00000f30       $pdata$mdlInitializeSampleTimes 0000000180043f30     SpeedgoatCANOpen2Buses100us_sfun_registry.obj
 0004:00000f3c       $pdata$mdl_outputs_continuous_legacy 0000000180043f3c     SpeedgoatCANOpen2Buses100us_sfun_registry.obj
 0004:00000f48       $pdata$mdl_outputs_processing 0000000180043f48     SpeedgoatCANOpen2Buses100us_sfun_registry.obj
 0004:00000f54       $pdata$mdl_zeroCrossings_processing 0000000180043f54     SpeedgoatCANOpen2Buses100us_sfun_registry.obj
 0004:00000f60       $pdata$mdlZeroCrossings    0000000180043f60     SpeedgoatCANOpen2Buses100us_sfun_registry.obj
 0004:00000f6c       $pdata$mdl_derivatives_processing 0000000180043f6c     SpeedgoatCANOpen2Buses100us_sfun_registry.obj
 0004:00000f78       $pdata$mdlDerivatives      0000000180043f78     SpeedgoatCANOpen2Buses100us_sfun_registry.obj
 0004:00000f84       $pdata$mdl_initialize_conditions_processing 0000000180043f84     SpeedgoatCANOpen2Buses100us_sfun_registry.obj
 0004:00000f90       $pdata$mdlInitializeConditions 0000000180043f90     SpeedgoatCANOpen2Buses100us_sfun_registry.obj
 0004:00000f9c       $pdata$mdl_ext_mode_exec_processing 0000000180043f9c     SpeedgoatCANOpen2Buses100us_sfun_registry.obj
 0004:00000fa8       $pdata$mdlExtModeExec      0000000180043fa8     SpeedgoatCANOpen2Buses100us_sfun_registry.obj
 0004:00000fb4       $pdata$mdlRTW              0000000180043fb4     SpeedgoatCANOpen2Buses100us_sfun_registry.obj
 0004:00000fc0       $pdata$mdl_enable_processing 0000000180043fc0     SpeedgoatCANOpen2Buses100us_sfun_registry.obj
 0004:00000fcc       $pdata$mdlEnable           0000000180043fcc     SpeedgoatCANOpen2Buses100us_sfun_registry.obj
 0004:00000fd8       $pdata$mdl_disable_processing 0000000180043fd8     SpeedgoatCANOpen2Buses100us_sfun_registry.obj
 0004:00000fe4       $pdata$mdlDisable          0000000180043fe4     SpeedgoatCANOpen2Buses100us_sfun_registry.obj
 0004:00000ff0       $pdata$mdlOutputs          0000000180043ff0     SpeedgoatCANOpen2Buses100us_sfun_registry.obj
 0004:00000ffc       $pdata$mdl_update_processing 0000000180043ffc     SpeedgoatCANOpen2Buses100us_sfun_registry.obj
 0004:00001008       $pdata$mdlUpdate           0000000180044008     SpeedgoatCANOpen2Buses100us_sfun_registry.obj
 0004:00001014       $pdata$ProcessMexSfunctionEveryCall 0000000180044014     SpeedgoatCANOpen2Buses100us_sfun_registry.obj
 0004:00001020       $pdata$_RegNumInputPortsCB 0000000180044020     SpeedgoatCANOpen2Buses100us_sfun_registry.obj
 0004:0000102c       $pdata$_RegNumOutputPortsCB 000000018004402c     SpeedgoatCANOpen2Buses100us_sfun_registry.obj
 0004:00001038       $pdata$_CreateSimStruct    0000000180044038     SpeedgoatCANOpen2Buses100us_sfun_registry.obj
 0004:00001044       $pdata$_ProcessMexSfunctionCmdLineCall 0000000180044044     SpeedgoatCANOpen2Buses100us_sfun_registry.obj
 0004:00001050       $pdata$ReportIndexOutOfBoundsError 0000000180044050     SpeedgoatCANOpen2Buses100us_sfun_registry.obj
 0004:0000105c       $pdata$_vsnprintf_l        000000018004405c     SpeedgoatCANOpen2Buses100us_sfun_registry.obj
 0004:00001068       $pdata$_vsprintf_l         0000000180044068     SpeedgoatCANOpen2Buses100us_sfun_registry.obj
 0004:00001074       $pdata$sprintf             0000000180044074     SpeedgoatCANOpen2Buses100us_sfun_registry.obj
 0004:00001080       $pdata$__raise_securityfailure 0000000180044080     MSVCRT:gs_report.obj
 0004:0000108c       $pdata$__report_gsfailure  000000018004408c     MSVCRT:gs_report.obj
 0004:00001098       $pdata$__report_rangecheckfailure 0000000180044098     MSVCRT:gs_report.obj
 0004:000010a4       $pdata$__report_securityfailure 00000001800440a4     MSVCRT:gs_report.obj
 0004:000010b0       $pdata$__report_securityfailureEx 00000001800440b0     MSVCRT:gs_report.obj
 0004:000010bc       $pdata$capture_current_context 00000001800440bc     MSVCRT:gs_report.obj
 0004:000010c8       $pdata$capture_previous_context 00000001800440c8     MSVCRT:gs_report.obj
 0004:000010d4       $pdata$__GSHandlerCheck    00000001800440d4     MSVCRT:gshandler.obj
 0004:000010e0       $pdata$__GSHandlerCheckCommon 00000001800440e0     MSVCRT:gshandler.obj
 0004:000010f8       $pdata$?dllmain_crt_dispatch@@YAHQEAUHINSTANCE__@@KQEAX@Z 00000001800440f8     MSVCRT:dll_dllmain.obj
 0004:00001104       $pdata$?dllmain_crt_process_attach@@YAHQEAUHINSTANCE__@@QEAX@Z 0000000180044104     MSVCRT:dll_dllmain.obj
 0004:00001110       $pdata$?dllmain_crt_process_detach@@YAH_N@Z 0000000180044110     MSVCRT:dll_dllmain.obj
 0004:0000111c       $pdata$?dllmain_dispatch@@YAHQEAUHINSTANCE__@@KQEAX@Z 000000018004411c     MSVCRT:dll_dllmain.obj
 0004:00001128       $pdata$_DllMainCRTStartup  0000000180044128     MSVCRT:dll_dllmain.obj
 0004:00001134       $pdata$__get_entropy       0000000180044134     MSVCRT:gs_support.obj
 0004:00001140       $pdata$__security_init_cookie 0000000180044140     MSVCRT:gs_support.obj
 0004:0000114c       $pdata$DllMain             000000018004414c     MSVCRT:dll_dllmain_stub.obj
 0004:00001158       $pdata$__scrt_initialize_default_local_stdio_options 0000000180044158     MSVCRT:default_local_stdio_options.obj
 0004:00001164       $pdata$?configure_argv@__scrt_narrow_argv_policy@@SAHXZ 0000000180044164     MSVCRT:utility.obj
 0004:00001170       $pdata$__scrt_acquire_startup_lock 0000000180044170     MSVCRT:utility.obj
 0004:0000117c       $pdata$__scrt_dllmain_after_initialize_c 000000018004417c     MSVCRT:utility.obj
 0004:00001188       $pdata$__scrt_dllmain_before_initialize_c 0000000180044188     MSVCRT:utility.obj
 0004:00001194       $pdata$__scrt_dllmain_crt_thread_attach 0000000180044194     MSVCRT:utility.obj
 0004:000011a0       $pdata$__scrt_dllmain_crt_thread_detach 00000001800441a0     MSVCRT:utility.obj
 0004:000011ac       $pdata$__scrt_dllmain_exception_filter 00000001800441ac     MSVCRT:utility.obj
 0004:000011b8       $pdata$__scrt_dllmain_uninitialize_c 00000001800441b8     MSVCRT:utility.obj
 0004:000011c4       $pdata$__scrt_dllmain_uninitialize_critical 00000001800441c4     MSVCRT:utility.obj
 0004:000011d0       $pdata$__scrt_initialize_crt 00000001800441d0     MSVCRT:utility.obj
 0004:000011dc       $pdata$__scrt_initialize_onexit_tables 00000001800441dc     MSVCRT:utility.obj
 0004:000011e8       $pdata$__scrt_is_nonwritable_in_current_image 00000001800441e8     MSVCRT:utility.obj
 0004:000011f4       $pdata$__scrt_release_startup_lock 00000001800441f4     MSVCRT:utility.obj
 0004:00001200       $pdata$__scrt_uninitialize_crt 0000000180044200     MSVCRT:utility.obj
 0004:0000120c       $pdata$_onexit             000000018004420c     MSVCRT:utility.obj
 0004:00001218       $pdata$atexit              0000000180044218     MSVCRT:utility.obj
 0004:00001224       $pdata$__scrt_fastfail     0000000180044224     MSVCRT:utility_desktop.obj
 0004:00001230       $pdata$__scrt_get_show_window_mode 0000000180044230     MSVCRT:utility_desktop.obj
 0004:0000123c       $pdata$__scrt_is_managed_app 000000018004423c     MSVCRT:utility_desktop.obj
 0004:00001248       $pdata$__scrt_unhandled_exception_filter 0000000180044248     MSVCRT:utility_desktop.obj
 0004:00001254       $pdata$_RTC_Initialize     0000000180044254     MSVCRT:initsect.obj
 0004:00001260       $pdata$_RTC_Terminate      0000000180044260     MSVCRT:initsect.obj
 0004:0000126c       $pdata$__isa_available_init 000000018004426c     MSVCRT:cpu_disp.obj
 0004:00001284       $pdata$?fin$0@?0??dllmain_crt_process_attach@@YAHQEAUHINSTANCE__@@QEAX@Z@4HA 0000000180044284     MSVCRT:dll_dllmain.obj
 0004:00001290       $pdata$?fin$0@?0??dllmain_crt_process_detach@@YAH_N@Z@4HA 0000000180044290     MSVCRT:dll_dllmain.obj
 0004:0000129c       $pdata$?filt$0@?0??dllmain_dispatch@@YAHQEAUHINSTANCE__@@KQEAX@Z@4HA 000000018004429c     MSVCRT:dll_dllmain.obj
 0004:000012a8       $pdata$__scrt_is_nonwritable_in_current_image$filt$0 00000001800442a8     MSVCRT:utility.obj
