 SpeedgoatCANOpen2Buses100us_sfun

 Timestamp is 60cdb9d1 (Sat Jun 19 12:33:05 2021)

 Preferred load address is 0000000180000000

 Start         Length     Name                   Class
 0001:00000000 00033990H .text$mn                CODE
 0001:00033990 00000012H .text$mn$00             CODE
 0001:000339a2 00000081H .text$x                 CODE
 0002:00000000 00000510H .idata$5                DATA
 0002:00000510 00000010H .00cfg                  DATA
 0002:00000520 00000008H .CRT$XCA                DATA
 0002:00000528 00000008H .CRT$XCZ                DATA
 0002:00000530 00000008H .CRT$XIA                DATA
 0002:00000538 00000008H .CRT$XIZ                DATA
 0002:00000540 00000008H .CRT$XPA                DATA
 0002:00000548 00000008H .CRT$XPZ                DATA
 0002:00000550 00000008H .CRT$XTA                DATA
 0002:00000558 00000008H .CRT$XTZ                DATA
 0002:00000560 00000000H .gfids$y                DATA
 0002:00000560 00000250H .rdata                  DATA
 0002:000007b0 00000218H .rdata$zzzdbg           DATA
 0002:000009c8 00000008H .rtc$IAA                DATA
 0002:000009d0 00000008H .rtc$IZZ                DATA
 0002:000009d8 00000008H .rtc$TAA                DATA
 0002:000009e0 00000008H .rtc$TZZ                DATA
 0002:000009e8 00000ee8H .xdata                  DATA
 0002:000018d0 0000008cH .edata                  DATA
 0002:0000195c 000000dcH .idata$2                DATA
 0002:00001a38 00000018H .idata$3                DATA
 0002:00001a50 00000510H .idata$4                DATA
 0002:00001f60 00000f7cH .idata$6                DATA
 0003:00000000 00006b80H .data                   DATA
 0003:00006b80 00000770H .bss                    DATA
 0004:00000000 000012e4H .pdata                  DATA

  Address         Publics by Value              Rva+Base               Lib:Object

 0000:00000000       ___safe_se_handler_table   0000000000000000     <absolute>
 0000:00000000       __volatile_metadata        0000000000000000     <absolute>
 0000:00000000       __guard_iat_count          0000000000000000     <absolute>
 0000:00000000       __dynamic_value_reloc_table 0000000000000000     <absolute>
 0000:00000000       __guard_iat_table          0000000000000000     <absolute>
 0000:00000000       __hybrid_code_map          0000000000000000     <absolute>
 0000:00000000       __hybrid_code_map_count    0000000000000000     <absolute>
 0000:00000000       __guard_fids_count         0000000000000000     <absolute>
 0000:00000000       __enclave_config           0000000000000000     <absolute>
 0000:00000000       __guard_longjmp_count      0000000000000000     <absolute>
 0000:00000000       __hybrid_auxiliary_iat     0000000000000000     <absolute>
 0000:00000000       ___safe_se_handler_count   0000000000000000     <absolute>
 0000:00000000       __guard_fids_table         0000000000000000     <absolute>
 0000:00000000       __guard_longjmp_table      0000000000000000     <absolute>
 0000:00000100       __guard_flags              0000000000000100     <absolute>
 0000:00000000       __ImageBase                0000000180000000     <linker-defined>
 0001:00000000       SpeedgoatCANOpen2Buses100us_initializer 0000000180001000 f   SpeedgoatCANOpen2Buses100us_sfun.obj
 0001:00000010       SpeedgoatCANOpen2Buses100us_terminator 0000000180001010 f   SpeedgoatCANOpen2Buses100us_sfun.obj
 0001:00000020       load_SpeedgoatCANOpen2Buses100us_optimization_info 0000000180001020 f   SpeedgoatCANOpen2Buses100us_sfun.obj
 0001:000000d0       unload_SpeedgoatCANOpen2Buses100us_optimization_info 00000001800010d0 f   SpeedgoatCANOpen2Buses100us_sfun.obj
 0001:00000100       sf_SpeedgoatCANOpen2Buses100us_method_dispatcher 0000000180001100 f   SpeedgoatCANOpen2Buses100us_sfun.obj
 0001:000001b0       sf_SpeedgoatCANOpen2Buses100us_process_testpoint_info_call 00000001800011b0 f   SpeedgoatCANOpen2Buses100us_sfun.obj
 0001:00000400       sf_SpeedgoatCANOpen2Buses100us_process_check_sum_call 0000000180001400 f   SpeedgoatCANOpen2Buses100us_sfun.obj
 0001:00000940       sf_SpeedgoatCANOpen2Buses100us_autoinheritance_info 0000000180001940 f   SpeedgoatCANOpen2Buses100us_sfun.obj
 0001:00000c50       sf_SpeedgoatCANOpen2Buses100us_get_eml_resolved_functions_info 0000000180001c50 f   SpeedgoatCANOpen2Buses100us_sfun.obj
 0001:00000f40       sf_SpeedgoatCANOpen2Buses100us_third_party_uses_info 0000000180001f40 f   SpeedgoatCANOpen2Buses100us_sfun.obj
 0001:000011c0       sf_SpeedgoatCANOpen2Buses100us_jit_fallback_info 00000001800021c0 f   SpeedgoatCANOpen2Buses100us_sfun.obj
 0001:00001440       sf_SpeedgoatCANOpen2Buses100us_updateBuildInfo_args_info 0000000180002440 f   SpeedgoatCANOpen2Buses100us_sfun.obj
 0001:000016c0       SpeedgoatCANOpen2Buses100us_debug_initialize 00000001800026c0 f   SpeedgoatCANOpen2Buses100us_sfun.obj
 0001:00001740       SpeedgoatCANOpen2Buses100us_register_exported_symbols 0000000180002740 f   SpeedgoatCANOpen2Buses100us_sfun.obj
 0001:00001750       sf_c1_SpeedgoatCANOpen2Buses100us_get_eml_resolved_functions_info 0000000180002750 f   c1_SpeedgoatCANOpen2Buses100us.obj
 0001:000017d0       sf_c1_SpeedgoatCANOpen2Buses100us_get_check_sum 00000001800027d0 f   c1_SpeedgoatCANOpen2Buses100us.obj
 0001:000018a0       c1_SpeedgoatCANOpen2Buses100us_method_dispatcher 00000001800028a0 f   c1_SpeedgoatCANOpen2Buses100us.obj
 0001:000095b0       sf_c1_SpeedgoatCANOpen2Buses100us_get_post_codegen_info 000000018000a5b0 f   c1_SpeedgoatCANOpen2Buses100us.obj
 0001:00009680       sf_c1_SpeedgoatCANOpen2Buses100us_get_autoinheritance_info 000000018000a680 f   c1_SpeedgoatCANOpen2Buses100us.obj
 0001:0000a3e0       sf_c1_SpeedgoatCANOpen2Buses100us_third_party_uses_info 000000018000b3e0 f   c1_SpeedgoatCANOpen2Buses100us.obj
 0001:0000a410       sf_c1_SpeedgoatCANOpen2Buses100us_jit_fallback_info 000000018000b410 f   c1_SpeedgoatCANOpen2Buses100us.obj
 0001:0000a5a0       sf_c1_SpeedgoatCANOpen2Buses100us_updateBuildInfo_args_info 000000018000b5a0 f   c1_SpeedgoatCANOpen2Buses100us.obj
 0001:0000aac0       sf_c1_SpeedgoatCANOpen2Buses100us_get_testpoint_info 000000018000bac0 f   c1_SpeedgoatCANOpen2Buses100us.obj
 0001:0000b500       sf_c2_SpeedgoatCANOpen2Buses100us_get_eml_resolved_functions_info 000000018000c500 f   c2_SpeedgoatCANOpen2Buses100us.obj
 0001:0000b580       sf_c2_SpeedgoatCANOpen2Buses100us_get_check_sum 000000018000c580 f   c2_SpeedgoatCANOpen2Buses100us.obj
 0001:0000b650       c2_SpeedgoatCANOpen2Buses100us_method_dispatcher 000000018000c650 f   c2_SpeedgoatCANOpen2Buses100us.obj
 0001:00013360       sf_c2_SpeedgoatCANOpen2Buses100us_get_post_codegen_info 0000000180014360 f   c2_SpeedgoatCANOpen2Buses100us.obj
 0001:00013430       sf_c2_SpeedgoatCANOpen2Buses100us_get_autoinheritance_info 0000000180014430 f   c2_SpeedgoatCANOpen2Buses100us.obj
 0001:00014190       sf_c2_SpeedgoatCANOpen2Buses100us_third_party_uses_info 0000000180015190 f   c2_SpeedgoatCANOpen2Buses100us.obj
 0001:000141c0       sf_c2_SpeedgoatCANOpen2Buses100us_jit_fallback_info 00000001800151c0 f   c2_SpeedgoatCANOpen2Buses100us.obj
 0001:00014350       sf_c2_SpeedgoatCANOpen2Buses100us_updateBuildInfo_args_info 0000000180015350 f   c2_SpeedgoatCANOpen2Buses100us.obj
 0001:00014870       sf_c2_SpeedgoatCANOpen2Buses100us_get_testpoint_info 0000000180015870 f   c2_SpeedgoatCANOpen2Buses100us.obj
 0001:000152b0       sf_c3_SpeedgoatCANOpen2Buses100us_get_eml_resolved_functions_info 00000001800162b0 f   c3_SpeedgoatCANOpen2Buses100us.obj
 0001:00015330       sf_c3_SpeedgoatCANOpen2Buses100us_get_check_sum 0000000180016330 f   c3_SpeedgoatCANOpen2Buses100us.obj
 0001:00015400       c3_SpeedgoatCANOpen2Buses100us_method_dispatcher 0000000180016400 f   c3_SpeedgoatCANOpen2Buses100us.obj
 0001:0001d110       sf_c3_SpeedgoatCANOpen2Buses100us_get_post_codegen_info 000000018001e110 f   c3_SpeedgoatCANOpen2Buses100us.obj
 0001:0001d1e0       sf_c3_SpeedgoatCANOpen2Buses100us_get_autoinheritance_info 000000018001e1e0 f   c3_SpeedgoatCANOpen2Buses100us.obj
 0001:0001df40       sf_c3_SpeedgoatCANOpen2Buses100us_third_party_uses_info 000000018001ef40 f   c3_SpeedgoatCANOpen2Buses100us.obj
 0001:0001df70       sf_c3_SpeedgoatCANOpen2Buses100us_jit_fallback_info 000000018001ef70 f   c3_SpeedgoatCANOpen2Buses100us.obj
 0001:0001e100       sf_c3_SpeedgoatCANOpen2Buses100us_updateBuildInfo_args_info 000000018001f100 f   c3_SpeedgoatCANOpen2Buses100us.obj
 0001:0001e620       sf_c3_SpeedgoatCANOpen2Buses100us_get_testpoint_info 000000018001f620 f   c3_SpeedgoatCANOpen2Buses100us.obj
 0001:0001f060       sf_c12_SpeedgoatCANOpen2Buses100us_get_eml_resolved_functions_info 0000000180020060 f   c12_SpeedgoatCANOpen2Buses100us.obj
 0001:0001f0e0       sf_c12_SpeedgoatCANOpen2Buses100us_get_check_sum 00000001800200e0 f   c12_SpeedgoatCANOpen2Buses100us.obj
 0001:0001f1b0       c12_SpeedgoatCANOpen2Buses100us_method_dispatcher 00000001800201b0 f   c12_SpeedgoatCANOpen2Buses100us.obj
 0001:00026ec0       sf_c12_SpeedgoatCANOpen2Buses100us_get_post_codegen_info 0000000180027ec0 f   c12_SpeedgoatCANOpen2Buses100us.obj
 0001:00026f90       sf_c12_SpeedgoatCANOpen2Buses100us_get_autoinheritance_info 0000000180027f90 f   c12_SpeedgoatCANOpen2Buses100us.obj
 0001:00027cf0       sf_c12_SpeedgoatCANOpen2Buses100us_third_party_uses_info 0000000180028cf0 f   c12_SpeedgoatCANOpen2Buses100us.obj
 0001:00027d20       sf_c12_SpeedgoatCANOpen2Buses100us_jit_fallback_info 0000000180028d20 f   c12_SpeedgoatCANOpen2Buses100us.obj
 0001:00027eb0       sf_c12_SpeedgoatCANOpen2Buses100us_updateBuildInfo_args_info 0000000180028eb0 f   c12_SpeedgoatCANOpen2Buses100us.obj
 0001:000283d0       sf_c12_SpeedgoatCANOpen2Buses100us_get_testpoint_info 00000001800293d0 f   c12_SpeedgoatCANOpen2Buses100us.obj
 0001:00028e10       mexFunction                0000000180029e10 f   SpeedgoatCANOpen2Buses100us_sfun_registry.obj
 0001:0002b3d0       _ssSetInputPortDirectFeedThroughFcn 000000018002c3d0 f   SpeedgoatCANOpen2Buses100us_sfun_registry.obj
 0001:0002b540       _ssSetRWorkValueFcn        000000018002c540 f   SpeedgoatCANOpen2Buses100us_sfun_registry.obj
 0001:0002b5c0       _ssGetRWorkValueFcn        000000018002c5c0 f   SpeedgoatCANOpen2Buses100us_sfun_registry.obj
 0001:0002b630       _ssSetIWorkValueFcn        000000018002c630 f   SpeedgoatCANOpen2Buses100us_sfun_registry.obj
 0001:0002b6b0       _ssGetIWorkValueFcn        000000018002c6b0 f   SpeedgoatCANOpen2Buses100us_sfun_registry.obj
 0001:0002b720       _ssSetPWorkValueFcn        000000018002c720 f   SpeedgoatCANOpen2Buses100us_sfun_registry.obj
 0001:0002b7a0       _ssGetPWorkValueFcn        000000018002c7a0 f   SpeedgoatCANOpen2Buses100us_sfun_registry.obj
 0001:0002b810       _ssGetInputPortSignalFcn   000000018002c810 f   SpeedgoatCANOpen2Buses100us_sfun_registry.obj
 0001:0002bba0       _ssGetInputPortBufferDstPortFcn 000000018002cba0 f   SpeedgoatCANOpen2Buses100us_sfun_registry.obj
 0001:0002bc20       _ssGetInputPortSignalPtrsFcn 000000018002cc20 f   SpeedgoatCANOpen2Buses100us_sfun_registry.obj
 0001:0002bfb0       ssGetParameterTuningCompliance 000000018002cfb0 f   SpeedgoatCANOpen2Buses100us_sfun_registry.obj
 0001:0002c020       ssGetDTypeIdFromMxArray    000000018002d020 f   SpeedgoatCANOpen2Buses100us_sfun_registry.obj
 0001:0002c140       ssWriteRTWMx2dMatParam     000000018002d140 f   SpeedgoatCANOpen2Buses100us_sfun_registry.obj
 0001:0002c1d0       ssWriteRTWMxVectParam      000000018002d1d0 f   SpeedgoatCANOpen2Buses100us_sfun_registry.obj
 0001:0002c250       ssWriteRTWParameters       000000018002d250 f   SpeedgoatCANOpen2Buses100us_sfun_registry.obj
 0001:0002c810       ssWriteRTWParamSettings    000000018002d810 f   SpeedgoatCANOpen2Buses100us_sfun_registry.obj
 0001:0002cf00       ssWriteRTWStr              000000018002df00 f   SpeedgoatCANOpen2Buses100us_sfun_registry.obj
 0001:0002cf60       ssWriteRTWWorkVect         000000018002df60 f   SpeedgoatCANOpen2Buses100us_sfun_registry.obj
 0001:0002d4c0       ssWarning                  000000018002e4c0 f   SpeedgoatCANOpen2Buses100us_sfun_registry.obj
 0001:0002d5b0       ssWriteRTWNameValuePair    000000018002e5b0 f   SpeedgoatCANOpen2Buses100us_sfun_registry.obj
 0001:0002dab0       _ssSetInputPortMatrixDimensions 000000018002eab0 f   SpeedgoatCANOpen2Buses100us_sfun_registry.obj
 0001:0002dbd0       _ssSetOutputPortMatrixDimensions 000000018002ebd0 f   SpeedgoatCANOpen2Buses100us_sfun_registry.obj
 0001:0002dcf0       _ssSetInputPortVectorDimension 000000018002ecf0 f   SpeedgoatCANOpen2Buses100us_sfun_registry.obj
 0001:0002dda0       _ssSetOutputPortVectorDimension 000000018002eda0 f   SpeedgoatCANOpen2Buses100us_sfun_registry.obj
 0001:0002de50       ssIsRunTimeParamTunable    000000018002ee50 f   SpeedgoatCANOpen2Buses100us_sfun_registry.obj
 0001:0002dec0       ssGetSFuncBlockHandle      000000018002eec0 f   SpeedgoatCANOpen2Buses100us_sfun_registry.obj
 0001:0002df30       _ssGetCurrentInputPortWidth 000000018002ef30 f   SpeedgoatCANOpen2Buses100us_sfun_registry.obj
 0001:0002e050       _ssGetCurrentOutputPortWidth 000000018002f050 f   SpeedgoatCANOpen2Buses100us_sfun_registry.obj
 0001:0002e170       _ssGetCallSystemNumFcnCallDestinations 000000018002f170 f   SpeedgoatCANOpen2Buses100us_sfun_registry.obj
 0001:0002e1e0       ssGetIsZeroCrossControlDisabled 000000018002f1e0 f   SpeedgoatCANOpen2Buses100us_sfun_registry.obj
 0001:0002e250       ssSetIsInputPortUsedForContZcSignal 000000018002f250 f   SpeedgoatCANOpen2Buses100us_sfun_registry.obj
 0001:0002e2c0       ssSetZcSignalIsZcElementDisc 000000018002f2c0 f   SpeedgoatCANOpen2Buses100us_sfun_registry.obj
 0001:0002e370       ssSetZcSignalName          000000018002f370 f   SpeedgoatCANOpen2Buses100us_sfun_registry.obj
 0001:0002e3e0       ssSetZcSignalWidth         000000018002f3e0 f   SpeedgoatCANOpen2Buses100us_sfun_registry.obj
 0001:0002e450       ssSetZcSignalZcEventType   000000018002f450 f   SpeedgoatCANOpen2Buses100us_sfun_registry.obj
 0001:0002e4c0       ssSetZcSignalType          000000018002f4c0 f   SpeedgoatCANOpen2Buses100us_sfun_registry.obj
 0001:0002e530       ssSetZcSignalZcTol         000000018002f530 f   SpeedgoatCANOpen2Buses100us_sfun_registry.obj
 0001:0002e5a0       ssSetZcSignalNeedsEventNotification 000000018002f5a0 f   SpeedgoatCANOpen2Buses100us_sfun_registry.obj
 0001:0002e610       ssCreateAndAddZcSignalInfo 000000018002f610 f   SpeedgoatCANOpen2Buses100us_sfun_registry.obj
 0001:0002e680       ssCloneAndAddZcSignalInfo  000000018002f680 f   SpeedgoatCANOpen2Buses100us_sfun_registry.obj
 0001:0002e6f0       ssGetNumZcSignals          000000018002f6f0 f   SpeedgoatCANOpen2Buses100us_sfun_registry.obj
 0001:0002e760       ssGetZcSignalVector        000000018002f760 f   SpeedgoatCANOpen2Buses100us_sfun_registry.obj
 0001:0002e7d0       ssGetZcSignalName          000000018002f7d0 f   SpeedgoatCANOpen2Buses100us_sfun_registry.obj
 0001:0002e840       ssGetZcSignalWidth         000000018002f840 f   SpeedgoatCANOpen2Buses100us_sfun_registry.obj
 0001:0002e8b0       ssGetZcSignalZcEventType   000000018002f8b0 f   SpeedgoatCANOpen2Buses100us_sfun_registry.obj
 0001:0002e920       ssGetZcSignalZcEvents      000000018002f920 f   SpeedgoatCANOpen2Buses100us_sfun_registry.obj
 0001:0002e990       ssGetZcSignalType          000000018002f990 f   SpeedgoatCANOpen2Buses100us_sfun_registry.obj
 0001:0002ea00       ssGetZcSignalZcTol         000000018002fa00 f   SpeedgoatCANOpen2Buses100us_sfun_registry.obj
 0001:0002ea80       ssGetZcSignalNeedsEventNotification 000000018002fa80 f   SpeedgoatCANOpen2Buses100us_sfun_registry.obj
 0001:0002eaf0       ssGetZcSignalIsZcElementDisc 000000018002faf0 f   SpeedgoatCANOpen2Buses100us_sfun_registry.obj
 0001:0002eb90       ssGetIsInputPortElementContinuous 000000018002fb90 f   SpeedgoatCANOpen2Buses100us_sfun_registry.obj
 0001:0002ec30       _ssGetAbsTol               000000018002fc30 f   SpeedgoatCANOpen2Buses100us_sfun_registry.obj
 0001:0002eca0       _ssSetStateAbsTol          000000018002fca0 f   SpeedgoatCANOpen2Buses100us_sfun_registry.obj
 0001:0002ed80       _ssSetInputPortReusableFcn 000000018002fd80 f   SpeedgoatCANOpen2Buses100us_sfun_registry.obj
 0001:0002ee80       _ssSetOutputPortReusableFcn 000000018002fe80 f   SpeedgoatCANOpen2Buses100us_sfun_registry.obj
 0001:0002ef80       _ssSetSymbolicDimsSupport  000000018002ff80 f   SpeedgoatCANOpen2Buses100us_sfun_registry.obj
 0001:0002eff0       _ssRegisterSymbolicDimsExpr 000000018002fff0 f   SpeedgoatCANOpen2Buses100us_sfun_registry.obj
 0001:0002f070       _ssRegisterSymbolicDims    0000000180030070 f   SpeedgoatCANOpen2Buses100us_sfun_registry.obj
 0001:0002f110       _ssRegisterSymbolicDimsString 0000000180030110 f   SpeedgoatCANOpen2Buses100us_sfun_registry.obj
 0001:0002f190       _ssRegisterSymbolicDimsIntValue 0000000180030190 f   SpeedgoatCANOpen2Buses100us_sfun_registry.obj
 0001:0002f200       _ssRegisterSymbolicDimsPlus 0000000180030200 f   SpeedgoatCANOpen2Buses100us_sfun_registry.obj
 0001:0002f280       _ssRegisterSymbolicDimsMinus 0000000180030280 f   SpeedgoatCANOpen2Buses100us_sfun_registry.obj
 0001:0002f300       _ssRegisterSymbolicDimsMultiply 0000000180030300 f   SpeedgoatCANOpen2Buses100us_sfun_registry.obj
 0001:0002f380       _ssRegisterSymbolicDimsDivide 0000000180030380 f   SpeedgoatCANOpen2Buses100us_sfun_registry.obj
 0001:0002f400       _ssGetNumSymbolicDims      0000000180030400 f   SpeedgoatCANOpen2Buses100us_sfun_registry.obj
 0001:0002f470       _ssGetSymbolicDim          0000000180030470 f   SpeedgoatCANOpen2Buses100us_sfun_registry.obj
 0001:0002f4f0       _ssSetInputPortSymbolicDimsId 00000001800304f0 f   SpeedgoatCANOpen2Buses100us_sfun_registry.obj
 0001:0002f560       _ssGetCompInputPortSymbolicDimsId 0000000180030560 f   SpeedgoatCANOpen2Buses100us_sfun_registry.obj
 0001:0002f5d0       _ssSetCompInputPortSymbolicDimsId 00000001800305d0 f   SpeedgoatCANOpen2Buses100us_sfun_registry.obj
 0001:0002f640       _ssSetOutputPortSymbolicDimsId 0000000180030640 f   SpeedgoatCANOpen2Buses100us_sfun_registry.obj
 0001:0002f6b0       _ssGetCompOutputPortSymbolicDimsId 00000001800306b0 f   SpeedgoatCANOpen2Buses100us_sfun_registry.obj
 0001:0002f720       _ssSetCompOutputPortSymbolicDimsId 0000000180030720 f   SpeedgoatCANOpen2Buses100us_sfun_registry.obj
 0001:0002f790       _ssSetCompDWorkSymbolicDimsId 0000000180030790 f   SpeedgoatCANOpen2Buses100us_sfun_registry.obj
 0001:0002f800       sf_process_check_sum_call  0000000180030800 f   SpeedgoatCANOpen2Buses100us_sfun_registry.obj
 0001:0002f850       sf_process_testpoint_info_call 0000000180030850 f   SpeedgoatCANOpen2Buses100us_sfun_registry.obj
 0001:0002f8a0       sf_process_autoinheritance_call 00000001800308a0 f   SpeedgoatCANOpen2Buses100us_sfun_registry.obj
 0001:0002fad0       sf_process_get_third_party_uses_info_call 0000000180030ad0 f   SpeedgoatCANOpen2Buses100us_sfun_registry.obj
 0001:0002fd00       sf_process_get_jit_fallback_info_call 0000000180030d00 f   SpeedgoatCANOpen2Buses100us_sfun_registry.obj
 0001:0002ff30       sf_process_get_updateBuildInfo_args_info_call 0000000180030f30 f   SpeedgoatCANOpen2Buses100us_sfun_registry.obj
 0001:00030160       sf_process_get_eml_resolved_functions_info_call 0000000180031160 f   SpeedgoatCANOpen2Buses100us_sfun_registry.obj
 0001:00030390       sf_mex_unlock_call         0000000180031390 f   SpeedgoatCANOpen2Buses100us_sfun_registry.obj
 0001:00030650       sf_machine_global_initializer_called 0000000180031650 f   SpeedgoatCANOpen2Buses100us_sfun_registry.obj
 0001:00030680       sf_machine_global_method_dispatcher 0000000180031680 f   SpeedgoatCANOpen2Buses100us_sfun_registry.obj
 0001:000306e0       sf_machine_global_terminator 00000001800316e0 f   SpeedgoatCANOpen2Buses100us_sfun_registry.obj
 0001:00030740       sf_register_machine_exported_symbols 0000000180031740 f   SpeedgoatCANOpen2Buses100us_sfun_registry.obj
 0001:00030760       callCustomFcn              0000000180031760 f   SpeedgoatCANOpen2Buses100us_sfun_registry.obj
 0001:00030770       sf_machine_global_initializer 0000000180031770 f   SpeedgoatCANOpen2Buses100us_sfun_registry.obj
 0001:000307f0       mdlGetSimState             00000001800317f0 f   SpeedgoatCANOpen2Buses100us_sfun_registry.obj
 0001:00030830       mdlSetSimState             0000000180031830 f   SpeedgoatCANOpen2Buses100us_sfun_registry.obj
 0001:000310a0       ProcessMexSfunctionEveryCall 00000001800320a0 f   SpeedgoatCANOpen2Buses100us_sfun_registry.obj
 0001:000321b0       __local_stdio_printf_options 00000001800331b0 f i SpeedgoatCANOpen2Buses100us_sfun_registry.obj
 0001:000321c0       _vsnprintf_l               00000001800331c0 f i SpeedgoatCANOpen2Buses100us_sfun_registry.obj
 0001:00032240       _vsprintf_l                0000000180033240 f i SpeedgoatCANOpen2Buses100us_sfun_registry.obj
 0001:00032290       sprintf                    0000000180033290 f i SpeedgoatCANOpen2Buses100us_sfun_registry.obj
 0001:000322e0       mexfilerequiredapiversion  00000001800332e0 f   c_mexapi_version.obj
 0001:00032301       sf_load_rtw_optimization_info 0000000180033301 f   sf_runtime:sf_runtime.dll
 0001:00032307       sf_debug_initialize_machine 0000000180033307 f   sf_runtime:sf_runtime.dll
 0001:0003230d       sf_debug_set_machine_event_thresholds 000000018003330d f   sf_runtime:sf_runtime.dll
 0001:00032313       sf_debug_set_machine_data_thresholds 0000000180033313 f   sf_runtime:sf_runtime.dll
 0001:00032319       sf_init_ChartRunTimeInfo   0000000180033319 f   sf_runtime:sf_runtime.dll
 0001:0003231f       sf_free_ChartRunTimeInfo   000000018003331f f   sf_runtime:sf_runtime.dll
 0001:00032325       sfrtGetEmlrtCtx            0000000180033325 f   sf_runtime:sf_runtime.dll
 0001:0003232b       sf_get_chart_instance_ptr  000000018003332b f   sf_runtime:sf_runtime.dll
 0001:00032331       sf_rtw_info_uint_prop      0000000180033331 f   sf_runtime:sf_runtime.dll
 0001:00032337       sf_update_buildInfo        0000000180033337 f   sf_runtime:sf_runtime.dll
 0001:0003233d       sf_is_chart_inlinable      000000018003333d f   sf_runtime:sf_runtime.dll
 0001:00032343       sf_mark_chart_reusable_outputs 0000000180033343 f   sf_runtime:sf_runtime.dll
 0001:00032349       sf_mark_chart_expressionable_inputs 0000000180033349 f   sf_runtime:sf_runtime.dll
 0001:0003234f       sim_mode_is_rtw_gen        000000018003334f f   sf_runtime:sf_runtime.dll
 0001:00032355       sim_mode_is_external       0000000180033355 f   sf_runtime:sf_runtime.dll
 0001:0003235b       sim_mode_is_modelref_sim   000000018003335b f   sf_runtime:sf_runtime.dll
 0001:00032361       sf_clear_rtw_identifier    0000000180033361 f   sf_runtime:sf_runtime.dll
 0001:00032367       sf_set_rtw_dwork_info      0000000180033367 f   sf_runtime:sf_runtime.dll
 0001:0003236d       sf_get_dwork_info_from_mat_file 000000018003336d f   sf_runtime:sf_runtime.dll
 0001:00032373       sf_set_encoded_dwork_info  0000000180033373 f   sf_runtime:sf_runtime.dll
 0001:00032379       sf_get_time                0000000180033379 f   sf_runtime:sf_runtime.dll
 0001:0003237f       sf_is_first_init_cond      000000018003337f f   sf_runtime:sf_runtime.dll
 0001:00032385       setLegacyDebuggerFlagForRuntime 0000000180033385 f   sf_runtime:sf_runtime.dll
 0001:0003238b       sf_set_chart_accesses_machine_info 000000018003338b f   sf_runtime:sf_runtime.dll
 0001:00032391       sf_register_codegen_names_for_scoped_functions_defined_by_chart 0000000180033391 f   sf_runtime:sf_runtime.dll
 0001:00032397       ssSetBlockIsPurelyCombinatorial_wrapper 0000000180033397 f   sf_runtime:sf_runtime.dll
 0001:0003239d       sf_mex_error_message       000000018003339d f   sf_runtime:sf_runtime.dll
 0001:000323a3       sf_mex_create              00000001800333a3 f   sf_runtime:sf_runtime.dll
 0001:000323a9       sf_mex_createcellmatrix    00000001800333a9 f   sf_runtime:sf_runtime.dll
 0001:000323af       sf_mex_setcell             00000001800333af f   sf_runtime:sf_runtime.dll
 0001:000323b5       sf_mex_getcell             00000001800333b5 f   sf_runtime:sf_runtime.dll
 0001:000323bb       sf_mex_assign              00000001800333bb f   sf_runtime:sf_runtime.dll
 0001:000323c1       sf_mex_dup                 00000001800333c1 f   sf_runtime:sf_runtime.dll
 0001:000323c7       sf_mex_destroy             00000001800333c7 f   sf_runtime:sf_runtime.dll
 0001:000323cd       sf_mex_import              00000001800333cd f   sf_runtime:sf_runtime.dll
 0001:000323d3       sf_mex_decode_encoded_mx_struct_array 00000001800333d3 f   sf_runtime:sf_runtime.dll
 0001:000323d9       sf_mex_duplicatearraysafe  00000001800333d9 f   sf_runtime:sf_runtime.dll
 0001:000323df       ssGetDWork_wrapper         00000001800333df f   sf_runtime:sf_runtime.dll
 0001:000323e5       ssGetInputPortSignal_wrapper 00000001800333e5 f   sf_runtime:sf_runtime.dll
 0001:000323eb       ssGetOutputPortSignal_wrapper 00000001800333eb f   sf_runtime:sf_runtime.dll
 0001:000323f1       sf_read_before_write_error 00000001800333f1 f   sf_runtime:sf_runtime.dll
 0001:000323f7       sf_debug_initialize_chart  00000001800333f7 f   sf_runtime:sf_runtime.dll
 0001:000323fd       sf_debug_call              00000001800333fd f   sf_runtime:sf_runtime.dll
 0001:00032403       cv_eval_point              0000000180033403 f   sf_runtime:sf_runtime.dll
 0001:00032409       cv_eml_eval                0000000180033409 f   sf_runtime:sf_runtime.dll
 0001:0003240f       cv_eval_relational         000000018003340f f   sf_runtime:sf_runtime.dll
 0001:00032415       cv_eml_init_script         0000000180033415 f   sf_runtime:sf_runtime.dll
 0001:0003241b       cv_eml_init_if             000000018003341b f   sf_runtime:sf_runtime.dll
 0001:00032421       cv_eml_init_mcdc           0000000180033421 f   sf_runtime:sf_runtime.dll
 0001:00032427       cv_eml_init_relational     0000000180033427 f   sf_runtime:sf_runtime.dll
 0001:0003242d       sf_debug_reset_current_state_configuration 000000018003342d f   sf_runtime:sf_runtime.dll
 0001:00032433       sf_debug_set_honor_breakpoints 0000000180033433 f   sf_runtime:sf_runtime.dll
 0001:00032439       sf_debug_get_animation     0000000180033439 f   sf_runtime:sf_runtime.dll
 0001:0003243f       sf_debug_set_animation     000000018003343f f   sf_runtime:sf_runtime.dll
 0001:00032445       sf_debug_animate           0000000180033445 f   sf_runtime:sf_runtime.dll
 0001:0003244b       sf_debug_set_chart_data_props 000000018003344b f   sf_runtime:sf_runtime.dll
 0001:00032451       sf_debug_set_chart_data_compiled_props 0000000180033451 f   sf_runtime:sf_runtime.dll
 0001:00032457       sf_debug_symbol_scope_push 0000000180033457 f   sf_runtime:sf_runtime.dll
 0001:0003245d       sf_debug_symbol_scope_push_eml 000000018003345d f   sf_runtime:sf_runtime.dll
 0001:00032463       sf_debug_symbol_scope_pop  0000000180033463 f   sf_runtime:sf_runtime.dll
 0001:00032469       sf_debug_symbol_scope_add_eml_importable 0000000180033469 f   sf_runtime:sf_runtime.dll
 0001:0003246f       sf_debug_set_instance_data_value_ptr 000000018003346f f   sf_runtime:sf_runtime.dll
 0001:00032475       sf_debug_set_chart_disable_implicit_casting 0000000180033475 f   sf_runtime:sf_runtime.dll
 0001:0003247b       sf_debug_set_chart_event_thresholds 000000018003347b f   sf_runtime:sf_runtime.dll
 0001:00032481       sf_debug_set_chart_state_info 0000000180033481 f   sf_runtime:sf_runtime.dll
 0001:00032487       sf_debug_set_chart_decomposition 0000000180033487 f   sf_runtime:sf_runtime.dll
 0001:0003248d       sf_debug_set_chart_substate_count 000000018003348d f   sf_runtime:sf_runtime.dll
 0001:00032493       sf_debug_set_chart_substate_index 0000000180033493 f   sf_runtime:sf_runtime.dll
 0001:00032499       sf_debug_set_chart_state_substate_count 0000000180033499 f   sf_runtime:sf_runtime.dll
 0001:0003249f       sf_debug_data_range_wrapper 000000018003349f f   sf_runtime:sf_runtime.dll
 0001:000324a5       sf_debug_cv_init_trans     00000001800334a5 f   sf_runtime:sf_runtime.dll
 0001:000324ab       sf_debug_cv_init_chart     00000001800334ab f   sf_runtime:sf_runtime.dll
 0001:000324b1       sf_debug_cv_init_state     00000001800334b1 f   sf_runtime:sf_runtime.dll
 0001:000324b7       sf_get_ChartInfoStruct_CodeGen 00000001800334b7 f   sf_runtime:sf_runtime.dll
 0001:000324bd       sf_get_hasSeparateUpdateOutputs 00000001800334bd f   sf_runtime:sf_runtime.dll
 0001:000324c3       callMdlMethodAndReportError 00000001800334c3 f   sf_runtime:sf_runtime.dll
 0001:000324c9       call_sf_machine_global_method_dispatcher 00000001800334c9 f   sf_runtime:sf_runtime.dll
 0001:000324cf       getRuntimeInstanceInfoAsVoid 00000001800334cf f   sf_runtime:sf_runtime.dll
 0001:000324d5       sf_mex_error_direct_call   00000001800334d5 f   sf_runtime:sf_runtime.dll
 0001:000324db       sf_clear_error_manager_info 00000001800334db f   sf_runtime:sf_runtime.dll
 0001:000324e1       sf_debug_create_debug_instance_struct 00000001800334e1 f   sf_runtime:sf_runtime.dll
 0001:000324e7       sf_debug_terminate         00000001800334e7 f   sf_runtime:sf_runtime.dll
 0001:000324ed       sf_debug_api               00000001800334ed f   sf_runtime:sf_runtime.dll
 0001:000324f3       mxIsChar                   00000001800334f3 f   libmx:libmx.dll
 0001:000324f9       mxGetScalar                00000001800334f9 f   libmx:libmx.dll
 0001:000324ff       mxGetPr                    00000001800334ff f   libmx:libmx.dll
 0001:00032505       mxDestroyArray             0000000180033505 f   libmx:libmx.dll
 0001:0003250b       mxCreateDoubleMatrix_730   000000018003350b f   libmx:libmx.dll
 0001:00032511       mxGetString_730            0000000180033511 f   libmx:libmx.dll
 0001:00032517       mxDuplicateArray           0000000180033517 f   libmx:libmx.dll
 0001:0003251d       mxSetField_730             000000018003351d f   libmx:libmx.dll
 0001:00032523       mxCreateDoubleScalar       0000000180033523 f   libmx:libmx.dll
 0001:00032529       mxCreateString             0000000180033529 f   libmx:libmx.dll
 0001:0003252f       mxCreateCellMatrix_730     000000018003352f f   libmx:libmx.dll
 0001:00032535       mxCreateCellArray_730      0000000180033535 f   libmx:libmx.dll
 0001:0003253b       mxCreateStructMatrix_730   000000018003353b f   libmx:libmx.dll
 0001:00032541       mxCreateStructArray_730    0000000180033541 f   libmx:libmx.dll
 0001:00032547       mxCalloc                   0000000180033547 f   libmx:libmx.dll
 0001:0003254d       mxGetM                     000000018003354d f   libmx:libmx.dll
 0001:00032553       mxGetClassID               0000000180033553 f   libmx:libmx.dll
 0001:00032559       mxIsNumeric                0000000180033559 f   libmx:libmx.dll
 0001:0003255f       mxIsComplex                000000018003355f f   libmx:libmx.dll
 0001:00032565       mxGetN                     0000000180033565 f   libmx:libmx.dll
 0001:0003256b       mexMakeArrayPersistent     000000018003356b f   libmex:libmex.dll
 0001:00032571       mexErrMsgTxt               0000000180033571 f   libmex:libmex.dll
 0001:00032577       mexWarnMsgTxt              0000000180033577 f   libmex:libmex.dll
 0001:0003257d       mexCallMATLABWithObject    000000018003357d f   libmex:libmex.dll
 0001:00032583       mexLock                    0000000180033583 f   libmex:libmex.dll
 0001:00032589       mexUnlock                  0000000180033589 f   libmex:libmex.dll
 0001:0003258f       mexIsLocked                000000018003358f f   libmex:libmex.dll
 0001:00032595       utMalloc                   0000000180033595 f   libut:libut.dll
 0001:0003259b       utFree                     000000018003359b f   libut:libut.dll
 0001:000325a1       slcovUploadCoverageSynthesisById 00000001800335a1 f   libmwsl_sfcn_cov_bridge:libmwsl_sfcn_cov_bridge.dll
 0001:000325a8       __raise_securityfailure    00000001800335a8 f   MSVCRT:gs_report.obj
 0001:000325dc       __report_gsfailure         00000001800335dc f   MSVCRT:gs_report.obj
 0001:000326b0       __report_rangecheckfailure 00000001800336b0 f   MSVCRT:gs_report.obj
 0001:000326c4       __report_securityfailure   00000001800336c4 f   MSVCRT:gs_report.obj
 0001:00032760       __report_securityfailureEx 0000000180033760 f   MSVCRT:gs_report.obj
 0001:00032954       __GSHandlerCheck           0000000180033954 f   MSVCRT:gshandler.obj
 0001:00032974       __GSHandlerCheckCommon     0000000180033974 f   MSVCRT:gshandler.obj
 0001:000329e0       __security_check_cookie    00000001800339e0 f   MSVCRT:amdsecgs.obj
 0001:00032d50       _CRT_INIT                  0000000180033d50 f   MSVCRT:dll_dllmain.obj
 0001:00032d58       _DllMainCRTStartup         0000000180033d58 f   MSVCRT:dll_dllmain.obj
 0001:00032e04       __security_init_cookie     0000000180033e04 f   MSVCRT:gs_support.obj
 0001:00032eb0       DllMain                    0000000180033eb0 f   MSVCRT:dll_dllmain_stub.obj
 0001:00032ed4       ?__scrt_initialize_type_info@@YAXXZ 0000000180033ed4 f   MSVCRT:tncleanup.obj
 0001:00032ee4       ?__scrt_uninitialize_type_info@@YAXXZ 0000000180033ee4 f   MSVCRT:tncleanup.obj
 0001:00032ef0       __local_stdio_scanf_options 0000000180033ef0 f i MSVCRT:default_local_stdio_options.obj
 0001:00032ef8       __scrt_initialize_default_local_stdio_options 0000000180033ef8 f   MSVCRT:default_local_stdio_options.obj
 0001:00032f14       ??$__crt_fast_decode_pointer@PEAP6AXXZ@@YAPEAP6AXXZQEAP6AXXZ@Z 0000000180033f14 f i MSVCRT:utility.obj
 0001:00032f2c       ??$__crt_fast_encode_pointer@PEAP6AXXZ@@YAPEAP6AXXZQEAP6AXXZ@Z 0000000180033f2c f i MSVCRT:utility.obj
 0001:00032f4c       ?__crt_rotate_pointer_value@@YA_K_KH@Z 0000000180033f4c f i MSVCRT:utility.obj
 0001:00032f58       ?configure_argv@__scrt_narrow_argv_policy@@SAHXZ 0000000180033f58 f i MSVCRT:utility.obj
 0001:00032fb8       ?initialize_environment@__scrt_narrow_environment_policy@@SAHXZ 0000000180033fb8 f i MSVCRT:utility.obj
 0001:00032ff0       NtCurrentTeb               0000000180033ff0 f i MSVCRT:utility.obj
 0001:00032ffc       __scrt_acquire_startup_lock 0000000180033ffc f   MSVCRT:utility.obj
 0001:00033038       __scrt_dllmain_after_initialize_c 0000000180034038 f   MSVCRT:utility.obj
 0001:0003306c       __scrt_dllmain_before_initialize_c 000000018003406c f   MSVCRT:utility.obj
 0001:00033084       __scrt_dllmain_crt_thread_attach 0000000180034084 f   MSVCRT:utility.obj
 0001:000330ac       __scrt_dllmain_crt_thread_detach 00000001800340ac f   MSVCRT:utility.obj
 0001:000330c4       __scrt_dllmain_exception_filter 00000001800340c4 f   MSVCRT:utility.obj
 0001:00033124       __scrt_dllmain_uninitialize_c 0000000180034124 f   MSVCRT:utility.obj
 0001:00033154       __scrt_dllmain_uninitialize_critical 0000000180034154 f   MSVCRT:utility.obj
 0001:00033168       __scrt_initialize_crt      0000000180034168 f   MSVCRT:utility.obj
 0001:000331b4       __scrt_initialize_onexit_tables 00000001800341b4 f   MSVCRT:utility.obj
 0001:0003328c       __scrt_is_nonwritable_in_current_image 000000018003428c f   MSVCRT:utility.obj
 0001:00033328       __scrt_release_startup_lock 0000000180034328 f   MSVCRT:utility.obj
 0001:0003334c       __scrt_uninitialize_crt    000000018003434c f   MSVCRT:utility.obj
 0001:00033378       _onexit                    0000000180034378 f   MSVCRT:utility.obj
 0001:000333c8       at_quick_exit              00000001800343c8 f   MSVCRT:utility.obj
 0001:00033400       atexit                     0000000180034400 f   MSVCRT:utility.obj
 0001:00033418       __scrt_get_dyn_tls_init_callback 0000000180034418 f   MSVCRT:dyn_tls_init.obj
 0001:00033420       __crt_debugger_hook        0000000180034420 f   MSVCRT:utility_desktop.obj
 0001:00033428       __scrt_fastfail            0000000180034428 f   MSVCRT:utility_desktop.obj
 0001:00033574       __scrt_get_show_window_mode 0000000180034574 f   MSVCRT:utility_desktop.obj
 0001:000335b0       __scrt_initialize_mta      00000001800345b0 f   MSVCRT:utility_desktop.obj
 0001:000335b8       __scrt_initialize_winrt    00000001800345b8 f   MSVCRT:utility_desktop.obj
 0001:000335bc       __scrt_is_managed_app      00000001800345bc f   MSVCRT:utility_desktop.obj
 0001:00033610       __scrt_set_unhandled_exception_filter 0000000180034610 f   MSVCRT:utility_desktop.obj
 0001:00033620       __scrt_stub_for_initialize_mta 0000000180034620 f   MSVCRT:utility_desktop.obj
 0001:00033620       __scrt_exe_initialize_mta  0000000180034620 f   MSVCRT:utility_desktop.obj
 0001:00033624       __scrt_unhandled_exception_filter 0000000180034624 f   MSVCRT:utility_desktop.obj
 0001:0003365c       _RTC_Initialize            000000018003465c f   MSVCRT:initsect.obj
 0001:00033698       _RTC_Terminate             0000000180034698 f   MSVCRT:initsect.obj
 0001:000336d4       _guard_check_icall_nop     00000001800346d4 f i MSVCRT:guard_support.obj
 0001:000336d8       ReadNoFence64              00000001800346d8 f i MSVCRT:guard_support.obj
 0001:000336dc       ReadPointerNoFence         00000001800346dc f i MSVCRT:guard_support.obj
 0001:000336e0       _guard_icall_checks_enforced 00000001800346e0 f i MSVCRT:guard_support.obj
 0001:000336f8       _guard_rf_checks_enforced  00000001800346f8 f i MSVCRT:guard_support.obj
 0001:000336fc       __isa_available_init       00000001800346fc f   MSVCRT:cpu_disp.obj
 0001:00033878       _get_startup_argv_mode     0000000180034878 f   MSVCRT:argv_mode.obj
 0001:00033880       __scrt_is_ucrt_dll_in_use  0000000180034880 f   MSVCRT:ucrt_detection.obj
 0001:00033890       RtlCaptureContext          0000000180034890 f   kernel32:KERNEL32.dll
 0001:00033896       RtlLookupFunctionEntry     0000000180034896 f   kernel32:KERNEL32.dll
 0001:0003389c       RtlVirtualUnwind           000000018003489c f   kernel32:KERNEL32.dll
 0001:000338a2       UnhandledExceptionFilter   00000001800348a2 f   kernel32:KERNEL32.dll
 0001:000338a8       SetUnhandledExceptionFilter 00000001800348a8 f   kernel32:KERNEL32.dll
 0001:000338ae       GetCurrentProcess          00000001800348ae f   kernel32:KERNEL32.dll
 0001:000338b4       TerminateProcess           00000001800348b4 f   kernel32:KERNEL32.dll
 0001:000338ba       IsProcessorFeaturePresent  00000001800348ba f   kernel32:KERNEL32.dll
 0001:000338c0       QueryPerformanceCounter    00000001800348c0 f   kernel32:KERNEL32.dll
 0001:000338c6       GetCurrentProcessId        00000001800348c6 f   kernel32:KERNEL32.dll
 0001:000338cc       GetCurrentThreadId         00000001800348cc f   kernel32:KERNEL32.dll
 0001:000338d2       GetSystemTimeAsFileTime    00000001800348d2 f   kernel32:KERNEL32.dll
 0001:000338d8       DisableThreadLibraryCalls  00000001800348d8 f   kernel32:KERNEL32.dll
 0001:000338de       InitializeSListHead        00000001800348de f   kernel32:KERNEL32.dll
 0001:000338e4       IsDebuggerPresent          00000001800348e4 f   kernel32:KERNEL32.dll
 0001:000338ea       GetStartupInfoW            00000001800348ea f   kernel32:KERNEL32.dll
 0001:000338f0       GetModuleHandleW           00000001800348f0 f   kernel32:KERNEL32.dll
 0001:000338f6       memset                     00000001800348f6 f   vcruntime:VCRUNTIME140.dll
 0001:000338fc       memcpy                     00000001800348fc f   vcruntime:VCRUNTIME140.dll
 0001:00033902       __C_specific_handler       0000000180034902 f   vcruntime:VCRUNTIME140.dll
 0001:00033908       __std_type_info_destroy_list 0000000180034908 f   vcruntime:VCRUNTIME140.dll
 0001:0003390e       strcmp                     000000018003490e f   ucrt:api-ms-win-crt-string-l1-1-0.dll
 0001:00033914       __stdio_common_vsprintf    0000000180034914 f   ucrt:api-ms-win-crt-stdio-l1-1-0.dll
 0001:0003391a       free                       000000018003491a f   ucrt:api-ms-win-crt-heap-l1-1-0.dll
 0001:00033920       malloc                     0000000180034920 f   ucrt:api-ms-win-crt-heap-l1-1-0.dll
 0001:00033926       strlen                     0000000180034926 f   ucrt:api-ms-win-crt-string-l1-1-0.dll
 0001:0003392c       _initterm                  000000018003492c f   ucrt:api-ms-win-crt-runtime-l1-1-0.dll
 0001:00033932       _initterm_e                0000000180034932 f   ucrt:api-ms-win-crt-runtime-l1-1-0.dll
 0001:00033938       _seh_filter_dll            0000000180034938 f   ucrt:api-ms-win-crt-runtime-l1-1-0.dll
 0001:0003393e       _configure_narrow_argv     000000018003493e f   ucrt:api-ms-win-crt-runtime-l1-1-0.dll
 0001:00033944       _initialize_narrow_environment 0000000180034944 f   ucrt:api-ms-win-crt-runtime-l1-1-0.dll
 0001:0003394a       _initialize_onexit_table   000000018003494a f   ucrt:api-ms-win-crt-runtime-l1-1-0.dll
 0001:00033950       _register_onexit_function  0000000180034950 f   ucrt:api-ms-win-crt-runtime-l1-1-0.dll
 0001:00033956       _execute_onexit_table      0000000180034956 f   ucrt:api-ms-win-crt-runtime-l1-1-0.dll
 0001:0003395c       _crt_atexit                000000018003495c f   ucrt:api-ms-win-crt-runtime-l1-1-0.dll
 0001:00033962       _crt_at_quick_exit         0000000180034962 f   ucrt:api-ms-win-crt-runtime-l1-1-0.dll
 0001:00033968       _cexit                     0000000180034968 f   ucrt:api-ms-win-crt-runtime-l1-1-0.dll
 0001:0003396e       terminate                  000000018003496e f   ucrt:api-ms-win-crt-runtime-l1-1-0.dll
 0001:00033974       __acrt_initialize          0000000180034974 f   MSVCRT:ucrt_stubs.obj
 0001:00033974       __vcrt_initialize          0000000180034974 f   MSVCRT:ucrt_stubs.obj
 0001:00033974       __scrt_stub_for_acrt_initialize 0000000180034974 f   MSVCRT:ucrt_stubs.obj
 0001:00033978       __acrt_thread_attach       0000000180034978 f   MSVCRT:ucrt_stubs.obj
 0001:00033978       __scrt_stub_for_acrt_thread_attach 0000000180034978 f   MSVCRT:ucrt_stubs.obj
 0001:00033978       __vcrt_thread_attach       0000000180034978 f   MSVCRT:ucrt_stubs.obj
 0001:0003397c       __acrt_thread_detach       000000018003497c f   MSVCRT:ucrt_stubs.obj
 0001:0003397c       __scrt_stub_for_acrt_thread_detach 000000018003497c f   MSVCRT:ucrt_stubs.obj
 0001:0003397c       __vcrt_thread_detach       000000018003497c f   MSVCRT:ucrt_stubs.obj
 0001:00033980       __scrt_stub_for_acrt_uninitialize 0000000180034980 f   MSVCRT:ucrt_stubs.obj
 0001:00033980       __vcrt_uninitialize        0000000180034980 f   MSVCRT:ucrt_stubs.obj
 0001:00033980       __acrt_uninitialize        0000000180034980 f   MSVCRT:ucrt_stubs.obj
 0001:00033984       __vcrt_uninitialize_critical 0000000180034984 f   MSVCRT:ucrt_stubs.obj
 0001:00033984       __acrt_uninitialize_critical 0000000180034984 f   MSVCRT:ucrt_stubs.obj
 0001:00033984       __scrt_stub_for_acrt_uninitialize_critical 0000000180034984 f   MSVCRT:ucrt_stubs.obj
 0001:00033988       __scrt_stub_for_is_c_termination_complete 0000000180034988 f   MSVCRT:ucrt_stubs.obj
 0001:00033988       _is_c_termination_complete 0000000180034988 f   MSVCRT:ucrt_stubs.obj
 0001:000339a0       _guard_dispatch_icall_nop  00000001800349a0 f   MSVCRT:guard_dispatch.obj
 0002:00000000       __imp_InitializeSListHead  0000000180035000     kernel32:KERNEL32.dll
 0002:00000008       __imp_RtlCaptureContext    0000000180035008     kernel32:KERNEL32.dll
 0002:00000010       __imp_RtlLookupFunctionEntry 0000000180035010     kernel32:KERNEL32.dll
 0002:00000018       __imp_RtlVirtualUnwind     0000000180035018     kernel32:KERNEL32.dll
 0002:00000020       __imp_UnhandledExceptionFilter 0000000180035020     kernel32:KERNEL32.dll
 0002:00000028       __imp_SetUnhandledExceptionFilter 0000000180035028     kernel32:KERNEL32.dll
 0002:00000030       __imp_GetCurrentProcess    0000000180035030     kernel32:KERNEL32.dll
 0002:00000038       __imp_TerminateProcess     0000000180035038     kernel32:KERNEL32.dll
 0002:00000040       __imp_IsProcessorFeaturePresent 0000000180035040     kernel32:KERNEL32.dll
 0002:00000048       __imp_QueryPerformanceCounter 0000000180035048     kernel32:KERNEL32.dll
 0002:00000050       __imp_GetCurrentProcessId  0000000180035050     kernel32:KERNEL32.dll
 0002:00000058       __imp_GetCurrentThreadId   0000000180035058     kernel32:KERNEL32.dll
 0002:00000060       __imp_GetSystemTimeAsFileTime 0000000180035060     kernel32:KERNEL32.dll
 0002:00000068       __imp_GetModuleHandleW     0000000180035068     kernel32:KERNEL32.dll
 0002:00000070       __imp_IsDebuggerPresent    0000000180035070     kernel32:KERNEL32.dll
 0002:00000078       __imp_DisableThreadLibraryCalls 0000000180035078     kernel32:KERNEL32.dll
 0002:00000080       __imp_GetStartupInfoW      0000000180035080     kernel32:KERNEL32.dll
 0002:00000088       \177KERNEL32_NULL_THUNK_DATA 0000000180035088     kernel32:KERNEL32.dll
 0002:00000090       __imp_memcpy               0000000180035090     vcruntime:VCRUNTIME140.dll
 0002:00000098       __imp_memset               0000000180035098     vcruntime:VCRUNTIME140.dll
 0002:000000a0       __imp___C_specific_handler 00000001800350a0     vcruntime:VCRUNTIME140.dll
 0002:000000a8       __imp___std_type_info_destroy_list 00000001800350a8     vcruntime:VCRUNTIME140.dll
 0002:000000b0       \177VCRUNTIME140_NULL_THUNK_DATA 00000001800350b0     vcruntime:VCRUNTIME140.dll
 0002:000000b8       __imp_free                 00000001800350b8     ucrt:api-ms-win-crt-heap-l1-1-0.dll
 0002:000000c0       __imp_malloc               00000001800350c0     ucrt:api-ms-win-crt-heap-l1-1-0.dll
 0002:000000c8       \177api-ms-win-crt-heap-l1-1-0_NULL_THUNK_DATA 00000001800350c8     ucrt:api-ms-win-crt-heap-l1-1-0.dll
 0002:000000d0       __imp__register_onexit_function 00000001800350d0     ucrt:api-ms-win-crt-runtime-l1-1-0.dll
 0002:000000d8       __imp__initterm            00000001800350d8     ucrt:api-ms-win-crt-runtime-l1-1-0.dll
 0002:000000e0       __imp__initterm_e          00000001800350e0     ucrt:api-ms-win-crt-runtime-l1-1-0.dll
 0002:000000e8       __imp__seh_filter_dll      00000001800350e8     ucrt:api-ms-win-crt-runtime-l1-1-0.dll
 0002:000000f0       __imp__configure_narrow_argv 00000001800350f0     ucrt:api-ms-win-crt-runtime-l1-1-0.dll
 0002:000000f8       __imp__initialize_narrow_environment 00000001800350f8     ucrt:api-ms-win-crt-runtime-l1-1-0.dll
 0002:00000100       __imp__initialize_onexit_table 0000000180035100     ucrt:api-ms-win-crt-runtime-l1-1-0.dll
 0002:00000108       __imp__cexit               0000000180035108     ucrt:api-ms-win-crt-runtime-l1-1-0.dll
 0002:00000110       __imp__execute_onexit_table 0000000180035110     ucrt:api-ms-win-crt-runtime-l1-1-0.dll
 0002:00000118       __imp__crt_atexit          0000000180035118     ucrt:api-ms-win-crt-runtime-l1-1-0.dll
 0002:00000120       __imp__crt_at_quick_exit   0000000180035120     ucrt:api-ms-win-crt-runtime-l1-1-0.dll
 0002:00000128       __imp_terminate            0000000180035128     ucrt:api-ms-win-crt-runtime-l1-1-0.dll
 0002:00000130       \177api-ms-win-crt-runtime-l1-1-0_NULL_THUNK_DATA 0000000180035130     ucrt:api-ms-win-crt-runtime-l1-1-0.dll
 0002:00000138       __imp___stdio_common_vsprintf 0000000180035138     ucrt:api-ms-win-crt-stdio-l1-1-0.dll
 0002:00000140       \177api-ms-win-crt-stdio-l1-1-0_NULL_THUNK_DATA 0000000180035140     ucrt:api-ms-win-crt-stdio-l1-1-0.dll
 0002:00000148       __imp_strlen               0000000180035148     ucrt:api-ms-win-crt-string-l1-1-0.dll
 0002:00000150       __imp_strcmp               0000000180035150     ucrt:api-ms-win-crt-string-l1-1-0.dll
 0002:00000158       \177api-ms-win-crt-string-l1-1-0_NULL_THUNK_DATA 0000000180035158     ucrt:api-ms-win-crt-string-l1-1-0.dll
 0002:00000160       __imp_mexErrMsgTxt         0000000180035160     libmex:libmex.dll
 0002:00000168       __imp_mexWarnMsgTxt        0000000180035168     libmex:libmex.dll
 0002:00000170       __imp_mexCallMATLABWithObject 0000000180035170     libmex:libmex.dll
 0002:00000178       __imp_mexIsLocked          0000000180035178     libmex:libmex.dll
 0002:00000180       __imp_mexUnlock            0000000180035180     libmex:libmex.dll
 0002:00000188       __imp_mexLock              0000000180035188     libmex:libmex.dll
 0002:00000190       __imp_mexMakeArrayPersistent 0000000180035190     libmex:libmex.dll
 0002:00000198       \177libmex_NULL_THUNK_DATA 0000000180035198     libmex:libmex.dll
 0002:000001a0       __imp_slcovUploadCoverageSynthesisById 00000001800351a0     libmwsl_sfcn_cov_bridge:libmwsl_sfcn_cov_bridge.dll
 0002:000001a8       \177libmwsl_sfcn_cov_bridge_NULL_THUNK_DATA 00000001800351a8     libmwsl_sfcn_cov_bridge:libmwsl_sfcn_cov_bridge.dll
 0002:000001b0       __imp_mxGetN               00000001800351b0     libmx:libmx.dll
 0002:000001b8       __imp_mxIsComplex          00000001800351b8     libmx:libmx.dll
 0002:000001c0       __imp_mxIsNumeric          00000001800351c0     libmx:libmx.dll
 0002:000001c8       __imp_mxGetClassID         00000001800351c8     libmx:libmx.dll
 0002:000001d0       __imp_mxGetM               00000001800351d0     libmx:libmx.dll
 0002:000001d8       __imp_mxCalloc             00000001800351d8     libmx:libmx.dll
 0002:000001e0       __imp_mxCreateStructArray_730 00000001800351e0     libmx:libmx.dll
 0002:000001e8       __imp_mxCreateStructMatrix_730 00000001800351e8     libmx:libmx.dll
 0002:000001f0       __imp_mxCreateCellArray_730 00000001800351f0     libmx:libmx.dll
 0002:000001f8       __imp_mxCreateCellMatrix_730 00000001800351f8     libmx:libmx.dll
 0002:00000200       __imp_mxCreateString       0000000180035200     libmx:libmx.dll
 0002:00000208       __imp_mxCreateDoubleScalar 0000000180035208     libmx:libmx.dll
 0002:00000210       __imp_mxSetField_730       0000000180035210     libmx:libmx.dll
 0002:00000218       __imp_mxDuplicateArray     0000000180035218     libmx:libmx.dll
 0002:00000220       __imp_mxGetString_730      0000000180035220     libmx:libmx.dll
 0002:00000228       __imp_mxCreateDoubleMatrix_730 0000000180035228     libmx:libmx.dll
 0002:00000230       __imp_mxDestroyArray       0000000180035230     libmx:libmx.dll
 0002:00000238       __imp_mxGetPr              0000000180035238     libmx:libmx.dll
 0002:00000240       __imp_mxGetScalar          0000000180035240     libmx:libmx.dll
 0002:00000248       __imp_mxIsChar             0000000180035248     libmx:libmx.dll
 0002:00000250       \177libmx_NULL_THUNK_DATA  0000000180035250     libmx:libmx.dll
 0002:00000258       __imp_utMalloc             0000000180035258     libut:libut.dll
 0002:00000260       __imp_utFree               0000000180035260     libut:libut.dll
 0002:00000268       \177libut_NULL_THUNK_DATA  0000000180035268     libut:libut.dll
 0002:00000270       __imp_sf_mex_error_direct_call 0000000180035270     sf_runtime:sf_runtime.dll
 0002:00000278       __imp_sf_clear_error_manager_info 0000000180035278     sf_runtime:sf_runtime.dll
 0002:00000280       __imp_sf_read_before_write_error 0000000180035280     sf_runtime:sf_runtime.dll
 0002:00000288       __imp_sf_debug_terminate   0000000180035288     sf_runtime:sf_runtime.dll
 0002:00000290       __imp_sf_debug_api         0000000180035290     sf_runtime:sf_runtime.dll
 0002:00000298       __imp_ssGetOutputPortSignal_wrapper 0000000180035298     sf_runtime:sf_runtime.dll
 0002:000002a0       __imp_sf_get_ChartInfoStruct_CodeGen 00000001800352a0     sf_runtime:sf_runtime.dll
 0002:000002a8       __imp_sf_debug_cv_init_state 00000001800352a8     sf_runtime:sf_runtime.dll
 0002:000002b0       __imp_sf_debug_cv_init_chart 00000001800352b0     sf_runtime:sf_runtime.dll
 0002:000002b8       __imp_sf_debug_cv_init_trans 00000001800352b8     sf_runtime:sf_runtime.dll
 0002:000002c0       __imp_sf_debug_data_range_wrapper 00000001800352c0     sf_runtime:sf_runtime.dll
 0002:000002c8       __imp_sf_debug_set_chart_state_substate_count 00000001800352c8     sf_runtime:sf_runtime.dll
 0002:000002d0       __imp_sf_debug_set_chart_substate_index 00000001800352d0     sf_runtime:sf_runtime.dll
 0002:000002d8       __imp_sf_debug_set_chart_substate_count 00000001800352d8     sf_runtime:sf_runtime.dll
 0002:000002e0       __imp_sf_debug_set_chart_decomposition 00000001800352e0     sf_runtime:sf_runtime.dll
 0002:000002e8       __imp_sf_debug_set_chart_state_info 00000001800352e8     sf_runtime:sf_runtime.dll
 0002:000002f0       __imp_getRuntimeInstanceInfoAsVoid 00000001800352f0     sf_runtime:sf_runtime.dll
 0002:000002f8       __imp_sf_debug_set_chart_disable_implicit_casting 00000001800352f8     sf_runtime:sf_runtime.dll
 0002:00000300       __imp_sf_debug_set_instance_data_value_ptr 0000000180035300     sf_runtime:sf_runtime.dll
 0002:00000308       __imp_sf_debug_symbol_scope_add_eml_importable 0000000180035308     sf_runtime:sf_runtime.dll
 0002:00000310       __imp_sf_debug_symbol_scope_pop 0000000180035310     sf_runtime:sf_runtime.dll
 0002:00000318       __imp_sf_debug_symbol_scope_push_eml 0000000180035318     sf_runtime:sf_runtime.dll
 0002:00000320       __imp_sf_debug_symbol_scope_push 0000000180035320     sf_runtime:sf_runtime.dll
 0002:00000328       __imp_sf_debug_set_chart_data_compiled_props 0000000180035328     sf_runtime:sf_runtime.dll
 0002:00000330       __imp_sf_debug_set_chart_data_props 0000000180035330     sf_runtime:sf_runtime.dll
 0002:00000338       __imp_sf_debug_animate     0000000180035338     sf_runtime:sf_runtime.dll
 0002:00000340       __imp_call_sf_machine_global_method_dispatcher 0000000180035340     sf_runtime:sf_runtime.dll
 0002:00000348       __imp_sf_debug_set_animation 0000000180035348     sf_runtime:sf_runtime.dll
 0002:00000350       __imp_sf_debug_get_animation 0000000180035350     sf_runtime:sf_runtime.dll
 0002:00000358       __imp_sf_debug_set_honor_breakpoints 0000000180035358     sf_runtime:sf_runtime.dll
 0002:00000360       __imp_sf_debug_reset_current_state_configuration 0000000180035360     sf_runtime:sf_runtime.dll
 0002:00000368       __imp_cv_eml_init_relational 0000000180035368     sf_runtime:sf_runtime.dll
 0002:00000370       __imp_cv_eml_init_mcdc     0000000180035370     sf_runtime:sf_runtime.dll
 0002:00000378       __imp_cv_eml_init_if       0000000180035378     sf_runtime:sf_runtime.dll
 0002:00000380       __imp_cv_eml_init_script   0000000180035380     sf_runtime:sf_runtime.dll
 0002:00000388       __imp_callMdlMethodAndReportError 0000000180035388     sf_runtime:sf_runtime.dll
 0002:00000390       __imp_sf_debug_set_chart_event_thresholds 0000000180035390     sf_runtime:sf_runtime.dll
 0002:00000398       __imp_sf_get_hasSeparateUpdateOutputs 0000000180035398     sf_runtime:sf_runtime.dll
 0002:000003a0       __imp_cv_eval_relational   00000001800353a0     sf_runtime:sf_runtime.dll
 0002:000003a8       __imp_cv_eml_eval          00000001800353a8     sf_runtime:sf_runtime.dll
 0002:000003b0       __imp_ssGetInputPortSignal_wrapper 00000001800353b0     sf_runtime:sf_runtime.dll
 0002:000003b8       __imp_ssGetDWork_wrapper   00000001800353b8     sf_runtime:sf_runtime.dll
 0002:000003c0       __imp_sf_mex_duplicatearraysafe 00000001800353c0     sf_runtime:sf_runtime.dll
 0002:000003c8       __imp_sf_mex_decode_encoded_mx_struct_array 00000001800353c8     sf_runtime:sf_runtime.dll
 0002:000003d0       __imp_sf_mex_import        00000001800353d0     sf_runtime:sf_runtime.dll
 0002:000003d8       __imp_sf_mex_destroy       00000001800353d8     sf_runtime:sf_runtime.dll
 0002:000003e0       __imp_sf_mex_dup           00000001800353e0     sf_runtime:sf_runtime.dll
 0002:000003e8       __imp_sf_mex_assign        00000001800353e8     sf_runtime:sf_runtime.dll
 0002:000003f0       __imp_sf_mex_getcell       00000001800353f0     sf_runtime:sf_runtime.dll
 0002:000003f8       __imp_sf_mex_setcell       00000001800353f8     sf_runtime:sf_runtime.dll
 0002:00000400       __imp_sf_mex_createcellmatrix 0000000180035400     sf_runtime:sf_runtime.dll
 0002:00000408       __imp_sf_mex_create        0000000180035408     sf_runtime:sf_runtime.dll
 0002:00000410       __imp_sf_mex_error_message 0000000180035410     sf_runtime:sf_runtime.dll
 0002:00000418       __imp_ssSetBlockIsPurelyCombinatorial_wrapper 0000000180035418     sf_runtime:sf_runtime.dll
 0002:00000420       __imp_sf_register_codegen_names_for_scoped_functions_defined_by_chart 0000000180035420     sf_runtime:sf_runtime.dll
 0002:00000428       __imp_sf_set_chart_accesses_machine_info 0000000180035428     sf_runtime:sf_runtime.dll
 0002:00000430       __imp_setLegacyDebuggerFlagForRuntime 0000000180035430     sf_runtime:sf_runtime.dll
 0002:00000438       __imp_sf_is_first_init_cond 0000000180035438     sf_runtime:sf_runtime.dll
 0002:00000440       __imp_sf_get_time          0000000180035440     sf_runtime:sf_runtime.dll
 0002:00000448       __imp_sf_set_encoded_dwork_info 0000000180035448     sf_runtime:sf_runtime.dll
 0002:00000450       __imp_sf_get_dwork_info_from_mat_file 0000000180035450     sf_runtime:sf_runtime.dll
 0002:00000458       __imp_sf_set_rtw_dwork_info 0000000180035458     sf_runtime:sf_runtime.dll
 0002:00000460       __imp_sf_clear_rtw_identifier 0000000180035460     sf_runtime:sf_runtime.dll
 0002:00000468       __imp_cv_eval_point        0000000180035468     sf_runtime:sf_runtime.dll
 0002:00000470       __imp_sim_mode_is_modelref_sim 0000000180035470     sf_runtime:sf_runtime.dll
 0002:00000478       __imp_sim_mode_is_external 0000000180035478     sf_runtime:sf_runtime.dll
 0002:00000480       __imp_sim_mode_is_rtw_gen  0000000180035480     sf_runtime:sf_runtime.dll
 0002:00000488       __imp_sf_debug_call        0000000180035488     sf_runtime:sf_runtime.dll
 0002:00000490       __imp_sf_mark_chart_expressionable_inputs 0000000180035490     sf_runtime:sf_runtime.dll
 0002:00000498       __imp_sf_mark_chart_reusable_outputs 0000000180035498     sf_runtime:sf_runtime.dll
 0002:000004a0       __imp_sf_is_chart_inlinable 00000001800354a0     sf_runtime:sf_runtime.dll
 0002:000004a8       __imp_sf_update_buildInfo  00000001800354a8     sf_runtime:sf_runtime.dll
 0002:000004b0       __imp_sf_rtw_info_uint_prop 00000001800354b0     sf_runtime:sf_runtime.dll
 0002:000004b8       __imp_sf_get_chart_instance_ptr 00000001800354b8     sf_runtime:sf_runtime.dll
 0002:000004c0       __imp_sfrtGetEmlrtCtx      00000001800354c0     sf_runtime:sf_runtime.dll
 0002:000004c8       __imp_sf_free_ChartRunTimeInfo 00000001800354c8     sf_runtime:sf_runtime.dll
 0002:000004d0       __imp_sf_init_ChartRunTimeInfo 00000001800354d0     sf_runtime:sf_runtime.dll
 0002:000004d8       __imp_sf_debug_set_machine_data_thresholds 00000001800354d8     sf_runtime:sf_runtime.dll
 0002:000004e0       __imp_sf_debug_set_machine_event_thresholds 00000001800354e0     sf_runtime:sf_runtime.dll
 0002:000004e8       __imp_sf_debug_initialize_machine 00000001800354e8     sf_runtime:sf_runtime.dll
 0002:000004f0       __imp_sf_debug_initialize_chart 00000001800354f0     sf_runtime:sf_runtime.dll
 0002:000004f8       __imp_sf_debug_create_debug_instance_struct 00000001800354f8     sf_runtime:sf_runtime.dll
 0002:00000500       __imp_sf_load_rtw_optimization_info 0000000180035500     sf_runtime:sf_runtime.dll
 0002:00000508       \177sf_runtime_NULL_THUNK_DATA 0000000180035508     sf_runtime:sf_runtime.dll
 0002:00000510       __guard_check_icall_fptr   0000000180035510     MSVCRT:guard_support.obj
 0002:00000518       __guard_dispatch_icall_fptr 0000000180035518     MSVCRT:guard_support.obj
 0002:00000520       __xc_a                     0000000180035520     MSVCRT:initializers.obj
 0002:00000528       __xc_z                     0000000180035528     MSVCRT:initializers.obj
 0002:00000530       __xi_a                     0000000180035530     MSVCRT:initializers.obj
 0002:00000538       __xi_z                     0000000180035538     MSVCRT:initializers.obj
 0002:00000540       __xp_a                     0000000180035540     MSVCRT:initializers.obj
 0002:00000548       __xp_z                     0000000180035548     MSVCRT:initializers.obj
 0002:00000550       __xt_a                     0000000180035550     MSVCRT:initializers.obj
 0002:00000558       __xt_z                     0000000180035558     MSVCRT:initializers.obj
 0002:00000560       __real@413f797f00000000    0000000180035560     SpeedgoatCANOpen2Buses100us_sfun.obj
 0002:00000568       __real@41b212f15b000000    0000000180035568     SpeedgoatCANOpen2Buses100us_sfun.obj
 0002:00000570       __real@41c500e7fb800000    0000000180035570     SpeedgoatCANOpen2Buses100us_sfun.obj
 0002:00000578       __real@41dff01bb8400000    0000000180035578     SpeedgoatCANOpen2Buses100us_sfun.obj
 0002:00000580       __real@41e0279470800000    0000000180035580     SpeedgoatCANOpen2Buses100us_sfun.obj
 0002:00000588       __real@41e1f2a7f7200000    0000000180035588     SpeedgoatCANOpen2Buses100us_sfun.obj
 0002:00000590       __real@41e253d1c4600000    0000000180035590     SpeedgoatCANOpen2Buses100us_sfun.obj
 0002:00000598       __real@41e487f59e800000    0000000180035598     SpeedgoatCANOpen2Buses100us_sfun.obj
 0002:000005a0       __real@41e89b9f73800000    00000001800355a0     SpeedgoatCANOpen2Buses100us_sfun.obj
 0002:000005a8       __real@41ea1e8465600000    00000001800355a8     SpeedgoatCANOpen2Buses100us_sfun.obj
 0002:000005b0       __real@41ea3cabdd400000    00000001800355b0     SpeedgoatCANOpen2Buses100us_sfun.obj
 0002:000005b8       __real@41eec387a1800000    00000001800355b8     SpeedgoatCANOpen2Buses100us_sfun.obj
 0002:000005c0       __real@00000000            00000001800355c0     c1_SpeedgoatCANOpen2Buses100us.obj
 0002:000005c4       __real@3f800000            00000001800355c4     c1_SpeedgoatCANOpen2Buses100us.obj
 0002:000005c8       __real@3ff0000000000000    00000001800355c8     c1_SpeedgoatCANOpen2Buses100us.obj
 0002:000005d0       __real@40000000            00000001800355d0     c1_SpeedgoatCANOpen2Buses100us.obj
 0002:000005d8       __real@4000000000000000    00000001800355d8     c1_SpeedgoatCANOpen2Buses100us.obj
 0002:000005e0       __real@4022000000000000    00000001800355e0     c1_SpeedgoatCANOpen2Buses100us.obj
 0002:000005e8       __real@409f400000000000    00000001800355e8     c1_SpeedgoatCANOpen2Buses100us.obj
 0002:000005f0       __real@41e1d01b62400000    00000001800355f0     c1_SpeedgoatCANOpen2Buses100us.obj
 0002:000005f8       __real@41e23d1694a00000    00000001800355f8     c1_SpeedgoatCANOpen2Buses100us.obj
 0002:00000600       __real@41e7570ccc000000    0000000180035600     c1_SpeedgoatCANOpen2Buses100us.obj
 0002:00000608       __real@41e76a4c30c00000    0000000180035608     c1_SpeedgoatCANOpen2Buses100us.obj
 0002:00000610       __real@44fa0000            0000000180035610     c1_SpeedgoatCANOpen2Buses100us.obj
 0002:00000614       __real@40400000            0000000180035614     c12_SpeedgoatCANOpen2Buses100us.obj
 0002:00000618       __real@41e0ea5a56000000    0000000180035618     c12_SpeedgoatCANOpen2Buses100us.obj
 0002:00000620       __real@41e4545f4ce00000    0000000180035620     c12_SpeedgoatCANOpen2Buses100us.obj
 0002:00000628       __real@41eccf362d200000    0000000180035628     c12_SpeedgoatCANOpen2Buses100us.obj
 0002:00000630       __real@41edf4298e200000    0000000180035630     c12_SpeedgoatCANOpen2Buses100us.obj
 0002:00000638       DYNAMIC_DIMENSION_DEF      0000000180035638     SpeedgoatCANOpen2Buses100us_sfun_registry.obj
 0002:00000650       __real@0000000000000000    0000000180035650     SpeedgoatCANOpen2Buses100us_sfun_registry.obj
 0002:00000658       __real@4010000000000000    0000000180035658     SpeedgoatCANOpen2Buses100us_sfun_registry.obj
 0002:00000660       __real@41602cbca0000000    0000000180035660     SpeedgoatCANOpen2Buses100us_sfun_registry.obj
 0002:00000668       __real@bff0000000000000    0000000180035668     SpeedgoatCANOpen2Buses100us_sfun_registry.obj
 0002:00000680       _pDefaultRawDllMain        0000000180035680     MSVCRT:dll_dllmain.obj
 0002:00000680       _pRawDllMain               0000000180035680     MSVCRT:dll_dllmain.obj
 0002:000006b0       _load_config_used          00000001800356b0     MSVCRT:loadcfg.obj
 0002:000009c8       __rtc_iaa                  00000001800359c8     MSVCRT:initsect.obj
 0002:000009d0       __rtc_izz                  00000001800359d0     MSVCRT:initsect.obj
 0002:000009d8       __rtc_taa                  00000001800359d8     MSVCRT:initsect.obj
 0002:000009e0       __rtc_tzz                  00000001800359e0     MSVCRT:initsect.obj
 0002:0000195c       __IMPORT_DESCRIPTOR_sf_runtime 000000018003695c     sf_runtime:sf_runtime.dll
 0002:00001970       __IMPORT_DESCRIPTOR_libmx  0000000180036970     libmx:libmx.dll
 0002:00001984       __IMPORT_DESCRIPTOR_libmex 0000000180036984     libmex:libmex.dll
 0002:00001998       __IMPORT_DESCRIPTOR_libut  0000000180036998     libut:libut.dll
 0002:000019ac       __IMPORT_DESCRIPTOR_libmwsl_sfcn_cov_bridge 00000001800369ac     libmwsl_sfcn_cov_bridge:libmwsl_sfcn_cov_bridge.dll
 0002:000019c0       __IMPORT_DESCRIPTOR_KERNEL32 00000001800369c0     kernel32:KERNEL32.dll
 0002:000019d4       __IMPORT_DESCRIPTOR_VCRUNTIME140 00000001800369d4     vcruntime:VCRUNTIME140.dll
 0002:000019e8       __IMPORT_DESCRIPTOR_api-ms-win-crt-string-l1-1-0 00000001800369e8     ucrt:api-ms-win-crt-string-l1-1-0.dll
 0002:000019fc       __IMPORT_DESCRIPTOR_api-ms-win-crt-stdio-l1-1-0 00000001800369fc     ucrt:api-ms-win-crt-stdio-l1-1-0.dll
 0002:00001a10       __IMPORT_DESCRIPTOR_api-ms-win-crt-heap-l1-1-0 0000000180036a10     ucrt:api-ms-win-crt-heap-l1-1-0.dll
 0002:00001a24       __IMPORT_DESCRIPTOR_api-ms-win-crt-runtime-l1-1-0 0000000180036a24     ucrt:api-ms-win-crt-runtime-l1-1-0.dll
 0002:00001a38       __NULL_IMPORT_DESCRIPTOR   0000000180036a38     sf_runtime:sf_runtime.dll
 0003:000046d0       DYNAMIC_DIMENSION          000000018003c6d0     SpeedgoatCANOpen2Buses100us_sfun_registry.obj
 0003:00006b40       __security_cookie_complement 000000018003eb40     MSVCRT:gs_cookie.obj
 0003:00006b48       __security_cookie          000000018003eb48     MSVCRT:gs_cookie.obj
 0003:00006b50       _fltused                   000000018003eb50     MSVCRT:fltused.obj
 0003:00006b54       __scrt_native_dllmain_reason 000000018003eb54     MSVCRT:utility.obj
 0003:00006b58       __isa_available            000000018003eb58     MSVCRT:cpu_disp.obj
 0003:00006b5c       __isa_enabled              000000018003eb5c     MSVCRT:cpu_disp.obj
 0003:00006b60       __memcpy_nt_iters          000000018003eb60     MSVCRT:cpu_disp.obj
 0003:00006b70       __scrt_ucrt_dll_is_in_use  000000018003eb70     MSVCRT:ucrt_stubs.obj
 0003:00006bd0       sfGlobalDebugInstanceStruct 000000018003ebd0     SpeedgoatCANOpen2Buses100us_sfun_registry.obj
 0003:00007160       ?__type_info_root_node@@3U__type_info_node@@A 000000018003f160     MSVCRT:tncleanup.obj
 0003:00007170       ?_OptionsStorage@?1??__local_stdio_printf_options@@9@4_KA 000000018003f170     MSVCRT:default_local_stdio_options.obj
 0003:00007178       ?_OptionsStorage@?1??__local_stdio_scanf_options@@9@4_KA 000000018003f178     MSVCRT:default_local_stdio_options.obj
 0003:00007180       __scrt_current_native_startup_state 000000018003f180     MSVCRT:utility.obj
 0003:00007188       __scrt_native_startup_lock 000000018003f188     MSVCRT:utility.obj
 0003:000071c8       __scrt_debugger_hook_flag  000000018003f1c8     MSVCRT:utility_desktop.obj
 0003:000071cc       __favor                    000000018003f1cc     MSVCRT:cpu_disp.obj
 0003:000071d0       ?_OptionsStorage@?1??__local_stdio_printf_options@@9@9 000000018003f1d0     <common>
 0003:000071d8       _SpeedgoatCANOpen2Buses100usMachineNumber_ 000000018003f1d8     <common>
 0003:000071e0       gRxCAN_APT                 000000018003f1e0     <common>
 0003:00007200       can_rx_queue_APT           000000018003f200     <common>
 0003:00007268       gRxCAN                     000000018003f268     <common>
 0003:00007280       can_rx_queue               000000018003f280     <common>
 0003:000072e8       __dyn_tls_init_callback    000000018003f2e8     <common>

 entry point at        0001:00032d58

 Static symbols

 0000:00000000       .debug$S                   0000000180000000     sf_runtime:sf_runtime.dll
 0000:00000000       .debug$S                   0000000180000000     sf_runtime:sf_runtime.dll
 0000:00000000       .debug$S                   0000000180000000     sf_runtime:sf_runtime.dll
 0000:00000000       .debug$S                   0000000180000000     sf_runtime:sf_runtime.dll
 0000:00000000       .debug$S                   0000000180000000     sf_runtime:sf_runtime.dll
 0000:00000000       .debug$S                   0000000180000000     sf_runtime:sf_runtime.dll
 0000:00000000       .debug$S                   0000000180000000     SpeedgoatCANOpen2Buses100us_sfun.exp
 0000:00000000       .debug$S                   0000000180000000     sf_runtime:sf_runtime.dll
 0000:00000000       .debug$S                   0000000180000000     sf_runtime:sf_runtime.dll
 0000:00000000       .debug$S                   0000000180000000     sf_runtime:sf_runtime.dll
 0000:00000000       .debug$S                   0000000180000000     sf_runtime:sf_runtime.dll
 0000:00000000       .debug$S                   0000000180000000     sf_runtime:sf_runtime.dll
 0000:00000000       .debug$S                   0000000180000000     ucrt:api-ms-win-crt-runtime-l1-1-0.dll
 0000:00000000       .debug$S                   0000000180000000     ucrt:api-ms-win-crt-runtime-l1-1-0.dll
 0000:00000000       .debug$S                   0000000180000000     ucrt:api-ms-win-crt-runtime-l1-1-0.dll
 0000:00000000       .debug$S                   0000000180000000     ucrt:api-ms-win-crt-runtime-l1-1-0.dll
 0000:00000000       .debug$S                   0000000180000000     ucrt:api-ms-win-crt-runtime-l1-1-0.dll
 0000:00000000       .debug$S                   0000000180000000     ucrt:api-ms-win-crt-runtime-l1-1-0.dll
 0000:00000000       .debug$S                   0000000180000000     ucrt:api-ms-win-crt-runtime-l1-1-0.dll
 0000:00000000       .debug$S                   0000000180000000     ucrt:api-ms-win-crt-runtime-l1-1-0.dll
 0000:00000000       .debug$S                   0000000180000000     ucrt:api-ms-win-crt-runtime-l1-1-0.dll
 0000:00000000       .debug$S                   0000000180000000     ucrt:api-ms-win-crt-runtime-l1-1-0.dll
 0000:00000000       .debug$S                   0000000180000000     ucrt:api-ms-win-crt-runtime-l1-1-0.dll
 0000:00000000       .debug$S                   0000000180000000     ucrt:api-ms-win-crt-runtime-l1-1-0.dll
 0000:00000000       .debug$S                   0000000180000000     ucrt:api-ms-win-crt-string-l1-1-0.dll
 0000:00000000       .debug$S                   0000000180000000     ucrt:api-ms-win-crt-heap-l1-1-0.dll
 0000:00000000       .debug$S                   0000000180000000     ucrt:api-ms-win-crt-heap-l1-1-0.dll
 0000:00000000       .debug$S                   0000000180000000     ucrt:api-ms-win-crt-stdio-l1-1-0.dll
 0000:00000000       .debug$S                   0000000180000000     ucrt:api-ms-win-crt-string-l1-1-0.dll
 0000:00000000       .debug$S                   0000000180000000     sf_runtime:sf_runtime.dll
 0000:00000000       .debug$S                   0000000180000000     vcruntime:VCRUNTIME140.dll
 0000:00000000       .debug$S                   0000000180000000     vcruntime:VCRUNTIME140.dll
 0000:00000000       .debug$S                   0000000180000000     vcruntime:VCRUNTIME140.dll
 0000:00000000       .debug$S                   0000000180000000     vcruntime:VCRUNTIME140.dll
 0000:00000000       .debug$S                   0000000180000000     sf_runtime:sf_runtime.dll
 0000:00000000       .debug$S                   0000000180000000     kernel32:KERNEL32.dll
 0000:00000000       .debug$S                   0000000180000000     kernel32:KERNEL32.dll
 0000:00000000       .debug$S                   0000000180000000     kernel32:KERNEL32.dll
 0000:00000000       .debug$S                   0000000180000000     kernel32:KERNEL32.dll
 0000:00000000       .debug$S                   0000000180000000     kernel32:KERNEL32.dll
 0000:00000000       .debug$S                   0000000180000000     kernel32:KERNEL32.dll
 0000:00000000       .debug$S                   0000000180000000     kernel32:KERNEL32.dll
 0000:00000000       .debug$S                   0000000180000000     kernel32:KERNEL32.dll
 0000:00000000       .debug$S                   0000000180000000     kernel32:KERNEL32.dll
 0000:00000000       .debug$S                   0000000180000000     kernel32:KERNEL32.dll
 0000:00000000       .debug$S                   0000000180000000     kernel32:KERNEL32.dll
 0000:00000000       .debug$S                   0000000180000000     kernel32:KERNEL32.dll
 0000:00000000       .debug$S                   0000000180000000     kernel32:KERNEL32.dll
 0000:00000000       .debug$S                   0000000180000000     kernel32:KERNEL32.dll
 0000:00000000       .debug$S                   0000000180000000     kernel32:KERNEL32.dll
 0000:00000000       .debug$S                   0000000180000000     kernel32:KERNEL32.dll
 0000:00000000       .debug$S                   0000000180000000     kernel32:KERNEL32.dll
 0000:00000000       .debug$S                   0000000180000000     sf_runtime:sf_runtime.dll
 0000:00000000       .debug$S                   0000000180000000     sf_runtime:sf_runtime.dll
 0000:00000000       .debug$S                   0000000180000000     sf_runtime:sf_runtime.dll
 0000:00000000       .debug$S                   0000000180000000     sf_runtime:sf_runtime.dll
 0002:fffcb000       __guard_fids__guard_icall_checks_enforced 0000000180000000     MSVCRT:guard_support.obj
 0002:fffcb000       __guard_fids__             0000000180000000     MSVCRT:guard_support.obj
 0000:00000000       .debug$S                   0000000180000000     sf_runtime:sf_runtime.dll
 0000:00000000       .debug$S                   0000000180000000     sf_runtime:sf_runtime.dll
 0000:00000000       .debug$S                   0000000180000000     sf_runtime:sf_runtime.dll
 0000:00000000       .debug$S                   0000000180000000     sf_runtime:sf_runtime.dll
 0000:00000000       .debug$S                   0000000180000000     sf_runtime:sf_runtime.dll
 0000:00000000       .debug$S                   0000000180000000     sf_runtime:sf_runtime.dll
 0000:00000000       .debug$S                   0000000180000000     sf_runtime:sf_runtime.dll
 0000:00000000       .debug$S                   0000000180000000     sf_runtime:sf_runtime.dll
 0002:fffcb000       __guard_fids___scrt_set_unhandled_exception_filter 0000000180000000     MSVCRT:utility_desktop.obj
 0000:00000000       .debug$S                   0000000180000000     sf_runtime:sf_runtime.dll
 0000:00000000       .debug$S                   0000000180000000     sf_runtime:sf_runtime.dll
 0000:00000000       .debug$S                   0000000180000000     libmx:libmx.dll
 0000:00000000       .debug$S                   0000000180000000     sf_runtime:sf_runtime.dll
 0000:00000000       .debug$S                   0000000180000000     libmx:libmx.dll
 0000:00000000       .debug$S                   0000000180000000     libmx:libmx.dll
 0000:00000000       .debug$S                   0000000180000000     libmx:libmx.dll
 0000:00000000       .debug$S                   0000000180000000     libmx:libmx.dll
 0000:00000000       .debug$S                   0000000180000000     libmx:libmx.dll
 0000:00000000       .debug$S                   0000000180000000     sf_runtime:sf_runtime.dll
 0000:00000000       .debug$S                   0000000180000000     libmx:libmx.dll
 0000:00000000       .debug$S                   0000000180000000     sf_runtime:sf_runtime.dll
 0000:00000000       .debug$S                   0000000180000000     libmx:libmx.dll
 0000:00000000       .debug$S                   0000000180000000     sf_runtime:sf_runtime.dll
 0000:00000000       .debug$S                   0000000180000000     libmx:libmx.dll
 0000:00000000       .debug$S                   0000000180000000     sf_runtime:sf_runtime.dll
 0000:00000000       .debug$S                   0000000180000000     libmx:libmx.dll
 0000:00000000       .debug$S                   0000000180000000     sf_runtime:sf_runtime.dll
 0000:00000000       .debug$S                   0000000180000000     libmx:libmx.dll
 0000:00000000       .debug$S                   0000000180000000     sf_runtime:sf_runtime.dll
 0000:00000000       .debug$S                   0000000180000000     libmx:libmx.dll
 0000:00000000       .debug$S                   0000000180000000     sf_runtime:sf_runtime.dll
 0000:00000000       .debug$S                   0000000180000000     libmx:libmx.dll
 0000:00000000       .debug$S                   0000000180000000     sf_runtime:sf_runtime.dll
 0000:00000000       .debug$S                   0000000180000000     libmx:libmx.dll
 0000:00000000       .debug$S                   0000000180000000     sf_runtime:sf_runtime.dll
 0000:00000000       .debug$S                   0000000180000000     libmx:libmx.dll
 0000:00000000       .debug$S                   0000000180000000     sf_runtime:sf_runtime.dll
 0000:00000000       .debug$S                   0000000180000000     libmx:libmx.dll
 0000:00000000       .debug$S                   0000000180000000     sf_runtime:sf_runtime.dll
 0000:00000000       .debug$S                   0000000180000000     libmx:libmx.dll
 0000:00000000       .debug$S                   0000000180000000     sf_runtime:sf_runtime.dll
 0000:00000000       .debug$S                   0000000180000000     libmx:libmx.dll
 0000:00000000       .debug$S                   0000000180000000     sf_runtime:sf_runtime.dll
 0000:00000000       .debug$S                   0000000180000000     libmx:libmx.dll
 0000:00000000       .debug$S                   0000000180000000     sf_runtime:sf_runtime.dll
 0000:00000000       .debug$S                   0000000180000000     libmx:libmx.dll
 0000:00000000       .debug$S                   0000000180000000     sf_runtime:sf_runtime.dll
 0000:00000000       .debug$S                   0000000180000000     libmex:libmex.dll
 0000:00000000       .debug$S                   0000000180000000     sf_runtime:sf_runtime.dll
 0000:00000000       .debug$S                   0000000180000000     libmex:libmex.dll
 0000:00000000       .debug$S                   0000000180000000     sf_runtime:sf_runtime.dll
 0000:00000000       .debug$S                   0000000180000000     sf_runtime:sf_runtime.dll
 0000:00000000       .debug$S                   0000000180000000     sf_runtime:sf_runtime.dll
 0000:00000000       .debug$S                   0000000180000000     sf_runtime:sf_runtime.dll
 0000:00000000       .debug$S                   0000000180000000     libmex:libmex.dll
 0000:00000000       .debug$S                   0000000180000000     sf_runtime:sf_runtime.dll
 0000:00000000       .debug$S                   0000000180000000     libmex:libmex.dll
 0000:00000000       .debug$S                   0000000180000000     sf_runtime:sf_runtime.dll
 0000:00000000       .debug$S                   0000000180000000     libmex:libmex.dll
 0000:00000000       .debug$S                   0000000180000000     sf_runtime:sf_runtime.dll
 0000:00000000       .debug$S                   0000000180000000     libmex:libmex.dll
 0000:00000000       .debug$S                   0000000180000000     sf_runtime:sf_runtime.dll
 0000:00000000       .debug$S                   0000000180000000     sf_runtime:sf_runtime.dll
 0000:00000000       .debug$S                   0000000180000000     libmex:libmex.dll
 0000:00000000       .debug$S                   0000000180000000     libut:libut.dll
 0000:00000000       .debug$S                   0000000180000000     sf_runtime:sf_runtime.dll
 0000:00000000       .debug$S                   0000000180000000     libut:libut.dll
 0000:00000000       .debug$S                   0000000180000000     sf_runtime:sf_runtime.dll
 0000:00000000       .debug$S                   0000000180000000     libmwsl_sfcn_cov_bridge:libmwsl_sfcn_cov_bridge.dll
 0000:00000000       .debug$S                   0000000180000000     sf_runtime:sf_runtime.dll
[...]
 0004:00000ac8       $pdata$mdlStart_c12_SpeedgoatCANOpen2Buses100us 0000000180040ac8     c12_SpeedgoatCANOpen2Buses100us.obj
 0004:00000ad4       $pdata$mexFunction         0000000180040ad4     SpeedgoatCANOpen2Buses100us_sfun_registry.obj
 0004:00000ae0       $pdata$_ssSetInputPortDirectFeedThroughFcn 0000000180040ae0     SpeedgoatCANOpen2Buses100us_sfun_registry.obj
 0004:00000aec       $pdata$_ssSetRWorkValueFcn 0000000180040aec     SpeedgoatCANOpen2Buses100us_sfun_registry.obj
 0004:00000af8       $pdata$_ssGetRWorkValueFcn 0000000180040af8     SpeedgoatCANOpen2Buses100us_sfun_registry.obj
 0004:00000b04       $pdata$_ssSetIWorkValueFcn 0000000180040b04     SpeedgoatCANOpen2Buses100us_sfun_registry.obj
 0004:00000b10       $pdata$_ssGetIWorkValueFcn 0000000180040b10     SpeedgoatCANOpen2Buses100us_sfun_registry.obj
 0004:00000b1c       $pdata$_ssSetPWorkValueFcn 0000000180040b1c     SpeedgoatCANOpen2Buses100us_sfun_registry.obj
 0004:00000b28       $pdata$_ssGetPWorkValueFcn 0000000180040b28     SpeedgoatCANOpen2Buses100us_sfun_registry.obj
 0004:00000b34       $pdata$_ssGetInputPortSignalFcn 0000000180040b34     SpeedgoatCANOpen2Buses100us_sfun_registry.obj
 0004:00000b40       $pdata$_ssGetInputPortBufferDstPortFcn 0000000180040b40     SpeedgoatCANOpen2Buses100us_sfun_registry.obj
 0004:00000b4c       $pdata$_ssGetInputPortSignalPtrsFcn 0000000180040b4c     SpeedgoatCANOpen2Buses100us_sfun_registry.obj
 0004:00000b58       $pdata$ssGetParameterTuningCompliance 0000000180040b58     SpeedgoatCANOpen2Buses100us_sfun_registry.obj
 0004:00000b64       $pdata$ssGetDTypeIdFromMxArray 0000000180040b64     SpeedgoatCANOpen2Buses100us_sfun_registry.obj
 0004:00000b70       $pdata$ssWriteRTWMx2dMatParam 0000000180040b70     SpeedgoatCANOpen2Buses100us_sfun_registry.obj
 0004:00000b7c       $pdata$ssWriteRTWMxVectParam 0000000180040b7c     SpeedgoatCANOpen2Buses100us_sfun_registry.obj
 0004:00000b88       $pdata$ssWriteRTWParameters 0000000180040b88     SpeedgoatCANOpen2Buses100us_sfun_registry.obj
 0004:00000b94       $pdata$ssWriteRTWParamSettings 0000000180040b94     SpeedgoatCANOpen2Buses100us_sfun_registry.obj
 0004:00000ba0       $pdata$ssWriteRTWStr       0000000180040ba0     SpeedgoatCANOpen2Buses100us_sfun_registry.obj
 0004:00000bac       $pdata$ssWriteRTWWorkVect  0000000180040bac     SpeedgoatCANOpen2Buses100us_sfun_registry.obj
 0004:00000bb8       $pdata$ssWarning           0000000180040bb8     SpeedgoatCANOpen2Buses100us_sfun_registry.obj
 0004:00000bc4       $pdata$ssWriteRTWNameValuePair 0000000180040bc4     SpeedgoatCANOpen2Buses100us_sfun_registry.obj
 0004:00000bd0       $pdata$_ssSetInputPortMatrixDimensions 0000000180040bd0     SpeedgoatCANOpen2Buses100us_sfun_registry.obj
 0004:00000bdc       $pdata$_ssSetOutputPortMatrixDimensions 0000000180040bdc     SpeedgoatCANOpen2Buses100us_sfun_registry.obj
 0004:00000be8       $pdata$_ssSetInputPortVectorDimension 0000000180040be8     SpeedgoatCANOpen2Buses100us_sfun_registry.obj
 0004:00000bf4       $pdata$_ssSetOutputPortVectorDimension 0000000180040bf4     SpeedgoatCANOpen2Buses100us_sfun_registry.obj
 0004:00000c00       $pdata$ssIsRunTimeParamTunable 0000000180040c00     SpeedgoatCANOpen2Buses100us_sfun_registry.obj
 0004:00000c0c       $pdata$ssGetSFuncBlockHandle 0000000180040c0c     SpeedgoatCANOpen2Buses100us_sfun_registry.obj
 0004:00000c18       $pdata$_ssGetCurrentInputPortWidth 0000000180040c18     SpeedgoatCANOpen2Buses100us_sfun_registry.obj
 0004:00000c24       $pdata$_ssGetCurrentOutputPortWidth 0000000180040c24     SpeedgoatCANOpen2Buses100us_sfun_registry.obj
 0004:00000c30       $pdata$_ssGetCallSystemNumFcnCallDestinations 0000000180040c30     SpeedgoatCANOpen2Buses100us_sfun_registry.obj
 0004:00000c3c       $pdata$ssGetIsZeroCrossControlDisabled 0000000180040c3c     SpeedgoatCANOpen2Buses100us_sfun_registry.obj
 0004:00000c48       $pdata$ssSetIsInputPortUsedForContZcSignal 0000000180040c48     SpeedgoatCANOpen2Buses100us_sfun_registry.obj
 0004:00000c54       $pdata$ssSetZcSignalIsZcElementDisc 0000000180040c54     SpeedgoatCANOpen2Buses100us_sfun_registry.obj
 0004:00000c60       $pdata$ssSetZcSignalName   0000000180040c60     SpeedgoatCANOpen2Buses100us_sfun_registry.obj
 0004:00000c6c       $pdata$ssSetZcSignalWidth  0000000180040c6c     SpeedgoatCANOpen2Buses100us_sfun_registry.obj
 0004:00000c78       $pdata$ssSetZcSignalZcEventType 0000000180040c78     SpeedgoatCANOpen2Buses100us_sfun_registry.obj
 0004:00000c84       $pdata$ssSetZcSignalType   0000000180040c84     SpeedgoatCANOpen2Buses100us_sfun_registry.obj
 0004:00000c90       $pdata$ssSetZcSignalZcTol  0000000180040c90     SpeedgoatCANOpen2Buses100us_sfun_registry.obj
 0004:00000c9c       $pdata$ssSetZcSignalNeedsEventNotification 0000000180040c9c     SpeedgoatCANOpen2Buses100us_sfun_registry.obj
 0004:00000ca8       $pdata$ssCreateAndAddZcSignalInfo 0000000180040ca8     SpeedgoatCANOpen2Buses100us_sfun_registry.obj
 0004:00000cb4       $pdata$ssCloneAndAddZcSignalInfo 0000000180040cb4     SpeedgoatCANOpen2Buses100us_sfun_registry.obj
 0004:00000cc0       $pdata$ssGetNumZcSignals   0000000180040cc0     SpeedgoatCANOpen2Buses100us_sfun_registry.obj
 0004:00000ccc       $pdata$ssGetZcSignalVector 0000000180040ccc     SpeedgoatCANOpen2Buses100us_sfun_registry.obj
 0004:00000cd8       $pdata$ssGetZcSignalName   0000000180040cd8     SpeedgoatCANOpen2Buses100us_sfun_registry.obj
 0004:00000ce4       $pdata$ssGetZcSignalWidth  0000000180040ce4     SpeedgoatCANOpen2Buses100us_sfun_registry.obj
 0004:00000cf0       $pdata$ssGetZcSignalZcEventType 0000000180040cf0     SpeedgoatCANOpen2Buses100us_sfun_registry.obj
 0004:00000cfc       $pdata$ssGetZcSignalZcEvents 0000000180040cfc     SpeedgoatCANOpen2Buses100us_sfun_registry.obj
 0004:00000d08       $pdata$ssGetZcSignalType   0000000180040d08     SpeedgoatCANOpen2Buses100us_sfun_registry.obj
 0004:00000d14       $pdata$ssGetZcSignalZcTol  0000000180040d14     SpeedgoatCANOpen2Buses100us_sfun_registry.obj
 0004:00000d20       $pdata$ssGetZcSignalNeedsEventNotification 0000000180040d20     SpeedgoatCANOpen2Buses100us_sfun_registry.obj
 0004:00000d2c       $pdata$ssGetZcSignalIsZcElementDisc 0000000180040d2c     SpeedgoatCANOpen2Buses100us_sfun_registry.obj
 0004:00000d38       $pdata$ssGetIsInputPortElementContinuous 0000000180040d38     SpeedgoatCANOpen2Buses100us_sfun_registry.obj
 0004:00000d44       $pdata$_ssGetAbsTol        0000000180040d44     SpeedgoatCANOpen2Buses100us_sfun_registry.obj
 0004:00000d50       $pdata$_ssSetInputPortReusableFcn 0000000180040d50     SpeedgoatCANOpen2Buses100us_sfun_registry.obj
 0004:00000d5c       $pdata$_ssSetOutputPortReusableFcn 0000000180040d5c     SpeedgoatCANOpen2Buses100us_sfun_registry.obj
 0004:00000d68       $pdata$_ssSetSymbolicDimsSupport 0000000180040d68     SpeedgoatCANOpen2Buses100us_sfun_registry.obj
 0004:00000d74       $pdata$_ssRegisterSymbolicDimsExpr 0000000180040d74     SpeedgoatCANOpen2Buses100us_sfun_registry.obj
 0004:00000d80       $pdata$_ssRegisterSymbolicDims 0000000180040d80     SpeedgoatCANOpen2Buses100us_sfun_registry.obj
 0004:00000d8c       $pdata$_ssRegisterSymbolicDimsString 0000000180040d8c     SpeedgoatCANOpen2Buses100us_sfun_registry.obj
 0004:00000d98       $pdata$_ssRegisterSymbolicDimsIntValue 0000000180040d98     SpeedgoatCANOpen2Buses100us_sfun_registry.obj
 0004:00000da4       $pdata$_ssRegisterSymbolicDimsPlus 0000000180040da4     SpeedgoatCANOpen2Buses100us_sfun_registry.obj
 0004:00000db0       $pdata$_ssRegisterSymbolicDimsMinus 0000000180040db0     SpeedgoatCANOpen2Buses100us_sfun_registry.obj
 0004:00000dbc       $pdata$_ssRegisterSymbolicDimsMultiply 0000000180040dbc     SpeedgoatCANOpen2Buses100us_sfun_registry.obj
 0004:00000dc8       $pdata$_ssRegisterSymbolicDimsDivide 0000000180040dc8     SpeedgoatCANOpen2Buses100us_sfun_registry.obj
 0004:00000dd4       $pdata$_ssGetNumSymbolicDims 0000000180040dd4     SpeedgoatCANOpen2Buses100us_sfun_registry.obj
 0004:00000de0       $pdata$_ssGetSymbolicDim   0000000180040de0     SpeedgoatCANOpen2Buses100us_sfun_registry.obj
 0004:00000dec       $pdata$_ssSetInputPortSymbolicDimsId 0000000180040dec     SpeedgoatCANOpen2Buses100us_sfun_registry.obj
 0004:00000df8       $pdata$_ssGetCompInputPortSymbolicDimsId 0000000180040df8     SpeedgoatCANOpen2Buses100us_sfun_registry.obj
 0004:00000e04       $pdata$_ssSetCompInputPortSymbolicDimsId 0000000180040e04     SpeedgoatCANOpen2Buses100us_sfun_registry.obj
 0004:00000e10       $pdata$_ssSetOutputPortSymbolicDimsId 0000000180040e10     SpeedgoatCANOpen2Buses100us_sfun_registry.obj
 0004:00000e1c       $pdata$_ssGetCompOutputPortSymbolicDimsId 0000000180040e1c     SpeedgoatCANOpen2Buses100us_sfun_registry.obj
 0004:00000e28       $pdata$_ssSetCompOutputPortSymbolicDimsId 0000000180040e28     SpeedgoatCANOpen2Buses100us_sfun_registry.obj
 0004:00000e34       $pdata$_ssSetCompDWorkSymbolicDimsId 0000000180040e34     SpeedgoatCANOpen2Buses100us_sfun_registry.obj
 0004:00000e40       $pdata$sf_process_check_sum_call 0000000180040e40     SpeedgoatCANOpen2Buses100us_sfun_registry.obj
 0004:00000e4c       $pdata$sf_process_testpoint_info_call 0000000180040e4c     SpeedgoatCANOpen2Buses100us_sfun_registry.obj
 0004:00000e58       $pdata$sf_process_autoinheritance_call 0000000180040e58     SpeedgoatCANOpen2Buses100us_sfun_registry.obj
 0004:00000e64       $pdata$sf_process_get_third_party_uses_info_call 0000000180040e64     SpeedgoatCANOpen2Buses100us_sfun_registry.obj
 0004:00000e70       $pdata$sf_process_get_jit_fallback_info_call 0000000180040e70     SpeedgoatCANOpen2Buses100us_sfun_registry.obj
 0004:00000e7c       $pdata$sf_process_get_updateBuildInfo_args_info_call 0000000180040e7c     SpeedgoatCANOpen2Buses100us_sfun_registry.obj
 0004:00000e88       $pdata$sf_process_get_eml_resolved_functions_info_call 0000000180040e88     SpeedgoatCANOpen2Buses100us_sfun_registry.obj
 0004:00000e94       $pdata$sf_mex_unlock_call  0000000180040e94     SpeedgoatCANOpen2Buses100us_sfun_registry.obj
 0004:00000ea0       $pdata$sf_debug_api_wrapper 0000000180040ea0     SpeedgoatCANOpen2Buses100us_sfun_registry.obj
 0004:00000eac       $pdata$ProcessMexSfunctionCmdLineCall 0000000180040eac     SpeedgoatCANOpen2Buses100us_sfun_registry.obj
 0004:00000eb8       $pdata$sf_machine_global_initializer_called 0000000180040eb8     SpeedgoatCANOpen2Buses100us_sfun_registry.obj
 0004:00000ec4       $pdata$sf_machine_global_method_dispatcher 0000000180040ec4     SpeedgoatCANOpen2Buses100us_sfun_registry.obj
 0004:00000ed0       $pdata$sf_machine_global_terminator 0000000180040ed0     SpeedgoatCANOpen2Buses100us_sfun_registry.obj
 0004:00000edc       $pdata$sf_register_machine_exported_symbols 0000000180040edc     SpeedgoatCANOpen2Buses100us_sfun_registry.obj
 0004:00000ee8       $pdata$sf_machine_global_initializer 0000000180040ee8     SpeedgoatCANOpen2Buses100us_sfun_registry.obj
 0004:00000ef4       $pdata$mdlGetSimState      0000000180040ef4     SpeedgoatCANOpen2Buses100us_sfun_registry.obj
 0004:00000f00       $pdata$mdlSetSimState      0000000180040f00     SpeedgoatCANOpen2Buses100us_sfun_registry.obj
 0004:00000f0c       $pdata$mdlSetWorkWidths    0000000180040f0c     SpeedgoatCANOpen2Buses100us_sfun_registry.obj
 0004:00000f18       $pdata$mdlProcessParameters 0000000180040f18     SpeedgoatCANOpen2Buses100us_sfun_registry.obj
 0004:00000f24       $pdata$mdl_start_processing 0000000180040f24     SpeedgoatCANOpen2Buses100us_sfun_registry.obj
 0004:00000f30       $pdata$mdl_terminate_processing 0000000180040f30     SpeedgoatCANOpen2Buses100us_sfun_registry.obj
 0004:00000f3c       $pdata$mdlStart            0000000180040f3c     SpeedgoatCANOpen2Buses100us_sfun_registry.obj
 0004:00000f48       $pdata$mdlTerminate        0000000180040f48     SpeedgoatCANOpen2Buses100us_sfun_registry.obj
 0004:00000f54       $pdata$mdlInitializeSizes  0000000180040f54     SpeedgoatCANOpen2Buses100us_sfun_registry.obj
 0004:00000f60       $pdata$mdlInitializeSampleTimes 0000000180040f60     SpeedgoatCANOpen2Buses100us_sfun_registry.obj
 0004:00000f6c       $pdata$mdl_outputs_continuous_legacy 0000000180040f6c     SpeedgoatCANOpen2Buses100us_sfun_registry.obj
 0004:00000f78       $pdata$mdl_outputs_processing 0000000180040f78     SpeedgoatCANOpen2Buses100us_sfun_registry.obj
 0004:00000f84       $pdata$mdl_zeroCrossings_processing 0000000180040f84     SpeedgoatCANOpen2Buses100us_sfun_registry.obj
 0004:00000f90       $pdata$mdlZeroCrossings    0000000180040f90     SpeedgoatCANOpen2Buses100us_sfun_registry.obj
 0004:00000f9c       $pdata$mdl_derivatives_processing 0000000180040f9c     SpeedgoatCANOpen2Buses100us_sfun_registry.obj
 0004:00000fa8       $pdata$mdlDerivatives      0000000180040fa8     SpeedgoatCANOpen2Buses100us_sfun_registry.obj
 0004:00000fb4       $pdata$mdl_initialize_conditions_processing 0000000180040fb4     SpeedgoatCANOpen2Buses100us_sfun_registry.obj
 0004:00000fc0       $pdata$mdlInitializeConditions 0000000180040fc0     SpeedgoatCANOpen2Buses100us_sfun_registry.obj
 0004:00000fcc       $pdata$mdl_ext_mode_exec_processing 0000000180040fcc     SpeedgoatCANOpen2Buses100us_sfun_registry.obj
 0004:00000fd8       $pdata$mdlExtModeExec      0000000180040fd8     SpeedgoatCANOpen2Buses100us_sfun_registry.obj
 0004:00000fe4       $pdata$mdlRTW              0000000180040fe4     SpeedgoatCANOpen2Buses100us_sfun_registry.obj
 0004:00000ff0       $pdata$mdl_enable_processing 0000000180040ff0     SpeedgoatCANOpen2Buses100us_sfun_registry.obj
 0004:00000ffc       $pdata$mdlEnable           0000000180040ffc     SpeedgoatCANOpen2Buses100us_sfun_registry.obj
 0004:00001008       $pdata$mdl_disable_processing 0000000180041008     SpeedgoatCANOpen2Buses100us_sfun_registry.obj
 0004:00001014       $pdata$mdlDisable          0000000180041014     SpeedgoatCANOpen2Buses100us_sfun_registry.obj
 0004:00001020       $pdata$mdlOutputs          0000000180041020     SpeedgoatCANOpen2Buses100us_sfun_registry.obj
 0004:0000102c       $pdata$mdl_update_processing 000000018004102c     SpeedgoatCANOpen2Buses100us_sfun_registry.obj
 0004:00001038       $pdata$mdlUpdate           0000000180041038     SpeedgoatCANOpen2Buses100us_sfun_registry.obj
 0004:00001044       $pdata$ProcessMexSfunctionEveryCall 0000000180041044     SpeedgoatCANOpen2Buses100us_sfun_registry.obj
 0004:00001050       $pdata$_RegNumInputPortsCB 0000000180041050     SpeedgoatCANOpen2Buses100us_sfun_registry.obj
 0004:0000105c       $pdata$_RegNumOutputPortsCB 000000018004105c     SpeedgoatCANOpen2Buses100us_sfun_registry.obj
 0004:00001068       $pdata$_CreateSimStruct    0000000180041068     SpeedgoatCANOpen2Buses100us_sfun_registry.obj
 0004:00001074       $pdata$_ProcessMexSfunctionCmdLineCall 0000000180041074     SpeedgoatCANOpen2Buses100us_sfun_registry.obj
 0004:00001080       $pdata$ReportIndexOutOfBoundsError 0000000180041080     SpeedgoatCANOpen2Buses100us_sfun_registry.obj
 0004:0000108c       $pdata$_vsnprintf_l        000000018004108c     SpeedgoatCANOpen2Buses100us_sfun_registry.obj
 0004:00001098       $pdata$_vsprintf_l         0000000180041098     SpeedgoatCANOpen2Buses100us_sfun_registry.obj
 0004:000010a4       $pdata$sprintf             00000001800410a4     SpeedgoatCANOpen2Buses100us_sfun_registry.obj
 0004:000010b0       $pdata$__raise_securityfailure 00000001800410b0     MSVCRT:gs_report.obj
 0004:000010bc       $pdata$__report_gsfailure  00000001800410bc     MSVCRT:gs_report.obj
 0004:000010c8       $pdata$__report_rangecheckfailure 00000001800410c8     MSVCRT:gs_report.obj
 0004:000010d4       $pdata$__report_securityfailure 00000001800410d4     MSVCRT:gs_report.obj
 0004:000010e0       $pdata$__report_securityfailureEx 00000001800410e0     MSVCRT:gs_report.obj
 0004:000010ec       $pdata$capture_current_context 00000001800410ec     MSVCRT:gs_report.obj
 0004:000010f8       $pdata$capture_previous_context 00000001800410f8     MSVCRT:gs_report.obj
 0004:00001104       $pdata$__GSHandlerCheck    0000000180041104     MSVCRT:gshandler.obj
 0004:00001110       $pdata$__GSHandlerCheckCommon 0000000180041110     MSVCRT:gshandler.obj
 0004:00001128       $pdata$?dllmain_crt_dispatch@@YAHQEAUHINSTANCE__@@KQEAX@Z 0000000180041128     MSVCRT:dll_dllmain.obj
 0004:00001134       $pdata$?dllmain_crt_process_attach@@YAHQEAUHINSTANCE__@@QEAX@Z 0000000180041134     MSVCRT:dll_dllmain.obj
 0004:00001140       $pdata$?dllmain_crt_process_detach@@YAH_N@Z 0000000180041140     MSVCRT:dll_dllmain.obj
 0004:0000114c       $pdata$?dllmain_dispatch@@YAHQEAUHINSTANCE__@@KQEAX@Z 000000018004114c     MSVCRT:dll_dllmain.obj
 0004:00001158       $pdata$_DllMainCRTStartup  0000000180041158     MSVCRT:dll_dllmain.obj
 0004:00001164       $pdata$__get_entropy       0000000180041164     MSVCRT:gs_support.obj
 0004:00001170       $pdata$__security_init_cookie 0000000180041170     MSVCRT:gs_support.obj
 0004:0000117c       $pdata$DllMain             000000018004117c     MSVCRT:dll_dllmain_stub.obj
 0004:00001188       $pdata$__scrt_initialize_default_local_stdio_options 0000000180041188     MSVCRT:default_local_stdio_options.obj
 0004:00001194       $pdata$?configure_argv@__scrt_narrow_argv_policy@@SAHXZ 0000000180041194     MSVCRT:utility.obj
 0004:000011a0       $pdata$__scrt_acquire_startup_lock 00000001800411a0     MSVCRT:utility.obj
 0004:000011ac       $pdata$__scrt_dllmain_after_initialize_c 00000001800411ac     MSVCRT:utility.obj
 0004:000011b8       $pdata$__scrt_dllmain_before_initialize_c 00000001800411b8     MSVCRT:utility.obj
 0004:000011c4       $pdata$__scrt_dllmain_crt_thread_attach 00000001800411c4     MSVCRT:utility.obj
 0004:000011d0       $pdata$__scrt_dllmain_crt_thread_detach 00000001800411d0     MSVCRT:utility.obj
 0004:000011dc       $pdata$__scrt_dllmain_exception_filter 00000001800411dc     MSVCRT:utility.obj
 0004:000011e8       $pdata$__scrt_dllmain_uninitialize_c 00000001800411e8     MSVCRT:utility.obj
 0004:000011f4       $pdata$__scrt_dllmain_uninitialize_critical 00000001800411f4     MSVCRT:utility.obj
 0004:00001200       $pdata$__scrt_initialize_crt 0000000180041200     MSVCRT:utility.obj
 0004:0000120c       $pdata$__scrt_initialize_onexit_tables 000000018004120c     MSVCRT:utility.obj
 0004:00001218       $pdata$__scrt_is_nonwritable_in_current_image 0000000180041218     MSVCRT:utility.obj
 0004:00001224       $pdata$__scrt_release_startup_lock 0000000180041224     MSVCRT:utility.obj
 0004:00001230       $pdata$__scrt_uninitialize_crt 0000000180041230     MSVCRT:utility.obj
 0004:0000123c       $pdata$_onexit             000000018004123c     MSVCRT:utility.obj
 0004:00001248       $pdata$atexit              0000000180041248     MSVCRT:utility.obj
 0004:00001254       $pdata$__scrt_fastfail     0000000180041254     MSVCRT:utility_desktop.obj
 0004:00001260       $pdata$__scrt_get_show_window_mode 0000000180041260     MSVCRT:utility_desktop.obj
 0004:0000126c       $pdata$__scrt_is_managed_app 000000018004126c     MSVCRT:utility_desktop.obj
 0004:00001278       $pdata$__scrt_unhandled_exception_filter 0000000180041278     MSVCRT:utility_desktop.obj
 0004:00001284       $pdata$_RTC_Initialize     0000000180041284     MSVCRT:initsect.obj
 0004:00001290       $pdata$_RTC_Terminate      0000000180041290     MSVCRT:initsect.obj
 0004:0000129c       $pdata$__isa_available_init 000000018004129c     MSVCRT:cpu_disp.obj
 0004:000012b4       $pdata$?fin$0@?0??dllmain_crt_process_attach@@YAHQEAUHINSTANCE__@@QEAX@Z@4HA 00000001800412b4     MSVCRT:dll_dllmain.obj
 0004:000012c0       $pdata$?fin$0@?0??dllmain_crt_process_detach@@YAH_N@Z@4HA 00000001800412c0     MSVCRT:dll_dllmain.obj
 0004:000012cc       $pdata$?filt$0@?0??dllmain_dispatch@@YAHQEAUHINSTANCE__@@KQEAX@Z@4HA 00000001800412cc     MSVCRT:dll_dllmain.obj
 0004:000012d8       $pdata$__scrt_is_nonwritable_in_current_image$filt$0 00000001800412d8     MSVCRT:utility.obj
