 SpeedgoatCANOpen2Buses100us_sfun

 Timestamp is 60e31a72 (Mon Jul  5 17:42:58 2021)

 Preferred load address is 0000000180000000

 Start         Length     Name                   Class
 0001:00000000 00038860H .text$mn                CODE
 0001:00038860 00000012H .text$mn$00             CODE
 0001:00038872 00000081H .text$x                 CODE
 0002:00000000 00000510H .idata$5                DATA
 0002:00000510 00000010H .00cfg                  DATA
 0002:00000520 00000008H .CRT$XCA                DATA
 0002:00000528 00000008H .CRT$XCZ                DATA
 0002:00000530 00000008H .CRT$XIA                DATA
 0002:00000538 00000008H .CRT$XIZ                DATA
 0002:00000540 00000008H .CRT$XPA                DATA
 0002:00000548 00000008H .CRT$XPZ                DATA
 0002:00000550 00000008H .CRT$XTA                DATA
 0002:00000558 00000008H .CRT$XTZ                DATA
 0002:00000560 00000000H .gfids$y                DATA
 0002:00000560 00000290H .rdata                  DATA
 0002:000007f0 00000218H .rdata$zzzdbg           DATA
 0002:00000a08 00000008H .rtc$IAA                DATA
 0002:00000a10 00000008H .rtc$IZZ                DATA
 0002:00000a18 00000008H .rtc$TAA                DATA
 0002:00000a20 00000008H .rtc$TZZ                DATA
 0002:00000a28 000010a8H .xdata                  DATA
 0002:00001ad0 0000008cH .edata                  DATA
 0002:00001b5c 000000dcH .idata$2                DATA
 0002:00001c38 00000018H .idata$3                DATA
 0002:00001c50 00000510H .idata$4                DATA
 0002:00002160 00000f7cH .idata$6                DATA
 0003:00000000 00007640H .data                   DATA
 0003:00007640 00000770H .bss                    DATA
 0004:00000000 00001560H .pdata                  DATA

  Address         Publics by Value              Rva+Base               Lib:Object

 0000:00000000       __hybrid_code_map          0000000000000000     <absolute>
 0000:00000000       __enclave_config           0000000000000000     <absolute>
 0000:00000000       __guard_longjmp_table      0000000000000000     <absolute>
 0000:00000000       __dynamic_value_reloc_table 0000000000000000     <absolute>
 0000:00000000       __guard_fids_table         0000000000000000     <absolute>
 0000:00000000       __volatile_metadata        0000000000000000     <absolute>
 0000:00000000       ___safe_se_handler_table   0000000000000000     <absolute>
 0000:00000000       __guard_fids_count         0000000000000000     <absolute>
 0000:00000000       __hybrid_code_map_count    0000000000000000     <absolute>
 0000:00000000       __guard_iat_count          0000000000000000     <absolute>
 0000:00000000       __hybrid_auxiliary_iat     0000000000000000     <absolute>
 0000:00000000       __guard_longjmp_count      0000000000000000     <absolute>
 0000:00000000       __guard_iat_table          0000000000000000     <absolute>
 0000:00000000       ___safe_se_handler_count   0000000000000000     <absolute>
 0000:00000100       __guard_flags              0000000000000100     <absolute>
 0000:00000000       __ImageBase                0000000180000000     <linker-defined>
 0001:00000000       SpeedgoatCANOpen2Buses100us_initializer 0000000180001000 f   SpeedgoatCANOpen2Buses100us_sfun.obj
 0001:00000010       SpeedgoatCANOpen2Buses100us_terminator 0000000180001010 f   SpeedgoatCANOpen2Buses100us_sfun.obj
 0001:00000020       load_SpeedgoatCANOpen2Buses100us_optimization_info 0000000180001020 f   SpeedgoatCANOpen2Buses100us_sfun.obj
 0001:000000d0       unload_SpeedgoatCANOpen2Buses100us_optimization_info 00000001800010d0 f   SpeedgoatCANOpen2Buses100us_sfun.obj
 0001:00000100       sf_SpeedgoatCANOpen2Buses100us_method_dispatcher 0000000180001100 f   SpeedgoatCANOpen2Buses100us_sfun.obj
 0001:000001d0       sf_SpeedgoatCANOpen2Buses100us_process_testpoint_info_call 00000001800011d0 f   SpeedgoatCANOpen2Buses100us_sfun.obj
 0001:00000450       sf_SpeedgoatCANOpen2Buses100us_process_check_sum_call 0000000180001450 f   SpeedgoatCANOpen2Buses100us_sfun.obj
 0001:000009a0       sf_SpeedgoatCANOpen2Buses100us_autoinheritance_info 00000001800019a0 f   SpeedgoatCANOpen2Buses100us_sfun.obj
 0001:00000d20       sf_SpeedgoatCANOpen2Buses100us_get_eml_resolved_functions_info 0000000180001d20 f   SpeedgoatCANOpen2Buses100us_sfun.obj
 0001:00001060       sf_SpeedgoatCANOpen2Buses100us_third_party_uses_info 0000000180002060 f   SpeedgoatCANOpen2Buses100us_sfun.obj
 0001:00001320       sf_SpeedgoatCANOpen2Buses100us_jit_fallback_info 0000000180002320 f   SpeedgoatCANOpen2Buses100us_sfun.obj
 0001:000015e0       sf_SpeedgoatCANOpen2Buses100us_updateBuildInfo_args_info 00000001800025e0 f   SpeedgoatCANOpen2Buses100us_sfun.obj
 0001:000018a0       SpeedgoatCANOpen2Buses100us_debug_initialize 00000001800028a0 f   SpeedgoatCANOpen2Buses100us_sfun.obj
 0001:00001920       SpeedgoatCANOpen2Buses100us_register_exported_symbols 0000000180002920 f   SpeedgoatCANOpen2Buses100us_sfun.obj
 0001:00001930       sf_c1_SpeedgoatCANOpen2Buses100us_get_eml_resolved_functions_info 0000000180002930 f   c1_SpeedgoatCANOpen2Buses100us.obj
 0001:000019b0       sf_c1_SpeedgoatCANOpen2Buses100us_get_check_sum 00000001800029b0 f   c1_SpeedgoatCANOpen2Buses100us.obj
 0001:00001a80       c1_SpeedgoatCANOpen2Buses100us_method_dispatcher 0000000180002a80 f   c1_SpeedgoatCANOpen2Buses100us.obj
 0001:00009790       sf_c1_SpeedgoatCANOpen2Buses100us_get_post_codegen_info 000000018000a790 f   c1_SpeedgoatCANOpen2Buses100us.obj
 0001:00009860       sf_c1_SpeedgoatCANOpen2Buses100us_get_autoinheritance_info 000000018000a860 f   c1_SpeedgoatCANOpen2Buses100us.obj
 0001:0000a5c0       sf_c1_SpeedgoatCANOpen2Buses100us_third_party_uses_info 000000018000b5c0 f   c1_SpeedgoatCANOpen2Buses100us.obj
 0001:0000a5f0       sf_c1_SpeedgoatCANOpen2Buses100us_jit_fallback_info 000000018000b5f0 f   c1_SpeedgoatCANOpen2Buses100us.obj
 0001:0000a780       sf_c1_SpeedgoatCANOpen2Buses100us_updateBuildInfo_args_info 000000018000b780 f   c1_SpeedgoatCANOpen2Buses100us.obj
 0001:0000aca0       sf_c1_SpeedgoatCANOpen2Buses100us_get_testpoint_info 000000018000bca0 f   c1_SpeedgoatCANOpen2Buses100us.obj
 0001:0000b6e0       sf_c2_SpeedgoatCANOpen2Buses100us_get_eml_resolved_functions_info 000000018000c6e0 f   c2_SpeedgoatCANOpen2Buses100us.obj
 0001:0000b760       sf_c2_SpeedgoatCANOpen2Buses100us_get_check_sum 000000018000c760 f   c2_SpeedgoatCANOpen2Buses100us.obj
 0001:0000b830       c2_SpeedgoatCANOpen2Buses100us_method_dispatcher 000000018000c830 f   c2_SpeedgoatCANOpen2Buses100us.obj
 0001:00013540       sf_c2_SpeedgoatCANOpen2Buses100us_get_post_codegen_info 0000000180014540 f   c2_SpeedgoatCANOpen2Buses100us.obj
 0001:00013610       sf_c2_SpeedgoatCANOpen2Buses100us_get_autoinheritance_info 0000000180014610 f   c2_SpeedgoatCANOpen2Buses100us.obj
 0001:00014370       sf_c2_SpeedgoatCANOpen2Buses100us_third_party_uses_info 0000000180015370 f   c2_SpeedgoatCANOpen2Buses100us.obj
 0001:000143a0       sf_c2_SpeedgoatCANOpen2Buses100us_jit_fallback_info 00000001800153a0 f   c2_SpeedgoatCANOpen2Buses100us.obj
 0001:00014530       sf_c2_SpeedgoatCANOpen2Buses100us_updateBuildInfo_args_info 0000000180015530 f   c2_SpeedgoatCANOpen2Buses100us.obj
 0001:00014a50       sf_c2_SpeedgoatCANOpen2Buses100us_get_testpoint_info 0000000180015a50 f   c2_SpeedgoatCANOpen2Buses100us.obj
 0001:00015490       sf_c3_SpeedgoatCANOpen2Buses100us_get_eml_resolved_functions_info 0000000180016490 f   c3_SpeedgoatCANOpen2Buses100us.obj
 0001:00015510       sf_c3_SpeedgoatCANOpen2Buses100us_get_check_sum 0000000180016510 f   c3_SpeedgoatCANOpen2Buses100us.obj
 0001:000155e0       c3_SpeedgoatCANOpen2Buses100us_method_dispatcher 00000001800165e0 f   c3_SpeedgoatCANOpen2Buses100us.obj
 0001:0001d2f0       sf_c3_SpeedgoatCANOpen2Buses100us_get_post_codegen_info 000000018001e2f0 f   c3_SpeedgoatCANOpen2Buses100us.obj
 0001:0001d3c0       sf_c3_SpeedgoatCANOpen2Buses100us_get_autoinheritance_info 000000018001e3c0 f   c3_SpeedgoatCANOpen2Buses100us.obj
 0001:0001e120       sf_c3_SpeedgoatCANOpen2Buses100us_third_party_uses_info 000000018001f120 f   c3_SpeedgoatCANOpen2Buses100us.obj
 0001:0001e150       sf_c3_SpeedgoatCANOpen2Buses100us_jit_fallback_info 000000018001f150 f   c3_SpeedgoatCANOpen2Buses100us.obj
 0001:0001e2e0       sf_c3_SpeedgoatCANOpen2Buses100us_updateBuildInfo_args_info 000000018001f2e0 f   c3_SpeedgoatCANOpen2Buses100us.obj
 0001:0001e800       sf_c3_SpeedgoatCANOpen2Buses100us_get_testpoint_info 000000018001f800 f   c3_SpeedgoatCANOpen2Buses100us.obj
 0001:0001f240       sf_c4_SpeedgoatCANOpen2Buses100us_get_eml_resolved_functions_info 0000000180020240 f   c4_SpeedgoatCANOpen2Buses100us.obj
 0001:0001f2c0       sf_c4_SpeedgoatCANOpen2Buses100us_get_check_sum 00000001800202c0 f   c4_SpeedgoatCANOpen2Buses100us.obj
 0001:0001f390       c4_SpeedgoatCANOpen2Buses100us_method_dispatcher 0000000180020390 f   c4_SpeedgoatCANOpen2Buses100us.obj
 0001:00022930       sf_c4_SpeedgoatCANOpen2Buses100us_get_post_codegen_info 0000000180023930 f   c4_SpeedgoatCANOpen2Buses100us.obj
 0001:00022a00       sf_c4_SpeedgoatCANOpen2Buses100us_get_autoinheritance_info 0000000180023a00 f   c4_SpeedgoatCANOpen2Buses100us.obj
 0001:00022e60       sf_c4_SpeedgoatCANOpen2Buses100us_third_party_uses_info 0000000180023e60 f   c4_SpeedgoatCANOpen2Buses100us.obj
 0001:00022e90       sf_c4_SpeedgoatCANOpen2Buses100us_jit_fallback_info 0000000180023e90 f   c4_SpeedgoatCANOpen2Buses100us.obj
 0001:00023020       sf_c4_SpeedgoatCANOpen2Buses100us_updateBuildInfo_args_info 0000000180024020 f   c4_SpeedgoatCANOpen2Buses100us.obj
 0001:00023540       sf_c4_SpeedgoatCANOpen2Buses100us_get_testpoint_info 0000000180024540 f   c4_SpeedgoatCANOpen2Buses100us.obj
 0001:00023f30       sf_c12_SpeedgoatCANOpen2Buses100us_get_eml_resolved_functions_info 0000000180024f30 f   c12_SpeedgoatCANOpen2Buses100us.obj
 0001:00023fb0       sf_c12_SpeedgoatCANOpen2Buses100us_get_check_sum 0000000180024fb0 f   c12_SpeedgoatCANOpen2Buses100us.obj
 0001:00024080       c12_SpeedgoatCANOpen2Buses100us_method_dispatcher 0000000180025080 f   c12_SpeedgoatCANOpen2Buses100us.obj
 0001:0002bd90       sf_c12_SpeedgoatCANOpen2Buses100us_get_post_codegen_info 000000018002cd90 f   c12_SpeedgoatCANOpen2Buses100us.obj
 0001:0002be60       sf_c12_SpeedgoatCANOpen2Buses100us_get_autoinheritance_info 000000018002ce60 f   c12_SpeedgoatCANOpen2Buses100us.obj
 0001:0002cbc0       sf_c12_SpeedgoatCANOpen2Buses100us_third_party_uses_info 000000018002dbc0 f   c12_SpeedgoatCANOpen2Buses100us.obj
 0001:0002cbf0       sf_c12_SpeedgoatCANOpen2Buses100us_jit_fallback_info 000000018002dbf0 f   c12_SpeedgoatCANOpen2Buses100us.obj
 0001:0002cd80       sf_c12_SpeedgoatCANOpen2Buses100us_updateBuildInfo_args_info 000000018002dd80 f   c12_SpeedgoatCANOpen2Buses100us.obj
 0001:0002d2a0       sf_c12_SpeedgoatCANOpen2Buses100us_get_testpoint_info 000000018002e2a0 f   c12_SpeedgoatCANOpen2Buses100us.obj
 0001:0002dce0       mexFunction                000000018002ece0 f   SpeedgoatCANOpen2Buses100us_sfun_registry.obj
 0001:000302a0       _ssSetInputPortDirectFeedThroughFcn 00000001800312a0 f   SpeedgoatCANOpen2Buses100us_sfun_registry.obj
 0001:00030410       _ssSetRWorkValueFcn        0000000180031410 f   SpeedgoatCANOpen2Buses100us_sfun_registry.obj
 0001:00030490       _ssGetRWorkValueFcn        0000000180031490 f   SpeedgoatCANOpen2Buses100us_sfun_registry.obj
 0001:00030500       _ssSetIWorkValueFcn        0000000180031500 f   SpeedgoatCANOpen2Buses100us_sfun_registry.obj
 0001:00030580       _ssGetIWorkValueFcn        0000000180031580 f   SpeedgoatCANOpen2Buses100us_sfun_registry.obj
 0001:000305f0       _ssSetPWorkValueFcn        00000001800315f0 f   SpeedgoatCANOpen2Buses100us_sfun_registry.obj
 0001:00030670       _ssGetPWorkValueFcn        0000000180031670 f   SpeedgoatCANOpen2Buses100us_sfun_registry.obj
 0001:000306e0       _ssGetInputPortSignalFcn   00000001800316e0 f   SpeedgoatCANOpen2Buses100us_sfun_registry.obj
 0001:00030a70       _ssGetInputPortBufferDstPortFcn 0000000180031a70 f   SpeedgoatCANOpen2Buses100us_sfun_registry.obj
 0001:00030af0       _ssGetInputPortSignalPtrsFcn 0000000180031af0 f   SpeedgoatCANOpen2Buses100us_sfun_registry.obj
 0001:00030e80       ssGetParameterTuningCompliance 0000000180031e80 f   SpeedgoatCANOpen2Buses100us_sfun_registry.obj
 0001:00030ef0       ssGetDTypeIdFromMxArray    0000000180031ef0 f   SpeedgoatCANOpen2Buses100us_sfun_registry.obj
 0001:00031010       ssWriteRTWMx2dMatParam     0000000180032010 f   SpeedgoatCANOpen2Buses100us_sfun_registry.obj
 0001:000310a0       ssWriteRTWMxVectParam      00000001800320a0 f   SpeedgoatCANOpen2Buses100us_sfun_registry.obj
 0001:00031120       ssWriteRTWParameters       0000000180032120 f   SpeedgoatCANOpen2Buses100us_sfun_registry.obj
 0001:000316e0       ssWriteRTWParamSettings    00000001800326e0 f   SpeedgoatCANOpen2Buses100us_sfun_registry.obj
 0001:00031dd0       ssWriteRTWStr              0000000180032dd0 f   SpeedgoatCANOpen2Buses100us_sfun_registry.obj
 0001:00031e30       ssWriteRTWWorkVect         0000000180032e30 f   SpeedgoatCANOpen2Buses100us_sfun_registry.obj
 0001:00032390       ssWarning                  0000000180033390 f   SpeedgoatCANOpen2Buses100us_sfun_registry.obj
 0001:00032480       ssWriteRTWNameValuePair    0000000180033480 f   SpeedgoatCANOpen2Buses100us_sfun_registry.obj
 0001:00032980       _ssSetInputPortMatrixDimensions 0000000180033980 f   SpeedgoatCANOpen2Buses100us_sfun_registry.obj
 0001:00032aa0       _ssSetOutputPortMatrixDimensions 0000000180033aa0 f   SpeedgoatCANOpen2Buses100us_sfun_registry.obj
 0001:00032bc0       _ssSetInputPortVectorDimension 0000000180033bc0 f   SpeedgoatCANOpen2Buses100us_sfun_registry.obj
 0001:00032c70       _ssSetOutputPortVectorDimension 0000000180033c70 f   SpeedgoatCANOpen2Buses100us_sfun_registry.obj
 0001:00032d20       ssIsRunTimeParamTunable    0000000180033d20 f   SpeedgoatCANOpen2Buses100us_sfun_registry.obj
 0001:00032d90       ssGetSFuncBlockHandle      0000000180033d90 f   SpeedgoatCANOpen2Buses100us_sfun_registry.obj
 0001:00032e00       _ssGetCurrentInputPortWidth 0000000180033e00 f   SpeedgoatCANOpen2Buses100us_sfun_registry.obj
 0001:00032f20       _ssGetCurrentOutputPortWidth 0000000180033f20 f   SpeedgoatCANOpen2Buses100us_sfun_registry.obj
 0001:00033040       _ssGetCallSystemNumFcnCallDestinations 0000000180034040 f   SpeedgoatCANOpen2Buses100us_sfun_registry.obj
 0001:000330b0       ssGetIsZeroCrossControlDisabled 00000001800340b0 f   SpeedgoatCANOpen2Buses100us_sfun_registry.obj
 0001:00033120       ssSetIsInputPortUsedForContZcSignal 0000000180034120 f   SpeedgoatCANOpen2Buses100us_sfun_registry.obj
 0001:00033190       ssSetZcSignalIsZcElementDisc 0000000180034190 f   SpeedgoatCANOpen2Buses100us_sfun_registry.obj
 0001:00033240       ssSetZcSignalName          0000000180034240 f   SpeedgoatCANOpen2Buses100us_sfun_registry.obj
 0001:000332b0       ssSetZcSignalWidth         00000001800342b0 f   SpeedgoatCANOpen2Buses100us_sfun_registry.obj
 0001:00033320       ssSetZcSignalZcEventType   0000000180034320 f   SpeedgoatCANOpen2Buses100us_sfun_registry.obj
 0001:00033390       ssSetZcSignalType          0000000180034390 f   SpeedgoatCANOpen2Buses100us_sfun_registry.obj
 0001:00033400       ssSetZcSignalZcTol         0000000180034400 f   SpeedgoatCANOpen2Buses100us_sfun_registry.obj
 0001:00033470       ssSetZcSignalNeedsEventNotification 0000000180034470 f   SpeedgoatCANOpen2Buses100us_sfun_registry.obj
 0001:000334e0       ssCreateAndAddZcSignalInfo 00000001800344e0 f   SpeedgoatCANOpen2Buses100us_sfun_registry.obj
 0001:00033550       ssCloneAndAddZcSignalInfo  0000000180034550 f   SpeedgoatCANOpen2Buses100us_sfun_registry.obj
 0001:000335c0       ssGetNumZcSignals          00000001800345c0 f   SpeedgoatCANOpen2Buses100us_sfun_registry.obj
 0001:00033630       ssGetZcSignalVector        0000000180034630 f   SpeedgoatCANOpen2Buses100us_sfun_registry.obj
 0001:000336a0       ssGetZcSignalName          00000001800346a0 f   SpeedgoatCANOpen2Buses100us_sfun_registry.obj
 0001:00033710       ssGetZcSignalWidth         0000000180034710 f   SpeedgoatCANOpen2Buses100us_sfun_registry.obj
 0001:00033780       ssGetZcSignalZcEventType   0000000180034780 f   SpeedgoatCANOpen2Buses100us_sfun_registry.obj
 0001:000337f0       ssGetZcSignalZcEvents      00000001800347f0 f   SpeedgoatCANOpen2Buses100us_sfun_registry.obj
 0001:00033860       ssGetZcSignalType          0000000180034860 f   SpeedgoatCANOpen2Buses100us_sfun_registry.obj
 0001:000338d0       ssGetZcSignalZcTol         00000001800348d0 f   SpeedgoatCANOpen2Buses100us_sfun_registry.obj
 0001:00033950       ssGetZcSignalNeedsEventNotification 0000000180034950 f   SpeedgoatCANOpen2Buses100us_sfun_registry.obj
 0001:000339c0       ssGetZcSignalIsZcElementDisc 00000001800349c0 f   SpeedgoatCANOpen2Buses100us_sfun_registry.obj
 0001:00033a60       ssGetIsInputPortElementContinuous 0000000180034a60 f   SpeedgoatCANOpen2Buses100us_sfun_registry.obj
 0001:00033b00       _ssGetAbsTol               0000000180034b00 f   SpeedgoatCANOpen2Buses100us_sfun_registry.obj
 0001:00033b70       _ssSetStateAbsTol          0000000180034b70 f   SpeedgoatCANOpen2Buses100us_sfun_registry.obj
 0001:00033c50       _ssSetInputPortReusableFcn 0000000180034c50 f   SpeedgoatCANOpen2Buses100us_sfun_registry.obj
 0001:00033d50       _ssSetOutputPortReusableFcn 0000000180034d50 f   SpeedgoatCANOpen2Buses100us_sfun_registry.obj
 0001:00033e50       _ssSetSymbolicDimsSupport  0000000180034e50 f   SpeedgoatCANOpen2Buses100us_sfun_registry.obj
 0001:00033ec0       _ssRegisterSymbolicDimsExpr 0000000180034ec0 f   SpeedgoatCANOpen2Buses100us_sfun_registry.obj
 0001:00033f40       _ssRegisterSymbolicDims    0000000180034f40 f   SpeedgoatCANOpen2Buses100us_sfun_registry.obj
 0001:00033fe0       _ssRegisterSymbolicDimsString 0000000180034fe0 f   SpeedgoatCANOpen2Buses100us_sfun_registry.obj
 0001:00034060       _ssRegisterSymbolicDimsIntValue 0000000180035060 f   SpeedgoatCANOpen2Buses100us_sfun_registry.obj
 0001:000340d0       _ssRegisterSymbolicDimsPlus 00000001800350d0 f   SpeedgoatCANOpen2Buses100us_sfun_registry.obj
 0001:00034150       _ssRegisterSymbolicDimsMinus 0000000180035150 f   SpeedgoatCANOpen2Buses100us_sfun_registry.obj
 0001:000341d0       _ssRegisterSymbolicDimsMultiply 00000001800351d0 f   SpeedgoatCANOpen2Buses100us_sfun_registry.obj
 0001:00034250       _ssRegisterSymbolicDimsDivide 0000000180035250 f   SpeedgoatCANOpen2Buses100us_sfun_registry.obj
 0001:000342d0       _ssGetNumSymbolicDims      00000001800352d0 f   SpeedgoatCANOpen2Buses100us_sfun_registry.obj
 0001:00034340       _ssGetSymbolicDim          0000000180035340 f   SpeedgoatCANOpen2Buses100us_sfun_registry.obj
 0001:000343c0       _ssSetInputPortSymbolicDimsId 00000001800353c0 f   SpeedgoatCANOpen2Buses100us_sfun_registry.obj
 0001:00034430       _ssGetCompInputPortSymbolicDimsId 0000000180035430 f   SpeedgoatCANOpen2Buses100us_sfun_registry.obj
 0001:000344a0       _ssSetCompInputPortSymbolicDimsId 00000001800354a0 f   SpeedgoatCANOpen2Buses100us_sfun_registry.obj
 0001:00034510       _ssSetOutputPortSymbolicDimsId 0000000180035510 f   SpeedgoatCANOpen2Buses100us_sfun_registry.obj
 0001:00034580       _ssGetCompOutputPortSymbolicDimsId 0000000180035580 f   SpeedgoatCANOpen2Buses100us_sfun_registry.obj
 0001:000345f0       _ssSetCompOutputPortSymbolicDimsId 00000001800355f0 f   SpeedgoatCANOpen2Buses100us_sfun_registry.obj
 0001:00034660       _ssSetCompDWorkSymbolicDimsId 0000000180035660 f   SpeedgoatCANOpen2Buses100us_sfun_registry.obj
 0001:000346d0       sf_process_check_sum_call  00000001800356d0 f   SpeedgoatCANOpen2Buses100us_sfun_registry.obj
 0001:00034720       sf_process_testpoint_info_call 0000000180035720 f   SpeedgoatCANOpen2Buses100us_sfun_registry.obj
 0001:00034770       sf_process_autoinheritance_call 0000000180035770 f   SpeedgoatCANOpen2Buses100us_sfun_registry.obj
 0001:000349a0       sf_process_get_third_party_uses_info_call 00000001800359a0 f   SpeedgoatCANOpen2Buses100us_sfun_registry.obj
 0001:00034bd0       sf_process_get_jit_fallback_info_call 0000000180035bd0 f   SpeedgoatCANOpen2Buses100us_sfun_registry.obj
 0001:00034e00       sf_process_get_updateBuildInfo_args_info_call 0000000180035e00 f   SpeedgoatCANOpen2Buses100us_sfun_registry.obj
 0001:00035030       sf_process_get_eml_resolved_functions_info_call 0000000180036030 f   SpeedgoatCANOpen2Buses100us_sfun_registry.obj
 0001:00035260       sf_mex_unlock_call         0000000180036260 f   SpeedgoatCANOpen2Buses100us_sfun_registry.obj
 0001:00035520       sf_machine_global_initializer_called 0000000180036520 f   SpeedgoatCANOpen2Buses100us_sfun_registry.obj
 0001:00035550       sf_machine_global_method_dispatcher 0000000180036550 f   SpeedgoatCANOpen2Buses100us_sfun_registry.obj
 0001:000355b0       sf_machine_global_terminator 00000001800365b0 f   SpeedgoatCANOpen2Buses100us_sfun_registry.obj
 0001:00035610       sf_register_machine_exported_symbols 0000000180036610 f   SpeedgoatCANOpen2Buses100us_sfun_registry.obj
 0001:00035630       callCustomFcn              0000000180036630 f   SpeedgoatCANOpen2Buses100us_sfun_registry.obj
 0001:00035640       sf_machine_global_initializer 0000000180036640 f   SpeedgoatCANOpen2Buses100us_sfun_registry.obj
 0001:000356c0       mdlGetSimState             00000001800366c0 f   SpeedgoatCANOpen2Buses100us_sfun_registry.obj
 0001:00035700       mdlSetSimState             0000000180036700 f   SpeedgoatCANOpen2Buses100us_sfun_registry.obj
 0001:00035f70       ProcessMexSfunctionEveryCall 0000000180036f70 f   SpeedgoatCANOpen2Buses100us_sfun_registry.obj
 0001:00037080       __local_stdio_printf_options 0000000180038080 f i SpeedgoatCANOpen2Buses100us_sfun_registry.obj
 0001:00037090       _vsnprintf_l               0000000180038090 f i SpeedgoatCANOpen2Buses100us_sfun_registry.obj
 0001:00037110       _vsprintf_l                0000000180038110 f i SpeedgoatCANOpen2Buses100us_sfun_registry.obj
 0001:00037160       sprintf                    0000000180038160 f i SpeedgoatCANOpen2Buses100us_sfun_registry.obj
 0001:000371b0       mexfilerequiredapiversion  00000001800381b0 f   c_mexapi_version.obj
 0001:000371d1       sf_load_rtw_optimization_info 00000001800381d1 f   sf_runtime:sf_runtime.dll
 0001:000371d7       sf_debug_initialize_machine 00000001800381d7 f   sf_runtime:sf_runtime.dll
 0001:000371dd       sf_debug_set_machine_event_thresholds 00000001800381dd f   sf_runtime:sf_runtime.dll
 0001:000371e3       sf_debug_set_machine_data_thresholds 00000001800381e3 f   sf_runtime:sf_runtime.dll
 0001:000371e9       sf_init_ChartRunTimeInfo   00000001800381e9 f   sf_runtime:sf_runtime.dll
 0001:000371ef       sf_free_ChartRunTimeInfo   00000001800381ef f   sf_runtime:sf_runtime.dll
 0001:000371f5       sfrtGetEmlrtCtx            00000001800381f5 f   sf_runtime:sf_runtime.dll
 0001:000371fb       sf_get_chart_instance_ptr  00000001800381fb f   sf_runtime:sf_runtime.dll
 0001:00037201       sf_rtw_info_uint_prop      0000000180038201 f   sf_runtime:sf_runtime.dll
 0001:00037207       sf_update_buildInfo        0000000180038207 f   sf_runtime:sf_runtime.dll
 0001:0003720d       sf_is_chart_inlinable      000000018003820d f   sf_runtime:sf_runtime.dll
 0001:00037213       sf_mark_chart_reusable_outputs 0000000180038213 f   sf_runtime:sf_runtime.dll
 0001:00037219       sf_mark_chart_expressionable_inputs 0000000180038219 f   sf_runtime:sf_runtime.dll
 0001:0003721f       sim_mode_is_rtw_gen        000000018003821f f   sf_runtime:sf_runtime.dll
 0001:00037225       sim_mode_is_external       0000000180038225 f   sf_runtime:sf_runtime.dll
 0001:0003722b       sim_mode_is_modelref_sim   000000018003822b f   sf_runtime:sf_runtime.dll
 0001:00037231       sf_clear_rtw_identifier    0000000180038231 f   sf_runtime:sf_runtime.dll
 0001:00037237       sf_set_rtw_dwork_info      0000000180038237 f   sf_runtime:sf_runtime.dll
 0001:0003723d       sf_get_dwork_info_from_mat_file 000000018003823d f   sf_runtime:sf_runtime.dll
 0001:00037243       sf_set_encoded_dwork_info  0000000180038243 f   sf_runtime:sf_runtime.dll
 0001:00037249       sf_get_time                0000000180038249 f   sf_runtime:sf_runtime.dll
 0001:0003724f       sf_is_first_init_cond      000000018003824f f   sf_runtime:sf_runtime.dll
 0001:00037255       setLegacyDebuggerFlagForRuntime 0000000180038255 f   sf_runtime:sf_runtime.dll
 0001:0003725b       sf_set_chart_accesses_machine_info 000000018003825b f   sf_runtime:sf_runtime.dll
 0001:00037261       sf_register_codegen_names_for_scoped_functions_defined_by_chart 0000000180038261 f   sf_runtime:sf_runtime.dll
 0001:00037267       ssSetBlockIsPurelyCombinatorial_wrapper 0000000180038267 f   sf_runtime:sf_runtime.dll
 0001:0003726d       sf_mex_error_message       000000018003826d f   sf_runtime:sf_runtime.dll
 0001:00037273       sf_mex_create              0000000180038273 f   sf_runtime:sf_runtime.dll
 0001:00037279       sf_mex_createcellmatrix    0000000180038279 f   sf_runtime:sf_runtime.dll
 0001:0003727f       sf_mex_setcell             000000018003827f f   sf_runtime:sf_runtime.dll
 0001:00037285       sf_mex_getcell             0000000180038285 f   sf_runtime:sf_runtime.dll
 0001:0003728b       sf_mex_assign              000000018003828b f   sf_runtime:sf_runtime.dll
 0001:00037291       sf_mex_dup                 0000000180038291 f   sf_runtime:sf_runtime.dll
 0001:00037297       sf_mex_destroy             0000000180038297 f   sf_runtime:sf_runtime.dll
 0001:0003729d       sf_mex_import              000000018003829d f   sf_runtime:sf_runtime.dll
 0001:000372a3       sf_mex_decode_encoded_mx_struct_array 00000001800382a3 f   sf_runtime:sf_runtime.dll
 0001:000372a9       sf_mex_duplicatearraysafe  00000001800382a9 f   sf_runtime:sf_runtime.dll
 0001:000372af       ssGetDWork_wrapper         00000001800382af f   sf_runtime:sf_runtime.dll
 0001:000372b5       ssGetInputPortSignal_wrapper 00000001800382b5 f   sf_runtime:sf_runtime.dll
 0001:000372bb       ssGetOutputPortSignal_wrapper 00000001800382bb f   sf_runtime:sf_runtime.dll
 0001:000372c1       sf_read_before_write_error 00000001800382c1 f   sf_runtime:sf_runtime.dll
 0001:000372c7       sf_debug_initialize_chart  00000001800382c7 f   sf_runtime:sf_runtime.dll
 0001:000372cd       sf_debug_call              00000001800382cd f   sf_runtime:sf_runtime.dll
 0001:000372d3       cv_eval_point              00000001800382d3 f   sf_runtime:sf_runtime.dll
 0001:000372d9       cv_eml_eval                00000001800382d9 f   sf_runtime:sf_runtime.dll
 0001:000372df       cv_eval_relational         00000001800382df f   sf_runtime:sf_runtime.dll
 0001:000372e5       cv_eml_init_script         00000001800382e5 f   sf_runtime:sf_runtime.dll
 0001:000372eb       cv_eml_init_if             00000001800382eb f   sf_runtime:sf_runtime.dll
 0001:000372f1       cv_eml_init_mcdc           00000001800382f1 f   sf_runtime:sf_runtime.dll
 0001:000372f7       cv_eml_init_relational     00000001800382f7 f   sf_runtime:sf_runtime.dll
 0001:000372fd       sf_debug_reset_current_state_configuration 00000001800382fd f   sf_runtime:sf_runtime.dll
 0001:00037303       sf_debug_set_honor_breakpoints 0000000180038303 f   sf_runtime:sf_runtime.dll
 0001:00037309       sf_debug_get_animation     0000000180038309 f   sf_runtime:sf_runtime.dll
 0001:0003730f       sf_debug_set_animation     000000018003830f f   sf_runtime:sf_runtime.dll
 0001:00037315       sf_debug_animate           0000000180038315 f   sf_runtime:sf_runtime.dll
 0001:0003731b       sf_debug_set_chart_data_props 000000018003831b f   sf_runtime:sf_runtime.dll
 0001:00037321       sf_debug_set_chart_data_compiled_props 0000000180038321 f   sf_runtime:sf_runtime.dll
 0001:00037327       sf_debug_symbol_scope_push 0000000180038327 f   sf_runtime:sf_runtime.dll
 0001:0003732d       sf_debug_symbol_scope_push_eml 000000018003832d f   sf_runtime:sf_runtime.dll
 0001:00037333       sf_debug_symbol_scope_pop  0000000180038333 f   sf_runtime:sf_runtime.dll
 0001:00037339       sf_debug_symbol_scope_add_eml_importable 0000000180038339 f   sf_runtime:sf_runtime.dll
 0001:0003733f       sf_debug_set_instance_data_value_ptr 000000018003833f f   sf_runtime:sf_runtime.dll
 0001:00037345       sf_debug_set_chart_disable_implicit_casting 0000000180038345 f   sf_runtime:sf_runtime.dll
 0001:0003734b       sf_debug_set_chart_event_thresholds 000000018003834b f   sf_runtime:sf_runtime.dll
 0001:00037351       sf_debug_set_chart_state_info 0000000180038351 f   sf_runtime:sf_runtime.dll
 0001:00037357       sf_debug_set_chart_decomposition 0000000180038357 f   sf_runtime:sf_runtime.dll
 0001:0003735d       sf_debug_set_chart_substate_count 000000018003835d f   sf_runtime:sf_runtime.dll
 0001:00037363       sf_debug_set_chart_substate_index 0000000180038363 f   sf_runtime:sf_runtime.dll
 0001:00037369       sf_debug_set_chart_state_substate_count 0000000180038369 f   sf_runtime:sf_runtime.dll
 0001:0003736f       sf_debug_data_range_wrapper 000000018003836f f   sf_runtime:sf_runtime.dll
 0001:00037375       sf_debug_cv_init_trans     0000000180038375 f   sf_runtime:sf_runtime.dll
 0001:0003737b       sf_debug_cv_init_chart     000000018003837b f   sf_runtime:sf_runtime.dll
 0001:00037381       sf_debug_cv_init_state     0000000180038381 f   sf_runtime:sf_runtime.dll
 0001:00037387       sf_get_ChartInfoStruct_CodeGen 0000000180038387 f   sf_runtime:sf_runtime.dll
 0001:0003738d       sf_get_hasSeparateUpdateOutputs 000000018003838d f   sf_runtime:sf_runtime.dll
 0001:00037393       callMdlMethodAndReportError 0000000180038393 f   sf_runtime:sf_runtime.dll
 0001:00037399       call_sf_machine_global_method_dispatcher 0000000180038399 f   sf_runtime:sf_runtime.dll
 0001:0003739f       getRuntimeInstanceInfoAsVoid 000000018003839f f   sf_runtime:sf_runtime.dll
 0001:000373a5       sf_mex_error_direct_call   00000001800383a5 f   sf_runtime:sf_runtime.dll
 0001:000373ab       sf_clear_error_manager_info 00000001800383ab f   sf_runtime:sf_runtime.dll
 0001:000373b1       sf_debug_create_debug_instance_struct 00000001800383b1 f   sf_runtime:sf_runtime.dll
 0001:000373b7       sf_debug_terminate         00000001800383b7 f   sf_runtime:sf_runtime.dll
 0001:000373bd       sf_debug_api               00000001800383bd f   sf_runtime:sf_runtime.dll
 0001:000373c3       mxIsChar                   00000001800383c3 f   libmx:libmx.dll
 0001:000373c9       mxGetScalar                00000001800383c9 f   libmx:libmx.dll
 0001:000373cf       mxGetPr                    00000001800383cf f   libmx:libmx.dll
 0001:000373d5       mxDestroyArray             00000001800383d5 f   libmx:libmx.dll
 0001:000373db       mxCreateDoubleMatrix_730   00000001800383db f   libmx:libmx.dll
 0001:000373e1       mxGetString_730            00000001800383e1 f   libmx:libmx.dll
 0001:000373e7       mxDuplicateArray           00000001800383e7 f   libmx:libmx.dll
 0001:000373ed       mxSetField_730             00000001800383ed f   libmx:libmx.dll
 0001:000373f3       mxCreateDoubleScalar       00000001800383f3 f   libmx:libmx.dll
 0001:000373f9       mxCreateString             00000001800383f9 f   libmx:libmx.dll
 0001:000373ff       mxCreateCellMatrix_730     00000001800383ff f   libmx:libmx.dll
 0001:00037405       mxCreateCellArray_730      0000000180038405 f   libmx:libmx.dll
 0001:0003740b       mxCreateStructMatrix_730   000000018003840b f   libmx:libmx.dll
 0001:00037411       mxCreateStructArray_730    0000000180038411 f   libmx:libmx.dll
 0001:00037417       mxCalloc                   0000000180038417 f   libmx:libmx.dll
 0001:0003741d       mxGetM                     000000018003841d f   libmx:libmx.dll
 0001:00037423       mxGetClassID               0000000180038423 f   libmx:libmx.dll
 0001:00037429       mxIsNumeric                0000000180038429 f   libmx:libmx.dll
 0001:0003742f       mxIsComplex                000000018003842f f   libmx:libmx.dll
 0001:00037435       mxGetN                     0000000180038435 f   libmx:libmx.dll
 0001:0003743b       mexMakeArrayPersistent     000000018003843b f   libmex:libmex.dll
 0001:00037441       mexErrMsgTxt               0000000180038441 f   libmex:libmex.dll
 0001:00037447       mexWarnMsgTxt              0000000180038447 f   libmex:libmex.dll
 0001:0003744d       mexCallMATLABWithObject    000000018003844d f   libmex:libmex.dll
 0001:00037453       mexLock                    0000000180038453 f   libmex:libmex.dll
 0001:00037459       mexUnlock                  0000000180038459 f   libmex:libmex.dll
 0001:0003745f       mexIsLocked                000000018003845f f   libmex:libmex.dll
 0001:00037465       utMalloc                   0000000180038465 f   libut:libut.dll
 0001:0003746b       utFree                     000000018003846b f   libut:libut.dll
 0001:00037471       slcovUploadCoverageSynthesisById 0000000180038471 f   libmwsl_sfcn_cov_bridge:libmwsl_sfcn_cov_bridge.dll
 0001:00037478       __raise_securityfailure    0000000180038478 f   MSVCRT:gs_report.obj
 0001:000374ac       __report_gsfailure         00000001800384ac f   MSVCRT:gs_report.obj
 0001:00037580       __report_rangecheckfailure 0000000180038580 f   MSVCRT:gs_report.obj
 0001:00037594       __report_securityfailure   0000000180038594 f   MSVCRT:gs_report.obj
 0001:00037630       __report_securityfailureEx 0000000180038630 f   MSVCRT:gs_report.obj
 0001:00037824       __GSHandlerCheck           0000000180038824 f   MSVCRT:gshandler.obj
 0001:00037844       __GSHandlerCheckCommon     0000000180038844 f   MSVCRT:gshandler.obj
 0001:000378b0       __security_check_cookie    00000001800388b0 f   MSVCRT:amdsecgs.obj
 0001:00037c20       _CRT_INIT                  0000000180038c20 f   MSVCRT:dll_dllmain.obj
 0001:00037c28       _DllMainCRTStartup         0000000180038c28 f   MSVCRT:dll_dllmain.obj
 0001:00037cd4       __security_init_cookie     0000000180038cd4 f   MSVCRT:gs_support.obj
 0001:00037d80       DllMain                    0000000180038d80 f   MSVCRT:dll_dllmain_stub.obj
 0001:00037da4       ?__scrt_initialize_type_info@@YAXXZ 0000000180038da4 f   MSVCRT:tncleanup.obj
 0001:00037db4       ?__scrt_uninitialize_type_info@@YAXXZ 0000000180038db4 f   MSVCRT:tncleanup.obj
 0001:00037dc0       __local_stdio_scanf_options 0000000180038dc0 f i MSVCRT:default_local_stdio_options.obj
 0001:00037dc8       __scrt_initialize_default_local_stdio_options 0000000180038dc8 f   MSVCRT:default_local_stdio_options.obj
 0001:00037de4       ??$__crt_fast_decode_pointer@PEAP6AXXZ@@YAPEAP6AXXZQEAP6AXXZ@Z 0000000180038de4 f i MSVCRT:utility.obj
 0001:00037dfc       ??$__crt_fast_encode_pointer@PEAP6AXXZ@@YAPEAP6AXXZQEAP6AXXZ@Z 0000000180038dfc f i MSVCRT:utility.obj
 0001:00037e1c       ?__crt_rotate_pointer_value@@YA_K_KH@Z 0000000180038e1c f i MSVCRT:utility.obj
 0001:00037e28       ?configure_argv@__scrt_narrow_argv_policy@@SAHXZ 0000000180038e28 f i MSVCRT:utility.obj
 0001:00037e88       ?initialize_environment@__scrt_narrow_environment_policy@@SAHXZ 0000000180038e88 f i MSVCRT:utility.obj
 0001:00037ec0       NtCurrentTeb               0000000180038ec0 f i MSVCRT:utility.obj
 0001:00037ecc       __scrt_acquire_startup_lock 0000000180038ecc f   MSVCRT:utility.obj
 0001:00037f08       __scrt_dllmain_after_initialize_c 0000000180038f08 f   MSVCRT:utility.obj
 0001:00037f3c       __scrt_dllmain_before_initialize_c 0000000180038f3c f   MSVCRT:utility.obj
 0001:00037f54       __scrt_dllmain_crt_thread_attach 0000000180038f54 f   MSVCRT:utility.obj
 0001:00037f7c       __scrt_dllmain_crt_thread_detach 0000000180038f7c f   MSVCRT:utility.obj
 0001:00037f94       __scrt_dllmain_exception_filter 0000000180038f94 f   MSVCRT:utility.obj
 0001:00037ff4       __scrt_dllmain_uninitialize_c 0000000180038ff4 f   MSVCRT:utility.obj
 0001:00038024       __scrt_dllmain_uninitialize_critical 0000000180039024 f   MSVCRT:utility.obj
 0001:00038038       __scrt_initialize_crt      0000000180039038 f   MSVCRT:utility.obj
 0001:00038084       __scrt_initialize_onexit_tables 0000000180039084 f   MSVCRT:utility.obj
 0001:0003815c       __scrt_is_nonwritable_in_current_image 000000018003915c f   MSVCRT:utility.obj
 0001:000381f8       __scrt_release_startup_lock 00000001800391f8 f   MSVCRT:utility.obj
 0001:0003821c       __scrt_uninitialize_crt    000000018003921c f   MSVCRT:utility.obj
 0001:00038248       _onexit                    0000000180039248 f   MSVCRT:utility.obj
 0001:00038298       at_quick_exit              0000000180039298 f   MSVCRT:utility.obj
 0001:000382d0       atexit                     00000001800392d0 f   MSVCRT:utility.obj
 0001:000382e8       __scrt_get_dyn_tls_init_callback 00000001800392e8 f   MSVCRT:dyn_tls_init.obj
 0001:000382f0       __crt_debugger_hook        00000001800392f0 f   MSVCRT:utility_desktop.obj
 0001:000382f8       __scrt_fastfail            00000001800392f8 f   MSVCRT:utility_desktop.obj
 0001:00038444       __scrt_get_show_window_mode 0000000180039444 f   MSVCRT:utility_desktop.obj
 0001:00038480       __scrt_initialize_mta      0000000180039480 f   MSVCRT:utility_desktop.obj
 0001:00038488       __scrt_initialize_winrt    0000000180039488 f   MSVCRT:utility_desktop.obj
 0001:0003848c       __scrt_is_managed_app      000000018003948c f   MSVCRT:utility_desktop.obj
 0001:000384e0       __scrt_set_unhandled_exception_filter 00000001800394e0 f   MSVCRT:utility_desktop.obj
 0001:000384f0       __scrt_exe_initialize_mta  00000001800394f0 f   MSVCRT:utility_desktop.obj
 0001:000384f0       __scrt_stub_for_initialize_mta 00000001800394f0 f   MSVCRT:utility_desktop.obj
 0001:000384f4       __scrt_unhandled_exception_filter 00000001800394f4 f   MSVCRT:utility_desktop.obj
 0001:0003852c       _RTC_Initialize            000000018003952c f   MSVCRT:initsect.obj
 0001:00038568       _RTC_Terminate             0000000180039568 f   MSVCRT:initsect.obj
 0001:000385a4       _guard_check_icall_nop     00000001800395a4 f i MSVCRT:guard_support.obj
 0001:000385a8       ReadNoFence64              00000001800395a8 f i MSVCRT:guard_support.obj
 0001:000385ac       ReadPointerNoFence         00000001800395ac f i MSVCRT:guard_support.obj
 0001:000385b0       _guard_icall_checks_enforced 00000001800395b0 f i MSVCRT:guard_support.obj
 0001:000385c8       _guard_rf_checks_enforced  00000001800395c8 f i MSVCRT:guard_support.obj
 0001:000385cc       __isa_available_init       00000001800395cc f   MSVCRT:cpu_disp.obj
 0001:00038748       _get_startup_argv_mode     0000000180039748 f   MSVCRT:argv_mode.obj
 0001:00038750       __scrt_is_ucrt_dll_in_use  0000000180039750 f   MSVCRT:ucrt_detection.obj
 0001:00038760       RtlCaptureContext          0000000180039760 f   kernel32:KERNEL32.dll
 0001:00038766       RtlLookupFunctionEntry     0000000180039766 f   kernel32:KERNEL32.dll
 0001:0003876c       RtlVirtualUnwind           000000018003976c f   kernel32:KERNEL32.dll
 0001:00038772       UnhandledExceptionFilter   0000000180039772 f   kernel32:KERNEL32.dll
 0001:00038778       SetUnhandledExceptionFilter 0000000180039778 f   kernel32:KERNEL32.dll
 0001:0003877e       GetCurrentProcess          000000018003977e f   kernel32:KERNEL32.dll
 0001:00038784       TerminateProcess           0000000180039784 f   kernel32:KERNEL32.dll
 0001:0003878a       IsProcessorFeaturePresent  000000018003978a f   kernel32:KERNEL32.dll
 0001:00038790       QueryPerformanceCounter    0000000180039790 f   kernel32:KERNEL32.dll
 0001:00038796       GetCurrentProcessId        0000000180039796 f   kernel32:KERNEL32.dll
 0001:0003879c       GetCurrentThreadId         000000018003979c f   kernel32:KERNEL32.dll
 0001:000387a2       GetSystemTimeAsFileTime    00000001800397a2 f   kernel32:KERNEL32.dll
 0001:000387a8       DisableThreadLibraryCalls  00000001800397a8 f   kernel32:KERNEL32.dll
 0001:000387ae       InitializeSListHead        00000001800397ae f   kernel32:KERNEL32.dll
 0001:000387b4       IsDebuggerPresent          00000001800397b4 f   kernel32:KERNEL32.dll
 0001:000387ba       GetStartupInfoW            00000001800397ba f   kernel32:KERNEL32.dll
 0001:000387c0       GetModuleHandleW           00000001800397c0 f   kernel32:KERNEL32.dll
 0001:000387c6       memset                     00000001800397c6 f   vcruntime:VCRUNTIME140.dll
 0001:000387cc       memcpy                     00000001800397cc f   vcruntime:VCRUNTIME140.dll
 0001:000387d2       __C_specific_handler       00000001800397d2 f   vcruntime:VCRUNTIME140.dll
 0001:000387d8       __std_type_info_destroy_list 00000001800397d8 f   vcruntime:VCRUNTIME140.dll
 0001:000387de       strcmp                     00000001800397de f   ucrt:api-ms-win-crt-string-l1-1-0.dll
 0001:000387e4       __stdio_common_vsprintf    00000001800397e4 f   ucrt:api-ms-win-crt-stdio-l1-1-0.dll
 0001:000387ea       free                       00000001800397ea f   ucrt:api-ms-win-crt-heap-l1-1-0.dll
 0001:000387f0       malloc                     00000001800397f0 f   ucrt:api-ms-win-crt-heap-l1-1-0.dll
 0001:000387f6       strlen                     00000001800397f6 f   ucrt:api-ms-win-crt-string-l1-1-0.dll
 0001:000387fc       _initterm                  00000001800397fc f   ucrt:api-ms-win-crt-runtime-l1-1-0.dll
 0001:00038802       _initterm_e                0000000180039802 f   ucrt:api-ms-win-crt-runtime-l1-1-0.dll
 0001:00038808       _seh_filter_dll            0000000180039808 f   ucrt:api-ms-win-crt-runtime-l1-1-0.dll
 0001:0003880e       _configure_narrow_argv     000000018003980e f   ucrt:api-ms-win-crt-runtime-l1-1-0.dll
 0001:00038814       _initialize_narrow_environment 0000000180039814 f   ucrt:api-ms-win-crt-runtime-l1-1-0.dll
 0001:0003881a       _initialize_onexit_table   000000018003981a f   ucrt:api-ms-win-crt-runtime-l1-1-0.dll
 0001:00038820       _register_onexit_function  0000000180039820 f   ucrt:api-ms-win-crt-runtime-l1-1-0.dll
 0001:00038826       _execute_onexit_table      0000000180039826 f   ucrt:api-ms-win-crt-runtime-l1-1-0.dll
 0001:0003882c       _crt_atexit                000000018003982c f   ucrt:api-ms-win-crt-runtime-l1-1-0.dll
 0001:00038832       _crt_at_quick_exit         0000000180039832 f   ucrt:api-ms-win-crt-runtime-l1-1-0.dll
 0001:00038838       _cexit                     0000000180039838 f   ucrt:api-ms-win-crt-runtime-l1-1-0.dll
 0001:0003883e       terminate                  000000018003983e f   ucrt:api-ms-win-crt-runtime-l1-1-0.dll
 0001:00038844       __vcrt_initialize          0000000180039844 f   MSVCRT:ucrt_stubs.obj
 0001:00038844       __acrt_initialize          0000000180039844 f   MSVCRT:ucrt_stubs.obj
 0001:00038844       __scrt_stub_for_acrt_initialize 0000000180039844 f   MSVCRT:ucrt_stubs.obj
 0001:00038848       __vcrt_thread_attach       0000000180039848 f   MSVCRT:ucrt_stubs.obj
 0001:00038848       __acrt_thread_attach       0000000180039848 f   MSVCRT:ucrt_stubs.obj
 0001:00038848       __scrt_stub_for_acrt_thread_attach 0000000180039848 f   MSVCRT:ucrt_stubs.obj
 0001:0003884c       __scrt_stub_for_acrt_thread_detach 000000018003984c f   MSVCRT:ucrt_stubs.obj
 0001:0003884c       __acrt_thread_detach       000000018003984c f   MSVCRT:ucrt_stubs.obj
 0001:0003884c       __vcrt_thread_detach       000000018003984c f   MSVCRT:ucrt_stubs.obj
 0001:00038850       __vcrt_uninitialize        0000000180039850 f   MSVCRT:ucrt_stubs.obj
 0001:00038850       __scrt_stub_for_acrt_uninitialize 0000000180039850 f   MSVCRT:ucrt_stubs.obj
 0001:00038850       __acrt_uninitialize        0000000180039850 f   MSVCRT:ucrt_stubs.obj
 0001:00038854       __acrt_uninitialize_critical 0000000180039854 f   MSVCRT:ucrt_stubs.obj
 0001:00038854       __scrt_stub_for_acrt_uninitialize_critical 0000000180039854 f   MSVCRT:ucrt_stubs.obj
 0001:00038854       __vcrt_uninitialize_critical 0000000180039854 f   MSVCRT:ucrt_stubs.obj
 0001:00038858       __scrt_stub_for_is_c_termination_complete 0000000180039858 f   MSVCRT:ucrt_stubs.obj
 0001:00038858       _is_c_termination_complete 0000000180039858 f   MSVCRT:ucrt_stubs.obj
 0001:00038870       _guard_dispatch_icall_nop  0000000180039870 f   MSVCRT:guard_dispatch.obj
 0002:00000000       __imp_InitializeSListHead  000000018003a000     kernel32:KERNEL32.dll
 0002:00000008       __imp_RtlCaptureContext    000000018003a008     kernel32:KERNEL32.dll
 0002:00000010       __imp_RtlLookupFunctionEntry 000000018003a010     kernel32:KERNEL32.dll
 0002:00000018       __imp_RtlVirtualUnwind     000000018003a018     kernel32:KERNEL32.dll
 0002:00000020       __imp_UnhandledExceptionFilter 000000018003a020     kernel32:KERNEL32.dll
 0002:00000028       __imp_SetUnhandledExceptionFilter 000000018003a028     kernel32:KERNEL32.dll
 0002:00000030       __imp_GetCurrentProcess    000000018003a030     kernel32:KERNEL32.dll
 0002:00000038       __imp_TerminateProcess     000000018003a038     kernel32:KERNEL32.dll
 0002:00000040       __imp_IsProcessorFeaturePresent 000000018003a040     kernel32:KERNEL32.dll
 0002:00000048       __imp_QueryPerformanceCounter 000000018003a048     kernel32:KERNEL32.dll
 0002:00000050       __imp_GetCurrentProcessId  000000018003a050     kernel32:KERNEL32.dll
 0002:00000058       __imp_GetCurrentThreadId   000000018003a058     kernel32:KERNEL32.dll
 0002:00000060       __imp_GetSystemTimeAsFileTime 000000018003a060     kernel32:KERNEL32.dll
 0002:00000068       __imp_GetModuleHandleW     000000018003a068     kernel32:KERNEL32.dll
 0002:00000070       __imp_IsDebuggerPresent    000000018003a070     kernel32:KERNEL32.dll
 0002:00000078       __imp_DisableThreadLibraryCalls 000000018003a078     kernel32:KERNEL32.dll
 0002:00000080       __imp_GetStartupInfoW      000000018003a080     kernel32:KERNEL32.dll
 0002:00000088       \177KERNEL32_NULL_THUNK_DATA 000000018003a088     kernel32:KERNEL32.dll
 0002:00000090       __imp_memcpy               000000018003a090     vcruntime:VCRUNTIME140.dll
 0002:00000098       __imp_memset               000000018003a098     vcruntime:VCRUNTIME140.dll
 0002:000000a0       __imp___C_specific_handler 000000018003a0a0     vcruntime:VCRUNTIME140.dll
 0002:000000a8       __imp___std_type_info_destroy_list 000000018003a0a8     vcruntime:VCRUNTIME140.dll
 0002:000000b0       \177VCRUNTIME140_NULL_THUNK_DATA 000000018003a0b0     vcruntime:VCRUNTIME140.dll
 0002:000000b8       __imp_free                 000000018003a0b8     ucrt:api-ms-win-crt-heap-l1-1-0.dll
 0002:000000c0       __imp_malloc               000000018003a0c0     ucrt:api-ms-win-crt-heap-l1-1-0.dll
 0002:000000c8       \177api-ms-win-crt-heap-l1-1-0_NULL_THUNK_DATA 000000018003a0c8     ucrt:api-ms-win-crt-heap-l1-1-0.dll
 0002:000000d0       __imp__register_onexit_function 000000018003a0d0     ucrt:api-ms-win-crt-runtime-l1-1-0.dll
 0002:000000d8       __imp__initterm            000000018003a0d8     ucrt:api-ms-win-crt-runtime-l1-1-0.dll
 0002:000000e0       __imp__initterm_e          000000018003a0e0     ucrt:api-ms-win-crt-runtime-l1-1-0.dll
 0002:000000e8       __imp__seh_filter_dll      000000018003a0e8     ucrt:api-ms-win-crt-runtime-l1-1-0.dll
 0002:000000f0       __imp__configure_narrow_argv 000000018003a0f0     ucrt:api-ms-win-crt-runtime-l1-1-0.dll
 0002:000000f8       __imp__initialize_narrow_environment 000000018003a0f8     ucrt:api-ms-win-crt-runtime-l1-1-0.dll
 0002:00000100       __imp__initialize_onexit_table 000000018003a100     ucrt:api-ms-win-crt-runtime-l1-1-0.dll
 0002:00000108       __imp__cexit               000000018003a108     ucrt:api-ms-win-crt-runtime-l1-1-0.dll
 0002:00000110       __imp__execute_onexit_table 000000018003a110     ucrt:api-ms-win-crt-runtime-l1-1-0.dll
 0002:00000118       __imp__crt_atexit          000000018003a118     ucrt:api-ms-win-crt-runtime-l1-1-0.dll
 0002:00000120       __imp__crt_at_quick_exit   000000018003a120     ucrt:api-ms-win-crt-runtime-l1-1-0.dll
 0002:00000128       __imp_terminate            000000018003a128     ucrt:api-ms-win-crt-runtime-l1-1-0.dll
 0002:00000130       \177api-ms-win-crt-runtime-l1-1-0_NULL_THUNK_DATA 000000018003a130     ucrt:api-ms-win-crt-runtime-l1-1-0.dll
 0002:00000138       __imp___stdio_common_vsprintf 000000018003a138     ucrt:api-ms-win-crt-stdio-l1-1-0.dll
 0002:00000140       \177api-ms-win-crt-stdio-l1-1-0_NULL_THUNK_DATA 000000018003a140     ucrt:api-ms-win-crt-stdio-l1-1-0.dll
 0002:00000148       __imp_strlen               000000018003a148     ucrt:api-ms-win-crt-string-l1-1-0.dll
 0002:00000150       __imp_strcmp               000000018003a150     ucrt:api-ms-win-crt-string-l1-1-0.dll
 0002:00000158       \177api-ms-win-crt-string-l1-1-0_NULL_THUNK_DATA 000000018003a158     ucrt:api-ms-win-crt-string-l1-1-0.dll
 0002:00000160       __imp_mexErrMsgTxt         000000018003a160     libmex:libmex.dll
 0002:00000168       __imp_mexWarnMsgTxt        000000018003a168     libmex:libmex.dll
 0002:00000170       __imp_mexCallMATLABWithObject 000000018003a170     libmex:libmex.dll
 0002:00000178       __imp_mexIsLocked          000000018003a178     libmex:libmex.dll
 0002:00000180       __imp_mexUnlock            000000018003a180     libmex:libmex.dll
 0002:00000188       __imp_mexLock              000000018003a188     libmex:libmex.dll
 0002:00000190       __imp_mexMakeArrayPersistent 000000018003a190     libmex:libmex.dll
 0002:00000198       \177libmex_NULL_THUNK_DATA 000000018003a198     libmex:libmex.dll
 0002:000001a0       __imp_slcovUploadCoverageSynthesisById 000000018003a1a0     libmwsl_sfcn_cov_bridge:libmwsl_sfcn_cov_bridge.dll
 0002:000001a8       \177libmwsl_sfcn_cov_bridge_NULL_THUNK_DATA 000000018003a1a8     libmwsl_sfcn_cov_bridge:libmwsl_sfcn_cov_bridge.dll
 0002:000001b0       __imp_mxGetN               000000018003a1b0     libmx:libmx.dll
 0002:000001b8       __imp_mxIsComplex          000000018003a1b8     libmx:libmx.dll
 0002:000001c0       __imp_mxIsNumeric          000000018003a1c0     libmx:libmx.dll
 0002:000001c8       __imp_mxGetClassID         000000018003a1c8     libmx:libmx.dll
 0002:000001d0       __imp_mxGetM               000000018003a1d0     libmx:libmx.dll
 0002:000001d8       __imp_mxCalloc             000000018003a1d8     libmx:libmx.dll
 0002:000001e0       __imp_mxCreateStructArray_730 000000018003a1e0     libmx:libmx.dll
 0002:000001e8       __imp_mxCreateStructMatrix_730 000000018003a1e8     libmx:libmx.dll
 0002:000001f0       __imp_mxCreateCellArray_730 000000018003a1f0     libmx:libmx.dll
 0002:000001f8       __imp_mxCreateCellMatrix_730 000000018003a1f8     libmx:libmx.dll
 0002:00000200       __imp_mxCreateString       000000018003a200     libmx:libmx.dll
 0002:00000208       __imp_mxCreateDoubleScalar 000000018003a208     libmx:libmx.dll
 0002:00000210       __imp_mxSetField_730       000000018003a210     libmx:libmx.dll
 0002:00000218       __imp_mxDuplicateArray     000000018003a218     libmx:libmx.dll
 0002:00000220       __imp_mxGetString_730      000000018003a220     libmx:libmx.dll
 0002:00000228       __imp_mxCreateDoubleMatrix_730 000000018003a228     libmx:libmx.dll
 0002:00000230       __imp_mxDestroyArray       000000018003a230     libmx:libmx.dll
 0002:00000238       __imp_mxGetPr              000000018003a238     libmx:libmx.dll
 0002:00000240       __imp_mxGetScalar          000000018003a240     libmx:libmx.dll
 0002:00000248       __imp_mxIsChar             000000018003a248     libmx:libmx.dll
 0002:00000250       \177libmx_NULL_THUNK_DATA  000000018003a250     libmx:libmx.dll
 0002:00000258       __imp_utMalloc             000000018003a258     libut:libut.dll
 0002:00000260       __imp_utFree               000000018003a260     libut:libut.dll
 0002:00000268       \177libut_NULL_THUNK_DATA  000000018003a268     libut:libut.dll
 0002:00000270       __imp_sf_mex_error_direct_call 000000018003a270     sf_runtime:sf_runtime.dll
 0002:00000278       __imp_sf_clear_error_manager_info 000000018003a278     sf_runtime:sf_runtime.dll
 0002:00000280       __imp_sf_read_before_write_error 000000018003a280     sf_runtime:sf_runtime.dll
 0002:00000288       __imp_sf_debug_terminate   000000018003a288     sf_runtime:sf_runtime.dll
 0002:00000290       __imp_sf_debug_api         000000018003a290     sf_runtime:sf_runtime.dll
 0002:00000298       __imp_ssGetOutputPortSignal_wrapper 000000018003a298     sf_runtime:sf_runtime.dll
 0002:000002a0       __imp_sf_get_ChartInfoStruct_CodeGen 000000018003a2a0     sf_runtime:sf_runtime.dll
 0002:000002a8       __imp_sf_debug_cv_init_state 000000018003a2a8     sf_runtime:sf_runtime.dll
 0002:000002b0       __imp_sf_debug_cv_init_chart 000000018003a2b0     sf_runtime:sf_runtime.dll
 0002:000002b8       __imp_sf_debug_cv_init_trans 000000018003a2b8     sf_runtime:sf_runtime.dll
 0002:000002c0       __imp_sf_debug_data_range_wrapper 000000018003a2c0     sf_runtime:sf_runtime.dll
 0002:000002c8       __imp_sf_debug_set_chart_state_substate_count 000000018003a2c8     sf_runtime:sf_runtime.dll
 0002:000002d0       __imp_sf_debug_set_chart_substate_index 000000018003a2d0     sf_runtime:sf_runtime.dll
 0002:000002d8       __imp_sf_debug_set_chart_substate_count 000000018003a2d8     sf_runtime:sf_runtime.dll
 0002:000002e0       __imp_sf_debug_set_chart_decomposition 000000018003a2e0     sf_runtime:sf_runtime.dll
 0002:000002e8       __imp_sf_debug_set_chart_state_info 000000018003a2e8     sf_runtime:sf_runtime.dll
 0002:000002f0       __imp_getRuntimeInstanceInfoAsVoid 000000018003a2f0     sf_runtime:sf_runtime.dll
 0002:000002f8       __imp_sf_debug_set_chart_disable_implicit_casting 000000018003a2f8     sf_runtime:sf_runtime.dll
 0002:00000300       __imp_sf_debug_set_instance_data_value_ptr 000000018003a300     sf_runtime:sf_runtime.dll
 0002:00000308       __imp_sf_debug_symbol_scope_add_eml_importable 000000018003a308     sf_runtime:sf_runtime.dll
 0002:00000310       __imp_sf_debug_symbol_scope_pop 000000018003a310     sf_runtime:sf_runtime.dll
 0002:00000318       __imp_sf_debug_symbol_scope_push_eml 000000018003a318     sf_runtime:sf_runtime.dll
 0002:00000320       __imp_sf_debug_symbol_scope_push 000000018003a320     sf_runtime:sf_runtime.dll
 0002:00000328       __imp_sf_debug_set_chart_data_compiled_props 000000018003a328     sf_runtime:sf_runtime.dll
 0002:00000330       __imp_sf_debug_set_chart_data_props 000000018003a330     sf_runtime:sf_runtime.dll
 0002:00000338       __imp_sf_debug_animate     000000018003a338     sf_runtime:sf_runtime.dll
 0002:00000340       __imp_call_sf_machine_global_method_dispatcher 000000018003a340     sf_runtime:sf_runtime.dll
 0002:00000348       __imp_sf_debug_set_animation 000000018003a348     sf_runtime:sf_runtime.dll
 0002:00000350       __imp_sf_debug_get_animation 000000018003a350     sf_runtime:sf_runtime.dll
 0002:00000358       __imp_sf_debug_set_honor_breakpoints 000000018003a358     sf_runtime:sf_runtime.dll
 0002:00000360       __imp_sf_debug_reset_current_state_configuration 000000018003a360     sf_runtime:sf_runtime.dll
 0002:00000368       __imp_cv_eml_init_relational 000000018003a368     sf_runtime:sf_runtime.dll
 0002:00000370       __imp_cv_eml_init_mcdc     000000018003a370     sf_runtime:sf_runtime.dll
 0002:00000378       __imp_cv_eml_init_if       000000018003a378     sf_runtime:sf_runtime.dll
 0002:00000380       __imp_cv_eml_init_script   000000018003a380     sf_runtime:sf_runtime.dll
 0002:00000388       __imp_callMdlMethodAndReportError 000000018003a388     sf_runtime:sf_runtime.dll
 0002:00000390       __imp_sf_debug_set_chart_event_thresholds 000000018003a390     sf_runtime:sf_runtime.dll
 0002:00000398       __imp_sf_get_hasSeparateUpdateOutputs 000000018003a398     sf_runtime:sf_runtime.dll
 0002:000003a0       __imp_cv_eval_relational   000000018003a3a0     sf_runtime:sf_runtime.dll
 0002:000003a8       __imp_cv_eml_eval          000000018003a3a8     sf_runtime:sf_runtime.dll
 0002:000003b0       __imp_ssGetInputPortSignal_wrapper 000000018003a3b0     sf_runtime:sf_runtime.dll
 0002:000003b8       __imp_ssGetDWork_wrapper   000000018003a3b8     sf_runtime:sf_runtime.dll
 0002:000003c0       __imp_sf_mex_duplicatearraysafe 000000018003a3c0     sf_runtime:sf_runtime.dll
 0002:000003c8       __imp_sf_mex_decode_encoded_mx_struct_array 000000018003a3c8     sf_runtime:sf_runtime.dll
 0002:000003d0       __imp_sf_mex_import        000000018003a3d0     sf_runtime:sf_runtime.dll
 0002:000003d8       __imp_sf_mex_destroy       000000018003a3d8     sf_runtime:sf_runtime.dll
 0002:000003e0       __imp_sf_mex_dup           000000018003a3e0     sf_runtime:sf_runtime.dll
 0002:000003e8       __imp_sf_mex_assign        000000018003a3e8     sf_runtime:sf_runtime.dll
 0002:000003f0       __imp_sf_mex_getcell       000000018003a3f0     sf_runtime:sf_runtime.dll
 0002:000003f8       __imp_sf_mex_setcell       000000018003a3f8     sf_runtime:sf_runtime.dll
 0002:00000400       __imp_sf_mex_createcellmatrix 000000018003a400     sf_runtime:sf_runtime.dll
 0002:00000408       __imp_sf_mex_create        000000018003a408     sf_runtime:sf_runtime.dll
 0002:00000410       __imp_sf_mex_error_message 000000018003a410     sf_runtime:sf_runtime.dll
 0002:00000418       __imp_ssSetBlockIsPurelyCombinatorial_wrapper 000000018003a418     sf_runtime:sf_runtime.dll
 0002:00000420       __imp_sf_register_codegen_names_for_scoped_functions_defined_by_chart 000000018003a420     sf_runtime:sf_runtime.dll
 0002:00000428       __imp_sf_set_chart_accesses_machine_info 000000018003a428     sf_runtime:sf_runtime.dll
 0002:00000430       __imp_setLegacyDebuggerFlagForRuntime 000000018003a430     sf_runtime:sf_runtime.dll
 0002:00000438       __imp_sf_is_first_init_cond 000000018003a438     sf_runtime:sf_runtime.dll
 0002:00000440       __imp_sf_get_time          000000018003a440     sf_runtime:sf_runtime.dll
 0002:00000448       __imp_sf_set_encoded_dwork_info 000000018003a448     sf_runtime:sf_runtime.dll
 0002:00000450       __imp_sf_get_dwork_info_from_mat_file 000000018003a450     sf_runtime:sf_runtime.dll
 0002:00000458       __imp_sf_set_rtw_dwork_info 000000018003a458     sf_runtime:sf_runtime.dll
 0002:00000460       __imp_sf_clear_rtw_identifier 000000018003a460     sf_runtime:sf_runtime.dll
 0002:00000468       __imp_cv_eval_point        000000018003a468     sf_runtime:sf_runtime.dll
 0002:00000470       __imp_sim_mode_is_modelref_sim 000000018003a470     sf_runtime:sf_runtime.dll
 0002:00000478       __imp_sim_mode_is_external 000000018003a478     sf_runtime:sf_runtime.dll
 0002:00000480       __imp_sim_mode_is_rtw_gen  000000018003a480     sf_runtime:sf_runtime.dll
 0002:00000488       __imp_sf_debug_call        000000018003a488     sf_runtime:sf_runtime.dll
 0002:00000490       __imp_sf_mark_chart_expressionable_inputs 000000018003a490     sf_runtime:sf_runtime.dll
 0002:00000498       __imp_sf_mark_chart_reusable_outputs 000000018003a498     sf_runtime:sf_runtime.dll
 0002:000004a0       __imp_sf_is_chart_inlinable 000000018003a4a0     sf_runtime:sf_runtime.dll
 0002:000004a8       __imp_sf_update_buildInfo  000000018003a4a8     sf_runtime:sf_runtime.dll
 0002:000004b0       __imp_sf_rtw_info_uint_prop 000000018003a4b0     sf_runtime:sf_runtime.dll
 0002:000004b8       __imp_sf_get_chart_instance_ptr 000000018003a4b8     sf_runtime:sf_runtime.dll
 0002:000004c0       __imp_sfrtGetEmlrtCtx      000000018003a4c0     sf_runtime:sf_runtime.dll
 0002:000004c8       __imp_sf_free_ChartRunTimeInfo 000000018003a4c8     sf_runtime:sf_runtime.dll
 0002:000004d0       __imp_sf_init_ChartRunTimeInfo 000000018003a4d0     sf_runtime:sf_runtime.dll
 0002:000004d8       __imp_sf_debug_set_machine_data_thresholds 000000018003a4d8     sf_runtime:sf_runtime.dll
 0002:000004e0       __imp_sf_debug_set_machine_event_thresholds 000000018003a4e0     sf_runtime:sf_runtime.dll
 0002:000004e8       __imp_sf_debug_initialize_machine 000000018003a4e8     sf_runtime:sf_runtime.dll
 0002:000004f0       __imp_sf_debug_initialize_chart 000000018003a4f0     sf_runtime:sf_runtime.dll
 0002:000004f8       __imp_sf_debug_create_debug_instance_struct 000000018003a4f8     sf_runtime:sf_runtime.dll
 0002:00000500       __imp_sf_load_rtw_optimization_info 000000018003a500     sf_runtime:sf_runtime.dll
 0002:00000508       \177sf_runtime_NULL_THUNK_DATA 000000018003a508     sf_runtime:sf_runtime.dll
 0002:00000510       __guard_check_icall_fptr   000000018003a510     MSVCRT:guard_support.obj
 0002:00000518       __guard_dispatch_icall_fptr 000000018003a518     MSVCRT:guard_support.obj
 0002:00000520       __xc_a                     000000018003a520     MSVCRT:initializers.obj
 0002:00000528       __xc_z                     000000018003a528     MSVCRT:initializers.obj
 0002:00000530       __xi_a                     000000018003a530     MSVCRT:initializers.obj
 0002:00000538       __xi_z                     000000018003a538     MSVCRT:initializers.obj
 0002:00000540       __xp_a                     000000018003a540     MSVCRT:initializers.obj
 0002:00000548       __xp_z                     000000018003a548     MSVCRT:initializers.obj
 0002:00000550       __xt_a                     000000018003a550     MSVCRT:initializers.obj
 0002:00000558       __xt_z                     000000018003a558     MSVCRT:initializers.obj
 0002:00000560       __real@413f797f00000000    000000018003a560     SpeedgoatCANOpen2Buses100us_sfun.obj
 0002:00000568       __real@41b212f15b000000    000000018003a568     SpeedgoatCANOpen2Buses100us_sfun.obj
 0002:00000570       __real@41c500e7fb800000    000000018003a570     SpeedgoatCANOpen2Buses100us_sfun.obj
 0002:00000578       __real@41dff01bb8400000    000000018003a578     SpeedgoatCANOpen2Buses100us_sfun.obj
 0002:00000580       __real@41e0279470800000    000000018003a580     SpeedgoatCANOpen2Buses100us_sfun.obj
 0002:00000588       __real@41e1f2a7f7200000    000000018003a588     SpeedgoatCANOpen2Buses100us_sfun.obj
 0002:00000590       __real@41e253d1c4600000    000000018003a590     SpeedgoatCANOpen2Buses100us_sfun.obj
 0002:00000598       __real@41e487f59e800000    000000018003a598     SpeedgoatCANOpen2Buses100us_sfun.obj
 0002:000005a0       __real@41e89b9f73800000    000000018003a5a0     SpeedgoatCANOpen2Buses100us_sfun.obj
 0002:000005a8       __real@41ea1e8465600000    000000018003a5a8     SpeedgoatCANOpen2Buses100us_sfun.obj
 0002:000005b0       __real@41ea3cabdd400000    000000018003a5b0     SpeedgoatCANOpen2Buses100us_sfun.obj
 0002:000005b8       __real@41eec387a1800000    000000018003a5b8     SpeedgoatCANOpen2Buses100us_sfun.obj
 0002:000005c0       __real@00000000            000000018003a5c0     c1_SpeedgoatCANOpen2Buses100us.obj
 0002:000005c4       __real@3f800000            000000018003a5c4     c1_SpeedgoatCANOpen2Buses100us.obj
 0002:000005c8       __real@3ff0000000000000    000000018003a5c8     c1_SpeedgoatCANOpen2Buses100us.obj
 0002:000005d0       __real@40000000            000000018003a5d0     c1_SpeedgoatCANOpen2Buses100us.obj
 0002:000005d8       __real@4000000000000000    000000018003a5d8     c1_SpeedgoatCANOpen2Buses100us.obj
 0002:000005e0       __real@4022000000000000    000000018003a5e0     c1_SpeedgoatCANOpen2Buses100us.obj
 0002:000005e8       __real@409f400000000000    000000018003a5e8     c1_SpeedgoatCANOpen2Buses100us.obj
 0002:000005f0       __real@41e1d01b62400000    000000018003a5f0     c1_SpeedgoatCANOpen2Buses100us.obj
 0002:000005f8       __real@41e23d1694a00000    000000018003a5f8     c1_SpeedgoatCANOpen2Buses100us.obj
 0002:00000600       __real@41e7570ccc000000    000000018003a600     c1_SpeedgoatCANOpen2Buses100us.obj
 0002:00000608       __real@41e76a4c30c00000    000000018003a608     c1_SpeedgoatCANOpen2Buses100us.obj
 0002:00000610       __real@44fa0000            000000018003a610     c1_SpeedgoatCANOpen2Buses100us.obj
 0002:00000618       __real@4018000000000000    000000018003a618     c4_SpeedgoatCANOpen2Buses100us.obj
 0002:00000620       __real@401c000000000000    000000018003a620     c4_SpeedgoatCANOpen2Buses100us.obj
 0002:00000628       __real@40c00000            000000018003a628     c4_SpeedgoatCANOpen2Buses100us.obj
 0002:0000062c       __real@40e00000            000000018003a62c     c4_SpeedgoatCANOpen2Buses100us.obj
 0002:00000630       __real@41a6d86f3c000000    000000018003a630     c4_SpeedgoatCANOpen2Buses100us.obj
 0002:00000638       __real@41b7c1940e000000    000000018003a638     c4_SpeedgoatCANOpen2Buses100us.obj
 0002:00000640       __real@41e36f8e64800000    000000018003a640     c4_SpeedgoatCANOpen2Buses100us.obj
 0002:00000648       __real@41ec61f79e600000    000000018003a648     c4_SpeedgoatCANOpen2Buses100us.obj
 0002:00000650       __real@40400000            000000018003a650     c12_SpeedgoatCANOpen2Buses100us.obj
 0002:00000658       __real@41e0ea5a56000000    000000018003a658     c12_SpeedgoatCANOpen2Buses100us.obj
 0002:00000660       __real@41e4545f4ce00000    000000018003a660     c12_SpeedgoatCANOpen2Buses100us.obj
 0002:00000668       __real@41eccf362d200000    000000018003a668     c12_SpeedgoatCANOpen2Buses100us.obj
 0002:00000670       __real@41edf4298e200000    000000018003a670     c12_SpeedgoatCANOpen2Buses100us.obj
 0002:00000678       DYNAMIC_DIMENSION_DEF      000000018003a678     SpeedgoatCANOpen2Buses100us_sfun_registry.obj
 0002:00000690       __real@0000000000000000    000000018003a690     SpeedgoatCANOpen2Buses100us_sfun_registry.obj
 0002:00000698       __real@4010000000000000    000000018003a698     SpeedgoatCANOpen2Buses100us_sfun_registry.obj
 0002:000006a0       __real@41602cbca0000000    000000018003a6a0     SpeedgoatCANOpen2Buses100us_sfun_registry.obj
 0002:000006a8       __real@bff0000000000000    000000018003a6a8     SpeedgoatCANOpen2Buses100us_sfun_registry.obj
 0002:000006c0       _pDefaultRawDllMain        000000018003a6c0     MSVCRT:dll_dllmain.obj
 0002:000006c0       _pRawDllMain               000000018003a6c0     MSVCRT:dll_dllmain.obj
 0002:000006f0       _load_config_used          000000018003a6f0     MSVCRT:loadcfg.obj
 0002:00000a08       __rtc_iaa                  000000018003aa08     MSVCRT:initsect.obj
 0002:00000a10       __rtc_izz                  000000018003aa10     MSVCRT:initsect.obj
 0002:00000a18       __rtc_taa                  000000018003aa18     MSVCRT:initsect.obj
 0002:00000a20       __rtc_tzz                  000000018003aa20     MSVCRT:initsect.obj
 0002:00001b5c       __IMPORT_DESCRIPTOR_sf_runtime 000000018003bb5c     sf_runtime:sf_runtime.dll
 0002:00001b70       __IMPORT_DESCRIPTOR_libmx  000000018003bb70     libmx:libmx.dll
 0002:00001b84       __IMPORT_DESCRIPTOR_libmex 000000018003bb84     libmex:libmex.dll
 0002:00001b98       __IMPORT_DESCRIPTOR_libut  000000018003bb98     libut:libut.dll
 0002:00001bac       __IMPORT_DESCRIPTOR_libmwsl_sfcn_cov_bridge 000000018003bbac     libmwsl_sfcn_cov_bridge:libmwsl_sfcn_cov_bridge.dll
 0002:00001bc0       __IMPORT_DESCRIPTOR_KERNEL32 000000018003bbc0     kernel32:KERNEL32.dll
 0002:00001bd4       __IMPORT_DESCRIPTOR_VCRUNTIME140 000000018003bbd4     vcruntime:VCRUNTIME140.dll
 0002:00001be8       __IMPORT_DESCRIPTOR_api-ms-win-crt-string-l1-1-0 000000018003bbe8     ucrt:api-ms-win-crt-string-l1-1-0.dll
 0002:00001bfc       __IMPORT_DESCRIPTOR_api-ms-win-crt-stdio-l1-1-0 000000018003bbfc     ucrt:api-ms-win-crt-stdio-l1-1-0.dll
 0002:00001c10       __IMPORT_DESCRIPTOR_api-ms-win-crt-heap-l1-1-0 000000018003bc10     ucrt:api-ms-win-crt-heap-l1-1-0.dll
 0002:00001c24       __IMPORT_DESCRIPTOR_api-ms-win-crt-runtime-l1-1-0 000000018003bc24     ucrt:api-ms-win-crt-runtime-l1-1-0.dll
 0002:00001c38       __NULL_IMPORT_DESCRIPTOR   000000018003bc38     sf_runtime:sf_runtime.dll
 0003:00005180       DYNAMIC_DIMENSION          0000000180043180     SpeedgoatCANOpen2Buses100us_sfun_registry.obj
 0003:000075f0       __security_cookie_complement 00000001800455f0     MSVCRT:gs_cookie.obj
 0003:000075f8       __security_cookie          00000001800455f8     MSVCRT:gs_cookie.obj
 0003:00007600       _fltused                   0000000180045600     MSVCRT:fltused.obj
 0003:00007604       __scrt_native_dllmain_reason 0000000180045604     MSVCRT:utility.obj
 0003:00007608       __isa_available            0000000180045608     MSVCRT:cpu_disp.obj
 0003:0000760c       __isa_enabled              000000018004560c     MSVCRT:cpu_disp.obj
 0003:00007610       __memcpy_nt_iters          0000000180045610     MSVCRT:cpu_disp.obj
 0003:00007620       __scrt_ucrt_dll_is_in_use  0000000180045620     MSVCRT:ucrt_stubs.obj
 0003:000076a0       sfGlobalDebugInstanceStruct 00000001800456a0     SpeedgoatCANOpen2Buses100us_sfun_registry.obj
 0003:00007c30       ?__type_info_root_node@@3U__type_info_node@@A 0000000180045c30     MSVCRT:tncleanup.obj
 0003:00007c40       ?_OptionsStorage@?1??__local_stdio_printf_options@@9@4_KA 0000000180045c40     MSVCRT:default_local_stdio_options.obj
 0003:00007c48       ?_OptionsStorage@?1??__local_stdio_scanf_options@@9@4_KA 0000000180045c48     MSVCRT:default_local_stdio_options.obj
 0003:00007c50       __scrt_current_native_startup_state 0000000180045c50     MSVCRT:utility.obj
 0003:00007c58       __scrt_native_startup_lock 0000000180045c58     MSVCRT:utility.obj
 0003:00007c98       __scrt_debugger_hook_flag  0000000180045c98     MSVCRT:utility_desktop.obj
 0003:00007c9c       __favor                    0000000180045c9c     MSVCRT:cpu_disp.obj
 0003:00007ca0       ?_OptionsStorage@?1??__local_stdio_printf_options@@9@9 0000000180045ca0     <common>
 0003:00007ca8       _SpeedgoatCANOpen2Buses100usMachineNumber_ 0000000180045ca8     <common>
 0003:00007cb0       gRxCAN_APT                 0000000180045cb0     <common>
 0003:00007cc0       can_rx_queue_APT           0000000180045cc0     <common>
 0003:00007d28       gRxCAN                     0000000180045d28     <common>
 0003:00007d40       can_rx_queue               0000000180045d40     <common>
 0003:00007da8       __dyn_tls_init_callback    0000000180045da8     <common>

 entry point at        0001:00037c28

 Static symbols

 0000:00000000       .debug$S                   0000000180000000     sf_runtime:sf_runtime.dll
 0000:00000000       .debug$S                   0000000180000000     sf_runtime:sf_runtime.dll
 0000:00000000       .debug$S                   0000000180000000     sf_runtime:sf_runtime.dll
 0000:00000000       .debug$S                   0000000180000000     sf_runtime:sf_runtime.dll
 0000:00000000       .debug$S                   0000000180000000     sf_runtime:sf_runtime.dll
 0000:00000000       .debug$S                   0000000180000000     sf_runtime:sf_runtime.dll
 0000:00000000       .debug$S                   0000000180000000     SpeedgoatCANOpen2Buses100us_sfun.exp
 0000:00000000       .debug$S                   0000000180000000     sf_runtime:sf_runtime.dll
 0000:00000000       .debug$S                   0000000180000000     sf_runtime:sf_runtime.dll
 0000:00000000       .debug$S                   0000000180000000     sf_runtime:sf_runtime.dll
 0000:00000000       .debug$S                   0000000180000000     sf_runtime:sf_runtime.dll
 0000:00000000       .debug$S                   0000000180000000     sf_runtime:sf_runtime.dll
 0000:00000000       .debug$S                   0000000180000000     ucrt:api-ms-win-crt-runtime-l1-1-0.dll
 0000:00000000       .debug$S                   0000000180000000     ucrt:api-ms-win-crt-runtime-l1-1-0.dll
 0000:00000000       .debug$S                   0000000180000000     ucrt:api-ms-win-crt-runtime-l1-1-0.dll
 0000:00000000       .debug$S                   0000000180000000     ucrt:api-ms-win-crt-runtime-l1-1-0.dll
 0000:00000000       .debug$S                   0000000180000000     ucrt:api-ms-win-crt-runtime-l1-1-0.dll
 0000:00000000       .debug$S                   0000000180000000     ucrt:api-ms-win-crt-runtime-l1-1-0.dll
 0000:00000000       .debug$S                   0000000180000000     ucrt:api-ms-win-crt-runtime-l1-1-0.dll
 0000:00000000       .debug$S                   0000000180000000     ucrt:api-ms-win-crt-runtime-l1-1-0.dll
 0000:00000000       .debug$S                   0000000180000000     ucrt:api-ms-win-crt-runtime-l1-1-0.dll
 0000:00000000       .debug$S                   0000000180000000     ucrt:api-ms-win-crt-runtime-l1-1-0.dll
 0000:00000000       .debug$S                   0000000180000000     ucrt:api-ms-win-crt-runtime-l1-1-0.dll
 0000:00000000       .debug$S                   0000000180000000     ucrt:api-ms-win-crt-runtime-l1-1-0.dll
 0000:00000000       .debug$S                   0000000180000000     ucrt:api-ms-win-crt-string-l1-1-0.dll
 0000:00000000       .debug$S                   0000000180000000     ucrt:api-ms-win-crt-heap-l1-1-0.dll
 0000:00000000       .debug$S                   0000000180000000     ucrt:api-ms-win-crt-heap-l1-1-0.dll
 0000:00000000       .debug$S                   0000000180000000     ucrt:api-ms-win-crt-stdio-l1-1-0.dll
 0000:00000000       .debug$S                   0000000180000000     ucrt:api-ms-win-crt-string-l1-1-0.dll
 0000:00000000       .debug$S                   0000000180000000     sf_runtime:sf_runtime.dll
 0000:00000000       .debug$S                   0000000180000000     vcruntime:VCRUNTIME140.dll
 0000:00000000       .debug$S                   0000000180000000     vcruntime:VCRUNTIME140.dll
 0000:00000000       .debug$S                   0000000180000000     vcruntime:VCRUNTIME140.dll
 0000:00000000       .debug$S                   0000000180000000     vcruntime:VCRUNTIME140.dll
 0000:00000000       .debug$S                   0000000180000000     sf_runtime:sf_runtime.dll
 0000:00000000       .debug$S                   0000000180000000     kernel32:KERNEL32.dll
 0000:00000000       .debug$S                   0000000180000000     kernel32:KERNEL32.dll
 0000:00000000       .debug$S                   0000000180000000     kernel32:KERNEL32.dll
 0000:00000000       .debug$S                   0000000180000000     kernel32:KERNEL32.dll
 0000:00000000       .debug$S                   0000000180000000     kernel32:KERNEL32.dll
 0000:00000000       .debug$S                   0000000180000000     kernel32:KERNEL32.dll
 0000:00000000       .debug$S                   0000000180000000     kernel32:KERNEL32.dll
 0000:00000000       .debug$S                   0000000180000000     kernel32:KERNEL32.dll
 0000:00000000       .debug$S                   0000000180000000     kernel32:KERNEL32.dll
 0000:00000000       .debug$S                   0000000180000000     kernel32:KERNEL32.dll
 0000:00000000       .debug$S                   0000000180000000     kernel32:KERNEL32.dll
 0000:00000000       .debug$S                   0000000180000000     kernel32:KERNEL32.dll
 0000:00000000       .debug$S                   0000000180000000     kernel32:KERNEL32.dll
 0000:00000000       .debug$S                   0000000180000000     kernel32:KERNEL32.dll
 0000:00000000       .debug$S                   0000000180000000     kernel32:KERNEL32.dll
 0000:00000000       .debug$S                   0000000180000000     kernel32:KERNEL32.dll
 0000:00000000       .debug$S                   0000000180000000     kernel32:KERNEL32.dll
 0000:00000000       .debug$S                   0000000180000000     sf_runtime:sf_runtime.dll
 0000:00000000       .debug$S                   0000000180000000     sf_runtime:sf_runtime.dll
 0000:00000000       .debug$S                   0000000180000000     sf_runtime:sf_runtime.dll
 0000:00000000       .debug$S                   0000000180000000     sf_runtime:sf_runtime.dll
 0002:fffc6000       __guard_fids__guard_icall_checks_enforced 0000000180000000     MSVCRT:guard_support.obj
 0002:fffc6000       __guard_fids__             0000000180000000     MSVCRT:guard_support.obj
 0000:00000000       .debug$S                   0000000180000000     sf_runtime:sf_runtime.dll
 0000:00000000       .debug$S                   0000000180000000     sf_runtime:sf_runtime.dll
 0000:00000000       .debug$S                   0000000180000000     sf_runtime:sf_runtime.dll
 0000:00000000       .debug$S                   0000000180000000     sf_runtime:sf_runtime.dll
 0000:00000000       .debug$S                   0000000180000000     sf_runtime:sf_runtime.dll
 0000:00000000       .debug$S                   0000000180000000     sf_runtime:sf_runtime.dll
 0000:00000000       .debug$S                   0000000180000000     sf_runtime:sf_runtime.dll
 0000:00000000       .debug$S                   0000000180000000     sf_runtime:sf_runtime.dll
 0002:fffc6000       __guard_fids___scrt_set_unhandled_exception_filter 0000000180000000     MSVCRT:utility_desktop.obj
 0000:00000000       .debug$S                   0000000180000000     sf_runtime:sf_runtime.dll
 0000:00000000       .debug$S                   0000000180000000     sf_runtime:sf_runtime.dll
 0000:00000000       .debug$S                   0000000180000000     sf_runtime:sf_runtime.dll
 0000:00000000       .debug$S                   0000000180000000     sf_runtime:sf_runtime.dll
 0000:00000000       .debug$S                   0000000180000000     sf_runtime:sf_runtime.dll
 0000:00000000       .debug$S                   0000000180000000     sf_runtime:sf_runtime.dll
 0000:00000000       .debug$S                   0000000180000000     sf_runtime:sf_runtime.dll
 0000:00000000       .debug$S                   0000000180000000     sf_runtime:sf_runtime.dll
 0000:00000000       .debug$S                   0000000180000000     sf_runtime:sf_runtime.dll
 0000:00000000       .debug$S                   0000000180000000     sf_runtime:sf_runtime.dll
 0000:00000000       .debug$S                   0000000180000000     sf_runtime:sf_runtime.dll
 0000:00000000       .debug$S                   0000000180000000     sf_runtime:sf_runtime.dll
 0000:00000000       .debug$S                   0000000180000000     sf_runtime:sf_runtime.dll
 0000:00000000       .debug$S                   0000000180000000     sf_runtime:sf_runtime.dll
 0000:00000000       .debug$S                   0000000180000000     sf_runtime:sf_runtime.dll
 0000:00000000       .debug$S                   0000000180000000     sf_runtime:sf_runtime.dll
 0000:00000000       .debug$S                   0000000180000000     sf_runtime:sf_runtime.dll
 0000:00000000       .debug$S                   0000000180000000     sf_runtime:sf_runtime.dll
 0000:00000000       .debug$S                   0000000180000000     sf_runtime:sf_runtime.dll
 0000:00000000       .debug$S                   0000000180000000     sf_runtime:sf_runtime.dll
 0000:00000000       .debug$S                   0000000180000000     sf_runtime:sf_runtime.dll
 0000:00000000       .debug$S                   0000000180000000     sf_runtime:sf_runtime.dll
 0000:00000000       .debug$S                   0000000180000000     sf_runtime:sf_runtime.dll
 0000:00000000       .debug$S                   0000000180000000     sf_runtime:sf_runtime.dll
 0000:00000000       .debug$S                   0000000180000000     sf_runtime:sf_runtime.dll
 0000:00000000       .debug$S                   0000000180000000     sf_runtime:sf_runtime.dll
 0000:00000000       .debug$S                   0000000180000000     sf_runtime:sf_runtime.dll
 0000:00000000       .debug$S                   0000000180000000     sf_runtime:sf_runtime.dll
 0000:00000000       .debug$S                   0000000180000000     sf_runtime:sf_runtime.dll
 0000:00000000       .debug$S                   0000000180000000     sf_runtime:sf_runtime.dll
 0000:00000000       .debug$S                   0000000180000000     sf_runtime:sf_runtime.dll
 0000:00000000       .debug$S                   0000000180000000     sf_runtime:sf_runtime.dll
 0000:00000000       .debug$S                   0000000180000000     sf_runtime:sf_runtime.dll
 0000:00000000       .debug$S                   0000000180000000     sf_runtime:sf_runtime.dll
 0000:00000000       .debug$S                   0000000180000000     sf_runtime:sf_runtime.dll
 0000:00000000       .debug$S                   0000000180000000     sf_runtime:sf_runtime.dll
 0000:00000000       .debug$S                   0000000180000000     sf_runtime:sf_runtime.dll
[...]
 0004:00000d44       $pdata$mdlStart_c12_SpeedgoatCANOpen2Buses100us 0000000180046d44     c12_SpeedgoatCANOpen2Buses100us.obj
 0004:00000d50       $pdata$mexFunction         0000000180046d50     SpeedgoatCANOpen2Buses100us_sfun_registry.obj
 0004:00000d5c       $pdata$_ssSetInputPortDirectFeedThroughFcn 0000000180046d5c     SpeedgoatCANOpen2Buses100us_sfun_registry.obj
 0004:00000d68       $pdata$_ssSetRWorkValueFcn 0000000180046d68     SpeedgoatCANOpen2Buses100us_sfun_registry.obj
 0004:00000d74       $pdata$_ssGetRWorkValueFcn 0000000180046d74     SpeedgoatCANOpen2Buses100us_sfun_registry.obj
 0004:00000d80       $pdata$_ssSetIWorkValueFcn 0000000180046d80     SpeedgoatCANOpen2Buses100us_sfun_registry.obj
 0004:00000d8c       $pdata$_ssGetIWorkValueFcn 0000000180046d8c     SpeedgoatCANOpen2Buses100us_sfun_registry.obj
 0004:00000d98       $pdata$_ssSetPWorkValueFcn 0000000180046d98     SpeedgoatCANOpen2Buses100us_sfun_registry.obj
 0004:00000da4       $pdata$_ssGetPWorkValueFcn 0000000180046da4     SpeedgoatCANOpen2Buses100us_sfun_registry.obj
 0004:00000db0       $pdata$_ssGetInputPortSignalFcn 0000000180046db0     SpeedgoatCANOpen2Buses100us_sfun_registry.obj
 0004:00000dbc       $pdata$_ssGetInputPortBufferDstPortFcn 0000000180046dbc     SpeedgoatCANOpen2Buses100us_sfun_registry.obj
 0004:00000dc8       $pdata$_ssGetInputPortSignalPtrsFcn 0000000180046dc8     SpeedgoatCANOpen2Buses100us_sfun_registry.obj
 0004:00000dd4       $pdata$ssGetParameterTuningCompliance 0000000180046dd4     SpeedgoatCANOpen2Buses100us_sfun_registry.obj
 0004:00000de0       $pdata$ssGetDTypeIdFromMxArray 0000000180046de0     SpeedgoatCANOpen2Buses100us_sfun_registry.obj
 0004:00000dec       $pdata$ssWriteRTWMx2dMatParam 0000000180046dec     SpeedgoatCANOpen2Buses100us_sfun_registry.obj
 0004:00000df8       $pdata$ssWriteRTWMxVectParam 0000000180046df8     SpeedgoatCANOpen2Buses100us_sfun_registry.obj
 0004:00000e04       $pdata$ssWriteRTWParameters 0000000180046e04     SpeedgoatCANOpen2Buses100us_sfun_registry.obj
 0004:00000e10       $pdata$ssWriteRTWParamSettings 0000000180046e10     SpeedgoatCANOpen2Buses100us_sfun_registry.obj
 0004:00000e1c       $pdata$ssWriteRTWStr       0000000180046e1c     SpeedgoatCANOpen2Buses100us_sfun_registry.obj
 0004:00000e28       $pdata$ssWriteRTWWorkVect  0000000180046e28     SpeedgoatCANOpen2Buses100us_sfun_registry.obj
 0004:00000e34       $pdata$ssWarning           0000000180046e34     SpeedgoatCANOpen2Buses100us_sfun_registry.obj
 0004:00000e40       $pdata$ssWriteRTWNameValuePair 0000000180046e40     SpeedgoatCANOpen2Buses100us_sfun_registry.obj
 0004:00000e4c       $pdata$_ssSetInputPortMatrixDimensions 0000000180046e4c     SpeedgoatCANOpen2Buses100us_sfun_registry.obj
 0004:00000e58       $pdata$_ssSetOutputPortMatrixDimensions 0000000180046e58     SpeedgoatCANOpen2Buses100us_sfun_registry.obj
 0004:00000e64       $pdata$_ssSetInputPortVectorDimension 0000000180046e64     SpeedgoatCANOpen2Buses100us_sfun_registry.obj
 0004:00000e70       $pdata$_ssSetOutputPortVectorDimension 0000000180046e70     SpeedgoatCANOpen2Buses100us_sfun_registry.obj
 0004:00000e7c       $pdata$ssIsRunTimeParamTunable 0000000180046e7c     SpeedgoatCANOpen2Buses100us_sfun_registry.obj
 0004:00000e88       $pdata$ssGetSFuncBlockHandle 0000000180046e88     SpeedgoatCANOpen2Buses100us_sfun_registry.obj
 0004:00000e94       $pdata$_ssGetCurrentInputPortWidth 0000000180046e94     SpeedgoatCANOpen2Buses100us_sfun_registry.obj
 0004:00000ea0       $pdata$_ssGetCurrentOutputPortWidth 0000000180046ea0     SpeedgoatCANOpen2Buses100us_sfun_registry.obj
 0004:00000eac       $pdata$_ssGetCallSystemNumFcnCallDestinations 0000000180046eac     SpeedgoatCANOpen2Buses100us_sfun_registry.obj
 0004:00000eb8       $pdata$ssGetIsZeroCrossControlDisabled 0000000180046eb8     SpeedgoatCANOpen2Buses100us_sfun_registry.obj
 0004:00000ec4       $pdata$ssSetIsInputPortUsedForContZcSignal 0000000180046ec4     SpeedgoatCANOpen2Buses100us_sfun_registry.obj
 0004:00000ed0       $pdata$ssSetZcSignalIsZcElementDisc 0000000180046ed0     SpeedgoatCANOpen2Buses100us_sfun_registry.obj
 0004:00000edc       $pdata$ssSetZcSignalName   0000000180046edc     SpeedgoatCANOpen2Buses100us_sfun_registry.obj
 0004:00000ee8       $pdata$ssSetZcSignalWidth  0000000180046ee8     SpeedgoatCANOpen2Buses100us_sfun_registry.obj
 0004:00000ef4       $pdata$ssSetZcSignalZcEventType 0000000180046ef4     SpeedgoatCANOpen2Buses100us_sfun_registry.obj
 0004:00000f00       $pdata$ssSetZcSignalType   0000000180046f00     SpeedgoatCANOpen2Buses100us_sfun_registry.obj
 0004:00000f0c       $pdata$ssSetZcSignalZcTol  0000000180046f0c     SpeedgoatCANOpen2Buses100us_sfun_registry.obj
 0004:00000f18       $pdata$ssSetZcSignalNeedsEventNotification 0000000180046f18     SpeedgoatCANOpen2Buses100us_sfun_registry.obj
 0004:00000f24       $pdata$ssCreateAndAddZcSignalInfo 0000000180046f24     SpeedgoatCANOpen2Buses100us_sfun_registry.obj
 0004:00000f30       $pdata$ssCloneAndAddZcSignalInfo 0000000180046f30     SpeedgoatCANOpen2Buses100us_sfun_registry.obj
 0004:00000f3c       $pdata$ssGetNumZcSignals   0000000180046f3c     SpeedgoatCANOpen2Buses100us_sfun_registry.obj
 0004:00000f48       $pdata$ssGetZcSignalVector 0000000180046f48     SpeedgoatCANOpen2Buses100us_sfun_registry.obj
 0004:00000f54       $pdata$ssGetZcSignalName   0000000180046f54     SpeedgoatCANOpen2Buses100us_sfun_registry.obj
 0004:00000f60       $pdata$ssGetZcSignalWidth  0000000180046f60     SpeedgoatCANOpen2Buses100us_sfun_registry.obj
 0004:00000f6c       $pdata$ssGetZcSignalZcEventType 0000000180046f6c     SpeedgoatCANOpen2Buses100us_sfun_registry.obj
 0004:00000f78       $pdata$ssGetZcSignalZcEvents 0000000180046f78     SpeedgoatCANOpen2Buses100us_sfun_registry.obj
 0004:00000f84       $pdata$ssGetZcSignalType   0000000180046f84     SpeedgoatCANOpen2Buses100us_sfun_registry.obj
 0004:00000f90       $pdata$ssGetZcSignalZcTol  0000000180046f90     SpeedgoatCANOpen2Buses100us_sfun_registry.obj
 0004:00000f9c       $pdata$ssGetZcSignalNeedsEventNotification 0000000180046f9c     SpeedgoatCANOpen2Buses100us_sfun_registry.obj
 0004:00000fa8       $pdata$ssGetZcSignalIsZcElementDisc 0000000180046fa8     SpeedgoatCANOpen2Buses100us_sfun_registry.obj
 0004:00000fb4       $pdata$ssGetIsInputPortElementContinuous 0000000180046fb4     SpeedgoatCANOpen2Buses100us_sfun_registry.obj
 0004:00000fc0       $pdata$_ssGetAbsTol        0000000180046fc0     SpeedgoatCANOpen2Buses100us_sfun_registry.obj
 0004:00000fcc       $pdata$_ssSetInputPortReusableFcn 0000000180046fcc     SpeedgoatCANOpen2Buses100us_sfun_registry.obj
 0004:00000fd8       $pdata$_ssSetOutputPortReusableFcn 0000000180046fd8     SpeedgoatCANOpen2Buses100us_sfun_registry.obj
 0004:00000fe4       $pdata$_ssSetSymbolicDimsSupport 0000000180046fe4     SpeedgoatCANOpen2Buses100us_sfun_registry.obj
 0004:00000ff0       $pdata$_ssRegisterSymbolicDimsExpr 0000000180046ff0     SpeedgoatCANOpen2Buses100us_sfun_registry.obj
 0004:00000ffc       $pdata$_ssRegisterSymbolicDims 0000000180046ffc     SpeedgoatCANOpen2Buses100us_sfun_registry.obj
 0004:00001008       $pdata$_ssRegisterSymbolicDimsString 0000000180047008     SpeedgoatCANOpen2Buses100us_sfun_registry.obj
 0004:00001014       $pdata$_ssRegisterSymbolicDimsIntValue 0000000180047014     SpeedgoatCANOpen2Buses100us_sfun_registry.obj
 0004:00001020       $pdata$_ssRegisterSymbolicDimsPlus 0000000180047020     SpeedgoatCANOpen2Buses100us_sfun_registry.obj
 0004:0000102c       $pdata$_ssRegisterSymbolicDimsMinus 000000018004702c     SpeedgoatCANOpen2Buses100us_sfun_registry.obj
 0004:00001038       $pdata$_ssRegisterSymbolicDimsMultiply 0000000180047038     SpeedgoatCANOpen2Buses100us_sfun_registry.obj
 0004:00001044       $pdata$_ssRegisterSymbolicDimsDivide 0000000180047044     SpeedgoatCANOpen2Buses100us_sfun_registry.obj
 0004:00001050       $pdata$_ssGetNumSymbolicDims 0000000180047050     SpeedgoatCANOpen2Buses100us_sfun_registry.obj
 0004:0000105c       $pdata$_ssGetSymbolicDim   000000018004705c     SpeedgoatCANOpen2Buses100us_sfun_registry.obj
 0004:00001068       $pdata$_ssSetInputPortSymbolicDimsId 0000000180047068     SpeedgoatCANOpen2Buses100us_sfun_registry.obj
 0004:00001074       $pdata$_ssGetCompInputPortSymbolicDimsId 0000000180047074     SpeedgoatCANOpen2Buses100us_sfun_registry.obj
 0004:00001080       $pdata$_ssSetCompInputPortSymbolicDimsId 0000000180047080     SpeedgoatCANOpen2Buses100us_sfun_registry.obj
 0004:0000108c       $pdata$_ssSetOutputPortSymbolicDimsId 000000018004708c     SpeedgoatCANOpen2Buses100us_sfun_registry.obj
 0004:00001098       $pdata$_ssGetCompOutputPortSymbolicDimsId 0000000180047098     SpeedgoatCANOpen2Buses100us_sfun_registry.obj
 0004:000010a4       $pdata$_ssSetCompOutputPortSymbolicDimsId 00000001800470a4     SpeedgoatCANOpen2Buses100us_sfun_registry.obj
 0004:000010b0       $pdata$_ssSetCompDWorkSymbolicDimsId 00000001800470b0     SpeedgoatCANOpen2Buses100us_sfun_registry.obj
 0004:000010bc       $pdata$sf_process_check_sum_call 00000001800470bc     SpeedgoatCANOpen2Buses100us_sfun_registry.obj
 0004:000010c8       $pdata$sf_process_testpoint_info_call 00000001800470c8     SpeedgoatCANOpen2Buses100us_sfun_registry.obj
 0004:000010d4       $pdata$sf_process_autoinheritance_call 00000001800470d4     SpeedgoatCANOpen2Buses100us_sfun_registry.obj
 0004:000010e0       $pdata$sf_process_get_third_party_uses_info_call 00000001800470e0     SpeedgoatCANOpen2Buses100us_sfun_registry.obj
 0004:000010ec       $pdata$sf_process_get_jit_fallback_info_call 00000001800470ec     SpeedgoatCANOpen2Buses100us_sfun_registry.obj
 0004:000010f8       $pdata$sf_process_get_updateBuildInfo_args_info_call 00000001800470f8     SpeedgoatCANOpen2Buses100us_sfun_registry.obj
 0004:00001104       $pdata$sf_process_get_eml_resolved_functions_info_call 0000000180047104     SpeedgoatCANOpen2Buses100us_sfun_registry.obj
 0004:00001110       $pdata$sf_mex_unlock_call  0000000180047110     SpeedgoatCANOpen2Buses100us_sfun_registry.obj
 0004:0000111c       $pdata$sf_debug_api_wrapper 000000018004711c     SpeedgoatCANOpen2Buses100us_sfun_registry.obj
 0004:00001128       $pdata$ProcessMexSfunctionCmdLineCall 0000000180047128     SpeedgoatCANOpen2Buses100us_sfun_registry.obj
 0004:00001134       $pdata$sf_machine_global_initializer_called 0000000180047134     SpeedgoatCANOpen2Buses100us_sfun_registry.obj
 0004:00001140       $pdata$sf_machine_global_method_dispatcher 0000000180047140     SpeedgoatCANOpen2Buses100us_sfun_registry.obj
 0004:0000114c       $pdata$sf_machine_global_terminator 000000018004714c     SpeedgoatCANOpen2Buses100us_sfun_registry.obj
 0004:00001158       $pdata$sf_register_machine_exported_symbols 0000000180047158     SpeedgoatCANOpen2Buses100us_sfun_registry.obj
 0004:00001164       $pdata$sf_machine_global_initializer 0000000180047164     SpeedgoatCANOpen2Buses100us_sfun_registry.obj
 0004:00001170       $pdata$mdlGetSimState      0000000180047170     SpeedgoatCANOpen2Buses100us_sfun_registry.obj
 0004:0000117c       $pdata$mdlSetSimState      000000018004717c     SpeedgoatCANOpen2Buses100us_sfun_registry.obj
 0004:00001188       $pdata$mdlSetWorkWidths    0000000180047188     SpeedgoatCANOpen2Buses100us_sfun_registry.obj
 0004:00001194       $pdata$mdlProcessParameters 0000000180047194     SpeedgoatCANOpen2Buses100us_sfun_registry.obj
 0004:000011a0       $pdata$mdl_start_processing 00000001800471a0     SpeedgoatCANOpen2Buses100us_sfun_registry.obj
 0004:000011ac       $pdata$mdl_terminate_processing 00000001800471ac     SpeedgoatCANOpen2Buses100us_sfun_registry.obj
 0004:000011b8       $pdata$mdlStart            00000001800471b8     SpeedgoatCANOpen2Buses100us_sfun_registry.obj
 0004:000011c4       $pdata$mdlTerminate        00000001800471c4     SpeedgoatCANOpen2Buses100us_sfun_registry.obj
 0004:000011d0       $pdata$mdlInitializeSizes  00000001800471d0     SpeedgoatCANOpen2Buses100us_sfun_registry.obj
 0004:000011dc       $pdata$mdlInitializeSampleTimes 00000001800471dc     SpeedgoatCANOpen2Buses100us_sfun_registry.obj
 0004:000011e8       $pdata$mdl_outputs_continuous_legacy 00000001800471e8     SpeedgoatCANOpen2Buses100us_sfun_registry.obj
 0004:000011f4       $pdata$mdl_outputs_processing 00000001800471f4     SpeedgoatCANOpen2Buses100us_sfun_registry.obj
 0004:00001200       $pdata$mdl_zeroCrossings_processing 0000000180047200     SpeedgoatCANOpen2Buses100us_sfun_registry.obj
 0004:0000120c       $pdata$mdlZeroCrossings    000000018004720c     SpeedgoatCANOpen2Buses100us_sfun_registry.obj
 0004:00001218       $pdata$mdl_derivatives_processing 0000000180047218     SpeedgoatCANOpen2Buses100us_sfun_registry.obj
 0004:00001224       $pdata$mdlDerivatives      0000000180047224     SpeedgoatCANOpen2Buses100us_sfun_registry.obj
 0004:00001230       $pdata$mdl_initialize_conditions_processing 0000000180047230     SpeedgoatCANOpen2Buses100us_sfun_registry.obj
 0004:0000123c       $pdata$mdlInitializeConditions 000000018004723c     SpeedgoatCANOpen2Buses100us_sfun_registry.obj
 0004:00001248       $pdata$mdl_ext_mode_exec_processing 0000000180047248     SpeedgoatCANOpen2Buses100us_sfun_registry.obj
 0004:00001254       $pdata$mdlExtModeExec      0000000180047254     SpeedgoatCANOpen2Buses100us_sfun_registry.obj
 0004:00001260       $pdata$mdlRTW              0000000180047260     SpeedgoatCANOpen2Buses100us_sfun_registry.obj
 0004:0000126c       $pdata$mdl_enable_processing 000000018004726c     SpeedgoatCANOpen2Buses100us_sfun_registry.obj
 0004:00001278       $pdata$mdlEnable           0000000180047278     SpeedgoatCANOpen2Buses100us_sfun_registry.obj
 0004:00001284       $pdata$mdl_disable_processing 0000000180047284     SpeedgoatCANOpen2Buses100us_sfun_registry.obj
 0004:00001290       $pdata$mdlDisable          0000000180047290     SpeedgoatCANOpen2Buses100us_sfun_registry.obj
 0004:0000129c       $pdata$mdlOutputs          000000018004729c     SpeedgoatCANOpen2Buses100us_sfun_registry.obj
 0004:000012a8       $pdata$mdl_update_processing 00000001800472a8     SpeedgoatCANOpen2Buses100us_sfun_registry.obj
 0004:000012b4       $pdata$mdlUpdate           00000001800472b4     SpeedgoatCANOpen2Buses100us_sfun_registry.obj
 0004:000012c0       $pdata$ProcessMexSfunctionEveryCall 00000001800472c0     SpeedgoatCANOpen2Buses100us_sfun_registry.obj
 0004:000012cc       $pdata$_RegNumInputPortsCB 00000001800472cc     SpeedgoatCANOpen2Buses100us_sfun_registry.obj
 0004:000012d8       $pdata$_RegNumOutputPortsCB 00000001800472d8     SpeedgoatCANOpen2Buses100us_sfun_registry.obj
 0004:000012e4       $pdata$_CreateSimStruct    00000001800472e4     SpeedgoatCANOpen2Buses100us_sfun_registry.obj
 0004:000012f0       $pdata$_ProcessMexSfunctionCmdLineCall 00000001800472f0     SpeedgoatCANOpen2Buses100us_sfun_registry.obj
 0004:000012fc       $pdata$ReportIndexOutOfBoundsError 00000001800472fc     SpeedgoatCANOpen2Buses100us_sfun_registry.obj
 0004:00001308       $pdata$_vsnprintf_l        0000000180047308     SpeedgoatCANOpen2Buses100us_sfun_registry.obj
 0004:00001314       $pdata$_vsprintf_l         0000000180047314     SpeedgoatCANOpen2Buses100us_sfun_registry.obj
 0004:00001320       $pdata$sprintf             0000000180047320     SpeedgoatCANOpen2Buses100us_sfun_registry.obj
 0004:0000132c       $pdata$__raise_securityfailure 000000018004732c     MSVCRT:gs_report.obj
 0004:00001338       $pdata$__report_gsfailure  0000000180047338     MSVCRT:gs_report.obj
 0004:00001344       $pdata$__report_rangecheckfailure 0000000180047344     MSVCRT:gs_report.obj
 0004:00001350       $pdata$__report_securityfailure 0000000180047350     MSVCRT:gs_report.obj
 0004:0000135c       $pdata$__report_securityfailureEx 000000018004735c     MSVCRT:gs_report.obj
 0004:00001368       $pdata$capture_current_context 0000000180047368     MSVCRT:gs_report.obj
 0004:00001374       $pdata$capture_previous_context 0000000180047374     MSVCRT:gs_report.obj
 0004:00001380       $pdata$__GSHandlerCheck    0000000180047380     MSVCRT:gshandler.obj
 0004:0000138c       $pdata$__GSHandlerCheckCommon 000000018004738c     MSVCRT:gshandler.obj
 0004:000013a4       $pdata$?dllmain_crt_dispatch@@YAHQEAUHINSTANCE__@@KQEAX@Z 00000001800473a4     MSVCRT:dll_dllmain.obj
 0004:000013b0       $pdata$?dllmain_crt_process_attach@@YAHQEAUHINSTANCE__@@QEAX@Z 00000001800473b0     MSVCRT:dll_dllmain.obj
 0004:000013bc       $pdata$?dllmain_crt_process_detach@@YAH_N@Z 00000001800473bc     MSVCRT:dll_dllmain.obj
 0004:000013c8       $pdata$?dllmain_dispatch@@YAHQEAUHINSTANCE__@@KQEAX@Z 00000001800473c8     MSVCRT:dll_dllmain.obj
 0004:000013d4       $pdata$_DllMainCRTStartup  00000001800473d4     MSVCRT:dll_dllmain.obj
 0004:000013e0       $pdata$__get_entropy       00000001800473e0     MSVCRT:gs_support.obj
 0004:000013ec       $pdata$__security_init_cookie 00000001800473ec     MSVCRT:gs_support.obj
 0004:000013f8       $pdata$DllMain             00000001800473f8     MSVCRT:dll_dllmain_stub.obj
 0004:00001404       $pdata$__scrt_initialize_default_local_stdio_options 0000000180047404     MSVCRT:default_local_stdio_options.obj
 0004:00001410       $pdata$?configure_argv@__scrt_narrow_argv_policy@@SAHXZ 0000000180047410     MSVCRT:utility.obj
 0004:0000141c       $pdata$__scrt_acquire_startup_lock 000000018004741c     MSVCRT:utility.obj
 0004:00001428       $pdata$__scrt_dllmain_after_initialize_c 0000000180047428     MSVCRT:utility.obj
 0004:00001434       $pdata$__scrt_dllmain_before_initialize_c 0000000180047434     MSVCRT:utility.obj
 0004:00001440       $pdata$__scrt_dllmain_crt_thread_attach 0000000180047440     MSVCRT:utility.obj
 0004:0000144c       $pdata$__scrt_dllmain_crt_thread_detach 000000018004744c     MSVCRT:utility.obj
 0004:00001458       $pdata$__scrt_dllmain_exception_filter 0000000180047458     MSVCRT:utility.obj
 0004:00001464       $pdata$__scrt_dllmain_uninitialize_c 0000000180047464     MSVCRT:utility.obj
 0004:00001470       $pdata$__scrt_dllmain_uninitialize_critical 0000000180047470     MSVCRT:utility.obj
 0004:0000147c       $pdata$__scrt_initialize_crt 000000018004747c     MSVCRT:utility.obj
 0004:00001488       $pdata$__scrt_initialize_onexit_tables 0000000180047488     MSVCRT:utility.obj
 0004:00001494       $pdata$__scrt_is_nonwritable_in_current_image 0000000180047494     MSVCRT:utility.obj
 0004:000014a0       $pdata$__scrt_release_startup_lock 00000001800474a0     MSVCRT:utility.obj
 0004:000014ac       $pdata$__scrt_uninitialize_crt 00000001800474ac     MSVCRT:utility.obj
 0004:000014b8       $pdata$_onexit             00000001800474b8     MSVCRT:utility.obj
 0004:000014c4       $pdata$atexit              00000001800474c4     MSVCRT:utility.obj
 0004:000014d0       $pdata$__scrt_fastfail     00000001800474d0     MSVCRT:utility_desktop.obj
 0004:000014dc       $pdata$__scrt_get_show_window_mode 00000001800474dc     MSVCRT:utility_desktop.obj
 0004:000014e8       $pdata$__scrt_is_managed_app 00000001800474e8     MSVCRT:utility_desktop.obj
 0004:000014f4       $pdata$__scrt_unhandled_exception_filter 00000001800474f4     MSVCRT:utility_desktop.obj
 0004:00001500       $pdata$_RTC_Initialize     0000000180047500     MSVCRT:initsect.obj
 0004:0000150c       $pdata$_RTC_Terminate      000000018004750c     MSVCRT:initsect.obj
 0004:00001518       $pdata$__isa_available_init 0000000180047518     MSVCRT:cpu_disp.obj
 0004:00001530       $pdata$?fin$0@?0??dllmain_crt_process_attach@@YAHQEAUHINSTANCE__@@QEAX@Z@4HA 0000000180047530     MSVCRT:dll_dllmain.obj
 0004:0000153c       $pdata$?fin$0@?0??dllmain_crt_process_detach@@YAH_N@Z@4HA 000000018004753c     MSVCRT:dll_dllmain.obj
 0004:00001548       $pdata$?filt$0@?0??dllmain_dispatch@@YAHQEAUHINSTANCE__@@KQEAX@Z@4HA 0000000180047548     MSVCRT:dll_dllmain.obj
 0004:00001554       $pdata$__scrt_is_nonwritable_in_current_image$filt$0 0000000180047554     MSVCRT:utility.obj
