 SpeedgoatCANOpen2Buses100us_sfun

 Timestamp is 60f844e0 (Wed Jul 21 19:01:36 2021)

 Preferred load address is 0000000180000000

 Start         Length     Name                   Class
 0001:00000000 0003de20H .text$mn                CODE
 0001:0003de20 00000012H .text$mn$00             CODE
 0001:0003de32 00000081H .text$x                 CODE
 0002:00000000 00000518H .idata$5                DATA
 0002:00000518 00000010H .00cfg                  DATA
 0002:00000528 00000008H .CRT$XCA                DATA
 0002:00000530 00000008H .CRT$XCZ                DATA
 0002:00000538 00000008H .CRT$XIA                DATA
 0002:00000540 00000008H .CRT$XIZ                DATA
 0002:00000548 00000008H .CRT$XPA                DATA
 0002:00000550 00000008H .CRT$XPZ                DATA
 0002:00000558 00000008H .CRT$XTA                DATA
 0002:00000560 00000010H .CRT$XTZ                DATA
 0002:00000568 00000000H .gfids$y                DATA
 0002:00000570 000002f0H .rdata                  DATA
 0002:00000860 00000218H .rdata$zzzdbg           DATA
 0002:00000a78 00000008H .rtc$IAA                DATA
 0002:00000a80 00000008H .rtc$IZZ                DATA
 0002:00000a88 00000008H .rtc$TAA                DATA
 0002:00000a90 00000008H .rtc$TZZ                DATA
 0002:00000a98 00001278H .xdata                  DATA
 0002:00001d10 0000008cH .edata                  DATA
 0002:00001d9c 000000dcH .idata$2                DATA
 0002:00001e78 00000018H .idata$3                DATA
 0002:00001e90 00000518H .idata$4                DATA
 0002:000023a8 00000f8aH .idata$6                DATA
 0003:00000000 00008240H .data                   DATA
 0003:00008240 00000790H .bss                    DATA
 0004:00000000 00001800H .pdata                  DATA

  Address         Publics by Value              Rva+Base               Lib:Object

 0000:00000000       __enclave_config           0000000000000000     <absolute>
 0000:00000000       __guard_fids_table         0000000000000000     <absolute>
 0000:00000000       __guard_iat_count          0000000000000000     <absolute>
 0000:00000000       __dynamic_value_reloc_table 0000000000000000     <absolute>
 0000:00000000       __guard_longjmp_count      0000000000000000     <absolute>
 0000:00000000       __hybrid_code_map_count    0000000000000000     <absolute>
 0000:00000000       ___safe_se_handler_count   0000000000000000     <absolute>
 0000:00000000       __hybrid_code_map          0000000000000000     <absolute>
 0000:00000000       __guard_iat_table          0000000000000000     <absolute>
 0000:00000000       __guard_longjmp_table      0000000000000000     <absolute>
 0000:00000000       __hybrid_auxiliary_iat     0000000000000000     <absolute>
 0000:00000000       __guard_fids_count         0000000000000000     <absolute>
 0000:00000000       __volatile_metadata        0000000000000000     <absolute>
 0000:00000000       ___safe_se_handler_table   0000000000000000     <absolute>
 0000:00000100       __guard_flags              0000000000000100     <absolute>
 0000:00000000       __ImageBase                0000000180000000     <linker-defined>
 0001:00000000       SpeedgoatCANOpen2Buses100us_initializer 0000000180001000 f   SpeedgoatCANOpen2Buses100us_sfun.obj
 0001:00000010       SpeedgoatCANOpen2Buses100us_terminator 0000000180001010 f   SpeedgoatCANOpen2Buses100us_sfun.obj
 0001:00000020       load_SpeedgoatCANOpen2Buses100us_optimization_info 0000000180001020 f   SpeedgoatCANOpen2Buses100us_sfun.obj
 0001:000000d0       unload_SpeedgoatCANOpen2Buses100us_optimization_info 00000001800010d0 f   SpeedgoatCANOpen2Buses100us_sfun.obj
 0001:00000100       sf_SpeedgoatCANOpen2Buses100us_method_dispatcher 0000000180001100 f   SpeedgoatCANOpen2Buses100us_sfun.obj
 0001:000001f0       sf_SpeedgoatCANOpen2Buses100us_process_testpoint_info_call 00000001800011f0 f   SpeedgoatCANOpen2Buses100us_sfun.obj
 0001:000004c0       sf_SpeedgoatCANOpen2Buses100us_process_check_sum_call 00000001800014c0 f   SpeedgoatCANOpen2Buses100us_sfun.obj
 0001:00000a50       sf_SpeedgoatCANOpen2Buses100us_autoinheritance_info 0000000180001a50 f   SpeedgoatCANOpen2Buses100us_sfun.obj
 0001:00000e50       sf_SpeedgoatCANOpen2Buses100us_get_eml_resolved_functions_info 0000000180001e50 f   SpeedgoatCANOpen2Buses100us_sfun.obj
 0001:00001200       sf_SpeedgoatCANOpen2Buses100us_third_party_uses_info 0000000180002200 f   SpeedgoatCANOpen2Buses100us_sfun.obj
 0001:00001520       sf_SpeedgoatCANOpen2Buses100us_jit_fallback_info 0000000180002520 f   SpeedgoatCANOpen2Buses100us_sfun.obj
 0001:00001840       sf_SpeedgoatCANOpen2Buses100us_updateBuildInfo_args_info 0000000180002840 f   SpeedgoatCANOpen2Buses100us_sfun.obj
 0001:00001b60       SpeedgoatCANOpen2Buses100us_debug_initialize 0000000180002b60 f   SpeedgoatCANOpen2Buses100us_sfun.obj
 0001:00001be0       SpeedgoatCANOpen2Buses100us_register_exported_symbols 0000000180002be0 f   SpeedgoatCANOpen2Buses100us_sfun.obj
 0001:00001bf0       sf_c1_SpeedgoatCANOpen2Buses100us_get_eml_resolved_functions_info 0000000180002bf0 f   c1_SpeedgoatCANOpen2Buses100us.obj
 0001:00001c70       sf_c1_SpeedgoatCANOpen2Buses100us_get_check_sum 0000000180002c70 f   c1_SpeedgoatCANOpen2Buses100us.obj
 0001:00001d40       c1_SpeedgoatCANOpen2Buses100us_method_dispatcher 0000000180002d40 f   c1_SpeedgoatCANOpen2Buses100us.obj
 0001:00009a50       sf_c1_SpeedgoatCANOpen2Buses100us_get_post_codegen_info 000000018000aa50 f   c1_SpeedgoatCANOpen2Buses100us.obj
 0001:00009b20       sf_c1_SpeedgoatCANOpen2Buses100us_get_autoinheritance_info 000000018000ab20 f   c1_SpeedgoatCANOpen2Buses100us.obj
 0001:0000a880       sf_c1_SpeedgoatCANOpen2Buses100us_third_party_uses_info 000000018000b880 f   c1_SpeedgoatCANOpen2Buses100us.obj
 0001:0000a8b0       sf_c1_SpeedgoatCANOpen2Buses100us_jit_fallback_info 000000018000b8b0 f   c1_SpeedgoatCANOpen2Buses100us.obj
 0001:0000aa40       sf_c1_SpeedgoatCANOpen2Buses100us_updateBuildInfo_args_info 000000018000ba40 f   c1_SpeedgoatCANOpen2Buses100us.obj
 0001:0000af60       sf_c1_SpeedgoatCANOpen2Buses100us_get_testpoint_info 000000018000bf60 f   c1_SpeedgoatCANOpen2Buses100us.obj
 0001:0000b9a0       sf_c2_SpeedgoatCANOpen2Buses100us_get_eml_resolved_functions_info 000000018000c9a0 f   c2_SpeedgoatCANOpen2Buses100us.obj
 0001:0000ba20       sf_c2_SpeedgoatCANOpen2Buses100us_get_check_sum 000000018000ca20 f   c2_SpeedgoatCANOpen2Buses100us.obj
 0001:0000baf0       c2_SpeedgoatCANOpen2Buses100us_method_dispatcher 000000018000caf0 f   c2_SpeedgoatCANOpen2Buses100us.obj
 0001:00013800       sf_c2_SpeedgoatCANOpen2Buses100us_get_post_codegen_info 0000000180014800 f   c2_SpeedgoatCANOpen2Buses100us.obj
 0001:000138d0       sf_c2_SpeedgoatCANOpen2Buses100us_get_autoinheritance_info 00000001800148d0 f   c2_SpeedgoatCANOpen2Buses100us.obj
 0001:00014630       sf_c2_SpeedgoatCANOpen2Buses100us_third_party_uses_info 0000000180015630 f   c2_SpeedgoatCANOpen2Buses100us.obj
 0001:00014660       sf_c2_SpeedgoatCANOpen2Buses100us_jit_fallback_info 0000000180015660 f   c2_SpeedgoatCANOpen2Buses100us.obj
 0001:000147f0       sf_c2_SpeedgoatCANOpen2Buses100us_updateBuildInfo_args_info 00000001800157f0 f   c2_SpeedgoatCANOpen2Buses100us.obj
 0001:00014d10       sf_c2_SpeedgoatCANOpen2Buses100us_get_testpoint_info 0000000180015d10 f   c2_SpeedgoatCANOpen2Buses100us.obj
 0001:00015750       sf_c3_SpeedgoatCANOpen2Buses100us_get_eml_resolved_functions_info 0000000180016750 f   c3_SpeedgoatCANOpen2Buses100us.obj
 0001:000157d0       sf_c3_SpeedgoatCANOpen2Buses100us_get_check_sum 00000001800167d0 f   c3_SpeedgoatCANOpen2Buses100us.obj
 0001:000158a0       c3_SpeedgoatCANOpen2Buses100us_method_dispatcher 00000001800168a0 f   c3_SpeedgoatCANOpen2Buses100us.obj
 0001:0001d5b0       sf_c3_SpeedgoatCANOpen2Buses100us_get_post_codegen_info 000000018001e5b0 f   c3_SpeedgoatCANOpen2Buses100us.obj
 0001:0001d680       sf_c3_SpeedgoatCANOpen2Buses100us_get_autoinheritance_info 000000018001e680 f   c3_SpeedgoatCANOpen2Buses100us.obj
 0001:0001e3e0       sf_c3_SpeedgoatCANOpen2Buses100us_third_party_uses_info 000000018001f3e0 f   c3_SpeedgoatCANOpen2Buses100us.obj
 0001:0001e410       sf_c3_SpeedgoatCANOpen2Buses100us_jit_fallback_info 000000018001f410 f   c3_SpeedgoatCANOpen2Buses100us.obj
 0001:0001e5a0       sf_c3_SpeedgoatCANOpen2Buses100us_updateBuildInfo_args_info 000000018001f5a0 f   c3_SpeedgoatCANOpen2Buses100us.obj
 0001:0001eac0       sf_c3_SpeedgoatCANOpen2Buses100us_get_testpoint_info 000000018001fac0 f   c3_SpeedgoatCANOpen2Buses100us.obj
 0001:0001f500       sf_c4_SpeedgoatCANOpen2Buses100us_get_eml_resolved_functions_info 0000000180020500 f   c4_SpeedgoatCANOpen2Buses100us.obj
 0001:0001f580       sf_c4_SpeedgoatCANOpen2Buses100us_get_check_sum 0000000180020580 f   c4_SpeedgoatCANOpen2Buses100us.obj
 0001:0001f650       c4_SpeedgoatCANOpen2Buses100us_method_dispatcher 0000000180020650 f   c4_SpeedgoatCANOpen2Buses100us.obj
 0001:00022bf0       sf_c4_SpeedgoatCANOpen2Buses100us_get_post_codegen_info 0000000180023bf0 f   c4_SpeedgoatCANOpen2Buses100us.obj
 0001:00022cc0       sf_c4_SpeedgoatCANOpen2Buses100us_get_autoinheritance_info 0000000180023cc0 f   c4_SpeedgoatCANOpen2Buses100us.obj
 0001:00023120       sf_c4_SpeedgoatCANOpen2Buses100us_third_party_uses_info 0000000180024120 f   c4_SpeedgoatCANOpen2Buses100us.obj
 0001:00023150       sf_c4_SpeedgoatCANOpen2Buses100us_jit_fallback_info 0000000180024150 f   c4_SpeedgoatCANOpen2Buses100us.obj
 0001:000232e0       sf_c4_SpeedgoatCANOpen2Buses100us_updateBuildInfo_args_info 00000001800242e0 f   c4_SpeedgoatCANOpen2Buses100us.obj
 0001:00023800       sf_c4_SpeedgoatCANOpen2Buses100us_get_testpoint_info 0000000180024800 f   c4_SpeedgoatCANOpen2Buses100us.obj
 0001:000241f0       sf_c5_SpeedgoatCANOpen2Buses100us_get_eml_resolved_functions_info 00000001800251f0 f   c5_SpeedgoatCANOpen2Buses100us.obj
 0001:00024270       sf_c5_SpeedgoatCANOpen2Buses100us_get_check_sum 0000000180025270 f   c5_SpeedgoatCANOpen2Buses100us.obj
 0001:00024340       c5_SpeedgoatCANOpen2Buses100us_method_dispatcher 0000000180025340 f   c5_SpeedgoatCANOpen2Buses100us.obj
 0001:00027d60       sf_c5_SpeedgoatCANOpen2Buses100us_get_post_codegen_info 0000000180028d60 f   c5_SpeedgoatCANOpen2Buses100us.obj
 0001:00027e30       sf_c5_SpeedgoatCANOpen2Buses100us_get_autoinheritance_info 0000000180028e30 f   c5_SpeedgoatCANOpen2Buses100us.obj
 0001:000283c0       sf_c5_SpeedgoatCANOpen2Buses100us_third_party_uses_info 00000001800293c0 f   c5_SpeedgoatCANOpen2Buses100us.obj
 0001:000283f0       sf_c5_SpeedgoatCANOpen2Buses100us_jit_fallback_info 00000001800293f0 f   c5_SpeedgoatCANOpen2Buses100us.obj
 0001:00028580       sf_c5_SpeedgoatCANOpen2Buses100us_updateBuildInfo_args_info 0000000180029580 f   c5_SpeedgoatCANOpen2Buses100us.obj
 0001:00028aa0       sf_c5_SpeedgoatCANOpen2Buses100us_get_testpoint_info 0000000180029aa0 f   c5_SpeedgoatCANOpen2Buses100us.obj
 0001:000294e0       sf_c12_SpeedgoatCANOpen2Buses100us_get_eml_resolved_functions_info 000000018002a4e0 f   c12_SpeedgoatCANOpen2Buses100us.obj
 0001:00029560       sf_c12_SpeedgoatCANOpen2Buses100us_get_check_sum 000000018002a560 f   c12_SpeedgoatCANOpen2Buses100us.obj
 0001:00029630       c12_SpeedgoatCANOpen2Buses100us_method_dispatcher 000000018002a630 f   c12_SpeedgoatCANOpen2Buses100us.obj
 0001:00031340       sf_c12_SpeedgoatCANOpen2Buses100us_get_post_codegen_info 0000000180032340 f   c12_SpeedgoatCANOpen2Buses100us.obj
 0001:00031410       sf_c12_SpeedgoatCANOpen2Buses100us_get_autoinheritance_info 0000000180032410 f   c12_SpeedgoatCANOpen2Buses100us.obj
 0001:00032170       sf_c12_SpeedgoatCANOpen2Buses100us_third_party_uses_info 0000000180033170 f   c12_SpeedgoatCANOpen2Buses100us.obj
 0001:000321a0       sf_c12_SpeedgoatCANOpen2Buses100us_jit_fallback_info 00000001800331a0 f   c12_SpeedgoatCANOpen2Buses100us.obj
 0001:00032330       sf_c12_SpeedgoatCANOpen2Buses100us_updateBuildInfo_args_info 0000000180033330 f   c12_SpeedgoatCANOpen2Buses100us.obj
 0001:00032850       sf_c12_SpeedgoatCANOpen2Buses100us_get_testpoint_info 0000000180033850 f   c12_SpeedgoatCANOpen2Buses100us.obj
 0001:00033290       mexFunction                0000000180034290 f   SpeedgoatCANOpen2Buses100us_sfun_registry.obj
 0001:00035850       _ssSetInputPortDirectFeedThroughFcn 0000000180036850 f   SpeedgoatCANOpen2Buses100us_sfun_registry.obj
 0001:000359c0       _ssSetRWorkValueFcn        00000001800369c0 f   SpeedgoatCANOpen2Buses100us_sfun_registry.obj
 0001:00035a40       _ssGetRWorkValueFcn        0000000180036a40 f   SpeedgoatCANOpen2Buses100us_sfun_registry.obj
 0001:00035ab0       _ssSetIWorkValueFcn        0000000180036ab0 f   SpeedgoatCANOpen2Buses100us_sfun_registry.obj
 0001:00035b30       _ssGetIWorkValueFcn        0000000180036b30 f   SpeedgoatCANOpen2Buses100us_sfun_registry.obj
 0001:00035ba0       _ssSetPWorkValueFcn        0000000180036ba0 f   SpeedgoatCANOpen2Buses100us_sfun_registry.obj
 0001:00035c20       _ssGetPWorkValueFcn        0000000180036c20 f   SpeedgoatCANOpen2Buses100us_sfun_registry.obj
 0001:00035c90       _ssGetInputPortSignalFcn   0000000180036c90 f   SpeedgoatCANOpen2Buses100us_sfun_registry.obj
 0001:00036020       _ssGetInputPortBufferDstPortFcn 0000000180037020 f   SpeedgoatCANOpen2Buses100us_sfun_registry.obj
 0001:000360a0       _ssGetInputPortSignalPtrsFcn 00000001800370a0 f   SpeedgoatCANOpen2Buses100us_sfun_registry.obj
 0001:00036430       ssGetParameterTuningCompliance 0000000180037430 f   SpeedgoatCANOpen2Buses100us_sfun_registry.obj
 0001:000364a0       ssGetDTypeIdFromMxArray    00000001800374a0 f   SpeedgoatCANOpen2Buses100us_sfun_registry.obj
 0001:000365c0       ssWriteRTWMx2dMatParam     00000001800375c0 f   SpeedgoatCANOpen2Buses100us_sfun_registry.obj
 0001:00036650       ssWriteRTWMxVectParam      0000000180037650 f   SpeedgoatCANOpen2Buses100us_sfun_registry.obj
 0001:000366d0       ssWriteRTWParameters       00000001800376d0 f   SpeedgoatCANOpen2Buses100us_sfun_registry.obj
 0001:00036c90       ssWriteRTWParamSettings    0000000180037c90 f   SpeedgoatCANOpen2Buses100us_sfun_registry.obj
 0001:00037380       ssWriteRTWStr              0000000180038380 f   SpeedgoatCANOpen2Buses100us_sfun_registry.obj
 0001:000373e0       ssWriteRTWWorkVect         00000001800383e0 f   SpeedgoatCANOpen2Buses100us_sfun_registry.obj
 0001:00037940       ssWarning                  0000000180038940 f   SpeedgoatCANOpen2Buses100us_sfun_registry.obj
 0001:00037a30       ssWriteRTWNameValuePair    0000000180038a30 f   SpeedgoatCANOpen2Buses100us_sfun_registry.obj
 0001:00037f30       _ssSetInputPortMatrixDimensions 0000000180038f30 f   SpeedgoatCANOpen2Buses100us_sfun_registry.obj
 0001:00038050       _ssSetOutputPortMatrixDimensions 0000000180039050 f   SpeedgoatCANOpen2Buses100us_sfun_registry.obj
 0001:00038170       _ssSetInputPortVectorDimension 0000000180039170 f   SpeedgoatCANOpen2Buses100us_sfun_registry.obj
 0001:00038220       _ssSetOutputPortVectorDimension 0000000180039220 f   SpeedgoatCANOpen2Buses100us_sfun_registry.obj
 0001:000382d0       ssIsRunTimeParamTunable    00000001800392d0 f   SpeedgoatCANOpen2Buses100us_sfun_registry.obj
 0001:00038340       ssGetSFuncBlockHandle      0000000180039340 f   SpeedgoatCANOpen2Buses100us_sfun_registry.obj
 0001:000383b0       _ssGetCurrentInputPortWidth 00000001800393b0 f   SpeedgoatCANOpen2Buses100us_sfun_registry.obj
 0001:000384d0       _ssGetCurrentOutputPortWidth 00000001800394d0 f   SpeedgoatCANOpen2Buses100us_sfun_registry.obj
 0001:000385f0       _ssGetCallSystemNumFcnCallDestinations 00000001800395f0 f   SpeedgoatCANOpen2Buses100us_sfun_registry.obj
 0001:00038660       ssGetIsZeroCrossControlDisabled 0000000180039660 f   SpeedgoatCANOpen2Buses100us_sfun_registry.obj
 0001:000386d0       ssSetIsInputPortUsedForContZcSignal 00000001800396d0 f   SpeedgoatCANOpen2Buses100us_sfun_registry.obj
 0001:00038740       ssSetZcSignalIsZcElementDisc 0000000180039740 f   SpeedgoatCANOpen2Buses100us_sfun_registry.obj
 0001:000387f0       ssSetZcSignalName          00000001800397f0 f   SpeedgoatCANOpen2Buses100us_sfun_registry.obj
 0001:00038860       ssSetZcSignalWidth         0000000180039860 f   SpeedgoatCANOpen2Buses100us_sfun_registry.obj
 0001:000388d0       ssSetZcSignalZcEventType   00000001800398d0 f   SpeedgoatCANOpen2Buses100us_sfun_registry.obj
 0001:00038940       ssSetZcSignalType          0000000180039940 f   SpeedgoatCANOpen2Buses100us_sfun_registry.obj
 0001:000389b0       ssSetZcSignalZcTol         00000001800399b0 f   SpeedgoatCANOpen2Buses100us_sfun_registry.obj
 0001:00038a20       ssSetZcSignalNeedsEventNotification 0000000180039a20 f   SpeedgoatCANOpen2Buses100us_sfun_registry.obj
 0001:00038a90       ssCreateAndAddZcSignalInfo 0000000180039a90 f   SpeedgoatCANOpen2Buses100us_sfun_registry.obj
 0001:00038b00       ssCloneAndAddZcSignalInfo  0000000180039b00 f   SpeedgoatCANOpen2Buses100us_sfun_registry.obj
 0001:00038b70       ssGetNumZcSignals          0000000180039b70 f   SpeedgoatCANOpen2Buses100us_sfun_registry.obj
 0001:00038be0       ssGetZcSignalVector        0000000180039be0 f   SpeedgoatCANOpen2Buses100us_sfun_registry.obj
 0001:00038c50       ssGetZcSignalName          0000000180039c50 f   SpeedgoatCANOpen2Buses100us_sfun_registry.obj
 0001:00038cc0       ssGetZcSignalWidth         0000000180039cc0 f   SpeedgoatCANOpen2Buses100us_sfun_registry.obj
 0001:00038d30       ssGetZcSignalZcEventType   0000000180039d30 f   SpeedgoatCANOpen2Buses100us_sfun_registry.obj
 0001:00038da0       ssGetZcSignalZcEvents      0000000180039da0 f   SpeedgoatCANOpen2Buses100us_sfun_registry.obj
 0001:00038e10       ssGetZcSignalType          0000000180039e10 f   SpeedgoatCANOpen2Buses100us_sfun_registry.obj
 0001:00038e80       ssGetZcSignalZcTol         0000000180039e80 f   SpeedgoatCANOpen2Buses100us_sfun_registry.obj
 0001:00038f00       ssGetZcSignalNeedsEventNotification 0000000180039f00 f   SpeedgoatCANOpen2Buses100us_sfun_registry.obj
 0001:00038f70       ssGetZcSignalIsZcElementDisc 0000000180039f70 f   SpeedgoatCANOpen2Buses100us_sfun_registry.obj
 0001:00039010       ssGetIsInputPortElementContinuous 000000018003a010 f   SpeedgoatCANOpen2Buses100us_sfun_registry.obj
 0001:000390b0       _ssGetAbsTol               000000018003a0b0 f   SpeedgoatCANOpen2Buses100us_sfun_registry.obj
 0001:00039120       _ssSetStateAbsTol          000000018003a120 f   SpeedgoatCANOpen2Buses100us_sfun_registry.obj
 0001:00039200       _ssSetInputPortReusableFcn 000000018003a200 f   SpeedgoatCANOpen2Buses100us_sfun_registry.obj
 0001:00039300       _ssSetOutputPortReusableFcn 000000018003a300 f   SpeedgoatCANOpen2Buses100us_sfun_registry.obj
 0001:00039400       _ssSetSymbolicDimsSupport  000000018003a400 f   SpeedgoatCANOpen2Buses100us_sfun_registry.obj
 0001:00039470       _ssRegisterSymbolicDimsExpr 000000018003a470 f   SpeedgoatCANOpen2Buses100us_sfun_registry.obj
 0001:000394f0       _ssRegisterSymbolicDims    000000018003a4f0 f   SpeedgoatCANOpen2Buses100us_sfun_registry.obj
 0001:00039590       _ssRegisterSymbolicDimsString 000000018003a590 f   SpeedgoatCANOpen2Buses100us_sfun_registry.obj
 0001:00039610       _ssRegisterSymbolicDimsIntValue 000000018003a610 f   SpeedgoatCANOpen2Buses100us_sfun_registry.obj
 0001:00039680       _ssRegisterSymbolicDimsPlus 000000018003a680 f   SpeedgoatCANOpen2Buses100us_sfun_registry.obj
 0001:00039700       _ssRegisterSymbolicDimsMinus 000000018003a700 f   SpeedgoatCANOpen2Buses100us_sfun_registry.obj
 0001:00039780       _ssRegisterSymbolicDimsMultiply 000000018003a780 f   SpeedgoatCANOpen2Buses100us_sfun_registry.obj
 0001:00039800       _ssRegisterSymbolicDimsDivide 000000018003a800 f   SpeedgoatCANOpen2Buses100us_sfun_registry.obj
 0001:00039880       _ssGetNumSymbolicDims      000000018003a880 f   SpeedgoatCANOpen2Buses100us_sfun_registry.obj
 0001:000398f0       _ssGetSymbolicDim          000000018003a8f0 f   SpeedgoatCANOpen2Buses100us_sfun_registry.obj
 0001:00039970       _ssSetInputPortSymbolicDimsId 000000018003a970 f   SpeedgoatCANOpen2Buses100us_sfun_registry.obj
 0001:000399e0       _ssGetCompInputPortSymbolicDimsId 000000018003a9e0 f   SpeedgoatCANOpen2Buses100us_sfun_registry.obj
 0001:00039a50       _ssSetCompInputPortSymbolicDimsId 000000018003aa50 f   SpeedgoatCANOpen2Buses100us_sfun_registry.obj
 0001:00039ac0       _ssSetOutputPortSymbolicDimsId 000000018003aac0 f   SpeedgoatCANOpen2Buses100us_sfun_registry.obj
 0001:00039b30       _ssGetCompOutputPortSymbolicDimsId 000000018003ab30 f   SpeedgoatCANOpen2Buses100us_sfun_registry.obj
 0001:00039ba0       _ssSetCompOutputPortSymbolicDimsId 000000018003aba0 f   SpeedgoatCANOpen2Buses100us_sfun_registry.obj
 0001:00039c10       _ssSetCompDWorkSymbolicDimsId 000000018003ac10 f   SpeedgoatCANOpen2Buses100us_sfun_registry.obj
 0001:00039c80       sf_process_check_sum_call  000000018003ac80 f   SpeedgoatCANOpen2Buses100us_sfun_registry.obj
 0001:00039cd0       sf_process_testpoint_info_call 000000018003acd0 f   SpeedgoatCANOpen2Buses100us_sfun_registry.obj
 0001:00039d20       sf_process_autoinheritance_call 000000018003ad20 f   SpeedgoatCANOpen2Buses100us_sfun_registry.obj
 0001:00039f50       sf_process_get_third_party_uses_info_call 000000018003af50 f   SpeedgoatCANOpen2Buses100us_sfun_registry.obj
 0001:0003a180       sf_process_get_jit_fallback_info_call 000000018003b180 f   SpeedgoatCANOpen2Buses100us_sfun_registry.obj
 0001:0003a3b0       sf_process_get_updateBuildInfo_args_info_call 000000018003b3b0 f   SpeedgoatCANOpen2Buses100us_sfun_registry.obj
 0001:0003a5e0       sf_process_get_eml_resolved_functions_info_call 000000018003b5e0 f   SpeedgoatCANOpen2Buses100us_sfun_registry.obj
 0001:0003a810       sf_mex_unlock_call         000000018003b810 f   SpeedgoatCANOpen2Buses100us_sfun_registry.obj
 0001:0003aad0       sf_machine_global_initializer_called 000000018003bad0 f   SpeedgoatCANOpen2Buses100us_sfun_registry.obj
 0001:0003ab00       sf_machine_global_method_dispatcher 000000018003bb00 f   SpeedgoatCANOpen2Buses100us_sfun_registry.obj
 0001:0003ab60       sf_machine_global_terminator 000000018003bb60 f   SpeedgoatCANOpen2Buses100us_sfun_registry.obj
 0001:0003abc0       sf_register_machine_exported_symbols 000000018003bbc0 f   SpeedgoatCANOpen2Buses100us_sfun_registry.obj
 0001:0003abe0       callCustomFcn              000000018003bbe0 f   SpeedgoatCANOpen2Buses100us_sfun_registry.obj
 0001:0003abf0       sf_machine_global_initializer 000000018003bbf0 f   SpeedgoatCANOpen2Buses100us_sfun_registry.obj
 0001:0003ac70       mdlGetSimState             000000018003bc70 f   SpeedgoatCANOpen2Buses100us_sfun_registry.obj
 0001:0003acb0       mdlSetSimState             000000018003bcb0 f   SpeedgoatCANOpen2Buses100us_sfun_registry.obj
 0001:0003b520       ProcessMexSfunctionEveryCall 000000018003c520 f   SpeedgoatCANOpen2Buses100us_sfun_registry.obj
 0001:0003c630       __local_stdio_printf_options 000000018003d630 f i SpeedgoatCANOpen2Buses100us_sfun_registry.obj
 0001:0003c640       _vsnprintf_l               000000018003d640 f i SpeedgoatCANOpen2Buses100us_sfun_registry.obj
 0001:0003c6c0       _vsprintf_l                000000018003d6c0 f i SpeedgoatCANOpen2Buses100us_sfun_registry.obj
 0001:0003c710       sprintf                    000000018003d710 f i SpeedgoatCANOpen2Buses100us_sfun_registry.obj
 0001:0003c760       mexfilerequiredapiversion  000000018003d760 f   c_mexapi_version.obj
 0001:0003c781       sf_load_rtw_optimization_info 000000018003d781 f   sf_runtime:sf_runtime.dll
 0001:0003c787       sf_debug_initialize_machine 000000018003d787 f   sf_runtime:sf_runtime.dll
 0001:0003c78d       sf_debug_set_machine_event_thresholds 000000018003d78d f   sf_runtime:sf_runtime.dll
 0001:0003c793       sf_debug_set_machine_data_thresholds 000000018003d793 f   sf_runtime:sf_runtime.dll
 0001:0003c799       sf_init_ChartRunTimeInfo   000000018003d799 f   sf_runtime:sf_runtime.dll
 0001:0003c79f       sf_free_ChartRunTimeInfo   000000018003d79f f   sf_runtime:sf_runtime.dll
 0001:0003c7a5       sfrtGetEmlrtCtx            000000018003d7a5 f   sf_runtime:sf_runtime.dll
 0001:0003c7ab       sf_get_chart_instance_ptr  000000018003d7ab f   sf_runtime:sf_runtime.dll
 0001:0003c7b1       sf_rtw_info_uint_prop      000000018003d7b1 f   sf_runtime:sf_runtime.dll
 0001:0003c7b7       sf_update_buildInfo        000000018003d7b7 f   sf_runtime:sf_runtime.dll
 0001:0003c7bd       sf_is_chart_inlinable      000000018003d7bd f   sf_runtime:sf_runtime.dll
 0001:0003c7c3       sf_mark_chart_reusable_outputs 000000018003d7c3 f   sf_runtime:sf_runtime.dll
 0001:0003c7c9       sf_mark_chart_expressionable_inputs 000000018003d7c9 f   sf_runtime:sf_runtime.dll
 0001:0003c7cf       sim_mode_is_rtw_gen        000000018003d7cf f   sf_runtime:sf_runtime.dll
 0001:0003c7d5       sim_mode_is_external       000000018003d7d5 f   sf_runtime:sf_runtime.dll
 0001:0003c7db       sim_mode_is_modelref_sim   000000018003d7db f   sf_runtime:sf_runtime.dll
 0001:0003c7e1       sf_clear_rtw_identifier    000000018003d7e1 f   sf_runtime:sf_runtime.dll
 0001:0003c7e7       sf_set_rtw_dwork_info      000000018003d7e7 f   sf_runtime:sf_runtime.dll
 0001:0003c7ed       sf_get_dwork_info_from_mat_file 000000018003d7ed f   sf_runtime:sf_runtime.dll
 0001:0003c7f3       sf_set_encoded_dwork_info  000000018003d7f3 f   sf_runtime:sf_runtime.dll
 0001:0003c7f9       sf_get_time                000000018003d7f9 f   sf_runtime:sf_runtime.dll
 0001:0003c7ff       sf_is_first_init_cond      000000018003d7ff f   sf_runtime:sf_runtime.dll
 0001:0003c805       setLegacyDebuggerFlagForRuntime 000000018003d805 f   sf_runtime:sf_runtime.dll
 0001:0003c80b       sf_set_chart_accesses_machine_info 000000018003d80b f   sf_runtime:sf_runtime.dll
 0001:0003c811       sf_register_codegen_names_for_scoped_functions_defined_by_chart 000000018003d811 f   sf_runtime:sf_runtime.dll
 0001:0003c817       ssSetBlockIsPurelyCombinatorial_wrapper 000000018003d817 f   sf_runtime:sf_runtime.dll
 0001:0003c81d       sf_mex_error_message       000000018003d81d f   sf_runtime:sf_runtime.dll
 0001:0003c823       sf_mex_create              000000018003d823 f   sf_runtime:sf_runtime.dll
 0001:0003c829       sf_mex_createcellmatrix    000000018003d829 f   sf_runtime:sf_runtime.dll
 0001:0003c82f       sf_mex_setcell             000000018003d82f f   sf_runtime:sf_runtime.dll
 0001:0003c835       sf_mex_getcell             000000018003d835 f   sf_runtime:sf_runtime.dll
 0001:0003c83b       sf_mex_assign              000000018003d83b f   sf_runtime:sf_runtime.dll
 0001:0003c841       sf_mex_dup                 000000018003d841 f   sf_runtime:sf_runtime.dll
 0001:0003c847       sf_mex_destroy             000000018003d847 f   sf_runtime:sf_runtime.dll
 0001:0003c84d       sf_mex_import              000000018003d84d f   sf_runtime:sf_runtime.dll
 0001:0003c853       sf_mex_decode_encoded_mx_struct_array 000000018003d853 f   sf_runtime:sf_runtime.dll
 0001:0003c859       sf_mex_duplicatearraysafe  000000018003d859 f   sf_runtime:sf_runtime.dll
 0001:0003c85f       ssGetDWork_wrapper         000000018003d85f f   sf_runtime:sf_runtime.dll
 0001:0003c865       ssGetInputPortSignal_wrapper 000000018003d865 f   sf_runtime:sf_runtime.dll
 0001:0003c86b       ssGetOutputPortSignal_wrapper 000000018003d86b f   sf_runtime:sf_runtime.dll
 0001:0003c871       sf_read_before_write_error 000000018003d871 f   sf_runtime:sf_runtime.dll
 0001:0003c877       sf_debug_initialize_chart  000000018003d877 f   sf_runtime:sf_runtime.dll
 0001:0003c87d       sf_debug_call              000000018003d87d f   sf_runtime:sf_runtime.dll
 0001:0003c883       cv_eval_point              000000018003d883 f   sf_runtime:sf_runtime.dll
 0001:0003c889       cv_eml_eval                000000018003d889 f   sf_runtime:sf_runtime.dll
 0001:0003c88f       cv_eval_relational         000000018003d88f f   sf_runtime:sf_runtime.dll
 0001:0003c895       cv_eml_init_script         000000018003d895 f   sf_runtime:sf_runtime.dll
 0001:0003c89b       cv_eml_init_if             000000018003d89b f   sf_runtime:sf_runtime.dll
 0001:0003c8a1       cv_eml_init_mcdc           000000018003d8a1 f   sf_runtime:sf_runtime.dll
 0001:0003c8a7       cv_eml_init_relational     000000018003d8a7 f   sf_runtime:sf_runtime.dll
 0001:0003c8ad       sf_debug_reset_current_state_configuration 000000018003d8ad f   sf_runtime:sf_runtime.dll
 0001:0003c8b3       sf_debug_set_honor_breakpoints 000000018003d8b3 f   sf_runtime:sf_runtime.dll
 0001:0003c8b9       sf_debug_get_animation     000000018003d8b9 f   sf_runtime:sf_runtime.dll
 0001:0003c8bf       sf_debug_set_animation     000000018003d8bf f   sf_runtime:sf_runtime.dll
 0001:0003c8c5       sf_debug_animate           000000018003d8c5 f   sf_runtime:sf_runtime.dll
 0001:0003c8cb       sf_debug_set_chart_data_props 000000018003d8cb f   sf_runtime:sf_runtime.dll
 0001:0003c8d1       sf_debug_set_chart_data_compiled_props 000000018003d8d1 f   sf_runtime:sf_runtime.dll
 0001:0003c8d7       sf_debug_symbol_scope_push 000000018003d8d7 f   sf_runtime:sf_runtime.dll
 0001:0003c8dd       sf_debug_symbol_scope_push_eml 000000018003d8dd f   sf_runtime:sf_runtime.dll
 0001:0003c8e3       sf_debug_symbol_scope_pop  000000018003d8e3 f   sf_runtime:sf_runtime.dll
 0001:0003c8e9       sf_debug_symbol_scope_add_eml_importable 000000018003d8e9 f   sf_runtime:sf_runtime.dll
 0001:0003c8ef       sf_debug_set_instance_data_value_ptr 000000018003d8ef f   sf_runtime:sf_runtime.dll
 0001:0003c8f5       sf_debug_set_chart_disable_implicit_casting 000000018003d8f5 f   sf_runtime:sf_runtime.dll
 0001:0003c8fb       sf_debug_set_chart_event_thresholds 000000018003d8fb f   sf_runtime:sf_runtime.dll
 0001:0003c901       sf_debug_set_chart_state_info 000000018003d901 f   sf_runtime:sf_runtime.dll
 0001:0003c907       sf_debug_set_chart_decomposition 000000018003d907 f   sf_runtime:sf_runtime.dll
 0001:0003c90d       sf_debug_set_chart_substate_count 000000018003d90d f   sf_runtime:sf_runtime.dll
 0001:0003c913       sf_debug_set_chart_substate_index 000000018003d913 f   sf_runtime:sf_runtime.dll
 0001:0003c919       sf_debug_set_chart_state_substate_count 000000018003d919 f   sf_runtime:sf_runtime.dll
 0001:0003c91f       sf_debug_data_range_wrapper 000000018003d91f f   sf_runtime:sf_runtime.dll
 0001:0003c925       sf_debug_cv_init_trans     000000018003d925 f   sf_runtime:sf_runtime.dll
 0001:0003c92b       sf_debug_cv_init_chart     000000018003d92b f   sf_runtime:sf_runtime.dll
 0001:0003c931       sf_debug_cv_init_state     000000018003d931 f   sf_runtime:sf_runtime.dll
 0001:0003c937       sf_mex_sub                 000000018003d937 f   sf_runtime:sf_runtime.dll
 0001:0003c93d       sf_get_ChartInfoStruct_CodeGen 000000018003d93d f   sf_runtime:sf_runtime.dll
 0001:0003c943       sf_get_hasSeparateUpdateOutputs 000000018003d943 f   sf_runtime:sf_runtime.dll
 0001:0003c949       callMdlMethodAndReportError 000000018003d949 f   sf_runtime:sf_runtime.dll
 0001:0003c94f       call_sf_machine_global_method_dispatcher 000000018003d94f f   sf_runtime:sf_runtime.dll
 0001:0003c955       getRuntimeInstanceInfoAsVoid 000000018003d955 f   sf_runtime:sf_runtime.dll
 0001:0003c95b       sf_mex_error_direct_call   000000018003d95b f   sf_runtime:sf_runtime.dll
 0001:0003c961       sf_clear_error_manager_info 000000018003d961 f   sf_runtime:sf_runtime.dll
 0001:0003c967       sf_debug_create_debug_instance_struct 000000018003d967 f   sf_runtime:sf_runtime.dll
 0001:0003c96d       sf_debug_terminate         000000018003d96d f   sf_runtime:sf_runtime.dll
 0001:0003c973       sf_debug_api               000000018003d973 f   sf_runtime:sf_runtime.dll
 0001:0003c979       mxIsChar                   000000018003d979 f   libmx:libmx.dll
 0001:0003c97f       mxGetScalar                000000018003d97f f   libmx:libmx.dll
 0001:0003c985       mxGetPr                    000000018003d985 f   libmx:libmx.dll
 0001:0003c98b       mxDestroyArray             000000018003d98b f   libmx:libmx.dll
 0001:0003c991       mxCreateDoubleMatrix_730   000000018003d991 f   libmx:libmx.dll
 0001:0003c997       mxGetString_730            000000018003d997 f   libmx:libmx.dll
 0001:0003c99d       mxDuplicateArray           000000018003d99d f   libmx:libmx.dll
 0001:0003c9a3       mxSetField_730             000000018003d9a3 f   libmx:libmx.dll
 0001:0003c9a9       mxCreateDoubleScalar       000000018003d9a9 f   libmx:libmx.dll
 0001:0003c9af       mxCreateString             000000018003d9af f   libmx:libmx.dll
 0001:0003c9b5       mxCreateCellMatrix_730     000000018003d9b5 f   libmx:libmx.dll
 0001:0003c9bb       mxCreateCellArray_730      000000018003d9bb f   libmx:libmx.dll
 0001:0003c9c1       mxCreateStructMatrix_730   000000018003d9c1 f   libmx:libmx.dll
 0001:0003c9c7       mxCreateStructArray_730    000000018003d9c7 f   libmx:libmx.dll
 0001:0003c9cd       mxCalloc                   000000018003d9cd f   libmx:libmx.dll
 0001:0003c9d3       mxGetM                     000000018003d9d3 f   libmx:libmx.dll
 0001:0003c9d9       mxGetClassID               000000018003d9d9 f   libmx:libmx.dll
 0001:0003c9df       mxIsNumeric                000000018003d9df f   libmx:libmx.dll
 0001:0003c9e5       mxIsComplex                000000018003d9e5 f   libmx:libmx.dll
 0001:0003c9eb       mxGetN                     000000018003d9eb f   libmx:libmx.dll
 0001:0003c9f1       mexMakeArrayPersistent     000000018003d9f1 f   libmex:libmex.dll
 0001:0003c9f7       mexErrMsgTxt               000000018003d9f7 f   libmex:libmex.dll
 0001:0003c9fd       mexWarnMsgTxt              000000018003d9fd f   libmex:libmex.dll
 0001:0003ca03       mexCallMATLABWithObject    000000018003da03 f   libmex:libmex.dll
 0001:0003ca09       mexLock                    000000018003da09 f   libmex:libmex.dll
 0001:0003ca0f       mexUnlock                  000000018003da0f f   libmex:libmex.dll
 0001:0003ca15       mexIsLocked                000000018003da15 f   libmex:libmex.dll
 0001:0003ca1b       utMalloc                   000000018003da1b f   libut:libut.dll
 0001:0003ca21       utFree                     000000018003da21 f   libut:libut.dll
 0001:0003ca27       slcovUploadCoverageSynthesisById 000000018003da27 f   libmwsl_sfcn_cov_bridge:libmwsl_sfcn_cov_bridge.dll
 0001:0003ca30       __raise_securityfailure    000000018003da30 f   MSVCRT:gs_report.obj
 0001:0003ca64       __report_gsfailure         000000018003da64 f   MSVCRT:gs_report.obj
 0001:0003cb38       __report_rangecheckfailure 000000018003db38 f   MSVCRT:gs_report.obj
 0001:0003cb4c       __report_securityfailure   000000018003db4c f   MSVCRT:gs_report.obj
 0001:0003cbe8       __report_securityfailureEx 000000018003dbe8 f   MSVCRT:gs_report.obj
 0001:0003cddc       __GSHandlerCheck           000000018003dddc f   MSVCRT:gshandler.obj
 0001:0003cdfc       __GSHandlerCheckCommon     000000018003ddfc f   MSVCRT:gshandler.obj
 0001:0003ce70       __security_check_cookie    000000018003de70 f   MSVCRT:amdsecgs.obj
 0001:0003d1e0       _CRT_INIT                  000000018003e1e0 f   MSVCRT:dll_dllmain.obj
 0001:0003d1e8       _DllMainCRTStartup         000000018003e1e8 f   MSVCRT:dll_dllmain.obj
 0001:0003d294       __security_init_cookie     000000018003e294 f   MSVCRT:gs_support.obj
 0001:0003d340       DllMain                    000000018003e340 f   MSVCRT:dll_dllmain_stub.obj
 0001:0003d364       ?__scrt_initialize_type_info@@YAXXZ 000000018003e364 f   MSVCRT:tncleanup.obj
 0001:0003d374       ?__scrt_uninitialize_type_info@@YAXXZ 000000018003e374 f   MSVCRT:tncleanup.obj
 0001:0003d380       __local_stdio_scanf_options 000000018003e380 f i MSVCRT:default_local_stdio_options.obj
 0001:0003d388       __scrt_initialize_default_local_stdio_options 000000018003e388 f   MSVCRT:default_local_stdio_options.obj
 0001:0003d3a4       ??$__crt_fast_decode_pointer@PEAP6AXXZ@@YAPEAP6AXXZQEAP6AXXZ@Z 000000018003e3a4 f i MSVCRT:utility.obj
 0001:0003d3bc       ??$__crt_fast_encode_pointer@PEAP6AXXZ@@YAPEAP6AXXZQEAP6AXXZ@Z 000000018003e3bc f i MSVCRT:utility.obj
 0001:0003d3dc       ?__crt_rotate_pointer_value@@YA_K_KH@Z 000000018003e3dc f i MSVCRT:utility.obj
 0001:0003d3e8       ?configure_argv@__scrt_narrow_argv_policy@@SAHXZ 000000018003e3e8 f i MSVCRT:utility.obj
 0001:0003d448       ?initialize_environment@__scrt_narrow_environment_policy@@SAHXZ 000000018003e448 f i MSVCRT:utility.obj
 0001:0003d480       NtCurrentTeb               000000018003e480 f i MSVCRT:utility.obj
 0001:0003d48c       __scrt_acquire_startup_lock 000000018003e48c f   MSVCRT:utility.obj
 0001:0003d4c8       __scrt_dllmain_after_initialize_c 000000018003e4c8 f   MSVCRT:utility.obj
 0001:0003d4fc       __scrt_dllmain_before_initialize_c 000000018003e4fc f   MSVCRT:utility.obj
 0001:0003d514       __scrt_dllmain_crt_thread_attach 000000018003e514 f   MSVCRT:utility.obj
 0001:0003d53c       __scrt_dllmain_crt_thread_detach 000000018003e53c f   MSVCRT:utility.obj
 0001:0003d554       __scrt_dllmain_exception_filter 000000018003e554 f   MSVCRT:utility.obj
 0001:0003d5b4       __scrt_dllmain_uninitialize_c 000000018003e5b4 f   MSVCRT:utility.obj
 0001:0003d5e4       __scrt_dllmain_uninitialize_critical 000000018003e5e4 f   MSVCRT:utility.obj
 0001:0003d5f8       __scrt_initialize_crt      000000018003e5f8 f   MSVCRT:utility.obj
 0001:0003d644       __scrt_initialize_onexit_tables 000000018003e644 f   MSVCRT:utility.obj
 0001:0003d71c       __scrt_is_nonwritable_in_current_image 000000018003e71c f   MSVCRT:utility.obj
 0001:0003d7b8       __scrt_release_startup_lock 000000018003e7b8 f   MSVCRT:utility.obj
 0001:0003d7dc       __scrt_uninitialize_crt    000000018003e7dc f   MSVCRT:utility.obj
 0001:0003d808       _onexit                    000000018003e808 f   MSVCRT:utility.obj
 0001:0003d858       at_quick_exit              000000018003e858 f   MSVCRT:utility.obj
 0001:0003d890       atexit                     000000018003e890 f   MSVCRT:utility.obj
 0001:0003d8a8       __scrt_get_dyn_tls_init_callback 000000018003e8a8 f   MSVCRT:dyn_tls_init.obj
 0001:0003d8b0       __crt_debugger_hook        000000018003e8b0 f   MSVCRT:utility_desktop.obj
 0001:0003d8b8       __scrt_fastfail            000000018003e8b8 f   MSVCRT:utility_desktop.obj
 0001:0003da04       __scrt_get_show_window_mode 000000018003ea04 f   MSVCRT:utility_desktop.obj
 0001:0003da40       __scrt_initialize_mta      000000018003ea40 f   MSVCRT:utility_desktop.obj
 0001:0003da48       __scrt_initialize_winrt    000000018003ea48 f   MSVCRT:utility_desktop.obj
 0001:0003da4c       __scrt_is_managed_app      000000018003ea4c f   MSVCRT:utility_desktop.obj
 0001:0003daa0       __scrt_set_unhandled_exception_filter 000000018003eaa0 f   MSVCRT:utility_desktop.obj
 0001:0003dab0       __scrt_stub_for_initialize_mta 000000018003eab0 f   MSVCRT:utility_desktop.obj
 0001:0003dab0       __scrt_exe_initialize_mta  000000018003eab0 f   MSVCRT:utility_desktop.obj
 0001:0003dab4       __scrt_unhandled_exception_filter 000000018003eab4 f   MSVCRT:utility_desktop.obj
 0001:0003daec       _RTC_Initialize            000000018003eaec f   MSVCRT:initsect.obj
 0001:0003db28       _RTC_Terminate             000000018003eb28 f   MSVCRT:initsect.obj
 0001:0003db64       _guard_check_icall_nop     000000018003eb64 f i MSVCRT:guard_support.obj
 0001:0003db68       ReadNoFence64              000000018003eb68 f i MSVCRT:guard_support.obj
 0001:0003db6c       ReadPointerNoFence         000000018003eb6c f i MSVCRT:guard_support.obj
 0001:0003db70       _guard_icall_checks_enforced 000000018003eb70 f i MSVCRT:guard_support.obj
 0001:0003db88       _guard_rf_checks_enforced  000000018003eb88 f i MSVCRT:guard_support.obj
 0001:0003db8c       __isa_available_init       000000018003eb8c f   MSVCRT:cpu_disp.obj
 0001:0003dd08       _get_startup_argv_mode     000000018003ed08 f   MSVCRT:argv_mode.obj
 0001:0003dd10       __scrt_is_ucrt_dll_in_use  000000018003ed10 f   MSVCRT:ucrt_detection.obj
 0001:0003dd20       RtlCaptureContext          000000018003ed20 f   kernel32:KERNEL32.dll
 0001:0003dd26       RtlLookupFunctionEntry     000000018003ed26 f   kernel32:KERNEL32.dll
 0001:0003dd2c       RtlVirtualUnwind           000000018003ed2c f   kernel32:KERNEL32.dll
 0001:0003dd32       UnhandledExceptionFilter   000000018003ed32 f   kernel32:KERNEL32.dll
 0001:0003dd38       SetUnhandledExceptionFilter 000000018003ed38 f   kernel32:KERNEL32.dll
 0001:0003dd3e       GetCurrentProcess          000000018003ed3e f   kernel32:KERNEL32.dll
 0001:0003dd44       TerminateProcess           000000018003ed44 f   kernel32:KERNEL32.dll
 0001:0003dd4a       IsProcessorFeaturePresent  000000018003ed4a f   kernel32:KERNEL32.dll
 0001:0003dd50       QueryPerformanceCounter    000000018003ed50 f   kernel32:KERNEL32.dll
 0001:0003dd56       GetCurrentProcessId        000000018003ed56 f   kernel32:KERNEL32.dll
 0001:0003dd5c       GetCurrentThreadId         000000018003ed5c f   kernel32:KERNEL32.dll
 0001:0003dd62       GetSystemTimeAsFileTime    000000018003ed62 f   kernel32:KERNEL32.dll
 0001:0003dd68       DisableThreadLibraryCalls  000000018003ed68 f   kernel32:KERNEL32.dll
 0001:0003dd6e       InitializeSListHead        000000018003ed6e f   kernel32:KERNEL32.dll
 0001:0003dd74       IsDebuggerPresent          000000018003ed74 f   kernel32:KERNEL32.dll
 0001:0003dd7a       GetStartupInfoW            000000018003ed7a f   kernel32:KERNEL32.dll
 0001:0003dd80       GetModuleHandleW           000000018003ed80 f   kernel32:KERNEL32.dll
 0001:0003dd86       memset                     000000018003ed86 f   vcruntime:VCRUNTIME140.dll
 0001:0003dd8c       memcpy                     000000018003ed8c f   vcruntime:VCRUNTIME140.dll
 0001:0003dd92       __C_specific_handler       000000018003ed92 f   vcruntime:VCRUNTIME140.dll
 0001:0003dd98       __std_type_info_destroy_list 000000018003ed98 f   vcruntime:VCRUNTIME140.dll
 0001:0003dd9e       strcmp                     000000018003ed9e f   ucrt:api-ms-win-crt-string-l1-1-0.dll
 0001:0003dda4       __stdio_common_vsprintf    000000018003eda4 f   ucrt:api-ms-win-crt-stdio-l1-1-0.dll
 0001:0003ddaa       free                       000000018003edaa f   ucrt:api-ms-win-crt-heap-l1-1-0.dll
 0001:0003ddb0       malloc                     000000018003edb0 f   ucrt:api-ms-win-crt-heap-l1-1-0.dll
 0001:0003ddb6       strlen                     000000018003edb6 f   ucrt:api-ms-win-crt-string-l1-1-0.dll
 0001:0003ddbc       _initterm                  000000018003edbc f   ucrt:api-ms-win-crt-runtime-l1-1-0.dll
 0001:0003ddc2       _initterm_e                000000018003edc2 f   ucrt:api-ms-win-crt-runtime-l1-1-0.dll
 0001:0003ddc8       _seh_filter_dll            000000018003edc8 f   ucrt:api-ms-win-crt-runtime-l1-1-0.dll
 0001:0003ddce       _configure_narrow_argv     000000018003edce f   ucrt:api-ms-win-crt-runtime-l1-1-0.dll
 0001:0003ddd4       _initialize_narrow_environment 000000018003edd4 f   ucrt:api-ms-win-crt-runtime-l1-1-0.dll
 0001:0003ddda       _initialize_onexit_table   000000018003edda f   ucrt:api-ms-win-crt-runtime-l1-1-0.dll
 0001:0003dde0       _register_onexit_function  000000018003ede0 f   ucrt:api-ms-win-crt-runtime-l1-1-0.dll
 0001:0003dde6       _execute_onexit_table      000000018003ede6 f   ucrt:api-ms-win-crt-runtime-l1-1-0.dll
 0001:0003ddec       _crt_atexit                000000018003edec f   ucrt:api-ms-win-crt-runtime-l1-1-0.dll
 0001:0003ddf2       _crt_at_quick_exit         000000018003edf2 f   ucrt:api-ms-win-crt-runtime-l1-1-0.dll
 0001:0003ddf8       _cexit                     000000018003edf8 f   ucrt:api-ms-win-crt-runtime-l1-1-0.dll
 0001:0003ddfe       terminate                  000000018003edfe f   ucrt:api-ms-win-crt-runtime-l1-1-0.dll
 0001:0003de04       __scrt_stub_for_acrt_initialize 000000018003ee04 f   MSVCRT:ucrt_stubs.obj
 0001:0003de04       __acrt_initialize          000000018003ee04 f   MSVCRT:ucrt_stubs.obj
 0001:0003de04       __vcrt_initialize          000000018003ee04 f   MSVCRT:ucrt_stubs.obj
 0001:0003de08       __acrt_thread_attach       000000018003ee08 f   MSVCRT:ucrt_stubs.obj
 0001:0003de08       __scrt_stub_for_acrt_thread_attach 000000018003ee08 f   MSVCRT:ucrt_stubs.obj
 0001:0003de08       __vcrt_thread_attach       000000018003ee08 f   MSVCRT:ucrt_stubs.obj
 0001:0003de0c       __scrt_stub_for_acrt_thread_detach 000000018003ee0c f   MSVCRT:ucrt_stubs.obj
 0001:0003de0c       __vcrt_thread_detach       000000018003ee0c f   MSVCRT:ucrt_stubs.obj
 0001:0003de0c       __acrt_thread_detach       000000018003ee0c f   MSVCRT:ucrt_stubs.obj
 0001:0003de10       __acrt_uninitialize        000000018003ee10 f   MSVCRT:ucrt_stubs.obj
 0001:0003de10       __vcrt_uninitialize        000000018003ee10 f   MSVCRT:ucrt_stubs.obj
 0001:0003de10       __scrt_stub_for_acrt_uninitialize 000000018003ee10 f   MSVCRT:ucrt_stubs.obj
 0001:0003de14       __acrt_uninitialize_critical 000000018003ee14 f   MSVCRT:ucrt_stubs.obj
 0001:0003de14       __scrt_stub_for_acrt_uninitialize_critical 000000018003ee14 f   MSVCRT:ucrt_stubs.obj
 0001:0003de14       __vcrt_uninitialize_critical 000000018003ee14 f   MSVCRT:ucrt_stubs.obj
 0001:0003de18       _is_c_termination_complete 000000018003ee18 f   MSVCRT:ucrt_stubs.obj
 0001:0003de18       __scrt_stub_for_is_c_termination_complete 000000018003ee18 f   MSVCRT:ucrt_stubs.obj
 0001:0003de30       _guard_dispatch_icall_nop  000000018003ee30 f   MSVCRT:guard_dispatch.obj
 0002:00000000       __imp_InitializeSListHead  000000018003f000     kernel32:KERNEL32.dll
 0002:00000008       __imp_RtlCaptureContext    000000018003f008     kernel32:KERNEL32.dll
 0002:00000010       __imp_RtlLookupFunctionEntry 000000018003f010     kernel32:KERNEL32.dll
 0002:00000018       __imp_RtlVirtualUnwind     000000018003f018     kernel32:KERNEL32.dll
 0002:00000020       __imp_UnhandledExceptionFilter 000000018003f020     kernel32:KERNEL32.dll
 0002:00000028       __imp_SetUnhandledExceptionFilter 000000018003f028     kernel32:KERNEL32.dll
 0002:00000030       __imp_GetCurrentProcess    000000018003f030     kernel32:KERNEL32.dll
 0002:00000038       __imp_TerminateProcess     000000018003f038     kernel32:KERNEL32.dll
 0002:00000040       __imp_IsProcessorFeaturePresent 000000018003f040     kernel32:KERNEL32.dll
 0002:00000048       __imp_QueryPerformanceCounter 000000018003f048     kernel32:KERNEL32.dll
 0002:00000050       __imp_GetCurrentProcessId  000000018003f050     kernel32:KERNEL32.dll
 0002:00000058       __imp_GetCurrentThreadId   000000018003f058     kernel32:KERNEL32.dll
 0002:00000060       __imp_GetSystemTimeAsFileTime 000000018003f060     kernel32:KERNEL32.dll
 0002:00000068       __imp_GetModuleHandleW     000000018003f068     kernel32:KERNEL32.dll
 0002:00000070       __imp_IsDebuggerPresent    000000018003f070     kernel32:KERNEL32.dll
 0002:00000078       __imp_DisableThreadLibraryCalls 000000018003f078     kernel32:KERNEL32.dll
 0002:00000080       __imp_GetStartupInfoW      000000018003f080     kernel32:KERNEL32.dll
 0002:00000088       \177KERNEL32_NULL_THUNK_DATA 000000018003f088     kernel32:KERNEL32.dll
 0002:00000090       __imp_memcpy               000000018003f090     vcruntime:VCRUNTIME140.dll
 0002:00000098       __imp_memset               000000018003f098     vcruntime:VCRUNTIME140.dll
 0002:000000a0       __imp___C_specific_handler 000000018003f0a0     vcruntime:VCRUNTIME140.dll
 0002:000000a8       __imp___std_type_info_destroy_list 000000018003f0a8     vcruntime:VCRUNTIME140.dll
 0002:000000b0       \177VCRUNTIME140_NULL_THUNK_DATA 000000018003f0b0     vcruntime:VCRUNTIME140.dll
 0002:000000b8       __imp_free                 000000018003f0b8     ucrt:api-ms-win-crt-heap-l1-1-0.dll
 0002:000000c0       __imp_malloc               000000018003f0c0     ucrt:api-ms-win-crt-heap-l1-1-0.dll
 0002:000000c8       \177api-ms-win-crt-heap-l1-1-0_NULL_THUNK_DATA 000000018003f0c8     ucrt:api-ms-win-crt-heap-l1-1-0.dll
 0002:000000d0       __imp__register_onexit_function 000000018003f0d0     ucrt:api-ms-win-crt-runtime-l1-1-0.dll
 0002:000000d8       __imp__initterm            000000018003f0d8     ucrt:api-ms-win-crt-runtime-l1-1-0.dll
 0002:000000e0       __imp__initterm_e          000000018003f0e0     ucrt:api-ms-win-crt-runtime-l1-1-0.dll
 0002:000000e8       __imp__seh_filter_dll      000000018003f0e8     ucrt:api-ms-win-crt-runtime-l1-1-0.dll
 0002:000000f0       __imp__configure_narrow_argv 000000018003f0f0     ucrt:api-ms-win-crt-runtime-l1-1-0.dll
 0002:000000f8       __imp__initialize_narrow_environment 000000018003f0f8     ucrt:api-ms-win-crt-runtime-l1-1-0.dll
 0002:00000100       __imp__initialize_onexit_table 000000018003f100     ucrt:api-ms-win-crt-runtime-l1-1-0.dll
 0002:00000108       __imp__cexit               000000018003f108     ucrt:api-ms-win-crt-runtime-l1-1-0.dll
 0002:00000110       __imp__execute_onexit_table 000000018003f110     ucrt:api-ms-win-crt-runtime-l1-1-0.dll
 0002:00000118       __imp__crt_atexit          000000018003f118     ucrt:api-ms-win-crt-runtime-l1-1-0.dll
 0002:00000120       __imp__crt_at_quick_exit   000000018003f120     ucrt:api-ms-win-crt-runtime-l1-1-0.dll
 0002:00000128       __imp_terminate            000000018003f128     ucrt:api-ms-win-crt-runtime-l1-1-0.dll
 0002:00000130       \177api-ms-win-crt-runtime-l1-1-0_NULL_THUNK_DATA 000000018003f130     ucrt:api-ms-win-crt-runtime-l1-1-0.dll
 0002:00000138       __imp___stdio_common_vsprintf 000000018003f138     ucrt:api-ms-win-crt-stdio-l1-1-0.dll
 0002:00000140       \177api-ms-win-crt-stdio-l1-1-0_NULL_THUNK_DATA 000000018003f140     ucrt:api-ms-win-crt-stdio-l1-1-0.dll
 0002:00000148       __imp_strlen               000000018003f148     ucrt:api-ms-win-crt-string-l1-1-0.dll
 0002:00000150       __imp_strcmp               000000018003f150     ucrt:api-ms-win-crt-string-l1-1-0.dll
 0002:00000158       \177api-ms-win-crt-string-l1-1-0_NULL_THUNK_DATA 000000018003f158     ucrt:api-ms-win-crt-string-l1-1-0.dll
 0002:00000160       __imp_mexErrMsgTxt         000000018003f160     libmex:libmex.dll
 0002:00000168       __imp_mexWarnMsgTxt        000000018003f168     libmex:libmex.dll
 0002:00000170       __imp_mexCallMATLABWithObject 000000018003f170     libmex:libmex.dll
 0002:00000178       __imp_mexIsLocked          000000018003f178     libmex:libmex.dll
 0002:00000180       __imp_mexUnlock            000000018003f180     libmex:libmex.dll
 0002:00000188       __imp_mexLock              000000018003f188     libmex:libmex.dll
 0002:00000190       __imp_mexMakeArrayPersistent 000000018003f190     libmex:libmex.dll
 0002:00000198       \177libmex_NULL_THUNK_DATA 000000018003f198     libmex:libmex.dll
 0002:000001a0       __imp_slcovUploadCoverageSynthesisById 000000018003f1a0     libmwsl_sfcn_cov_bridge:libmwsl_sfcn_cov_bridge.dll
 0002:000001a8       \177libmwsl_sfcn_cov_bridge_NULL_THUNK_DATA 000000018003f1a8     libmwsl_sfcn_cov_bridge:libmwsl_sfcn_cov_bridge.dll
 0002:000001b0       __imp_mxGetN               000000018003f1b0     libmx:libmx.dll
 0002:000001b8       __imp_mxIsComplex          000000018003f1b8     libmx:libmx.dll
 0002:000001c0       __imp_mxIsNumeric          000000018003f1c0     libmx:libmx.dll
 0002:000001c8       __imp_mxGetM               000000018003f1c8     libmx:libmx.dll
 0002:000001d0       __imp_mxCalloc             000000018003f1d0     libmx:libmx.dll
 0002:000001d8       __imp_mxCreateStructArray_730 000000018003f1d8     libmx:libmx.dll
 0002:000001e0       __imp_mxCreateStructMatrix_730 000000018003f1e0     libmx:libmx.dll
 0002:000001e8       __imp_mxCreateCellArray_730 000000018003f1e8     libmx:libmx.dll
 0002:000001f0       __imp_mxCreateCellMatrix_730 000000018003f1f0     libmx:libmx.dll
 0002:000001f8       __imp_mxCreateString       000000018003f1f8     libmx:libmx.dll
 0002:00000200       __imp_mxCreateDoubleScalar 000000018003f200     libmx:libmx.dll
 0002:00000208       __imp_mxSetField_730       000000018003f208     libmx:libmx.dll
 0002:00000210       __imp_mxDuplicateArray     000000018003f210     libmx:libmx.dll
 0002:00000218       __imp_mxGetString_730      000000018003f218     libmx:libmx.dll
 0002:00000220       __imp_mxCreateDoubleMatrix_730 000000018003f220     libmx:libmx.dll
 0002:00000228       __imp_mxDestroyArray       000000018003f228     libmx:libmx.dll
 0002:00000230       __imp_mxGetPr              000000018003f230     libmx:libmx.dll
 0002:00000238       __imp_mxGetScalar          000000018003f238     libmx:libmx.dll
 0002:00000240       __imp_mxIsChar             000000018003f240     libmx:libmx.dll
 0002:00000248       __imp_mxGetClassID         000000018003f248     libmx:libmx.dll
 0002:00000250       \177libmx_NULL_THUNK_DATA  000000018003f250     libmx:libmx.dll
 0002:00000258       __imp_utMalloc             000000018003f258     libut:libut.dll
 0002:00000260       __imp_utFree               000000018003f260     libut:libut.dll
 0002:00000268       \177libut_NULL_THUNK_DATA  000000018003f268     libut:libut.dll
 0002:00000270       __imp_getRuntimeInstanceInfoAsVoid 000000018003f270     sf_runtime:sf_runtime.dll
 0002:00000278       __imp_sf_mex_error_direct_call 000000018003f278     sf_runtime:sf_runtime.dll
 0002:00000280       __imp_sf_read_before_write_error 000000018003f280     sf_runtime:sf_runtime.dll
 0002:00000288       __imp_sf_debug_create_debug_instance_struct 000000018003f288     sf_runtime:sf_runtime.dll
 0002:00000290       __imp_sf_debug_terminate   000000018003f290     sf_runtime:sf_runtime.dll
 0002:00000298       __imp_sf_debug_api         000000018003f298     sf_runtime:sf_runtime.dll
 0002:000002a0       __imp_ssGetOutputPortSignal_wrapper 000000018003f2a0     sf_runtime:sf_runtime.dll
 0002:000002a8       __imp_sf_debug_cv_init_state 000000018003f2a8     sf_runtime:sf_runtime.dll
 0002:000002b0       __imp_sf_debug_cv_init_chart 000000018003f2b0     sf_runtime:sf_runtime.dll
 0002:000002b8       __imp_sf_debug_cv_init_trans 000000018003f2b8     sf_runtime:sf_runtime.dll
 0002:000002c0       __imp_sf_debug_data_range_wrapper 000000018003f2c0     sf_runtime:sf_runtime.dll
 0002:000002c8       __imp_sf_debug_set_chart_state_substate_count 000000018003f2c8     sf_runtime:sf_runtime.dll
 0002:000002d0       __imp_sf_debug_set_chart_substate_index 000000018003f2d0     sf_runtime:sf_runtime.dll
 0002:000002d8       __imp_sf_debug_set_chart_substate_count 000000018003f2d8     sf_runtime:sf_runtime.dll
 0002:000002e0       __imp_sf_debug_set_chart_decomposition 000000018003f2e0     sf_runtime:sf_runtime.dll
 0002:000002e8       __imp_sf_debug_set_chart_state_info 000000018003f2e8     sf_runtime:sf_runtime.dll
 0002:000002f0       __imp_sf_debug_set_chart_event_thresholds 000000018003f2f0     sf_runtime:sf_runtime.dll
 0002:000002f8       __imp_sf_debug_set_chart_disable_implicit_casting 000000018003f2f8     sf_runtime:sf_runtime.dll
 0002:00000300       __imp_sf_debug_set_instance_data_value_ptr 000000018003f300     sf_runtime:sf_runtime.dll
 0002:00000308       __imp_sf_debug_symbol_scope_add_eml_importable 000000018003f308     sf_runtime:sf_runtime.dll
 0002:00000310       __imp_sf_debug_symbol_scope_pop 000000018003f310     sf_runtime:sf_runtime.dll
 0002:00000318       __imp_sf_debug_symbol_scope_push_eml 000000018003f318     sf_runtime:sf_runtime.dll
 0002:00000320       __imp_sf_debug_symbol_scope_push 000000018003f320     sf_runtime:sf_runtime.dll
 0002:00000328       __imp_sf_debug_initialize_chart 000000018003f328     sf_runtime:sf_runtime.dll
 0002:00000330       __imp_sf_debug_set_chart_data_compiled_props 000000018003f330     sf_runtime:sf_runtime.dll
 0002:00000338       __imp_sf_debug_set_chart_data_props 000000018003f338     sf_runtime:sf_runtime.dll
 0002:00000340       __imp_sf_debug_animate     000000018003f340     sf_runtime:sf_runtime.dll
 0002:00000348       __imp_call_sf_machine_global_method_dispatcher 000000018003f348     sf_runtime:sf_runtime.dll
 0002:00000350       __imp_sf_debug_set_animation 000000018003f350     sf_runtime:sf_runtime.dll
 0002:00000358       __imp_sf_debug_get_animation 000000018003f358     sf_runtime:sf_runtime.dll
 0002:00000360       __imp_sf_debug_set_honor_breakpoints 000000018003f360     sf_runtime:sf_runtime.dll
 0002:00000368       __imp_sf_debug_reset_current_state_configuration 000000018003f368     sf_runtime:sf_runtime.dll
 0002:00000370       __imp_cv_eml_init_relational 000000018003f370     sf_runtime:sf_runtime.dll
 0002:00000378       __imp_cv_eml_init_mcdc     000000018003f378     sf_runtime:sf_runtime.dll
 0002:00000380       __imp_cv_eml_init_if       000000018003f380     sf_runtime:sf_runtime.dll
 0002:00000388       __imp_cv_eml_init_script   000000018003f388     sf_runtime:sf_runtime.dll
 0002:00000390       __imp_callMdlMethodAndReportError 000000018003f390     sf_runtime:sf_runtime.dll
 0002:00000398       __imp_sf_get_hasSeparateUpdateOutputs 000000018003f398     sf_runtime:sf_runtime.dll
 0002:000003a0       __imp_sf_get_ChartInfoStruct_CodeGen 000000018003f3a0     sf_runtime:sf_runtime.dll
 0002:000003a8       __imp_cv_eval_relational   000000018003f3a8     sf_runtime:sf_runtime.dll
 0002:000003b0       __imp_cv_eml_eval          000000018003f3b0     sf_runtime:sf_runtime.dll
 0002:000003b8       __imp_ssGetInputPortSignal_wrapper 000000018003f3b8     sf_runtime:sf_runtime.dll
 0002:000003c0       __imp_ssGetDWork_wrapper   000000018003f3c0     sf_runtime:sf_runtime.dll
 0002:000003c8       __imp_sf_mex_duplicatearraysafe 000000018003f3c8     sf_runtime:sf_runtime.dll
 0002:000003d0       __imp_sf_mex_decode_encoded_mx_struct_array 000000018003f3d0     sf_runtime:sf_runtime.dll
 0002:000003d8       __imp_sf_mex_import        000000018003f3d8     sf_runtime:sf_runtime.dll
 0002:000003e0       __imp_sf_mex_destroy       000000018003f3e0     sf_runtime:sf_runtime.dll
 0002:000003e8       __imp_sf_mex_dup           000000018003f3e8     sf_runtime:sf_runtime.dll
 0002:000003f0       __imp_sf_mex_assign        000000018003f3f0     sf_runtime:sf_runtime.dll
 0002:000003f8       __imp_sf_mex_getcell       000000018003f3f8     sf_runtime:sf_runtime.dll
 0002:00000400       __imp_sf_mex_setcell       000000018003f400     sf_runtime:sf_runtime.dll
 0002:00000408       __imp_sf_mex_createcellmatrix 000000018003f408     sf_runtime:sf_runtime.dll
 0002:00000410       __imp_sf_mex_create        000000018003f410     sf_runtime:sf_runtime.dll
 0002:00000418       __imp_sf_mex_error_message 000000018003f418     sf_runtime:sf_runtime.dll
 0002:00000420       __imp_ssSetBlockIsPurelyCombinatorial_wrapper 000000018003f420     sf_runtime:sf_runtime.dll
 0002:00000428       __imp_sf_register_codegen_names_for_scoped_functions_defined_by_chart 000000018003f428     sf_runtime:sf_runtime.dll
 0002:00000430       __imp_sf_set_chart_accesses_machine_info 000000018003f430     sf_runtime:sf_runtime.dll
 0002:00000438       __imp_setLegacyDebuggerFlagForRuntime 000000018003f438     sf_runtime:sf_runtime.dll
 0002:00000440       __imp_sf_is_first_init_cond 000000018003f440     sf_runtime:sf_runtime.dll
 0002:00000448       __imp_sf_get_time          000000018003f448     sf_runtime:sf_runtime.dll
 0002:00000450       __imp_sf_set_encoded_dwork_info 000000018003f450     sf_runtime:sf_runtime.dll
 0002:00000458       __imp_sf_get_dwork_info_from_mat_file 000000018003f458     sf_runtime:sf_runtime.dll
 0002:00000460       __imp_sf_set_rtw_dwork_info 000000018003f460     sf_runtime:sf_runtime.dll
 0002:00000468       __imp_sf_clear_rtw_identifier 000000018003f468     sf_runtime:sf_runtime.dll
 0002:00000470       __imp_cv_eval_point        000000018003f470     sf_runtime:sf_runtime.dll
 0002:00000478       __imp_sim_mode_is_modelref_sim 000000018003f478     sf_runtime:sf_runtime.dll
 0002:00000480       __imp_sim_mode_is_external 000000018003f480     sf_runtime:sf_runtime.dll
 0002:00000488       __imp_sim_mode_is_rtw_gen  000000018003f488     sf_runtime:sf_runtime.dll
 0002:00000490       __imp_sf_debug_call        000000018003f490     sf_runtime:sf_runtime.dll
 0002:00000498       __imp_sf_mark_chart_expressionable_inputs 000000018003f498     sf_runtime:sf_runtime.dll
 0002:000004a0       __imp_sf_mark_chart_reusable_outputs 000000018003f4a0     sf_runtime:sf_runtime.dll
 0002:000004a8       __imp_sf_is_chart_inlinable 000000018003f4a8     sf_runtime:sf_runtime.dll
 0002:000004b0       __imp_sf_update_buildInfo  000000018003f4b0     sf_runtime:sf_runtime.dll
 0002:000004b8       __imp_sf_rtw_info_uint_prop 000000018003f4b8     sf_runtime:sf_runtime.dll
 0002:000004c0       __imp_sf_get_chart_instance_ptr 000000018003f4c0     sf_runtime:sf_runtime.dll
 0002:000004c8       __imp_sfrtGetEmlrtCtx      000000018003f4c8     sf_runtime:sf_runtime.dll
 0002:000004d0       __imp_sf_free_ChartRunTimeInfo 000000018003f4d0     sf_runtime:sf_runtime.dll
 0002:000004d8       __imp_sf_init_ChartRunTimeInfo 000000018003f4d8     sf_runtime:sf_runtime.dll
 0002:000004e0       __imp_sf_debug_set_machine_data_thresholds 000000018003f4e0     sf_runtime:sf_runtime.dll
 0002:000004e8       __imp_sf_debug_set_machine_event_thresholds 000000018003f4e8     sf_runtime:sf_runtime.dll
 0002:000004f0       __imp_sf_debug_initialize_machine 000000018003f4f0     sf_runtime:sf_runtime.dll
 0002:000004f8       __imp_sf_mex_sub           000000018003f4f8     sf_runtime:sf_runtime.dll
 0002:00000500       __imp_sf_clear_error_manager_info 000000018003f500     sf_runtime:sf_runtime.dll
 0002:00000508       __imp_sf_load_rtw_optimization_info 000000018003f508     sf_runtime:sf_runtime.dll
 0002:00000510       \177sf_runtime_NULL_THUNK_DATA 000000018003f510     sf_runtime:sf_runtime.dll
 0002:00000518       __guard_check_icall_fptr   000000018003f518     MSVCRT:guard_support.obj
 0002:00000520       __guard_dispatch_icall_fptr 000000018003f520     MSVCRT:guard_support.obj
 0002:00000528       __xc_a                     000000018003f528     MSVCRT:initializers.obj
 0002:00000530       __xc_z                     000000018003f530     MSVCRT:initializers.obj
 0002:00000538       __xi_a                     000000018003f538     MSVCRT:initializers.obj
 0002:00000540       __xi_z                     000000018003f540     MSVCRT:initializers.obj
 0002:00000548       __xp_a                     000000018003f548     MSVCRT:initializers.obj
 0002:00000550       __xp_z                     000000018003f550     MSVCRT:initializers.obj
 0002:00000558       __xt_a                     000000018003f558     MSVCRT:initializers.obj
 0002:00000560       __xt_z                     000000018003f560     MSVCRT:initializers.obj
 0002:00000570       __real@413f797f00000000    000000018003f570     SpeedgoatCANOpen2Buses100us_sfun.obj
 0002:00000578       __real@41b212f15b000000    000000018003f578     SpeedgoatCANOpen2Buses100us_sfun.obj
 0002:00000580       __real@41c500e7fb800000    000000018003f580     SpeedgoatCANOpen2Buses100us_sfun.obj
 0002:00000588       __real@41dff01bb8400000    000000018003f588     SpeedgoatCANOpen2Buses100us_sfun.obj
 0002:00000590       __real@41e0279470800000    000000018003f590     SpeedgoatCANOpen2Buses100us_sfun.obj
 0002:00000598       __real@41e1f2a7f7200000    000000018003f598     SpeedgoatCANOpen2Buses100us_sfun.obj
 0002:000005a0       __real@41e253d1c4600000    000000018003f5a0     SpeedgoatCANOpen2Buses100us_sfun.obj
 0002:000005a8       __real@41e487f59e800000    000000018003f5a8     SpeedgoatCANOpen2Buses100us_sfun.obj
 0002:000005b0       __real@41e89b9f73800000    000000018003f5b0     SpeedgoatCANOpen2Buses100us_sfun.obj
 0002:000005b8       __real@41ea1e8465600000    000000018003f5b8     SpeedgoatCANOpen2Buses100us_sfun.obj
 0002:000005c0       __real@41ea3cabdd400000    000000018003f5c0     SpeedgoatCANOpen2Buses100us_sfun.obj
 0002:000005c8       __real@41eec387a1800000    000000018003f5c8     SpeedgoatCANOpen2Buses100us_sfun.obj
 0002:000005d0       __real@00000000            000000018003f5d0     c1_SpeedgoatCANOpen2Buses100us.obj
 0002:000005d4       __real@3f800000            000000018003f5d4     c1_SpeedgoatCANOpen2Buses100us.obj
 0002:000005d8       __real@3ff0000000000000    000000018003f5d8     c1_SpeedgoatCANOpen2Buses100us.obj
 0002:000005e0       __real@40000000            000000018003f5e0     c1_SpeedgoatCANOpen2Buses100us.obj
 0002:000005e8       __real@4000000000000000    000000018003f5e8     c1_SpeedgoatCANOpen2Buses100us.obj
 0002:000005f0       __real@4022000000000000    000000018003f5f0     c1_SpeedgoatCANOpen2Buses100us.obj
 0002:000005f8       __real@409f400000000000    000000018003f5f8     c1_SpeedgoatCANOpen2Buses100us.obj
 0002:00000600       __real@41a9bf157c000000    000000018003f600     c1_SpeedgoatCANOpen2Buses100us.obj
 0002:00000608       __real@41d1132187800000    000000018003f608     c1_SpeedgoatCANOpen2Buses100us.obj
 0002:00000610       __real@41e07f3214a00000    000000018003f610     c1_SpeedgoatCANOpen2Buses100us.obj
 0002:00000618       __real@41e744c538c00000    000000018003f618     c1_SpeedgoatCANOpen2Buses100us.obj
 0002:00000620       __real@44fa0000            000000018003f620     c1_SpeedgoatCANOpen2Buses100us.obj
 0002:00000624       __real@40400000            000000018003f624     c2_SpeedgoatCANOpen2Buses100us.obj
 0002:00000628       __real@41b212a001000000    000000018003f628     c2_SpeedgoatCANOpen2Buses100us.obj
 0002:00000630       __real@41deeeb492400000    000000018003f630     c2_SpeedgoatCANOpen2Buses100us.obj
 0002:00000638       __real@41e2d7185ae00000    000000018003f638     c2_SpeedgoatCANOpen2Buses100us.obj
 0002:00000640       __real@41ebc2466fe00000    000000018003f640     c2_SpeedgoatCANOpen2Buses100us.obj
 0002:00000648       __real@41e1d01b62400000    000000018003f648     c3_SpeedgoatCANOpen2Buses100us.obj
 0002:00000650       __real@41e23d1694a00000    000000018003f650     c3_SpeedgoatCANOpen2Buses100us.obj
 0002:00000658       __real@41e7570ccc000000    000000018003f658     c3_SpeedgoatCANOpen2Buses100us.obj
 0002:00000660       __real@41e76a4c30c00000    000000018003f660     c3_SpeedgoatCANOpen2Buses100us.obj
 0002:00000668       __real@4018000000000000    000000018003f668     c4_SpeedgoatCANOpen2Buses100us.obj
 0002:00000670       __real@401c000000000000    000000018003f670     c4_SpeedgoatCANOpen2Buses100us.obj
 0002:00000678       __real@40c00000            000000018003f678     c4_SpeedgoatCANOpen2Buses100us.obj
 0002:0000067c       __real@40e00000            000000018003f67c     c4_SpeedgoatCANOpen2Buses100us.obj
 0002:00000680       __real@41a6d86f3c000000    000000018003f680     c4_SpeedgoatCANOpen2Buses100us.obj
 0002:00000688       __real@41b7c1940e000000    000000018003f688     c4_SpeedgoatCANOpen2Buses100us.obj
 0002:00000690       __real@41e36f8e64800000    000000018003f690     c4_SpeedgoatCANOpen2Buses100us.obj
 0002:00000698       __real@41ec61f79e600000    000000018003f698     c4_SpeedgoatCANOpen2Buses100us.obj
 0002:000006a0       __real@0000000000000000    000000018003f6a0     c5_SpeedgoatCANOpen2Buses100us.obj
 0002:000006a8       __real@3fa999999999999a    000000018003f6a8     c5_SpeedgoatCANOpen2Buses100us.obj
 0002:000006b0       __real@4197c0b7a0000000    000000018003f6b0     c5_SpeedgoatCANOpen2Buses100us.obj
 0002:000006b8       __real@41d948d464800000    000000018003f6b8     c5_SpeedgoatCANOpen2Buses100us.obj
 0002:000006c0       __real@41e61bdc94400000    000000018003f6c0     c5_SpeedgoatCANOpen2Buses100us.obj
 0002:000006c8       __real@41ecd22dcb200000    000000018003f6c8     c5_SpeedgoatCANOpen2Buses100us.obj
 0002:000006d0       __real@41e0ea5a56000000    000000018003f6d0     c12_SpeedgoatCANOpen2Buses100us.obj
 0002:000006d8       __real@41e4545f4ce00000    000000018003f6d8     c12_SpeedgoatCANOpen2Buses100us.obj
 0002:000006e0       __real@41eccf362d200000    000000018003f6e0     c12_SpeedgoatCANOpen2Buses100us.obj
 0002:000006e8       __real@41edf4298e200000    000000018003f6e8     c12_SpeedgoatCANOpen2Buses100us.obj
 0002:000006f0       DYNAMIC_DIMENSION_DEF      000000018003f6f0     SpeedgoatCANOpen2Buses100us_sfun_registry.obj
 0002:00000708       __real@4010000000000000    000000018003f708     SpeedgoatCANOpen2Buses100us_sfun_registry.obj
 0002:00000710       __real@41602cbca0000000    000000018003f710     SpeedgoatCANOpen2Buses100us_sfun_registry.obj
 0002:00000718       __real@bff0000000000000    000000018003f718     SpeedgoatCANOpen2Buses100us_sfun_registry.obj
 0002:00000730       _pRawDllMain               000000018003f730     MSVCRT:dll_dllmain.obj
 0002:00000730       _pDefaultRawDllMain        000000018003f730     MSVCRT:dll_dllmain.obj
 0002:00000760       _load_config_used          000000018003f760     MSVCRT:loadcfg.obj
 0002:00000a78       __rtc_iaa                  000000018003fa78     MSVCRT:initsect.obj
 0002:00000a80       __rtc_izz                  000000018003fa80     MSVCRT:initsect.obj
 0002:00000a88       __rtc_taa                  000000018003fa88     MSVCRT:initsect.obj
 0002:00000a90       __rtc_tzz                  000000018003fa90     MSVCRT:initsect.obj
 0002:00001d9c       __IMPORT_DESCRIPTOR_sf_runtime 0000000180040d9c     sf_runtime:sf_runtime.dll
 0002:00001db0       __IMPORT_DESCRIPTOR_libmx  0000000180040db0     libmx:libmx.dll
 0002:00001dc4       __IMPORT_DESCRIPTOR_libmex 0000000180040dc4     libmex:libmex.dll
 0002:00001dd8       __IMPORT_DESCRIPTOR_libut  0000000180040dd8     libut:libut.dll
 0002:00001dec       __IMPORT_DESCRIPTOR_libmwsl_sfcn_cov_bridge 0000000180040dec     libmwsl_sfcn_cov_bridge:libmwsl_sfcn_cov_bridge.dll
 0002:00001e00       __IMPORT_DESCRIPTOR_KERNEL32 0000000180040e00     kernel32:KERNEL32.dll
 0002:00001e14       __IMPORT_DESCRIPTOR_VCRUNTIME140 0000000180040e14     vcruntime:VCRUNTIME140.dll
 0002:00001e28       __IMPORT_DESCRIPTOR_api-ms-win-crt-string-l1-1-0 0000000180040e28     ucrt:api-ms-win-crt-string-l1-1-0.dll
 0002:00001e3c       __IMPORT_DESCRIPTOR_api-ms-win-crt-stdio-l1-1-0 0000000180040e3c     ucrt:api-ms-win-crt-stdio-l1-1-0.dll
 0002:00001e50       __IMPORT_DESCRIPTOR_api-ms-win-crt-heap-l1-1-0 0000000180040e50     ucrt:api-ms-win-crt-heap-l1-1-0.dll
 0002:00001e64       __IMPORT_DESCRIPTOR_api-ms-win-crt-runtime-l1-1-0 0000000180040e64     ucrt:api-ms-win-crt-runtime-l1-1-0.dll
 0002:00001e78       __NULL_IMPORT_DESCRIPTOR   0000000180040e78     sf_runtime:sf_runtime.dll
 0003:00005d80       DYNAMIC_DIMENSION          0000000180048d80     SpeedgoatCANOpen2Buses100us_sfun_registry.obj
 0003:000081f0       __security_cookie_complement 000000018004b1f0     MSVCRT:gs_cookie.obj
 0003:000081f8       __security_cookie          000000018004b1f8     MSVCRT:gs_cookie.obj
 0003:00008200       _fltused                   000000018004b200     MSVCRT:fltused.obj
 0003:00008204       __scrt_native_dllmain_reason 000000018004b204     MSVCRT:utility.obj
 0003:00008208       __isa_available            000000018004b208     MSVCRT:cpu_disp.obj
 0003:0000820c       __isa_enabled              000000018004b20c     MSVCRT:cpu_disp.obj
 0003:00008210       __memcpy_nt_iters          000000018004b210     MSVCRT:cpu_disp.obj
 0003:00008220       __scrt_ucrt_dll_is_in_use  000000018004b220     MSVCRT:ucrt_stubs.obj
 0003:000082b0       sfGlobalDebugInstanceStruct 000000018004b2b0     SpeedgoatCANOpen2Buses100us_sfun_registry.obj
 0003:00008840       ?__type_info_root_node@@3U__type_info_node@@A 000000018004b840     MSVCRT:tncleanup.obj
 0003:00008850       ?_OptionsStorage@?1??__local_stdio_printf_options@@9@4_KA 000000018004b850     MSVCRT:default_local_stdio_options.obj
 0003:00008858       ?_OptionsStorage@?1??__local_stdio_scanf_options@@9@4_KA 000000018004b858     MSVCRT:default_local_stdio_options.obj
 0003:00008860       __scrt_current_native_startup_state 000000018004b860     MSVCRT:utility.obj
 0003:00008868       __scrt_native_startup_lock 000000018004b868     MSVCRT:utility.obj
 0003:000088a8       __scrt_debugger_hook_flag  000000018004b8a8     MSVCRT:utility_desktop.obj
 0003:000088ac       __favor                    000000018004b8ac     MSVCRT:cpu_disp.obj
 0003:000088b0       ?_OptionsStorage@?1??__local_stdio_printf_options@@9@9 000000018004b8b0     <common>
 0003:000088b8       _SpeedgoatCANOpen2Buses100usMachineNumber_ 000000018004b8b8     <common>
 0003:000088c0       gRxCAN_APT                 000000018004b8c0     <common>
 0003:000088e0       can_rx_queue_APT           000000018004b8e0     <common>
 0003:00008948       gRxCAN                     000000018004b948     <common>
 0003:00008960       can_rx_queue               000000018004b960     <common>
 0003:000089c8       __dyn_tls_init_callback    000000018004b9c8     <common>

 entry point at        0001:0003d1e8

 Static symbols

 0000:00000000       .debug$S                   0000000180000000     sf_runtime:sf_runtime.dll
 0000:00000000       .debug$S                   0000000180000000     sf_runtime:sf_runtime.dll
 0000:00000000       .debug$S                   0000000180000000     sf_runtime:sf_runtime.dll
 0000:00000000       .debug$S                   0000000180000000     sf_runtime:sf_runtime.dll
 0000:00000000       .debug$S                   0000000180000000     sf_runtime:sf_runtime.dll
 0000:00000000       .debug$S                   0000000180000000     sf_runtime:sf_runtime.dll
 0000:00000000       .debug$S                   0000000180000000     SpeedgoatCANOpen2Buses100us_sfun.exp
 0000:00000000       .debug$S                   0000000180000000     sf_runtime:sf_runtime.dll
 0000:00000000       .debug$S                   0000000180000000     sf_runtime:sf_runtime.dll
 0000:00000000       .debug$S                   0000000180000000     sf_runtime:sf_runtime.dll
 0000:00000000       .debug$S                   0000000180000000     sf_runtime:sf_runtime.dll
 0000:00000000       .debug$S                   0000000180000000     sf_runtime:sf_runtime.dll
 0000:00000000       .debug$S                   0000000180000000     ucrt:api-ms-win-crt-runtime-l1-1-0.dll
 0000:00000000       .debug$S                   0000000180000000     ucrt:api-ms-win-crt-runtime-l1-1-0.dll
 0000:00000000       .debug$S                   0000000180000000     ucrt:api-ms-win-crt-runtime-l1-1-0.dll
 0000:00000000       .debug$S                   0000000180000000     ucrt:api-ms-win-crt-runtime-l1-1-0.dll
 0000:00000000       .debug$S                   0000000180000000     ucrt:api-ms-win-crt-runtime-l1-1-0.dll
 0000:00000000       .debug$S                   0000000180000000     ucrt:api-ms-win-crt-runtime-l1-1-0.dll
 0000:00000000       .debug$S                   0000000180000000     ucrt:api-ms-win-crt-runtime-l1-1-0.dll
 0000:00000000       .debug$S                   0000000180000000     ucrt:api-ms-win-crt-runtime-l1-1-0.dll
 0000:00000000       .debug$S                   0000000180000000     ucrt:api-ms-win-crt-runtime-l1-1-0.dll
 0000:00000000       .debug$S                   0000000180000000     ucrt:api-ms-win-crt-runtime-l1-1-0.dll
 0000:00000000       .debug$S                   0000000180000000     ucrt:api-ms-win-crt-runtime-l1-1-0.dll
 0000:00000000       .debug$S                   0000000180000000     ucrt:api-ms-win-crt-runtime-l1-1-0.dll
 0000:00000000       .debug$S                   0000000180000000     ucrt:api-ms-win-crt-string-l1-1-0.dll
 0000:00000000       .debug$S                   0000000180000000     ucrt:api-ms-win-crt-heap-l1-1-0.dll
 0000:00000000       .debug$S                   0000000180000000     ucrt:api-ms-win-crt-heap-l1-1-0.dll
 0000:00000000       .debug$S                   0000000180000000     ucrt:api-ms-win-crt-stdio-l1-1-0.dll
 0000:00000000       .debug$S                   0000000180000000     ucrt:api-ms-win-crt-string-l1-1-0.dll
 0000:00000000       .debug$S                   0000000180000000     sf_runtime:sf_runtime.dll
 0000:00000000       .debug$S                   0000000180000000     vcruntime:VCRUNTIME140.dll
 0000:00000000       .debug$S                   0000000180000000     vcruntime:VCRUNTIME140.dll
 0000:00000000       .debug$S                   0000000180000000     vcruntime:VCRUNTIME140.dll
 0000:00000000       .debug$S                   0000000180000000     vcruntime:VCRUNTIME140.dll
 0000:00000000       .debug$S                   0000000180000000     sf_runtime:sf_runtime.dll
 0000:00000000       .debug$S                   0000000180000000     kernel32:KERNEL32.dll
 0000:00000000       .debug$S                   0000000180000000     kernel32:KERNEL32.dll
 0000:00000000       .debug$S                   0000000180000000     kernel32:KERNEL32.dll
 0000:00000000       .debug$S                   0000000180000000     kernel32:KERNEL32.dll
 0000:00000000       .debug$S                   0000000180000000     kernel32:KERNEL32.dll
 0000:00000000       .debug$S                   0000000180000000     kernel32:KERNEL32.dll
 0000:00000000       .debug$S                   0000000180000000     kernel32:KERNEL32.dll
 0000:00000000       .debug$S                   0000000180000000     kernel32:KERNEL32.dll
 0000:00000000       .debug$S                   0000000180000000     kernel32:KERNEL32.dll
 0000:00000000       .debug$S                   0000000180000000     kernel32:KERNEL32.dll
 0000:00000000       .debug$S                   0000000180000000     kernel32:KERNEL32.dll
 0000:00000000       .debug$S                   0000000180000000     kernel32:KERNEL32.dll
 0000:00000000       .debug$S                   0000000180000000     kernel32:KERNEL32.dll
 0000:00000000       .debug$S                   0000000180000000     kernel32:KERNEL32.dll
 0000:00000000       .debug$S                   0000000180000000     kernel32:KERNEL32.dll
 0000:00000000       .debug$S                   0000000180000000     kernel32:KERNEL32.dll
 0000:00000000       .debug$S                   0000000180000000     kernel32:KERNEL32.dll
 0000:00000000       .debug$S                   0000000180000000     sf_runtime:sf_runtime.dll
 0000:00000000       .debug$S                   0000000180000000     sf_runtime:sf_runtime.dll
 0000:00000000       .debug$S                   0000000180000000     sf_runtime:sf_runtime.dll
 0000:00000000       .debug$S                   0000000180000000     sf_runtime:sf_runtime.dll
 0002:fffc1000       __guard_fids__guard_icall_checks_enforced 0000000180000000     MSVCRT:guard_support.obj
 0002:fffc1000       __guard_fids__             0000000180000000     MSVCRT:guard_support.obj
 0000:00000000       .debug$S                   0000000180000000     sf_runtime:sf_runtime.dll
 0000:00000000       .debug$S                   0000000180000000     sf_runtime:sf_runtime.dll
 0000:00000000       .debug$S                   0000000180000000     sf_runtime:sf_runtime.dll
 0000:00000000       .debug$S                   0000000180000000     sf_runtime:sf_runtime.dll
 0000:00000000       .debug$S                   0000000180000000     sf_runtime:sf_runtime.dll
 0000:00000000       .debug$S                   0000000180000000     sf_runtime:sf_runtime.dll
 0000:00000000       .debug$S                   0000000180000000     sf_runtime:sf_runtime.dll
 0000:00000000       .debug$S                   0000000180000000     sf_runtime:sf_runtime.dll
 0002:fffc1000       __guard_fids___scrt_set_unhandled_exception_filter 0000000180000000     MSVCRT:utility_desktop.obj
 0000:00000000       .debug$S                   0000000180000000     sf_runtime:sf_runtime.dll
 0000:00000000       .debug$S                   0000000180000000     sf_runtime:sf_runtime.dll
 0000:00000000       .debug$S                   0000000180000000     sf_runtime:sf_runtime.dll
 0000:00000000       .debug$S                   0000000180000000     sf_runtime:sf_runtime.dll
 0000:00000000       .debug$S                   0000000180000000     sf_runtime:sf_runtime.dll
 0000:00000000       .debug$S                   0000000180000000     sf_runtime:sf_runtime.dll
 0000:00000000       .debug$S                   0000000180000000     sf_runtime:sf_runtime.dll
 0000:00000000       .debug$S                   0000000180000000     sf_runtime:sf_runtime.dll
[...]
 0004:00000fe4       $pdata$mdlStart_c12_SpeedgoatCANOpen2Buses100us 000000018004cfe4     c12_SpeedgoatCANOpen2Buses100us.obj
 0004:00000ff0       $pdata$mexFunction         000000018004cff0     SpeedgoatCANOpen2Buses100us_sfun_registry.obj
 0004:00000ffc       $pdata$_ssSetInputPortDirectFeedThroughFcn 000000018004cffc     SpeedgoatCANOpen2Buses100us_sfun_registry.obj
 0004:00001008       $pdata$_ssSetRWorkValueFcn 000000018004d008     SpeedgoatCANOpen2Buses100us_sfun_registry.obj
 0004:00001014       $pdata$_ssGetRWorkValueFcn 000000018004d014     SpeedgoatCANOpen2Buses100us_sfun_registry.obj
 0004:00001020       $pdata$_ssSetIWorkValueFcn 000000018004d020     SpeedgoatCANOpen2Buses100us_sfun_registry.obj
 0004:0000102c       $pdata$_ssGetIWorkValueFcn 000000018004d02c     SpeedgoatCANOpen2Buses100us_sfun_registry.obj
 0004:00001038       $pdata$_ssSetPWorkValueFcn 000000018004d038     SpeedgoatCANOpen2Buses100us_sfun_registry.obj
 0004:00001044       $pdata$_ssGetPWorkValueFcn 000000018004d044     SpeedgoatCANOpen2Buses100us_sfun_registry.obj
 0004:00001050       $pdata$_ssGetInputPortSignalFcn 000000018004d050     SpeedgoatCANOpen2Buses100us_sfun_registry.obj
 0004:0000105c       $pdata$_ssGetInputPortBufferDstPortFcn 000000018004d05c     SpeedgoatCANOpen2Buses100us_sfun_registry.obj
 0004:00001068       $pdata$_ssGetInputPortSignalPtrsFcn 000000018004d068     SpeedgoatCANOpen2Buses100us_sfun_registry.obj
 0004:00001074       $pdata$ssGetParameterTuningCompliance 000000018004d074     SpeedgoatCANOpen2Buses100us_sfun_registry.obj
 0004:00001080       $pdata$ssGetDTypeIdFromMxArray 000000018004d080     SpeedgoatCANOpen2Buses100us_sfun_registry.obj
 0004:0000108c       $pdata$ssWriteRTWMx2dMatParam 000000018004d08c     SpeedgoatCANOpen2Buses100us_sfun_registry.obj
 0004:00001098       $pdata$ssWriteRTWMxVectParam 000000018004d098     SpeedgoatCANOpen2Buses100us_sfun_registry.obj
 0004:000010a4       $pdata$ssWriteRTWParameters 000000018004d0a4     SpeedgoatCANOpen2Buses100us_sfun_registry.obj
 0004:000010b0       $pdata$ssWriteRTWParamSettings 000000018004d0b0     SpeedgoatCANOpen2Buses100us_sfun_registry.obj
 0004:000010bc       $pdata$ssWriteRTWStr       000000018004d0bc     SpeedgoatCANOpen2Buses100us_sfun_registry.obj
 0004:000010c8       $pdata$ssWriteRTWWorkVect  000000018004d0c8     SpeedgoatCANOpen2Buses100us_sfun_registry.obj
 0004:000010d4       $pdata$ssWarning           000000018004d0d4     SpeedgoatCANOpen2Buses100us_sfun_registry.obj
 0004:000010e0       $pdata$ssWriteRTWNameValuePair 000000018004d0e0     SpeedgoatCANOpen2Buses100us_sfun_registry.obj
 0004:000010ec       $pdata$_ssSetInputPortMatrixDimensions 000000018004d0ec     SpeedgoatCANOpen2Buses100us_sfun_registry.obj
 0004:000010f8       $pdata$_ssSetOutputPortMatrixDimensions 000000018004d0f8     SpeedgoatCANOpen2Buses100us_sfun_registry.obj
 0004:00001104       $pdata$_ssSetInputPortVectorDimension 000000018004d104     SpeedgoatCANOpen2Buses100us_sfun_registry.obj
 0004:00001110       $pdata$_ssSetOutputPortVectorDimension 000000018004d110     SpeedgoatCANOpen2Buses100us_sfun_registry.obj
 0004:0000111c       $pdata$ssIsRunTimeParamTunable 000000018004d11c     SpeedgoatCANOpen2Buses100us_sfun_registry.obj
 0004:00001128       $pdata$ssGetSFuncBlockHandle 000000018004d128     SpeedgoatCANOpen2Buses100us_sfun_registry.obj
 0004:00001134       $pdata$_ssGetCurrentInputPortWidth 000000018004d134     SpeedgoatCANOpen2Buses100us_sfun_registry.obj
 0004:00001140       $pdata$_ssGetCurrentOutputPortWidth 000000018004d140     SpeedgoatCANOpen2Buses100us_sfun_registry.obj
 0004:0000114c       $pdata$_ssGetCallSystemNumFcnCallDestinations 000000018004d14c     SpeedgoatCANOpen2Buses100us_sfun_registry.obj
 0004:00001158       $pdata$ssGetIsZeroCrossControlDisabled 000000018004d158     SpeedgoatCANOpen2Buses100us_sfun_registry.obj
 0004:00001164       $pdata$ssSetIsInputPortUsedForContZcSignal 000000018004d164     SpeedgoatCANOpen2Buses100us_sfun_registry.obj
 0004:00001170       $pdata$ssSetZcSignalIsZcElementDisc 000000018004d170     SpeedgoatCANOpen2Buses100us_sfun_registry.obj
 0004:0000117c       $pdata$ssSetZcSignalName   000000018004d17c     SpeedgoatCANOpen2Buses100us_sfun_registry.obj
 0004:00001188       $pdata$ssSetZcSignalWidth  000000018004d188     SpeedgoatCANOpen2Buses100us_sfun_registry.obj
 0004:00001194       $pdata$ssSetZcSignalZcEventType 000000018004d194     SpeedgoatCANOpen2Buses100us_sfun_registry.obj
 0004:000011a0       $pdata$ssSetZcSignalType   000000018004d1a0     SpeedgoatCANOpen2Buses100us_sfun_registry.obj
 0004:000011ac       $pdata$ssSetZcSignalZcTol  000000018004d1ac     SpeedgoatCANOpen2Buses100us_sfun_registry.obj
 0004:000011b8       $pdata$ssSetZcSignalNeedsEventNotification 000000018004d1b8     SpeedgoatCANOpen2Buses100us_sfun_registry.obj
 0004:000011c4       $pdata$ssCreateAndAddZcSignalInfo 000000018004d1c4     SpeedgoatCANOpen2Buses100us_sfun_registry.obj
 0004:000011d0       $pdata$ssCloneAndAddZcSignalInfo 000000018004d1d0     SpeedgoatCANOpen2Buses100us_sfun_registry.obj
 0004:000011dc       $pdata$ssGetNumZcSignals   000000018004d1dc     SpeedgoatCANOpen2Buses100us_sfun_registry.obj
 0004:000011e8       $pdata$ssGetZcSignalVector 000000018004d1e8     SpeedgoatCANOpen2Buses100us_sfun_registry.obj
 0004:000011f4       $pdata$ssGetZcSignalName   000000018004d1f4     SpeedgoatCANOpen2Buses100us_sfun_registry.obj
 0004:00001200       $pdata$ssGetZcSignalWidth  000000018004d200     SpeedgoatCANOpen2Buses100us_sfun_registry.obj
 0004:0000120c       $pdata$ssGetZcSignalZcEventType 000000018004d20c     SpeedgoatCANOpen2Buses100us_sfun_registry.obj
 0004:00001218       $pdata$ssGetZcSignalZcEvents 000000018004d218     SpeedgoatCANOpen2Buses100us_sfun_registry.obj
 0004:00001224       $pdata$ssGetZcSignalType   000000018004d224     SpeedgoatCANOpen2Buses100us_sfun_registry.obj
 0004:00001230       $pdata$ssGetZcSignalZcTol  000000018004d230     SpeedgoatCANOpen2Buses100us_sfun_registry.obj
 0004:0000123c       $pdata$ssGetZcSignalNeedsEventNotification 000000018004d23c     SpeedgoatCANOpen2Buses100us_sfun_registry.obj
 0004:00001248       $pdata$ssGetZcSignalIsZcElementDisc 000000018004d248     SpeedgoatCANOpen2Buses100us_sfun_registry.obj
 0004:00001254       $pdata$ssGetIsInputPortElementContinuous 000000018004d254     SpeedgoatCANOpen2Buses100us_sfun_registry.obj
 0004:00001260       $pdata$_ssGetAbsTol        000000018004d260     SpeedgoatCANOpen2Buses100us_sfun_registry.obj
 0004:0000126c       $pdata$_ssSetInputPortReusableFcn 000000018004d26c     SpeedgoatCANOpen2Buses100us_sfun_registry.obj
 0004:00001278       $pdata$_ssSetOutputPortReusableFcn 000000018004d278     SpeedgoatCANOpen2Buses100us_sfun_registry.obj
 0004:00001284       $pdata$_ssSetSymbolicDimsSupport 000000018004d284     SpeedgoatCANOpen2Buses100us_sfun_registry.obj
 0004:00001290       $pdata$_ssRegisterSymbolicDimsExpr 000000018004d290     SpeedgoatCANOpen2Buses100us_sfun_registry.obj
 0004:0000129c       $pdata$_ssRegisterSymbolicDims 000000018004d29c     SpeedgoatCANOpen2Buses100us_sfun_registry.obj
 0004:000012a8       $pdata$_ssRegisterSymbolicDimsString 000000018004d2a8     SpeedgoatCANOpen2Buses100us_sfun_registry.obj
 0004:000012b4       $pdata$_ssRegisterSymbolicDimsIntValue 000000018004d2b4     SpeedgoatCANOpen2Buses100us_sfun_registry.obj
 0004:000012c0       $pdata$_ssRegisterSymbolicDimsPlus 000000018004d2c0     SpeedgoatCANOpen2Buses100us_sfun_registry.obj
 0004:000012cc       $pdata$_ssRegisterSymbolicDimsMinus 000000018004d2cc     SpeedgoatCANOpen2Buses100us_sfun_registry.obj
 0004:000012d8       $pdata$_ssRegisterSymbolicDimsMultiply 000000018004d2d8     SpeedgoatCANOpen2Buses100us_sfun_registry.obj
 0004:000012e4       $pdata$_ssRegisterSymbolicDimsDivide 000000018004d2e4     SpeedgoatCANOpen2Buses100us_sfun_registry.obj
 0004:000012f0       $pdata$_ssGetNumSymbolicDims 000000018004d2f0     SpeedgoatCANOpen2Buses100us_sfun_registry.obj
 0004:000012fc       $pdata$_ssGetSymbolicDim   000000018004d2fc     SpeedgoatCANOpen2Buses100us_sfun_registry.obj
 0004:00001308       $pdata$_ssSetInputPortSymbolicDimsId 000000018004d308     SpeedgoatCANOpen2Buses100us_sfun_registry.obj
 0004:00001314       $pdata$_ssGetCompInputPortSymbolicDimsId 000000018004d314     SpeedgoatCANOpen2Buses100us_sfun_registry.obj
 0004:00001320       $pdata$_ssSetCompInputPortSymbolicDimsId 000000018004d320     SpeedgoatCANOpen2Buses100us_sfun_registry.obj
 0004:0000132c       $pdata$_ssSetOutputPortSymbolicDimsId 000000018004d32c     SpeedgoatCANOpen2Buses100us_sfun_registry.obj
 0004:00001338       $pdata$_ssGetCompOutputPortSymbolicDimsId 000000018004d338     SpeedgoatCANOpen2Buses100us_sfun_registry.obj
 0004:00001344       $pdata$_ssSetCompOutputPortSymbolicDimsId 000000018004d344     SpeedgoatCANOpen2Buses100us_sfun_registry.obj
 0004:00001350       $pdata$_ssSetCompDWorkSymbolicDimsId 000000018004d350     SpeedgoatCANOpen2Buses100us_sfun_registry.obj
 0004:0000135c       $pdata$sf_process_check_sum_call 000000018004d35c     SpeedgoatCANOpen2Buses100us_sfun_registry.obj
 0004:00001368       $pdata$sf_process_testpoint_info_call 000000018004d368     SpeedgoatCANOpen2Buses100us_sfun_registry.obj
 0004:00001374       $pdata$sf_process_autoinheritance_call 000000018004d374     SpeedgoatCANOpen2Buses100us_sfun_registry.obj
 0004:00001380       $pdata$sf_process_get_third_party_uses_info_call 000000018004d380     SpeedgoatCANOpen2Buses100us_sfun_registry.obj
 0004:0000138c       $pdata$sf_process_get_jit_fallback_info_call 000000018004d38c     SpeedgoatCANOpen2Buses100us_sfun_registry.obj
 0004:00001398       $pdata$sf_process_get_updateBuildInfo_args_info_call 000000018004d398     SpeedgoatCANOpen2Buses100us_sfun_registry.obj
 0004:000013a4       $pdata$sf_process_get_eml_resolved_functions_info_call 000000018004d3a4     SpeedgoatCANOpen2Buses100us_sfun_registry.obj
 0004:000013b0       $pdata$sf_mex_unlock_call  000000018004d3b0     SpeedgoatCANOpen2Buses100us_sfun_registry.obj
 0004:000013bc       $pdata$sf_debug_api_wrapper 000000018004d3bc     SpeedgoatCANOpen2Buses100us_sfun_registry.obj
 0004:000013c8       $pdata$ProcessMexSfunctionCmdLineCall 000000018004d3c8     SpeedgoatCANOpen2Buses100us_sfun_registry.obj
 0004:000013d4       $pdata$sf_machine_global_initializer_called 000000018004d3d4     SpeedgoatCANOpen2Buses100us_sfun_registry.obj
 0004:000013e0       $pdata$sf_machine_global_method_dispatcher 000000018004d3e0     SpeedgoatCANOpen2Buses100us_sfun_registry.obj
 0004:000013ec       $pdata$sf_machine_global_terminator 000000018004d3ec     SpeedgoatCANOpen2Buses100us_sfun_registry.obj
 0004:000013f8       $pdata$sf_register_machine_exported_symbols 000000018004d3f8     SpeedgoatCANOpen2Buses100us_sfun_registry.obj
 0004:00001404       $pdata$sf_machine_global_initializer 000000018004d404     SpeedgoatCANOpen2Buses100us_sfun_registry.obj
 0004:00001410       $pdata$mdlGetSimState      000000018004d410     SpeedgoatCANOpen2Buses100us_sfun_registry.obj
 0004:0000141c       $pdata$mdlSetSimState      000000018004d41c     SpeedgoatCANOpen2Buses100us_sfun_registry.obj
 0004:00001428       $pdata$mdlSetWorkWidths    000000018004d428     SpeedgoatCANOpen2Buses100us_sfun_registry.obj
 0004:00001434       $pdata$mdlProcessParameters 000000018004d434     SpeedgoatCANOpen2Buses100us_sfun_registry.obj
 0004:00001440       $pdata$mdl_start_processing 000000018004d440     SpeedgoatCANOpen2Buses100us_sfun_registry.obj
 0004:0000144c       $pdata$mdl_terminate_processing 000000018004d44c     SpeedgoatCANOpen2Buses100us_sfun_registry.obj
 0004:00001458       $pdata$mdlStart            000000018004d458     SpeedgoatCANOpen2Buses100us_sfun_registry.obj
 0004:00001464       $pdata$mdlTerminate        000000018004d464     SpeedgoatCANOpen2Buses100us_sfun_registry.obj
 0004:00001470       $pdata$mdlInitializeSizes  000000018004d470     SpeedgoatCANOpen2Buses100us_sfun_registry.obj
 0004:0000147c       $pdata$mdlInitializeSampleTimes 000000018004d47c     SpeedgoatCANOpen2Buses100us_sfun_registry.obj
 0004:00001488       $pdata$mdl_outputs_continuous_legacy 000000018004d488     SpeedgoatCANOpen2Buses100us_sfun_registry.obj
 0004:00001494       $pdata$mdl_outputs_processing 000000018004d494     SpeedgoatCANOpen2Buses100us_sfun_registry.obj
 0004:000014a0       $pdata$mdl_zeroCrossings_processing 000000018004d4a0     SpeedgoatCANOpen2Buses100us_sfun_registry.obj
 0004:000014ac       $pdata$mdlZeroCrossings    000000018004d4ac     SpeedgoatCANOpen2Buses100us_sfun_registry.obj
 0004:000014b8       $pdata$mdl_derivatives_processing 000000018004d4b8     SpeedgoatCANOpen2Buses100us_sfun_registry.obj
 0004:000014c4       $pdata$mdlDerivatives      000000018004d4c4     SpeedgoatCANOpen2Buses100us_sfun_registry.obj
 0004:000014d0       $pdata$mdl_initialize_conditions_processing 000000018004d4d0     SpeedgoatCANOpen2Buses100us_sfun_registry.obj
 0004:000014dc       $pdata$mdlInitializeConditions 000000018004d4dc     SpeedgoatCANOpen2Buses100us_sfun_registry.obj
 0004:000014e8       $pdata$mdl_ext_mode_exec_processing 000000018004d4e8     SpeedgoatCANOpen2Buses100us_sfun_registry.obj
 0004:000014f4       $pdata$mdlExtModeExec      000000018004d4f4     SpeedgoatCANOpen2Buses100us_sfun_registry.obj
 0004:00001500       $pdata$mdlRTW              000000018004d500     SpeedgoatCANOpen2Buses100us_sfun_registry.obj
 0004:0000150c       $pdata$mdl_enable_processing 000000018004d50c     SpeedgoatCANOpen2Buses100us_sfun_registry.obj
 0004:00001518       $pdata$mdlEnable           000000018004d518     SpeedgoatCANOpen2Buses100us_sfun_registry.obj
 0004:00001524       $pdata$mdl_disable_processing 000000018004d524     SpeedgoatCANOpen2Buses100us_sfun_registry.obj
 0004:00001530       $pdata$mdlDisable          000000018004d530     SpeedgoatCANOpen2Buses100us_sfun_registry.obj
 0004:0000153c       $pdata$mdlOutputs          000000018004d53c     SpeedgoatCANOpen2Buses100us_sfun_registry.obj
 0004:00001548       $pdata$mdl_update_processing 000000018004d548     SpeedgoatCANOpen2Buses100us_sfun_registry.obj
 0004:00001554       $pdata$mdlUpdate           000000018004d554     SpeedgoatCANOpen2Buses100us_sfun_registry.obj
 0004:00001560       $pdata$ProcessMexSfunctionEveryCall 000000018004d560     SpeedgoatCANOpen2Buses100us_sfun_registry.obj
 0004:0000156c       $pdata$_RegNumInputPortsCB 000000018004d56c     SpeedgoatCANOpen2Buses100us_sfun_registry.obj
 0004:00001578       $pdata$_RegNumOutputPortsCB 000000018004d578     SpeedgoatCANOpen2Buses100us_sfun_registry.obj
 0004:00001584       $pdata$_CreateSimStruct    000000018004d584     SpeedgoatCANOpen2Buses100us_sfun_registry.obj
 0004:00001590       $pdata$_ProcessMexSfunctionCmdLineCall 000000018004d590     SpeedgoatCANOpen2Buses100us_sfun_registry.obj
 0004:0000159c       $pdata$ReportIndexOutOfBoundsError 000000018004d59c     SpeedgoatCANOpen2Buses100us_sfun_registry.obj
 0004:000015a8       $pdata$_vsnprintf_l        000000018004d5a8     SpeedgoatCANOpen2Buses100us_sfun_registry.obj
 0004:000015b4       $pdata$_vsprintf_l         000000018004d5b4     SpeedgoatCANOpen2Buses100us_sfun_registry.obj
 0004:000015c0       $pdata$sprintf             000000018004d5c0     SpeedgoatCANOpen2Buses100us_sfun_registry.obj
 0004:000015cc       $pdata$__raise_securityfailure 000000018004d5cc     MSVCRT:gs_report.obj
 0004:000015d8       $pdata$__report_gsfailure  000000018004d5d8     MSVCRT:gs_report.obj
 0004:000015e4       $pdata$__report_rangecheckfailure 000000018004d5e4     MSVCRT:gs_report.obj
 0004:000015f0       $pdata$__report_securityfailure 000000018004d5f0     MSVCRT:gs_report.obj
 0004:000015fc       $pdata$__report_securityfailureEx 000000018004d5fc     MSVCRT:gs_report.obj
 0004:00001608       $pdata$capture_current_context 000000018004d608     MSVCRT:gs_report.obj
 0004:00001614       $pdata$capture_previous_context 000000018004d614     MSVCRT:gs_report.obj
 0004:00001620       $pdata$__GSHandlerCheck    000000018004d620     MSVCRT:gshandler.obj
 0004:0000162c       $pdata$__GSHandlerCheckCommon 000000018004d62c     MSVCRT:gshandler.obj
 0004:00001644       $pdata$?dllmain_crt_dispatch@@YAHQEAUHINSTANCE__@@KQEAX@Z 000000018004d644     MSVCRT:dll_dllmain.obj
 0004:00001650       $pdata$?dllmain_crt_process_attach@@YAHQEAUHINSTANCE__@@QEAX@Z 000000018004d650     MSVCRT:dll_dllmain.obj
 0004:0000165c       $pdata$?dllmain_crt_process_detach@@YAH_N@Z 000000018004d65c     MSVCRT:dll_dllmain.obj
 0004:00001668       $pdata$?dllmain_dispatch@@YAHQEAUHINSTANCE__@@KQEAX@Z 000000018004d668     MSVCRT:dll_dllmain.obj
 0004:00001674       $pdata$_DllMainCRTStartup  000000018004d674     MSVCRT:dll_dllmain.obj
 0004:00001680       $pdata$__get_entropy       000000018004d680     MSVCRT:gs_support.obj
 0004:0000168c       $pdata$__security_init_cookie 000000018004d68c     MSVCRT:gs_support.obj
 0004:00001698       $pdata$DllMain             000000018004d698     MSVCRT:dll_dllmain_stub.obj
 0004:000016a4       $pdata$__scrt_initialize_default_local_stdio_options 000000018004d6a4     MSVCRT:default_local_stdio_options.obj
 0004:000016b0       $pdata$?configure_argv@__scrt_narrow_argv_policy@@SAHXZ 000000018004d6b0     MSVCRT:utility.obj
 0004:000016bc       $pdata$__scrt_acquire_startup_lock 000000018004d6bc     MSVCRT:utility.obj
 0004:000016c8       $pdata$__scrt_dllmain_after_initialize_c 000000018004d6c8     MSVCRT:utility.obj
 0004:000016d4       $pdata$__scrt_dllmain_before_initialize_c 000000018004d6d4     MSVCRT:utility.obj
 0004:000016e0       $pdata$__scrt_dllmain_crt_thread_attach 000000018004d6e0     MSVCRT:utility.obj
 0004:000016ec       $pdata$__scrt_dllmain_crt_thread_detach 000000018004d6ec     MSVCRT:utility.obj
 0004:000016f8       $pdata$__scrt_dllmain_exception_filter 000000018004d6f8     MSVCRT:utility.obj
 0004:00001704       $pdata$__scrt_dllmain_uninitialize_c 000000018004d704     MSVCRT:utility.obj
 0004:00001710       $pdata$__scrt_dllmain_uninitialize_critical 000000018004d710     MSVCRT:utility.obj
 0004:0000171c       $pdata$__scrt_initialize_crt 000000018004d71c     MSVCRT:utility.obj
 0004:00001728       $pdata$__scrt_initialize_onexit_tables 000000018004d728     MSVCRT:utility.obj
 0004:00001734       $pdata$__scrt_is_nonwritable_in_current_image 000000018004d734     MSVCRT:utility.obj
 0004:00001740       $pdata$__scrt_release_startup_lock 000000018004d740     MSVCRT:utility.obj
 0004:0000174c       $pdata$__scrt_uninitialize_crt 000000018004d74c     MSVCRT:utility.obj
 0004:00001758       $pdata$_onexit             000000018004d758     MSVCRT:utility.obj
 0004:00001764       $pdata$atexit              000000018004d764     MSVCRT:utility.obj
 0004:00001770       $pdata$__scrt_fastfail     000000018004d770     MSVCRT:utility_desktop.obj
 0004:0000177c       $pdata$__scrt_get_show_window_mode 000000018004d77c     MSVCRT:utility_desktop.obj
 0004:00001788       $pdata$__scrt_is_managed_app 000000018004d788     MSVCRT:utility_desktop.obj
 0004:00001794       $pdata$__scrt_unhandled_exception_filter 000000018004d794     MSVCRT:utility_desktop.obj
 0004:000017a0       $pdata$_RTC_Initialize     000000018004d7a0     MSVCRT:initsect.obj
 0004:000017ac       $pdata$_RTC_Terminate      000000018004d7ac     MSVCRT:initsect.obj
 0004:000017b8       $pdata$__isa_available_init 000000018004d7b8     MSVCRT:cpu_disp.obj
 0004:000017d0       $pdata$?fin$0@?0??dllmain_crt_process_attach@@YAHQEAUHINSTANCE__@@QEAX@Z@4HA 000000018004d7d0     MSVCRT:dll_dllmain.obj
 0004:000017dc       $pdata$?fin$0@?0??dllmain_crt_process_detach@@YAH_N@Z@4HA 000000018004d7dc     MSVCRT:dll_dllmain.obj
 0004:000017e8       $pdata$?filt$0@?0??dllmain_dispatch@@YAHQEAUHINSTANCE__@@KQEAX@Z@4HA 000000018004d7e8     MSVCRT:dll_dllmain.obj
 0004:000017f4       $pdata$__scrt_is_nonwritable_in_current_image$filt$0 000000018004d7f4     MSVCRT:utility.obj
